Java HotSpot(TM) 64-Bit Server VM (25.221-b11) for windows-amd64 JRE (1.8.0_221-b11), built on Jul  4 2019 04:39:29 by "java_re" with MS VC++ 10.0 (VS2010)
Memory: 4k page, physical 16686180k(6588532k free), swap 30317668k(19088696k free)
CommandLine flags: -XX:GCLogFileSize=3145728 -XX:InitialHeapSize=266978880 -XX:MaxHeapSize=4271662080 -XX:NumberOfGCLogFiles=5 -XX:+PrintGC -XX:+PrintGCDateStamps -XX:+PrintGCDetails -XX:+PrintGCTimeStamps -XX:-TraceClassUnloading -XX:+UseCompressedClassPointers -XX:+UseCompressedOops -XX:+UseGCLogFileRotation -XX:-UseLargePagesIndividualAllocation -XX:+UseParallelGC 
2023-03-01T16:52:35.778-0300: 3.046: [GC (Allocation Failure) [PSYoungGen: 65536K->7490K(76288K)] 65536K->7506K(251392K), 0.0114307 secs] [Times: user=0.00 sys=0.00, real=0.01 secs] 
2023-03-01T16:52:36.684-0300: 3.955: [GC (Metadata GC Threshold) [PSYoungGen: 43771K->10749K(76288K)] 43787K->11232K(251392K), 0.0109888 secs] [Times: user=0.03 sys=0.00, real=0.02 secs] 
2023-03-01T16:52:36.700-0300: 3.966: [Full GC (Metadata GC Threshold) [PSYoungGen: 10749K->0K(76288K)] [ParOldGen: 482K->10778K(114176K)] 11232K->10778K(190464K), [Metaspace: 19788K->19788K(1067008K)], 0.0363173 secs] [Times: user=0.14 sys=0.01, real=0.03 secs] 
2023-03-01T16:52:37.122-0300: 4.394: [GC (Allocation Failure) [PSYoungGen: 65536K->5934K(76288K)] 76314K->16720K(190464K), 0.0048950 secs] [Times: user=0.00 sys=0.00, real=0.00 secs] 
2023-03-01T16:52:37.471-0300: 4.736: [GC (Allocation Failure) [PSYoungGen: 71454K->8308K(108032K)] 82241K->19103K(222208K), 0.0121234 secs] [Times: user=0.05 sys=0.00, real=0.01 secs] 
2023-03-01T16:52:38.064-0300: 5.329: [GC (Metadata GC Threshold) [PSYoungGen: 65838K->10743K(108032K)] 76632K->22581K(222208K), 0.0111875 secs] [Times: user=0.00 sys=0.02, real=0.01 secs] 
2023-03-01T16:52:38.076-0300: 5.340: [Full GC (Metadata GC Threshold) [PSYoungGen: 10743K->0K(108032K)] [ParOldGen: 11837K->17741K(180736K)] 22581K->17741K(288768K), [Metaspace: 31619K->31618K(1079296K)], 0.0474343 secs] [Times: user=0.14 sys=0.00, real=0.05 secs] 
2023-03-01T16:52:38.440-0300: 5.705: [GC (Allocation Failure) [PSYoungGen: 97245K->7687K(150016K)] 114987K->25436K(330752K), 0.0096298 secs] [Times: user=0.00 sys=0.02, real=0.01 secs] 
2023-03-01T16:52:39.761-0300: 7.026: [GC (Allocation Failure) [PSYoungGen: 149488K->13291K(166912K)] 167238K->41628K(347648K), 0.0388444 secs] [Times: user=0.11 sys=0.00, real=0.04 secs] 
2023-03-01T16:52:39.924-0300: 7.189: [GC (Metadata GC Threshold) [PSYoungGen: 41964K->18474K(228864K)] 70301K->46819K(409600K), 0.0186274 secs] [Times: user=0.08 sys=0.03, real=0.02 secs] 
2023-03-01T16:52:39.943-0300: 7.208: [Full GC (Metadata GC Threshold) [PSYoungGen: 18474K->0K(228864K)] [ParOldGen: 28344K->30314K(249344K)] 46819K->30314K(478208K), [Metaspace: 52128K->52118K(1099776K)], 0.2314327 secs] [Times: user=0.88 sys=0.14, real=0.23 secs] 
2023-03-01T16:52:44.002-0300: 11.267: [GC (Allocation Failure) [PSYoungGen: 208896K->22500K(231424K)] 239210K->67830K(480768K), 0.0434581 secs] [Times: user=0.14 sys=0.02, real=0.04 secs] 
2023-03-01T16:52:47.667-0300: 14.932: [GC (Allocation Failure) [PSYoungGen: 231396K->31733K(279552K)] 276726K->103380K(528896K), 0.0915571 secs] [Times: user=0.41 sys=0.03, real=0.09 secs] 
2023-03-01T16:52:49.613-0300: 16.878: [GC (Allocation Failure) [PSYoungGen: 279541K->46069K(293888K)] 351188K->146178K(543232K), 0.1364709 secs] [Times: user=0.44 sys=0.09, real=0.14 secs] 
2023-03-01T16:52:51.207-0300: 18.471: [GC (Allocation Failure) [PSYoungGen: 293877K->59629K(370688K)] 393986K->191178K(620032K), 0.0966922 secs] [Times: user=0.27 sys=0.05, real=0.10 secs] 
2023-03-01T16:52:53.122-0300: 20.386: [GC (Allocation Failure) [PSYoungGen: 366317K->70966K(379392K)] 497866K->214569K(628736K), 0.0949934 secs] [Times: user=0.39 sys=0.03, real=0.10 secs] 
2023-03-01T16:52:54.966-0300: 22.230: [GC (Allocation Failure) [PSYoungGen: 377654K->76312K(469504K)] 521257K->231540K(718848K), 0.0925207 secs] [Times: user=0.20 sys=0.05, real=0.09 secs] 
2023-03-01T16:53:00.911-0300: 28.175: [GC (Allocation Failure) [PSYoungGen: 461336K->61823K(480256K)] 616564K->217138K(729600K), 0.0458539 secs] [Times: user=0.16 sys=0.00, real=0.05 secs] 
2023-03-01T16:53:02.882-0300: 30.146: [GC (Allocation Failure) [PSYoungGen: 446847K->98805K(495104K)] 602162K->446869K(843264K), 0.3591733 secs] [Times: user=0.34 sys=0.22, real=0.36 secs] 
2023-03-01T16:53:03.241-0300: 30.506: [Full GC (Ergonomics) [PSYoungGen: 98805K->0K(495104K)] [ParOldGen: 348064K->335418K(693248K)] 446869K->335418K(1188352K), [Metaspace: 88661K->88646K(1132544K)], 0.3029199 secs] [Times: user=1.51 sys=0.06, real=0.30 secs] 
2023-03-01T16:53:05.938-0300: 33.203: [GC (Allocation Failure) [PSYoungGen: 396288K->186342K(582656K)] 731706K->618650K(1275904K), 0.2171233 secs] [Times: user=0.23 sys=0.06, real=0.22 secs] 
2023-03-01T16:53:07.872-0300: 35.137: [GC (Allocation Failure) [PSYoungGen: 582630K->254974K(702976K)] 1014938K->693054K(1396224K), 0.2332037 secs] [Times: user=0.44 sys=0.11, real=0.23 secs] 
2023-03-01T16:53:10.072-0300: 37.336: [GC (Allocation Failure) [PSYoungGen: 702974K->220346K(750592K)] 1141054K->712363K(1443840K), 0.1165603 secs] [Times: user=0.74 sys=0.05, real=0.12 secs] 
2023-03-01T16:53:12.068-0300: 39.333: [GC (Allocation Failure) [PSYoungGen: 668346K->232342K(867328K)] 1160363K->886485K(1560576K), 0.2105849 secs] [Times: user=1.05 sys=0.25, real=0.21 secs] 
2023-03-01T16:53:12.279-0300: 39.544: [Full GC (Ergonomics) [PSYoungGen: 232342K->0K(867328K)] [ParOldGen: 654143K->514556K(971776K)] 886485K->514556K(1839104K), [Metaspace: 94304K->94304K(1138688K)], 0.9968734 secs] [Times: user=6.83 sys=0.03, real=1.00 secs] 
2023-03-01T16:53:16.366-0300: 43.631: [GC (Allocation Failure) [PSYoungGen: 541184K->285107K(889344K)] 1055740K->799672K(1861120K), 0.1672703 secs] [Times: user=0.92 sys=0.16, real=0.17 secs] 
2023-03-01T16:53:21.610-0300: 48.874: [GC (Allocation Failure) [PSYoungGen: 826291K->94701K(1021952K)] 1340856K->831713K(1993728K), 0.1537344 secs] [Times: user=0.91 sys=0.11, real=0.15 secs] 
2023-03-01T16:53:28.360-0300: 55.624: [GC (Allocation Failure) [PSYoungGen: 732141K->116346K(754176K)] 1469153K->921113K(1725952K), 0.1112760 secs] [Times: user=0.34 sys=0.01, real=0.11 secs] 
2023-03-01T16:53:28.470-0300: 55.736: [Full GC (Ergonomics) [PSYoungGen: 116346K->0K(754176K)] [ParOldGen: 804767K->802439K(1375744K)] 921113K->802439K(2129920K), [Metaspace: 103064K->103064K(1146880K)], 2.2759223 secs] [Times: user=11.75 sys=0.08, real=2.28 secs] 
2023-03-01T16:53:33.857-0300: 61.123: [GC (Allocation Failure) [PSYoungGen: 637440K->114664K(1004032K)] 1439879K->917104K(2379776K), 0.0724568 secs] [Times: user=0.13 sys=0.00, real=0.07 secs] 
2023-03-01T16:53:40.872-0300: 68.138: [GC (Allocation Failure) [PSYoungGen: 769512K->76060K(986624K)] 1571952K->878508K(2362368K), 0.0391949 secs] [Times: user=0.03 sys=0.00, real=0.03 secs] 
2023-03-01T16:53:42.821-0300: 70.097: [GC (Allocation Failure) [PSYoungGen: 730908K->321532K(840704K)] 1533356K->1291531K(2216448K), 0.3773181 secs] [Times: user=0.39 sys=0.19, real=0.38 secs] 
2023-03-01T16:53:45.521-0300: 72.794: [GC (Allocation Failure) [PSYoungGen: 840700K->372842K(892416K)] 1810699K->1344441K(2268160K), 0.1670807 secs] [Times: user=0.31 sys=0.03, real=0.17 secs] 
2023-03-01T16:53:50.287-0300: 77.565: [GC (Allocation Failure) [PSYoungGen: 892010K->176820K(933376K)] 1863609K->1159522K(2309120K), 0.1081355 secs] [Times: user=0.36 sys=0.03, real=0.12 secs] 
2023-03-01T16:53:54.236-0300: 81.507: [GC (Allocation Failure) [PSYoungGen: 646836K->37764K(507904K)] 1629538K->1020482K(1883648K), 0.0274314 secs] [Times: user=0.08 sys=0.00, real=0.03 secs] 
2023-03-01T16:54:02.000-0300: 89.273: [GC (Allocation Failure) [PSYoungGen: 507780K->86811K(940032K)] 1490498K->1069537K(2315776K), 0.0679404 secs] [Times: user=0.25 sys=0.00, real=0.07 secs] 
2023-03-01T16:54:03.866-0300: 91.144: [GC (Allocation Failure) [PSYoungGen: 571675K->146604K(631808K)] 1554401K->1129338K(2007552K), 0.0685008 secs] [Times: user=0.42 sys=0.02, real=0.08 secs] 
2023-03-01T16:54:05.400-0300: 92.669: [GC (Allocation Failure) [PSYoungGen: 631468K->172184K(927744K)] 1614202K->1154926K(2303488K), 0.0718974 secs] [Times: user=0.34 sys=0.00, real=0.07 secs] 
2023-03-01T16:54:08.633-0300: 95.910: [GC (Allocation Failure) [PSYoungGen: 688280K->160543K(910336K)] 1671022K->1143293K(2286080K), 0.0660666 secs] [Times: user=0.20 sys=0.00, real=0.07 secs] 
2023-03-01T16:54:10.083-0300: 97.349: [GC (Allocation Failure) [PSYoungGen: 676639K->371179K(847360K)] 1659389K->1415845K(2223104K), 0.2393823 secs] [Times: user=0.31 sys=0.05, real=0.24 secs] 
2023-03-01T16:54:12.194-0300: 99.458: [GC (Allocation Failure) [PSYoungGen: 847339K->400060K(926720K)] 1892005K->1451352K(2302464K), 0.2167172 secs] [Times: user=0.36 sys=0.01, real=0.21 secs] 
2023-03-01T16:54:15.460-0300: 102.731: [GC (Allocation Failure) [PSYoungGen: 876220K->253973K(927232K)] 1927512K->1347314K(2302976K), 0.1532122 secs] [Times: user=0.86 sys=0.02, real=0.15 secs] 
2023-03-01T16:54:18.120-0300: 105.385: [GC (Allocation Failure) [PSYoungGen: 717845K->426189K(927232K)] 1811186K->1519866K(2302976K), 0.1754654 secs] [Times: user=0.97 sys=0.00, real=0.17 secs] 
2023-03-01T16:54:20.233-0300: 107.499: [GC (Allocation Failure) [PSYoungGen: 890061K->463348K(927232K)] 1983738K->1697502K(2302976K), 0.2954346 secs] [Times: user=1.44 sys=0.14, real=0.29 secs] 
2023-03-01T16:54:20.524-0300: 107.795: [Full GC (Ergonomics) [PSYoungGen: 463348K->2033K(927232K)] [ParOldGen: 1234154K->1375338K(1976320K)] 1697502K->1377371K(2903552K), [Metaspace: 142298K->142298K(1181696K)], 2.0007044 secs] [Times: user=12.34 sys=0.17, real=2.00 secs] 
2023-03-01T16:54:26.128-0300: 113.401: [GC (Allocation Failure) [PSYoungGen: 465905K->154064K(927232K)] 1841243K->1530286K(2903552K), 0.2486854 secs] [Times: user=1.20 sys=0.00, real=0.26 secs] 
2023-03-01T16:56:43.497-0300: 250.762: [GC (Allocation Failure) [PSYoungGen: 617936K->144573K(927232K)] 1994158K->1521963K(2903552K), 0.1505523 secs] [Times: user=0.95 sys=0.02, real=0.15 secs] 
2023-03-01T17:21:26.734-0300: 1733.999: [GC (Allocation Failure) [PSYoungGen: 608445K->4052K(927232K)] 1985835K->1506659K(2903552K), 0.0762435 secs] [Times: user=0.39 sys=0.06, real=0.06 secs] 
2023-03-01T17:38:48.332-0300: 2775.596: [GC (Allocation Failure) [PSYoungGen: 467924K->16457K(927232K)] 1970531K->1520212K(2903552K), 0.0328812 secs] [Times: user=0.20 sys=0.00, real=0.03 secs] 
2023-03-01T17:38:55.733-0300: 2782.998: [GC (Allocation Failure) [PSYoungGen: 480329K->15030K(927232K)] 1984084K->1523867K(2903552K), 0.0327721 secs] [Times: user=0.19 sys=0.00, real=0.03 secs] 
2023-03-01T17:57:52.366-0300: 3919.636: [GC (Allocation Failure) [PSYoungGen: 478902K->9548K(927232K)] 1987739K->1520326K(2903552K), 0.0382499 secs] [Times: user=0.25 sys=0.00, real=0.03 secs] 
2023-03-01T18:29:27.658-0300: 5814.923: [GC (Allocation Failure) [PSYoungGen: 473420K->288K(927232K)] 1984198K->1514347K(2903552K), 0.0258075 secs] [Times: user=0.14 sys=0.02, real=0.03 secs] 
2023-03-01T19:01:37.974-0300: 7745.239: [GC (Allocation Failure) [PSYoungGen: 464160K->256K(927232K)] 1978219K->1514387K(2903552K), 0.0147346 secs] [Times: user=0.11 sys=0.00, real=0.02 secs] 
2023-03-01T19:33:47.134-0300: 9674.409: [GC (Allocation Failure) [PSYoungGen: 464128K->256K(452608K)] 1978259K->1514427K(2428928K), 0.0289144 secs] [Times: user=0.25 sys=0.00, real=0.03 secs] 
2023-03-01T20:05:09.986-0300: 11557.252: [GC (Allocation Failure) [PSYoungGen: 452352K->256K(892928K)] 1966523K->1514427K(2869248K), 0.0360453 secs] [Times: user=0.25 sys=0.00, real=0.03 secs] 
2023-03-02T09:29:56.989-0300: 59844.297: [GC (Allocation Failure) [PSYoungGen: 441088K->224K(430592K)] 1955259K->1514403K(2406912K), 0.0436505 secs] [Times: user=0.36 sys=0.01, real=0.04 secs] 
2023-03-02T09:59:53.432-0300: 61640.738: [GC (Allocation Failure) [PSYoungGen: 430304K->320K(872960K)] 1944483K->1514523K(2849280K), 0.0287079 secs] [Times: user=0.03 sys=0.03, real=0.03 secs] 
2023-03-02T10:29:09.277-0300: 63395.180: [GC (Allocation Failure) [PSYoungGen: 420160K->256K(410112K)] 1934363K->1514483K(2386432K), 0.0425409 secs] [Times: user=0.25 sys=0.01, real=0.04 secs] 
2023-03-02T10:57:34.754-0300: 65100.659: [GC (Allocation Failure) [PSYoungGen: 409856K->256K(794112K)] 1924083K->1514491K(2770432K), 0.4033616 secs] [Times: user=0.20 sys=0.02, real=0.40 secs] 
2023-03-02T11:25:12.829-0300: 66758.732: [GC (Allocation Failure) [PSYoungGen: 400128K->224K(391168K)] 1914363K->1514459K(2367488K), 0.0435956 secs] [Times: user=0.16 sys=0.00, real=0.04 secs] 
2023-03-02T11:52:21.085-0300: 68386.988: [GC (Allocation Failure) [PSYoungGen: 390880K->256K(730624K)] 1905115K->1514491K(2706944K), 0.1489243 secs] [Times: user=0.02 sys=0.00, real=0.15 secs] 
2023-03-02T12:18:35.327-0300: 69961.230: [GC (Allocation Failure) [PSYoungGen: 381696K->256K(373248K)] 1895931K->1514491K(2349568K), 0.0678693 secs] [Times: user=0.36 sys=0.00, real=0.07 secs] 
2023-03-02T12:44:16.363-0300: 71502.265: [GC (Allocation Failure) [PSYoungGen: 372992K->256K(672256K)] 1887227K->1514491K(2648576K), 0.4083753 secs] [Times: user=0.16 sys=0.00, real=0.41 secs] 
2023-03-02T13:09:42.736-0300: 73028.639: [GC (Allocation Failure) [PSYoungGen: 364800K->224K(356864K)] 1879035K->1514459K(2333184K), 0.0305340 secs] [Times: user=0.14 sys=0.00, real=0.03 secs] 
2023-03-02T13:34:26.722-0300: 74512.625: [GC (Allocation Failure) [PSYoungGen: 356576K->256K(616448K)] 1870811K->1514499K(2592768K), 0.0204301 secs] [Times: user=0.14 sys=0.00, real=0.02 secs] 
2023-03-02T13:58:35.259-0300: 75961.162: [GC (Allocation Failure) [PSYoungGen: 348928K->320K(341504K)] 1863171K->1514563K(2317824K), 0.0359252 secs] [Times: user=0.20 sys=0.00, real=0.04 secs] 
2023-03-02T14:22:01.326-0300: 77367.229: [GC (Allocation Failure) [PSYoungGen: 341312K->256K(566784K)] 1855555K->1514499K(2543104K), 0.4016155 secs] [Times: user=0.28 sys=0.00, real=0.40 secs] 
2023-03-02T14:44:55.822-0300: 78741.726: [GC (Allocation Failure) [PSYoungGen: 334080K->256K(327168K)] 1848323K->1514499K(2303488K), 0.0390874 secs] [Times: user=0.25 sys=0.00, real=0.04 secs] 
2023-03-02T15:07:39.338-0300: 80105.241: [GC (Allocation Failure) [PSYoungGen: 326912K->256K(521728K)] 1841155K->1514507K(2498048K), 0.3814279 secs] [Times: user=0.59 sys=0.01, real=0.38 secs] 
2023-03-02T15:29:55.502-0300: 81441.405: [GC (Allocation Failure) [PSYoungGen: 320256K->224K(313856K)] 1834507K->1514483K(2290176K), 0.0313723 secs] [Times: user=0.23 sys=0.00, real=0.03 secs] 
2023-03-02T15:51:35.683-0300: 82741.586: [GC (Allocation Failure) [PSYoungGen: 313568K->224K(480256K)] 1827827K->1514483K(2456576K), 0.3853477 secs] [Times: user=0.33 sys=0.02, real=0.39 secs] 
2023-03-02T16:12:49.253-0300: 84015.156: [GC (Allocation Failure) [PSYoungGen: 307424K->256K(301568K)] 1821683K->1514523K(2277888K), 0.0374480 secs] [Times: user=0.16 sys=0.05, real=0.04 secs] 
2023-03-02T16:33:52.237-0300: 85278.140: [GC (Allocation Failure) [PSYoungGen: 301312K->256K(443392K)] 1815579K->1514547K(2419712K), 0.3755324 secs] [Times: user=0.13 sys=0.00, real=0.38 secs] 
2023-03-02T16:54:15.536-0300: 86501.439: [GC (Allocation Failure) [PSYoungGen: 295168K->160K(289792K)] 1809459K->1514451K(2266112K), 0.0152067 secs] [Times: user=0.13 sys=0.00, real=0.02 secs] 
2023-03-02T17:14:12.429-0300: 87698.332: [GC (Allocation Failure) [PSYoungGen: 289440K->256K(409600K)] 1803731K->1514547K(2385920K), 0.0148620 secs] [Times: user=0.00 sys=0.00, real=0.01 secs] 
2023-03-02T17:33:42.746-0300: 88868.649: [GC (Allocation Failure) [PSYoungGen: 283904K->224K(279040K)] 1798195K->1514523K(2255360K), 0.0162803 secs] [Times: user=0.08 sys=0.00, real=0.02 secs] 
2023-03-02T17:53:03.694-0300: 90029.597: [GC (Allocation Failure) [PSYoungGen: 278752K->256K(381440K)] 1793051K->1514555K(2357760K), 0.0250046 secs] [Times: user=0.09 sys=0.02, real=0.02 secs] 
2023-03-02T18:12:03.866-0300: 91169.769: [GC (Allocation Failure) [PSYoungGen: 273664K->256K(268800K)] 1787963K->1514587K(2245120K), 0.0316873 secs] [Times: user=0.08 sys=0.02, real=0.03 secs] 
2023-03-02T18:30:37.763-0300: 92283.667: [GC (Allocation Failure) [PSYoungGen: 268544K->256K(354304K)] 1782875K->1514587K(2330624K), 0.0336108 secs] [Times: user=0.23 sys=0.00, real=0.03 secs] 
2023-03-02T18:48:46.626-0300: 93372.528: [GC (Allocation Failure) [PSYoungGen: 263424K->256K(259072K)] 1777755K->1514627K(2235392K), 0.3671282 secs] [Times: user=1.11 sys=0.00, real=0.37 secs] 
2023-03-02T19:06:37.339-0300: 94443.242: [GC (Allocation Failure) [PSYoungGen: 258816K->192K(330752K)] 1773187K->1514563K(2307072K), 0.0177208 secs] [Times: user=0.08 sys=0.00, real=0.02 secs] 
2023-03-02T19:24:16.873-0300: 95502.777: [GC (Allocation Failure) [PSYoungGen: 254144K->256K(249856K)] 1768515K->1514627K(2226176K), 0.0174028 secs] [Times: user=0.13 sys=0.00, real=0.02 secs] 
2023-03-02T19:41:27.843-0300: 96533.745: [GC (Allocation Failure) [PSYoungGen: 249600K->256K(310272K)] 1763971K->1514635K(2286592K), 0.0353507 secs] [Times: user=0.19 sys=0.00, real=0.03 secs] 
2023-03-02T19:58:33.104-0300: 97559.048: [GC (Allocation Failure) [PSYoungGen: 245504K->256K(241664K)] 1759883K->1514651K(2217984K), 0.0164868 secs] [Times: user=0.13 sys=0.00, real=0.02 secs] 
2023-03-02T20:15:08.046-0300: 98553.990: [GC (Allocation Failure) [PSYoungGen: 241408K->256K(292352K)] 1755803K->1514659K(2268672K), 0.0188292 secs] [Times: user=0.11 sys=0.01, real=0.02 secs] 
2023-03-02T20:31:31.306-0300: 99537.250: [GC (Allocation Failure) [PSYoungGen: 237312K->224K(233472K)] 1751715K->1514627K(2209792K), 0.0359367 secs] [Times: user=0.06 sys=0.00, real=0.04 secs] 
2023-03-02T20:47:41.302-0300: 100507.247: [GC (Allocation Failure) [PSYoungGen: 233184K->224K(274944K)] 1747587K->1514635K(2251264K), 0.0350963 secs] [Times: user=0.13 sys=0.02, real=0.03 secs] 
2023-03-02T21:03:19.958-0300: 101445.902: [GC (Allocation Failure) [PSYoungGen: 229600K->256K(226304K)] 1744011K->1514667K(2202624K), 0.0305083 secs] [Times: user=0.25 sys=0.00, real=0.03 secs] 
2023-03-02T21:18:52.495-0300: 102378.440: [GC (Allocation Failure) [PSYoungGen: 226048K->256K(260608K)] 1740459K->1514667K(2236928K), 0.0313617 secs] [Times: user=0.14 sys=0.00, real=0.03 secs] 
2023-03-02T21:34:06.297-0300: 103292.241: [GC (Allocation Failure) [PSYoungGen: 222464K->224K(219136K)] 1736875K->1514659K(2195456K), 0.0300280 secs] [Times: user=0.14 sys=0.00, real=0.03 secs] 
2023-03-02T21:49:17.217-0300: 104203.162: [GC (Allocation Failure) [PSYoungGen: 218848K->256K(246784K)] 1733283K->1514691K(2223104K), 0.0171459 secs] [Times: user=0.13 sys=0.00, real=0.02 secs] 
2023-03-02T22:04:14.515-0300: 105100.460: [GC (Allocation Failure) [PSYoungGen: 215296K->256K(212480K)] 1729731K->1514691K(2188800K), 0.0305506 secs] [Times: user=0.14 sys=0.00, real=0.03 secs] 
2023-03-02T22:18:56.870-0300: 105982.814: [GC (Allocation Failure) [PSYoungGen: 212224K->224K(235520K)] 1726659K->1514659K(2211840K), 0.0311533 secs] [Times: user=0.13 sys=0.00, real=0.03 secs] 
2023-03-02T22:33:26.296-0300: 106852.241: [GC (Allocation Failure) [PSYoungGen: 209120K->192K(206336K)] 1723555K->1514627K(2182656K), 0.0163205 secs] [Times: user=0.13 sys=0.00, real=0.02 secs] 
2023-03-02T22:47:36.250-0300: 107702.195: [GC (Allocation Failure) [PSYoungGen: 206016K->224K(224768K)] 1720451K->1514667K(2201088K), 0.0087767 secs] [Times: user=0.11 sys=0.00, real=0.01 secs] 
2023-03-02T23:01:33.384-0300: 108539.329: [GC (Allocation Failure) [PSYoungGen: 202976K->256K(200192K)] 1717419K->1514699K(2176512K), 0.1092313 secs] [Times: user=0.69 sys=0.00, real=0.11 secs] 
2023-03-02T23:15:25.537-0300: 109371.482: [GC (Allocation Failure) [PSYoungGen: 199936K->224K(214528K)] 1714379K->1514667K(2190848K), 0.0098271 secs] [Times: user=0.02 sys=0.00, real=0.01 secs] 
2023-03-02T23:29:02.305-0300: 110188.249: [GC (Allocation Failure) [PSYoungGen: 196832K->160K(194048K)] 1711275K->1514659K(2170368K), 0.0268029 secs] [Times: user=0.13 sys=0.00, real=0.03 secs] 
2023-03-02T23:42:29.299-0300: 110995.243: [GC (Allocation Failure) [PSYoungGen: 193696K->224K(205824K)] 1708195K->1514723K(2182144K), 0.0275872 secs] [Times: user=0.14 sys=0.00, real=0.03 secs] 
2023-03-02T23:55:46.640-0300: 111792.585: [GC (Allocation Failure) [PSYoungGen: 191200K->224K(188928K)] 1705699K->1514723K(2165248K), 0.0144433 secs] [Times: user=0.06 sys=0.00, real=0.01 secs] 
2023-03-03T00:08:51.304-0300: 112577.249: [GC (Allocation Failure) [PSYoungGen: 188640K->224K(198144K)] 1703139K->1514723K(2174464K), 0.3644283 secs] [Times: user=1.58 sys=0.08, real=0.37 secs] 
2023-03-03T00:21:46.296-0300: 113352.240: [GC (Allocation Failure) [PSYoungGen: 186080K->224K(183808K)] 1700579K->1514731K(2160128K), 0.0279543 secs] [Times: user=0.13 sys=0.02, real=0.03 secs] 
2023-03-03T00:34:37.682-0300: 114123.626: [GC (Allocation Failure) [PSYoungGen: 183520K->160K(190976K)] 1698027K->1514675K(2167296K), 0.0296265 secs] [Times: user=0.11 sys=0.00, real=0.03 secs] 
2023-03-03T00:47:09.519-0300: 114875.463: [GC (Allocation Failure) [PSYoungGen: 180896K->192K(178688K)] 1695411K->1514715K(2155008K), 0.3671753 secs] [Times: user=1.67 sys=0.01, real=0.37 secs] 
2023-03-03T00:59:30.297-0300: 115616.242: [GC (Allocation Failure) [PSYoungGen: 178368K->256K(183808K)] 1692891K->1514779K(2160128K), 0.0323568 secs] [Times: user=0.13 sys=0.02, real=0.03 secs] 
2023-03-03T01:11:43.292-0300: 116349.237: [GC (Allocation Failure) [PSYoungGen: 175872K->224K(174080K)] 1690395K->1514747K(2150400K), 0.0229061 secs] [Times: user=0.13 sys=0.00, real=0.02 secs] 
2023-03-03T01:23:42.694-0300: 117068.638: [GC (Allocation Failure) [PSYoungGen: 173792K->224K(178176K)] 1688315K->1514747K(2154496K), 0.0279391 secs] [Times: user=0.08 sys=0.00, real=0.03 secs] 
2023-03-03T01:35:34.291-0300: 117780.236: [GC (Allocation Failure) [PSYoungGen: 171744K->256K(169984K)] 1686267K->1514779K(2146304K), 0.0292458 secs] [Times: user=0.14 sys=0.00, real=0.03 secs] 
2023-03-03T01:47:20.292-0300: 118486.236: [GC (Allocation Failure) [PSYoungGen: 169728K->224K(172544K)] 1684251K->1514747K(2148864K), 0.0233232 secs] [Times: user=0.13 sys=0.00, real=0.02 secs] 
2023-03-03T01:58:59.023-0300: 119184.967: [GC (Allocation Failure) [PSYoungGen: 167648K->192K(165888K)] 1682171K->1514715K(2142208K), 0.0180778 secs] [Times: user=0.01 sys=0.00, real=0.02 secs] 
2023-03-03T02:10:32.687-0300: 119878.631: [GC (Allocation Failure) [PSYoungGen: 165568K->224K(167936K)] 1680091K->1514747K(2144256K), 0.0306552 secs] [Times: user=0.14 sys=0.00, real=0.03 secs] 
2023-03-03T02:21:54.383-0300: 120560.328: [GC (Allocation Failure) [PSYoungGen: 163552K->224K(161792K)] 1678075K->1514747K(2138112K), 0.0114263 secs] [Times: user=0.00 sys=0.00, real=0.01 secs] 
2023-03-03T02:33:11.192-0300: 121237.136: [GC (Allocation Failure) [PSYoungGen: 161504K->256K(162304K)] 1676027K->1514779K(2138624K), 0.0297324 secs] [Times: user=0.24 sys=0.00, real=0.03 secs] 
2023-03-03T02:44:17.806-0300: 121903.750: [GC (Allocation Failure) [PSYoungGen: 159488K->256K(157696K)] 1674011K->1514795K(2134016K), 0.0235540 secs] [Times: user=0.06 sys=0.00, real=0.02 secs] 
2023-03-03T02:55:14.494-0300: 122560.439: [GC (Allocation Failure) [PSYoungGen: 157440K->192K(157696K)] 1671979K->1514731K(2134016K), 0.0281638 secs] [Times: user=0.14 sys=0.00, real=0.03 secs] 
2023-03-03T03:06:06.122-0300: 123212.067: [GC (Allocation Failure) [PSYoungGen: 155328K->256K(153600K)] 1669867K->1514795K(2129920K), 0.0100729 secs] [Times: user=0.02 sys=0.00, real=0.01 secs] 
2023-03-03T03:16:47.768-0300: 123853.712: [GC (Allocation Failure) [PSYoungGen: 153344K->224K(152576K)] 1667883K->1514795K(2128896K), 0.0272363 secs] [Times: user=0.25 sys=0.00, real=0.03 secs] 
2023-03-03T03:27:19.338-0300: 124485.282: [GC (Allocation Failure) [PSYoungGen: 151776K->256K(150528K)] 1666347K->1514827K(2126848K), 0.0236635 secs] [Times: user=0.08 sys=0.00, real=0.02 secs] 
2023-03-03T03:37:30.939-0300: 125096.884: [GC (Allocation Failure) [PSYoungGen: 150272K->256K(148992K)] 1664843K->1514827K(2125312K), 0.0265994 secs] [Times: user=0.14 sys=0.00, real=0.03 secs] 
2023-03-03T03:47:42.738-0300: 125708.683: [GC (Allocation Failure) [PSYoungGen: 148736K->256K(150528K)] 1663307K->1514827K(2126848K), 0.0167960 secs] [Times: user=0.13 sys=0.00, real=0.02 secs] 
2023-03-03T03:57:54.286-0300: 126320.230: [GC (Allocation Failure) [PSYoungGen: 147200K->256K(145920K)] 1661771K->1514827K(2122240K), 0.0328194 secs] [Times: user=0.19 sys=0.03, real=0.03 secs] 
2023-03-03T04:07:56.193-0300: 126922.137: [GC (Allocation Failure) [PSYoungGen: 145664K->256K(146944K)] 1660235K->1514827K(2123264K), 0.0234859 secs] [Times: user=0.25 sys=0.00, real=0.02 secs] 
2023-03-03T04:17:52.731-0300: 127518.675: [GC (Allocation Failure) [PSYoungGen: 144128K->224K(142848K)] 1658699K->1514795K(2119168K), 0.0285478 secs] [Times: user=0.14 sys=0.00, real=0.03 secs] 
2023-03-03T04:27:41.428-0300: 128107.372: [GC (Allocation Failure) [PSYoungGen: 142560K->192K(143360K)] 1657131K->1514763K(2119680K), 0.0256972 secs] [Times: user=0.08 sys=0.03, real=0.03 secs] 
2023-03-03T04:37:25.293-0300: 128691.237: [GC (Allocation Failure) [PSYoungGen: 140992K->256K(139776K)] 1655563K->1514827K(2116096K), 0.0305443 secs] [Times: user=0.14 sys=0.00, real=0.03 secs] 
2023-03-03T04:47:04.304-0300: 129270.248: [GC (Allocation Failure) [PSYoungGen: 139520K->160K(139776K)] 1654091K->1514731K(2116096K), 0.0257571 secs] [Times: user=0.09 sys=0.00, real=0.03 secs] 
2023-03-03T04:56:37.297-0300: 129843.242: [GC (Allocation Failure) [PSYoungGen: 137888K->256K(136704K)] 1652459K->1514827K(2113024K), 0.0194329 secs] [Times: user=0.13 sys=0.00, real=0.02 secs] 
2023-03-03T05:06:04.303-0300: 130410.247: [GC (Allocation Failure) [PSYoungGen: 136448K->256K(136704K)] 1651019K->1514827K(2113024K), 0.0209725 secs] [Times: user=0.11 sys=0.00, real=0.02 secs] 
2023-03-03T05:15:24.304-0300: 130970.248: [GC (Allocation Failure) [PSYoungGen: 134912K->128K(133632K)] 1649483K->1514699K(2109952K), 0.0248629 secs] [Times: user=0.02 sys=0.00, real=0.03 secs] 
2023-03-03T05:24:38.305-0300: 131524.249: [GC (Allocation Failure) [PSYoungGen: 133248K->128K(133120K)] 1647819K->1514699K(2109440K), 0.0281904 secs] [Times: user=0.11 sys=0.00, real=0.03 secs] 
2023-03-03T05:33:49.523-0300: 132075.467: [GC (Allocation Failure) [PSYoungGen: 131712K->256K(130560K)] 1646283K->1514827K(2106880K), 0.0103121 secs] [Times: user=0.00 sys=0.00, real=0.01 secs] 
2023-03-03T05:42:51.294-0300: 132617.238: [GC (Allocation Failure) [PSYoungGen: 130304K->96K(130560K)] 1644875K->1514675K(2106880K), 0.3579037 secs] [Times: user=1.28 sys=0.02, real=0.36 secs] 
2023-03-03T05:51:50.294-0300: 133156.238: [GC (Allocation Failure) [PSYoungGen: 129120K->224K(128512K)] 1643699K->1514803K(2104832K), 0.0287496 secs] [Times: user=0.14 sys=0.00, real=0.03 secs] 
2023-03-03T06:00:43.531-0300: 133689.475: [GC (Allocation Failure) [PSYoungGen: 128224K->256K(128512K)] 1642803K->1514835K(2104832K), 0.0245652 secs] [Times: user=0.14 sys=0.00, real=0.03 secs] 
2023-03-03T06:09:34.746-0300: 134220.691: [GC (Allocation Failure) [PSYoungGen: 127232K->224K(126464K)] 1641811K->1514803K(2102784K), 0.0230321 secs] [Times: user=0.13 sys=0.00, real=0.02 secs] 
2023-03-03T06:18:26.114-0300: 134752.058: [GC (Allocation Failure) [PSYoungGen: 126176K->192K(125952K)] 1640755K->1514771K(2102272K), 0.0105312 secs] [Times: user=0.11 sys=0.00, real=0.01 secs] 
2023-03-03T06:27:07.354-0300: 135273.298: [GC (Allocation Failure) [PSYoungGen: 125120K->224K(124416K)] 1639699K->1514819K(2100736K), 0.0249901 secs] [Times: user=0.13 sys=0.00, real=0.02 secs] 
2023-03-03T06:35:44.296-0300: 135790.240: [GC (Allocation Failure) [PSYoungGen: 124128K->224K(123904K)] 1638723K->1514819K(2100224K), 0.0178227 secs] [Times: user=0.13 sys=0.00, real=0.02 secs] 
2023-03-03T06:44:20.042-0300: 136305.987: [GC (Allocation Failure) [PSYoungGen: 123104K->192K(122368K)] 1637699K->1514787K(2098688K), 0.0225327 secs] [Times: user=0.13 sys=0.00, real=0.02 secs] 
2023-03-03T06:52:51.362-0300: 136817.307: [GC (Allocation Failure) [PSYoungGen: 122048K->256K(121856K)] 1636643K->1514851K(2098176K), 0.0234627 secs] [Times: user=0.11 sys=0.02, real=0.02 secs] 
2023-03-03T07:01:17.650-0300: 137323.594: [GC (Allocation Failure) [PSYoungGen: 121088K->224K(120320K)] 1635683K->1514819K(2096640K), 0.0304130 secs] [Times: user=0.14 sys=0.00, real=0.03 secs] 
2023-03-03T07:09:33.907-0300: 137819.852: [GC (Allocation Failure) [PSYoungGen: 120032K->224K(119808K)] 1634627K->1514819K(2096128K), 0.0092361 secs] [Times: user=0.11 sys=0.00, real=0.01 secs] 
2023-03-03T07:17:45.205-0300: 138311.149: [GC (Allocation Failure) [PSYoungGen: 119008K->224K(118272K)] 1633603K->1514819K(2094592K), 0.0106419 secs] [Times: user=0.13 sys=0.00, real=0.01 secs] 
2023-03-03T07:25:46.869-0300: 138792.814: [GC (Allocation Failure) [PSYoungGen: 117984K->224K(117760K)] 1632579K->1514819K(2094080K), 0.0097509 secs] [Times: user=0.00 sys=0.00, real=0.01 secs] 
2023-03-03T07:33:51.300-0300: 139277.244: [GC (Allocation Failure) [PSYoungGen: 116960K->160K(116224K)] 1631555K->1514755K(2092544K), 0.0324826 secs] [Times: user=0.19 sys=0.00, real=0.03 secs] 
2023-03-03T07:41:51.296-0300: 139757.241: [GC (Allocation Failure) [PSYoungGen: 115872K->224K(115200K)] 1630467K->1514819K(2091520K), 0.0370125 secs] [Times: user=0.25 sys=0.00, real=0.04 secs] 
2023-03-03T07:49:45.057-0300: 140231.002: [GC (Allocation Failure) [PSYoungGen: 114912K->256K(114176K)] 1629507K->1514851K(2090496K), 0.0360508 secs] [Times: user=0.14 sys=0.00, real=0.04 secs] 
2023-03-03T07:57:33.305-0300: 140699.250: [GC (Allocation Failure) [PSYoungGen: 113920K->128K(113152K)] 1628515K->1514731K(2089472K), 0.0312553 secs] [Times: user=0.08 sys=0.00, real=0.03 secs] 
2023-03-03T08:05:22.477-0300: 141168.421: [GC (Allocation Failure) [PSYoungGen: 112768K->192K(112128K)] 1627371K->1514795K(2088448K), 0.0221965 secs] [Times: user=0.06 sys=0.00, real=0.02 secs] 
2023-03-03T08:13:04.824-0300: 141630.769: [GC (Allocation Failure) [PSYoungGen: 111808K->224K(111104K)] 1626411K->1514867K(2087424K), 0.0290036 secs] [Times: user=0.14 sys=0.00, real=0.03 secs] 
2023-03-03T08:20:41.297-0300: 142087.241: [GC (Allocation Failure) [PSYoungGen: 110816K->160K(110080K)] 1625459K->1514803K(2086400K), 0.0293744 secs] [Times: user=0.14 sys=0.00, real=0.03 secs] 
2023-03-03T08:28:16.296-0300: 142542.241: [GC (Allocation Failure) [PSYoungGen: 109728K->160K(109056K)] 1624371K->1514803K(2085376K), 0.0305104 secs] [Times: user=0.14 sys=0.00, real=0.03 secs] 
2023-03-03T08:35:52.079-0300: 142998.024: [GC (Allocation Failure) [PSYoungGen: 108704K->256K(108032K)] 1623347K->1514899K(2084352K), 0.0265281 secs] [Times: user=0.14 sys=0.00, real=0.03 secs] 
2023-03-03T08:43:18.293-0300: 143444.237: [GC (Allocation Failure) [PSYoungGen: 107776K->192K(107008K)] 1622419K->1514851K(2083328K), 0.0299338 secs] [Times: user=0.14 sys=0.00, real=0.03 secs] 
2023-03-03T08:50:42.291-0300: 143888.236: [GC (Allocation Failure) [PSYoungGen: 106688K->224K(105984K)] 1621347K->1514883K(2082304K), 0.0100751 secs] [Times: user=0.00 sys=0.00, real=0.01 secs] 
2023-03-03T08:58:02.293-0300: 144328.237: [GC (Allocation Failure) [PSYoungGen: 105696K->256K(104960K)] 1620355K->1514915K(2081280K), 0.0099884 secs] [Times: user=0.00 sys=0.00, real=0.01 secs] 
2023-03-03T09:05:14.578-0300: 144760.523: [GC (Allocation Failure) [PSYoungGen: 104704K->160K(104448K)] 1619363K->1514819K(2080768K), 0.0105889 secs] [Times: user=0.13 sys=0.00, real=0.01 secs] 
2023-03-03T09:12:25.305-0300: 145191.249: [GC (Allocation Failure) [PSYoungGen: 104096K->128K(103936K)] 1618755K->1514803K(2080256K), 0.0217439 secs] [Times: user=0.13 sys=0.00, real=0.02 secs] 
2023-03-03T09:19:35.301-0300: 145621.245: [GC (Allocation Failure) [PSYoungGen: 103552K->224K(103424K)] 1618227K->1514899K(2079744K), 0.0281709 secs] [Times: user=0.25 sys=0.00, real=0.03 secs] 
2023-03-03T09:26:43.297-0300: 146049.242: [GC (Allocation Failure) [PSYoungGen: 103136K->256K(102912K)] 1617811K->1514931K(2079232K), 0.0101686 secs] [Times: user=0.13 sys=0.00, real=0.01 secs] 
2023-03-03T09:33:50.295-0300: 146476.240: [GC (Allocation Failure) [PSYoungGen: 102656K->224K(102400K)] 1617331K->1514899K(2078720K), 0.0288191 secs] [Times: user=0.14 sys=0.00, real=0.03 secs] 
2023-03-03T09:40:54.291-0300: 146900.236: [GC (Allocation Failure) [PSYoungGen: 102112K->224K(101888K)] 1616787K->1514899K(2078208K), 0.0111134 secs] [Times: user=0.00 sys=0.00, real=0.01 secs] 
2023-03-03T09:47:52.620-0300: 147318.565: [GC (Allocation Failure) [PSYoungGen: 101600K->224K(101376K)] 1616275K->1514907K(2077696K), 0.0366379 secs] [Times: user=0.25 sys=0.00, real=0.04 secs] 
2023-03-03T09:54:43.586-0300: 147729.530: [GC (Allocation Failure) [PSYoungGen: 101088K->256K(100864K)] 1615771K->1514939K(2077184K), 0.0347113 secs] [Times: user=0.25 sys=0.00, real=0.04 secs] 
2023-03-03T10:01:39.796-0300: 148145.741: [GC (Allocation Failure) [PSYoungGen: 100608K->256K(100352K)] 1615291K->1514939K(2076672K), 0.3926646 secs] [Times: user=1.27 sys=0.00, real=0.39 secs] 
2023-03-03T10:08:36.083-0300: 148562.027: [GC (Allocation Failure) [PSYoungGen: 100096K->256K(99840K)] 1614779K->1514939K(2076160K), 0.0104524 secs] [Times: user=0.11 sys=0.02, real=0.01 secs] 
2023-03-03T10:15:26.948-0300: 148972.893: [GC (Allocation Failure) [PSYoungGen: 99584K->256K(99328K)] 1614267K->1514939K(2075648K), 0.3724250 secs] [Times: user=1.77 sys=0.00, real=0.37 secs] 
2023-03-03T10:22:22.301-0300: 149388.245: [GC (Allocation Failure) [PSYoungGen: 99072K->256K(98816K)] 1613755K->1514939K(2075136K), 0.0147445 secs] [Times: user=0.13 sys=0.00, real=0.01 secs] 
2023-03-03T10:29:09.231-0300: 149795.175: [GC (Allocation Failure) [PSYoungGen: 98560K->224K(98304K)] 1613243K->1514907K(2074624K), 0.0128718 secs] [Times: user=0.00 sys=0.00, real=0.01 secs] 
2023-03-03T10:35:50.058-0300: 150196.002: [GC (Allocation Failure) [PSYoungGen: 98016K->224K(97792K)] 1612699K->1514907K(2074112K), 0.0094407 secs] [Times: user=0.00 sys=0.00, real=0.01 secs] 
2023-03-03T10:42:33.292-0300: 150599.237: [GC (Allocation Failure) [PSYoungGen: 97504K->224K(97280K)] 1612187K->1514907K(2073600K), 0.0096639 secs] [Times: user=0.00 sys=0.00, real=0.01 secs] 
2023-03-03T10:49:15.283-0300: 151001.228: [GC (Allocation Failure) [PSYoungGen: 96992K->192K(96768K)] 1611675K->1514875K(2073088K), 0.0280483 secs] [Times: user=0.14 sys=0.02, real=0.03 secs] 
2023-03-03T10:55:57.754-0300: 151403.699: [GC (Allocation Failure) [PSYoungGen: 96448K->224K(96256K)] 1611131K->1514907K(2072576K), 0.0101532 secs] [Times: user=0.13 sys=0.00, real=0.01 secs] 
2023-03-03T11:02:33.690-0300: 151799.634: [GC (Allocation Failure) [PSYoungGen: 95968K->256K(95744K)] 1610651K->1514939K(2072064K), 0.0105453 secs] [Times: user=0.11 sys=0.02, real=0.01 secs] 
2023-03-03T11:09:10.301-0300: 152196.246: [GC (Allocation Failure) [PSYoungGen: 95488K->224K(95232K)] 1610171K->1514915K(2071552K), 0.3803618 secs] [Times: user=0.14 sys=0.00, real=0.38 secs] 
2023-03-03T11:15:50.451-0300: 152596.395: [GC (Allocation Failure) [PSYoungGen: 94944K->256K(94720K)] 1609635K->1514987K(2071040K), 0.0159148 secs] [Times: user=0.13 sys=0.00, real=0.02 secs] 
2023-03-03T11:22:21.368-0300: 152987.313: [GC (Allocation Failure) [PSYoungGen: 94464K->256K(94208K)] 1609195K->1514987K(2070528K), 0.0242831 secs] [Times: user=0.13 sys=0.00, real=0.02 secs] 
2023-03-03T11:28:52.261-0300: 153378.205: [GC (Allocation Failure) [PSYoungGen: 93952K->224K(93696K)] 1608683K->1514955K(2070016K), 0.0237178 secs] [Times: user=0.13 sys=0.00, real=0.02 secs] 
2023-03-03T11:35:19.300-0300: 153765.245: [GC (Allocation Failure) [PSYoungGen: 93408K->224K(93184K)] 1608139K->1514955K(2069504K), 0.0337778 secs] [Times: user=0.22 sys=0.00, real=0.03 secs] 
2023-03-03T11:41:47.293-0300: 154153.237: [GC (Allocation Failure) [PSYoungGen: 92896K->256K(92672K)] 1607627K->1514987K(2068992K), 0.0104746 secs] [Times: user=0.00 sys=0.00, real=0.01 secs] 
2023-03-03T11:48:05.296-0300: 154531.240: [GC (Allocation Failure) [PSYoungGen: 92416K->192K(92160K)] 1607147K->1514923K(2068480K), 0.0121553 secs] [Times: user=0.11 sys=0.00, real=0.01 secs] 
2023-03-03T11:54:30.734-0300: 154916.679: [GC (Allocation Failure) [PSYoungGen: 91840K->128K(91648K)] 1606571K->1514859K(2067968K), 0.0164546 secs] [Times: user=0.09 sys=0.00, real=0.02 secs] 
2023-03-03T12:00:41.599-0300: 155287.543: [GC (Allocation Failure) [PSYoungGen: 91264K->192K(91136K)] 1605995K->1514923K(2067456K), 0.0142643 secs] [Times: user=0.11 sys=0.00, real=0.01 secs] 
2023-03-03T12:06:57.457-0300: 155663.401: [GC (Allocation Failure) [PSYoungGen: 90816K->256K(90624K)] 1605547K->1514987K(2066944K), 0.0120416 secs] [Times: user=0.13 sys=0.00, real=0.01 secs] 
2023-03-03T12:13:11.305-0300: 156037.250: [GC (Allocation Failure) [PSYoungGen: 90368K->256K(90112K)] 1605099K->1514987K(2066432K), 0.0129307 secs] [Times: user=0.00 sys=0.00, real=0.01 secs] 
2023-03-03T12:19:22.304-0300: 156408.249: [GC (Allocation Failure) [PSYoungGen: 89856K->224K(89600K)] 1604587K->1514955K(2065920K), 0.0150526 secs] [Times: user=0.02 sys=0.00, real=0.02 secs] 
2023-03-03T12:25:31.293-0300: 156777.238: [GC (Allocation Failure) [PSYoungGen: 89312K->192K(89088K)] 1604043K->1514923K(2065408K), 0.0157458 secs] [Times: user=0.11 sys=0.00, real=0.02 secs] 
2023-03-03T12:31:38.305-0300: 157144.249: [GC (Allocation Failure) [PSYoungGen: 88768K->128K(88576K)] 1603499K->1514859K(2064896K), 0.3722183 secs] [Times: user=1.98 sys=0.05, real=0.37 secs] 
2023-03-03T12:37:43.294-0300: 157509.238: [GC (Allocation Failure) [PSYoungGen: 88192K->224K(88064K)] 1602923K->1514955K(2064384K), 0.0091824 secs] [Times: user=0.00 sys=0.00, real=0.01 secs] 
2023-03-03T12:43:46.294-0300: 157872.239: [GC (Allocation Failure) [PSYoungGen: 87776K->224K(87552K)] 1602507K->1514955K(2063872K), 0.0099181 secs] [Times: user=0.02 sys=0.00, real=0.01 secs] 
2023-03-03T12:49:47.709-0300: 158233.654: [GC (Allocation Failure) [PSYoungGen: 87264K->224K(87040K)] 1601995K->1514955K(2063360K), 0.0089133 secs] [Times: user=0.00 sys=0.00, real=0.01 secs] 
2023-03-03T12:55:48.626-0300: 158594.570: [GC (Allocation Failure) [PSYoungGen: 86752K->256K(86528K)] 1601483K->1514987K(2062848K), 0.0281375 secs] [Times: user=0.14 sys=0.00, real=0.03 secs] 
2023-03-03T13:01:46.302-0300: 158952.247: [GC (Allocation Failure) [PSYoungGen: 86272K->128K(86016K)] 1601003K->1514859K(2062336K), 0.0162803 secs] [Times: user=0.06 sys=0.00, real=0.02 secs] 
2023-03-03T13:07:41.298-0300: 159307.242: [GC (Allocation Failure) [PSYoungGen: 85632K->160K(85504K)] 1600363K->1514891K(2061824K), 0.0249956 secs] [Times: user=0.14 sys=0.00, real=0.02 secs] 
2023-03-03T13:13:34.480-0300: 159660.425: [GC (Allocation Failure) [PSYoungGen: 85152K->224K(84992K)] 1599883K->1514955K(2061312K), 0.0093840 secs] [Times: user=0.00 sys=0.00, real=0.01 secs] 
2023-03-03T13:19:24.296-0300: 160010.241: [GC (Allocation Failure) [PSYoungGen: 84704K->96K(84480K)] 1599435K->1514827K(2060800K), 0.0326565 secs] [Times: user=0.25 sys=0.00, real=0.03 secs] 
2023-03-03T13:25:15.304-0300: 160361.249: [GC (Allocation Failure) [PSYoungGen: 84064K->128K(83968K)] 1598795K->1514859K(2060288K), 0.0101358 secs] [Times: user=0.00 sys=0.00, real=0.01 secs] 
2023-03-03T13:31:03.320-0300: 160709.264: [GC (Allocation Failure) [PSYoungGen: 83584K->256K(83456K)] 1598315K->1514987K(2059776K), 0.0106418 secs] [Times: user=0.00 sys=0.00, real=0.01 secs] 
2023-03-03T13:36:49.089-0300: 161055.034: [GC (Allocation Failure) [PSYoungGen: 83200K->256K(82944K)] 1597931K->1514987K(2059264K), 0.0108508 secs] [Times: user=0.02 sys=0.00, real=0.01 secs] 
2023-03-03T13:42:34.844-0300: 161400.789: [GC (Allocation Failure) [PSYoungGen: 82688K->256K(82432K)] 1597419K->1514987K(2058752K), 0.0110290 secs] [Times: user=0.09 sys=0.00, real=0.01 secs] 
2023-03-03T13:48:20.607-0300: 161746.551: [GC (Allocation Failure) [PSYoungGen: 82176K->224K(81920K)] 1596907K->1514955K(2058240K), 0.0110400 secs] [Times: user=0.01 sys=0.00, real=0.01 secs] 
2023-03-03T13:54:01.380-0300: 162087.325: [GC (Allocation Failure) [PSYoungGen: 81632K->224K(81408K)] 1596363K->1514955K(2057728K), 0.0109792 secs] [Times: user=0.00 sys=0.02, real=0.01 secs] 
2023-03-03T13:59:37.196-0300: 162423.140: [GC (Allocation Failure) [PSYoungGen: 81120K->192K(80896K)] 1595851K->1514931K(2057216K), 0.0098438 secs] [Times: user=0.00 sys=0.00, real=0.01 secs] 
2023-03-03T14:05:13.000-0300: 162758.944: [GC (Allocation Failure) [PSYoungGen: 80576K->256K(80384K)] 1595315K->1514995K(2056704K), 0.0173220 secs] [Times: user=0.13 sys=0.00, real=0.02 secs] 
2023-03-03T14:10:48.688-0300: 163094.633: [GC (Allocation Failure) [PSYoungGen: 80128K->256K(79872K)] 1594867K->1515003K(2056192K), 0.0340174 secs] [Times: user=0.25 sys=0.00, real=0.04 secs] 
2023-03-03T14:16:19.492-0300: 163425.436: [GC (Allocation Failure) [PSYoungGen: 79616K->256K(79360K)] 1594363K->1515011K(2055680K), 0.0323060 secs] [Times: user=0.14 sys=0.00, real=0.03 secs] 
2023-03-03T14:21:50.230-0300: 163756.174: [GC (Allocation Failure) [PSYoungGen: 79104K->224K(78848K)] 1593859K->1514979K(2055168K), 0.0200226 secs] [Times: user=0.09 sys=0.00, real=0.02 secs] 
2023-03-03T14:27:21.049-0300: 164086.994: [GC (Allocation Failure) [PSYoungGen: 78560K->256K(78336K)] 1593315K->1515011K(2054656K), 0.0156482 secs] [Times: user=0.13 sys=0.00, real=0.02 secs] 
2023-03-03T14:32:44.303-0300: 164410.247: [GC (Allocation Failure) [PSYoungGen: 78080K->192K(77824K)] 1592835K->1514947K(2054144K), 0.0139375 secs] [Times: user=0.09 sys=0.00, real=0.01 secs] 
2023-03-03T14:38:07.536-0300: 164733.481: [GC (Allocation Failure) [PSYoungGen: 77504K->256K(77312K)] 1592259K->1515011K(2053632K), 0.0123300 secs] [Times: user=0.13 sys=0.00, real=0.01 secs] 
2023-03-03T14:43:28.256-0300: 165054.200: [GC (Allocation Failure) [PSYoungGen: 77056K->256K(76800K)] 1591811K->1515011K(2053120K), 0.0218234 secs] [Times: user=0.14 sys=0.02, real=0.02 secs] 
2023-03-03T14:48:48.962-0300: 165374.907: [GC (Allocation Failure) [PSYoungGen: 76544K->256K(76288K)] 1591299K->1515011K(2052608K), 0.0358668 secs] [Times: user=0.14 sys=0.00, real=0.04 secs] 
2023-03-03T14:54:04.684-0300: 165690.628: [GC (Allocation Failure) [PSYoungGen: 76032K->192K(75776K)] 1590787K->1514947K(2052096K), 0.0393620 secs] [Times: user=0.19 sys=0.00, real=0.04 secs] 
2023-03-03T14:59:15.431-0300: 166001.375: [GC (Allocation Failure) [PSYoungGen: 75456K->256K(75264K)] 1590211K->1515011K(2051584K), 0.0287984 secs] [Times: user=0.13 sys=0.02, real=0.03 secs] 
2023-03-03T15:04:31.178-0300: 166317.122: [GC (Allocation Failure) [PSYoungGen: 75008K->256K(74752K)] 1589763K->1515011K(2051072K), 0.1105244 secs] [Times: user=0.77 sys=0.00, real=0.11 secs] 
2023-03-03T15:09:36.932-0300: 166622.877: [GC (Allocation Failure) [PSYoungGen: 74496K->224K(74240K)] 1589251K->1514979K(2050560K), 0.0134027 secs] [Times: user=0.02 sys=0.00, real=0.01 secs] 
2023-03-03T15:14:42.673-0300: 166928.617: [GC (Allocation Failure) [PSYoungGen: 73952K->224K(73728K)] 1588707K->1514987K(2050048K), 0.0145647 secs] [Times: user=0.06 sys=0.00, real=0.01 secs] 
2023-03-03T15:19:46.302-0300: 167232.247: [GC (Allocation Failure) [PSYoungGen: 73440K->128K(73216K)] 1588203K->1514891K(2049536K), 0.0217675 secs] [Times: user=0.16 sys=0.00, real=0.02 secs] 
2023-03-03T15:24:44.306-0300: 167530.251: [GC (Allocation Failure) [PSYoungGen: 72832K->256K(72704K)] 1587595K->1515019K(2049024K), 0.0453468 secs] [Times: user=0.27 sys=0.00, real=0.05 secs] 
2023-03-03T15:29:49.715-0300: 167835.659: [GC (Allocation Failure) [PSYoungGen: 72448K->64K(72192K)] 1587211K->1514835K(2048512K), 0.1281438 secs] [Times: user=0.06 sys=0.00, real=0.13 secs] 
2023-03-03T15:34:43.302-0300: 168129.247: [GC (Allocation Failure) [PSYoungGen: 71744K->256K(72192K)] 1586515K->1515027K(2048512K), 0.0308673 secs] [Times: user=0.19 sys=0.00, real=0.03 secs] 
2023-03-03T15:39:41.207-0300: 168427.152: [GC (Allocation Failure) [PSYoungGen: 71936K->256K(72192K)] 1586707K->1515027K(2048512K), 0.0313825 secs] [Times: user=0.22 sys=0.00, real=0.03 secs] 
2023-03-03T15:44:37.292-0300: 168723.236: [GC (Allocation Failure) [PSYoungGen: 71936K->160K(72192K)] 1586707K->1514931K(2048512K), 0.0150669 secs] [Times: user=0.00 sys=0.00, real=0.01 secs] 
2023-03-03T15:49:37.491-0300: 169023.436: [GC (Allocation Failure) [PSYoungGen: 71840K->224K(72192K)] 1586611K->1514995K(2048512K), 0.1391915 secs] [Times: user=0.61 sys=0.01, real=0.14 secs] 
2023-03-03T15:54:38.271-0300: 169324.216: [GC (Allocation Failure) [PSYoungGen: 71904K->224K(72192K)] 1586675K->1515003K(2048512K), 0.1082403 secs] [Times: user=0.72 sys=0.00, real=0.11 secs] 
2023-03-03T15:59:39.031-0300: 169624.975: [GC (Allocation Failure) [PSYoungGen: 71904K->192K(72192K)] 1586683K->1514971K(2048512K), 0.0138320 secs] [Times: user=0.13 sys=0.00, real=0.01 secs] 
2023-03-03T16:04:39.307-0300: 169925.251: [GC (Allocation Failure) [PSYoungGen: 71872K->192K(72192K)] 1586651K->1514971K(2048512K), 0.0155276 secs] [Times: user=0.11 sys=0.00, real=0.02 secs] 
2023-03-03T16:09:33.292-0300: 170219.237: [GC (Allocation Failure) [PSYoungGen: 71872K->256K(72192K)] 1586651K->1515035K(2048512K), 0.0334609 secs] [Times: user=0.23 sys=0.02, real=0.03 secs] 
2023-03-03T16:14:31.108-0300: 170517.053: [GC (Allocation Failure) [PSYoungGen: 71936K->256K(72192K)] 1586715K->1515035K(2048512K), 0.0683875 secs] [Times: user=0.26 sys=0.01, real=0.07 secs] 
2023-03-03T16:19:31.876-0300: 170817.820: [GC (Allocation Failure) [PSYoungGen: 71936K->256K(72192K)] 1586715K->1515035K(2048512K), 0.0110206 secs] [Times: user=0.13 sys=0.00, real=0.01 secs] 
2023-03-03T16:24:32.457-0300: 171118.402: [GC (Allocation Failure) [PSYoungGen: 71936K->224K(72192K)] 1586715K->1515003K(2048512K), 0.0087609 secs] [Times: user=0.13 sys=0.00, real=0.01 secs] 
2023-03-03T16:29:33.235-0300: 171419.179: [GC (Allocation Failure) [PSYoungGen: 71904K->224K(72192K)] 1586683K->1515003K(2048512K), 0.0233376 secs] [Times: user=0.13 sys=0.02, real=0.02 secs] 
2023-03-03T16:34:34.042-0300: 171719.987: [GC (Allocation Failure) [PSYoungGen: 71904K->256K(72192K)] 1586683K->1515035K(2048512K), 0.0239093 secs] [Times: user=0.08 sys=0.00, real=0.02 secs] 
2023-03-03T16:39:34.788-0300: 172020.732: [GC (Allocation Failure) [PSYoungGen: 71936K->192K(72192K)] 1586715K->1514971K(2048512K), 0.0108586 secs] [Times: user=0.00 sys=0.00, real=0.01 secs] 
2023-03-03T16:44:35.437-0300: 172321.381: [GC (Allocation Failure) [PSYoungGen: 71872K->224K(72192K)] 1586651K->1515003K(2048512K), 0.1118139 secs] [Times: user=0.34 sys=0.00, real=0.11 secs] 
2023-03-03T16:49:36.226-0300: 172622.170: [GC (Allocation Failure) [PSYoungGen: 71904K->256K(72192K)] 1586683K->1515035K(2048512K), 0.0167986 secs] [Times: user=0.02 sys=0.00, real=0.02 secs] 
2023-03-03T16:54:31.845-0300: 172917.790: [GC (Allocation Failure) [PSYoungGen: 71936K->256K(72192K)] 1586715K->1515035K(2048512K), 0.1164045 secs] [Times: user=0.63 sys=0.02, real=0.12 secs] 
2023-03-03T16:59:32.529-0300: 173218.474: [GC (Allocation Failure) [PSYoungGen: 71936K->256K(72192K)] 1586715K->1515035K(2048512K), 0.0124943 secs] [Times: user=0.13 sys=0.00, real=0.01 secs] 
2023-03-03T17:04:33.174-0300: 173519.119: [GC (Allocation Failure) [PSYoungGen: 71936K->256K(72192K)] 1586715K->1515035K(2048512K), 0.0137098 secs] [Times: user=0.11 sys=0.00, real=0.01 secs] 
2023-03-03T17:09:33.844-0300: 173819.789: [GC (Allocation Failure) [PSYoungGen: 71936K->96K(72192K)] 1586715K->1514875K(2048512K), 0.0180816 secs] [Times: user=0.09 sys=0.00, real=0.02 secs] 
2023-03-03T17:14:34.488-0300: 174120.432: [GC (Allocation Failure) [PSYoungGen: 71776K->256K(72192K)] 1586555K->1515035K(2048512K), 0.1200984 secs] [Times: user=0.45 sys=0.02, real=0.12 secs] 
2023-03-03T17:19:30.305-0300: 174416.250: [GC (Allocation Failure) [PSYoungGen: 71936K->192K(72192K)] 1586715K->1514971K(2048512K), 0.0243176 secs] [Times: user=0.13 sys=0.00, real=0.02 secs] 
2023-03-03T17:24:31.339-0300: 174717.284: [GC (Allocation Failure) [PSYoungGen: 71872K->224K(72192K)] 1586651K->1515003K(2048512K), 0.0164989 secs] [Times: user=0.09 sys=0.02, real=0.02 secs] 
2023-03-03T17:29:27.077-0300: 175013.021: [GC (Allocation Failure) [PSYoungGen: 71904K->224K(72192K)] 1586683K->1515003K(2048512K), 0.0289313 secs] [Times: user=0.22 sys=0.00, real=0.03 secs] 
2023-03-03T17:34:23.108-0300: 175309.052: [GC (Allocation Failure) [PSYoungGen: 71904K->256K(72192K)] 1586683K->1515035K(2048512K), 0.0353314 secs] [Times: user=0.25 sys=0.00, real=0.03 secs] 
2023-03-03T17:39:18.801-0300: 175604.745: [GC (Allocation Failure) [PSYoungGen: 71936K->224K(72192K)] 1586715K->1515003K(2048512K), 0.0109604 secs] [Times: user=0.11 sys=0.00, real=0.01 secs] 
2023-03-03T17:44:19.552-0300: 175905.496: [GC (Allocation Failure) [PSYoungGen: 71904K->192K(72192K)] 1586683K->1514971K(2048512K), 0.3796160 secs] [Times: user=1.34 sys=0.01, real=0.38 secs] 
2023-03-03T17:49:20.633-0300: 176206.577: [GC (Allocation Failure) [PSYoungGen: 71872K->192K(72192K)] 1586651K->1514971K(2048512K), 0.0252157 secs] [Times: user=0.05 sys=0.00, real=0.03 secs] 
2023-03-03T17:54:16.396-0300: 176502.341: [GC (Allocation Failure) [PSYoungGen: 71872K->256K(72192K)] 1586651K->1515035K(2048512K), 0.0262914 secs] [Times: user=0.13 sys=0.01, real=0.03 secs] 
2023-03-03T17:59:17.509-0300: 176803.453: [GC (Allocation Failure) [PSYoungGen: 71936K->192K(72192K)] 1586715K->1514971K(2048512K), 0.0179466 secs] [Times: user=0.09 sys=0.00, real=0.02 secs] 
2023-03-03T18:04:18.397-0300: 177104.341: [GC (Allocation Failure) [PSYoungGen: 71872K->256K(72192K)] 1586651K->1515035K(2048512K), 0.0157501 secs] [Times: user=0.00 sys=0.01, real=0.02 secs] 
2023-03-03T18:09:19.426-0300: 177405.370: [GC (Allocation Failure) [PSYoungGen: 71936K->256K(72192K)] 1586715K->1515035K(2048512K), 0.0271342 secs] [Times: user=0.22 sys=0.03, real=0.03 secs] 
2023-03-03T18:14:10.137-0300: 177696.082: [GC (Allocation Failure) [PSYoungGen: 71936K->256K(72192K)] 1586715K->1515035K(2048512K), 0.3612393 secs] [Times: user=1.77 sys=0.01, real=0.36 secs] 
2023-03-03T18:19:06.306-0300: 177992.250: [GC (Allocation Failure) [PSYoungGen: 71936K->128K(72192K)] 1586715K->1514907K(2048512K), 0.0284797 secs] [Times: user=0.05 sys=0.00, real=0.03 secs] 
2023-03-03T18:24:07.170-0300: 178293.115: [GC (Allocation Failure) [PSYoungGen: 71808K->192K(72192K)] 1586587K->1514971K(2048512K), 0.0386571 secs] [Times: user=0.09 sys=0.00, real=0.04 secs] 
2023-03-03T18:29:06.293-0300: 178592.238: [GC (Allocation Failure) [PSYoungGen: 71872K->128K(72192K)] 1586651K->1514907K(2048512K), 0.0288044 secs] [Times: user=0.14 sys=0.00, real=0.03 secs] 
2023-03-03T18:34:00.294-0300: 178886.238: [GC (Allocation Failure) [PSYoungGen: 71808K->224K(72192K)] 1586587K->1515003K(2048512K), 0.0358327 secs] [Times: user=0.16 sys=0.00, real=0.04 secs] 
2023-03-03T18:38:59.178-0300: 179185.122: [GC (Allocation Failure) [PSYoungGen: 71904K->256K(72192K)] 1586683K->1515035K(2048512K), 0.0400890 secs] [Times: user=0.23 sys=0.02, real=0.04 secs] 
2023-03-03T18:43:54.949-0300: 179480.894: [GC (Allocation Failure) [PSYoungGen: 71936K->224K(72192K)] 1586715K->1515003K(2048512K), 0.0389355 secs] [Times: user=0.23 sys=0.02, real=0.04 secs] 
2023-03-03T18:48:51.294-0300: 179777.239: [GC (Allocation Failure) [PSYoungGen: 71904K->256K(72192K)] 1586683K->1515035K(2048512K), 0.0365937 secs] [Times: user=0.25 sys=0.00, real=0.04 secs] 
2023-03-03T18:53:50.014-0300: 180075.958: [GC (Allocation Failure) [PSYoungGen: 71936K->224K(72192K)] 1586715K->1515003K(2048512K), 0.0115220 secs] [Times: user=0.00 sys=0.00, real=0.01 secs] 
2023-03-03T18:58:47.552-0300: 180373.497: [GC (Allocation Failure) [PSYoungGen: 71904K->160K(72192K)] 1586683K->1514939K(2048512K), 0.0118005 secs] [Times: user=0.11 sys=0.00, real=0.01 secs] 
2023-03-03T19:03:46.294-0300: 180672.239: [GC (Allocation Failure) [PSYoungGen: 71840K->160K(72192K)] 1586619K->1514939K(2048512K), 0.0256758 secs] [Times: user=0.13 sys=0.00, real=0.03 secs] 
2023-03-03T19:08:40.305-0300: 180966.249: [GC (Allocation Failure) [PSYoungGen: 71840K->128K(72192K)] 1586619K->1514907K(2048512K), 0.0182559 secs] [Times: user=0.08 sys=0.00, real=0.02 secs] 
2023-03-03T19:13:36.701-0300: 181262.646: [GC (Allocation Failure) [PSYoungGen: 71808K->192K(72192K)] 1586587K->1514971K(2048512K), 0.0096377 secs] [Times: user=0.02 sys=0.00, real=0.01 secs] 
2023-03-03T19:18:33.296-0300: 181559.240: [GC (Allocation Failure) [PSYoungGen: 71872K->224K(72192K)] 1586651K->1515003K(2048512K), 0.0161925 secs] [Times: user=0.13 sys=0.00, real=0.02 secs] 
2023-03-03T19:23:31.404-0300: 181857.349: [GC (Allocation Failure) [PSYoungGen: 71904K->192K(72192K)] 1586683K->1514971K(2048512K), 0.0296399 secs] [Times: user=0.14 sys=0.00, real=0.03 secs] 
2023-03-03T19:28:32.170-0300: 182158.115: [GC (Allocation Failure) [PSYoungGen: 71872K->192K(72192K)] 1586651K->1514971K(2048512K), 0.0091871 secs] [Times: user=0.02 sys=0.00, real=0.01 secs] 
2023-03-03T19:33:32.733-0300: 182458.678: [GC (Allocation Failure) [PSYoungGen: 71872K->256K(72192K)] 1586651K->1515035K(2048512K), 0.0164646 secs] [Times: user=0.13 sys=0.00, real=0.02 secs] 
2023-03-03T19:38:33.563-0300: 182759.508: [GC (Allocation Failure) [PSYoungGen: 71936K->192K(72192K)] 1586715K->1514971K(2048512K), 0.0325121 secs] [Times: user=0.19 sys=0.00, real=0.03 secs] 
2023-03-03T19:43:34.287-0300: 183060.231: [GC (Allocation Failure) [PSYoungGen: 71872K->256K(72192K)] 1586651K->1515035K(2048512K), 0.0102774 secs] [Times: user=0.13 sys=0.00, real=0.01 secs] 
2023-03-03T19:48:34.992-0300: 183360.937: [GC (Allocation Failure) [PSYoungGen: 71936K->224K(72192K)] 1586715K->1515003K(2048512K), 0.0090700 secs] [Times: user=0.00 sys=0.00, real=0.01 secs] 
2023-03-03T19:53:35.759-0300: 183661.704: [GC (Allocation Failure) [PSYoungGen: 71904K->256K(72192K)] 1586683K->1515035K(2048512K), 0.0131137 secs] [Times: user=0.02 sys=0.00, real=0.01 secs] 
2023-03-03T19:58:36.299-0300: 183962.244: [GC (Allocation Failure) [PSYoungGen: 71936K->160K(72192K)] 1586715K->1514939K(2048512K), 0.0263613 secs] [Times: user=0.14 sys=0.00, real=0.03 secs] 
2023-03-03T20:03:32.311-0300: 184258.256: [GC (Allocation Failure) [PSYoungGen: 71840K->224K(72192K)] 1586619K->1515003K(2048512K), 0.0097265 secs] [Times: user=0.02 sys=0.00, real=0.01 secs] 
2023-03-03T20:08:32.904-0300: 184558.849: [GC (Allocation Failure) [PSYoungGen: 71904K->224K(72192K)] 1586683K->1515003K(2048512K), 0.0295787 secs] [Times: user=0.14 sys=0.00, real=0.03 secs] 
2023-03-03T20:13:33.664-0300: 184859.609: [GC (Allocation Failure) [PSYoungGen: 71904K->160K(72192K)] 1586683K->1514939K(2048512K), 0.0101233 secs] [Times: user=0.00 sys=0.00, real=0.01 secs] 
2023-03-03T20:18:34.456-0300: 185160.401: [GC (Allocation Failure) [PSYoungGen: 71840K->256K(72192K)] 1586619K->1515035K(2048512K), 0.0140194 secs] [Times: user=0.13 sys=0.00, real=0.01 secs] 
2023-03-03T20:23:35.206-0300: 185461.151: [GC (Allocation Failure) [PSYoungGen: 71936K->256K(72192K)] 1586715K->1515035K(2048512K), 0.0188822 secs] [Times: user=0.13 sys=0.00, real=0.02 secs] 
2023-03-03T20:28:31.033-0300: 185756.977: [GC (Allocation Failure) [PSYoungGen: 71936K->256K(72192K)] 1586715K->1515035K(2048512K), 0.0179543 secs] [Times: user=0.13 sys=0.00, real=0.02 secs] 
2023-03-03T20:33:31.795-0300: 186057.739: [GC (Allocation Failure) [PSYoungGen: 71936K->256K(72192K)] 1586715K->1515035K(2048512K), 0.0295131 secs] [Times: user=0.14 sys=0.00, real=0.03 secs] 
2023-03-03T20:38:32.473-0300: 186358.417: [GC (Allocation Failure) [PSYoungGen: 71936K->128K(72192K)] 1586715K->1514907K(2048512K), 0.0101262 secs] [Times: user=0.11 sys=0.00, real=0.01 secs] 
2023-03-03T20:43:33.213-0300: 186659.157: [GC (Allocation Failure) [PSYoungGen: 71808K->256K(72192K)] 1586587K->1515035K(2048512K), 0.0156827 secs] [Times: user=0.02 sys=0.00, real=0.02 secs] 
2023-03-03T20:48:33.955-0300: 186959.900: [GC (Allocation Failure) [PSYoungGen: 71936K->256K(72192K)] 1586715K->1515035K(2048512K), 0.0105494 secs] [Times: user=0.13 sys=0.00, real=0.01 secs] 
2023-03-03T20:53:34.748-0300: 187260.693: [GC (Allocation Failure) [PSYoungGen: 71936K->192K(72192K)] 1586715K->1514971K(2048512K), 0.0099842 secs] [Times: user=0.02 sys=0.00, real=0.01 secs] 
2023-03-03T20:58:25.824-0300: 187551.769: [GC (Allocation Failure) [PSYoungGen: 71872K->192K(72192K)] 1586651K->1514971K(2048512K), 0.0237937 secs] [Times: user=0.11 sys=0.00, real=0.02 secs] 
2023-03-03T21:03:26.132-0300: 187852.076: [GC (Allocation Failure) [PSYoungGen: 71872K->256K(72192K)] 1586651K->1515035K(2048512K), 0.0104057 secs] [Times: user=0.00 sys=0.00, real=0.01 secs] 
2023-03-03T21:08:26.873-0300: 188152.817: [GC (Allocation Failure) [PSYoungGen: 71936K->192K(72192K)] 1586715K->1514987K(2048512K), 0.0263949 secs] [Times: user=0.14 sys=0.00, real=0.03 secs] 
2023-03-03T21:13:20.299-0300: 188446.244: [GC (Allocation Failure) [PSYoungGen: 71872K->128K(72192K)] 1586667K->1514923K(2048512K), 0.0273688 secs] [Times: user=0.13 sys=0.00, real=0.03 secs] 
2023-03-03T21:18:18.260-0300: 188744.205: [GC (Allocation Failure) [PSYoungGen: 71808K->256K(72192K)] 1586603K->1515051K(2048512K), 0.3776681 secs] [Times: user=1.27 sys=0.06, real=0.38 secs] 
2023-03-03T21:23:14.296-0300: 189040.241: [GC (Allocation Failure) [PSYoungGen: 71936K->224K(72192K)] 1586731K->1515019K(2048512K), 0.0202901 secs] [Times: user=0.13 sys=0.00, real=0.02 secs] 
2023-03-03T21:28:14.297-0300: 189340.242: [GC (Allocation Failure) [PSYoungGen: 71904K->256K(72192K)] 1586699K->1515051K(2048512K), 0.0136973 secs] [Times: user=0.13 sys=0.00, real=0.01 secs] 
2023-03-03T21:33:10.825-0300: 189636.770: [GC (Allocation Failure) [PSYoungGen: 71936K->256K(72192K)] 1586731K->1515051K(2048512K), 0.0224126 secs] [Times: user=0.13 sys=0.00, real=0.02 secs] 
2023-03-03T21:38:11.541-0300: 189937.486: [GC (Allocation Failure) [PSYoungGen: 71936K->160K(72192K)] 1586731K->1514955K(2048512K), 0.0236168 secs] [Times: user=0.13 sys=0.00, real=0.02 secs] 
2023-03-03T21:43:12.247-0300: 190238.192: [GC (Allocation Failure) [PSYoungGen: 71840K->224K(72192K)] 1586635K->1515019K(2048512K), 0.0176166 secs] [Times: user=0.11 sys=0.00, real=0.02 secs] 
2023-03-03T21:48:12.305-0300: 190538.249: [GC (Allocation Failure) [PSYoungGen: 71904K->192K(72192K)] 1586699K->1514987K(2048512K), 0.0093232 secs] [Times: user=0.00 sys=0.00, real=0.01 secs] 
2023-03-03T21:53:06.303-0300: 190832.247: [GC (Allocation Failure) [PSYoungGen: 71872K->160K(72192K)] 1586667K->1514955K(2048512K), 0.0226749 secs] [Times: user=0.14 sys=0.00, real=0.02 secs] 
2023-03-03T21:58:04.400-0300: 191130.345: [GC (Allocation Failure) [PSYoungGen: 71840K->224K(72192K)] 1586635K->1515019K(2048512K), 0.0238674 secs] [Times: user=0.13 sys=0.00, real=0.02 secs] 
2023-03-03T22:03:05.146-0300: 191431.090: [GC (Allocation Failure) [PSYoungGen: 71904K->256K(72192K)] 1586699K->1515051K(2048512K), 0.0107294 secs] [Times: user=0.13 sys=0.00, real=0.01 secs] 
2023-03-03T22:08:05.853-0300: 191731.797: [GC (Allocation Failure) [PSYoungGen: 71936K->224K(72192K)] 1586731K->1515019K(2048512K), 0.3799238 secs] [Times: user=1.58 sys=0.02, real=0.38 secs] 
2023-03-03T22:13:07.085-0300: 192033.029: [GC (Allocation Failure) [PSYoungGen: 71904K->160K(72192K)] 1586699K->1514979K(2048512K), 0.0088589 secs] [Times: user=0.00 sys=0.00, real=0.01 secs] 
2023-03-03T22:18:08.019-0300: 192333.963: [GC (Allocation Failure) [PSYoungGen: 71840K->224K(72192K)] 1586659K->1515043K(2048512K), 0.0208978 secs] [Times: user=0.14 sys=0.00, real=0.02 secs] 
2023-03-03T22:23:08.731-0300: 192634.675: [GC (Allocation Failure) [PSYoungGen: 71904K->192K(72192K)] 1586723K->1515011K(2048512K), 0.0101089 secs] [Times: user=0.02 sys=0.00, real=0.01 secs] 
2023-03-03T22:28:03.296-0300: 192929.241: [GC (Allocation Failure) [PSYoungGen: 71872K->160K(72192K)] 1586691K->1514979K(2048512K), 0.0190577 secs] [Times: user=0.13 sys=0.00, real=0.02 secs] 
2023-03-03T22:33:00.093-0300: 193226.038: [GC (Allocation Failure) [PSYoungGen: 71840K->256K(72192K)] 1586659K->1515075K(2048512K), 0.0130668 secs] [Times: user=0.13 sys=0.00, real=0.01 secs] 
2023-03-03T22:38:00.866-0300: 193526.810: [GC (Allocation Failure) [PSYoungGen: 71936K->256K(72192K)] 1586755K->1515075K(2048512K), 0.0108389 secs] [Times: user=0.09 sys=0.00, real=0.01 secs] 
2023-03-03T22:43:01.569-0300: 193827.514: [GC (Allocation Failure) [PSYoungGen: 71936K->256K(72192K)] 1586755K->1515075K(2048512K), 0.0286516 secs] [Times: user=0.11 sys=0.01, real=0.03 secs] 
2023-03-03T22:48:02.310-0300: 194128.255: [GC (Allocation Failure) [PSYoungGen: 71936K->192K(72192K)] 1586755K->1515011K(2048512K), 0.0090107 secs] [Times: user=0.01 sys=0.00, real=0.01 secs] 
2023-03-03T22:53:02.904-0300: 194428.848: [GC (Allocation Failure) [PSYoungGen: 71872K->256K(72192K)] 1586691K->1515075K(2048512K), 0.0106917 secs] [Times: user=0.02 sys=0.00, real=0.01 secs] 
2023-03-03T22:58:03.647-0300: 194729.591: [GC (Allocation Failure) [PSYoungGen: 71936K->224K(72192K)] 1586755K->1515043K(2048512K), 0.0091523 secs] [Times: user=0.11 sys=0.00, real=0.01 secs] 
2023-03-03T23:03:04.295-0300: 195030.239: [GC (Allocation Failure) [PSYoungGen: 71904K->256K(72192K)] 1586723K->1515075K(2048512K), 0.0136076 secs] [Times: user=0.13 sys=0.00, real=0.01 secs] 
2023-03-03T23:08:05.101-0300: 195331.045: [GC (Allocation Failure) [PSYoungGen: 71936K->160K(72192K)] 1586755K->1514979K(2048512K), 0.0326998 secs] [Times: user=0.14 sys=0.00, real=0.03 secs] 
2023-03-03T23:13:00.922-0300: 195626.867: [GC (Allocation Failure) [PSYoungGen: 71840K->224K(72192K)] 1586659K->1515043K(2048512K), 0.0171042 secs] [Times: user=0.13 sys=0.00, real=0.02 secs] 
2023-03-03T23:17:51.616-0300: 195917.561: [GC (Allocation Failure) [PSYoungGen: 71904K->128K(72192K)] 1586723K->1514947K(2048512K), 0.0268085 secs] [Times: user=0.05 sys=0.02, real=0.03 secs] 
2023-03-03T23:22:47.656-0300: 196213.601: [GC (Allocation Failure) [PSYoungGen: 71808K->192K(72192K)] 1586627K->1515011K(2048512K), 0.0092124 secs] [Times: user=0.09 sys=0.02, real=0.01 secs] 
2023-03-03T23:27:47.444-0300: 196513.388: [GC (Allocation Failure) [PSYoungGen: 71872K->128K(72192K)] 1586691K->1514947K(2048512K), 0.0117193 secs] [Times: user=0.00 sys=0.00, real=0.01 secs] 
2023-03-03T23:32:43.986-0300: 196809.931: [GC (Allocation Failure) [PSYoungGen: 71808K->192K(72192K)] 1586627K->1515011K(2048512K), 0.0294455 secs] [Times: user=0.14 sys=0.00, real=0.03 secs] 
2023-03-03T23:37:44.740-0300: 197110.685: [GC (Allocation Failure) [PSYoungGen: 71872K->192K(72192K)] 1586691K->1515011K(2048512K), 0.0125006 secs] [Times: user=0.00 sys=0.02, real=0.01 secs] 
2023-03-03T23:42:40.489-0300: 197406.433: [GC (Allocation Failure) [PSYoungGen: 71872K->160K(72192K)] 1586691K->1514979K(2048512K), 0.0261937 secs] [Times: user=0.23 sys=0.00, real=0.03 secs] 
2023-03-03T23:47:41.255-0300: 197707.200: [GC (Allocation Failure) [PSYoungGen: 71840K->192K(72192K)] 1586659K->1515011K(2048512K), 0.0296360 secs] [Times: user=0.23 sys=0.01, real=0.03 secs] 
2023-03-03T23:52:41.303-0300: 198007.248: [GC (Allocation Failure) [PSYoungGen: 71872K->160K(72192K)] 1586691K->1514979K(2048512K), 0.0104215 secs] [Times: user=0.00 sys=0.00, real=0.01 secs] 
2023-03-03T23:57:37.971-0300: 198303.916: [GC (Allocation Failure) [PSYoungGen: 71840K->192K(72192K)] 1586659K->1515011K(2048512K), 0.0194123 secs] [Times: user=0.14 sys=0.00, real=0.02 secs] 
2023-03-04T00:02:38.722-0300: 198604.666: [GC (Allocation Failure) [PSYoungGen: 71872K->224K(72192K)] 1586691K->1515043K(2048512K), 0.0093867 secs] [Times: user=0.11 sys=0.00, real=0.01 secs] 
2023-03-04T00:07:34.392-0300: 198900.336: [GC (Allocation Failure) [PSYoungGen: 71904K->192K(72192K)] 1586723K->1515011K(2048512K), 0.0189662 secs] [Times: user=0.13 sys=0.00, real=0.02 secs] 
2023-03-04T00:12:30.138-0300: 199196.082: [GC (Allocation Failure) [PSYoungGen: 71872K->224K(72192K)] 1586691K->1515043K(2048512K), 0.0263196 secs] [Times: user=0.14 sys=0.00, real=0.03 secs] 
2023-03-04T00:17:29.298-0300: 199495.242: [GC (Allocation Failure) [PSYoungGen: 71904K->224K(72192K)] 1586723K->1515043K(2048512K), 0.0255005 secs] [Times: user=0.14 sys=0.00, real=0.03 secs] 
2023-03-04T00:22:26.663-0300: 199792.608: [GC (Allocation Failure) [PSYoungGen: 71904K->192K(72192K)] 1586723K->1515011K(2048512K), 0.0176504 secs] [Times: user=0.02 sys=0.00, real=0.02 secs] 
2023-03-04T00:27:23.297-0300: 200089.242: [GC (Allocation Failure) [PSYoungGen: 71872K->256K(72192K)] 1586691K->1515075K(2048512K), 0.0256305 secs] [Times: user=0.13 sys=0.02, real=0.03 secs] 
2023-03-04T00:32:22.966-0300: 200388.911: [GC (Allocation Failure) [PSYoungGen: 71936K->256K(72192K)] 1586755K->1515075K(2048512K), 0.0092479 secs] [Times: user=0.02 sys=0.02, real=0.01 secs] 
2023-03-04T00:37:23.718-0300: 200689.662: [GC (Allocation Failure) [PSYoungGen: 71936K->192K(72192K)] 1586755K->1515035K(2048512K), 0.0104268 secs] [Times: user=0.02 sys=0.00, real=0.01 secs] 
2023-03-04T00:42:19.379-0300: 200985.324: [GC (Allocation Failure) [PSYoungGen: 71872K->224K(72192K)] 1586715K->1515067K(2048512K), 0.0159104 secs] [Times: user=0.13 sys=0.00, real=0.02 secs] 
2023-03-04T00:47:15.141-0300: 201281.086: [GC (Allocation Failure) [PSYoungGen: 71904K->224K(72192K)] 1586747K->1515067K(2048512K), 0.0166211 secs] [Times: user=0.13 sys=0.00, real=0.02 secs] 
2023-03-04T00:52:14.295-0300: 201580.240: [GC (Allocation Failure) [PSYoungGen: 71904K->192K(72192K)] 1586747K->1515035K(2048512K), 0.0188343 secs] [Times: user=0.13 sys=0.00, real=0.02 secs] 
2023-03-04T00:57:08.307-0300: 201874.251: [GC (Allocation Failure) [PSYoungGen: 71872K->224K(72192K)] 1586715K->1515067K(2048512K), 0.0343329 secs] [Times: user=0.13 sys=0.00, real=0.03 secs] 
2023-03-04T01:02:07.329-0300: 202173.274: [GC (Allocation Failure) [PSYoungGen: 71904K->256K(72192K)] 1586747K->1515099K(2048512K), 0.0101474 secs] [Times: user=0.11 sys=0.00, real=0.01 secs] 
2023-03-04T01:07:04.298-0300: 202470.243: [GC (Allocation Failure) [PSYoungGen: 71936K->160K(72192K)] 1586779K->1515003K(2048512K), 0.0305498 secs] [Times: user=0.14 sys=0.00, real=0.03 secs] 
2023-03-04T01:12:03.695-0300: 202769.639: [GC (Allocation Failure) [PSYoungGen: 71840K->224K(72192K)] 1586683K->1515067K(2048512K), 0.0091061 secs] [Times: user=0.00 sys=0.00, real=0.01 secs] 
2023-03-04T01:17:00.304-0300: 203066.248: [GC (Allocation Failure) [PSYoungGen: 71904K->128K(72192K)] 1586747K->1514971K(2048512K), 0.0185537 secs] [Times: user=0.01 sys=0.00, real=0.02 secs] 
2023-03-04T01:22:00.058-0300: 203366.003: [GC (Allocation Failure) [PSYoungGen: 71808K->256K(72192K)] 1586651K->1515099K(2048512K), 0.0087794 secs] [Times: user=0.00 sys=0.00, real=0.01 secs] 
2023-03-04T01:27:00.850-0300: 203666.795: [GC (Allocation Failure) [PSYoungGen: 71936K->256K(72192K)] 1586779K->1515099K(2048512K), 0.0192194 secs] [Times: user=0.03 sys=0.00, real=0.02 secs] 
2023-03-04T01:32:00.304-0300: 203966.249: [GC (Allocation Failure) [PSYoungGen: 71936K->96K(72192K)] 1586779K->1514939K(2048512K), 0.0338983 secs] [Times: user=0.06 sys=0.00, real=0.03 secs] 
2023-03-04T01:36:54.302-0300: 204260.247: [GC (Allocation Failure) [PSYoungGen: 71776K->128K(72192K)] 1586619K->1514971K(2048512K), 0.0321665 secs] [Times: user=0.14 sys=0.02, real=0.03 secs] 
2023-03-04T01:41:53.310-0300: 204559.255: [GC (Allocation Failure) [PSYoungGen: 71808K->160K(72192K)] 1586651K->1515003K(2048512K), 0.0097106 secs] [Times: user=0.02 sys=0.00, real=0.01 secs] 
2023-03-04T01:46:53.974-0300: 204859.919: [GC (Allocation Failure) [PSYoungGen: 71840K->192K(72192K)] 1586683K->1515035K(2048512K), 0.0286999 secs] [Times: user=0.25 sys=0.00, real=0.03 secs] 
2023-03-04T01:51:49.782-0300: 205155.727: [GC (Allocation Failure) [PSYoungGen: 71872K->256K(72192K)] 1586715K->1515099K(2048512K), 0.3853316 secs] [Times: user=1.66 sys=0.06, real=0.39 secs] 
2023-03-04T01:56:45.913-0300: 205451.857: [GC (Allocation Failure) [PSYoungGen: 71936K->192K(72192K)] 1586779K->1515035K(2048512K), 0.3661586 secs] [Times: user=1.81 sys=0.03, real=0.37 secs] 
2023-03-04T02:01:47.063-0300: 205753.008: [GC (Allocation Failure) [PSYoungGen: 71872K->224K(72192K)] 1586715K->1515067K(2048512K), 0.0243676 secs] [Times: user=0.14 sys=0.00, real=0.02 secs] 
2023-03-04T02:06:42.615-0300: 206048.560: [GC (Allocation Failure) [PSYoungGen: 71904K->256K(72192K)] 1586747K->1515099K(2048512K), 0.0083711 secs] [Times: user=0.00 sys=0.02, real=0.01 secs] 
2023-03-04T02:11:43.348-0300: 206349.292: [GC (Allocation Failure) [PSYoungGen: 71936K->192K(72192K)] 1586779K->1515035K(2048512K), 0.0318166 secs] [Times: user=0.25 sys=0.00, real=0.03 secs] 
2023-03-04T02:16:43.297-0300: 206649.242: [GC (Allocation Failure) [PSYoungGen: 71872K->192K(72192K)] 1586715K->1515035K(2048512K), 0.0295304 secs] [Times: user=0.14 sys=0.00, real=0.03 secs] 
2023-03-04T02:21:38.300-0300: 206944.245: [GC (Allocation Failure) [PSYoungGen: 71872K->192K(72192K)] 1586715K->1515035K(2048512K), 0.0091908 secs] [Times: user=0.05 sys=0.00, real=0.01 secs] 
2023-03-04T02:26:35.580-0300: 207241.524: [GC (Allocation Failure) [PSYoungGen: 71872K->256K(72192K)] 1586715K->1515099K(2048512K), 0.3747563 secs] [Times: user=1.64 sys=0.01, real=0.38 secs] 
2023-03-04T02:31:36.707-0300: 207542.651: [GC (Allocation Failure) [PSYoungGen: 71936K->192K(72192K)] 1586779K->1515035K(2048512K), 0.0092583 secs] [Times: user=0.11 sys=0.00, real=0.01 secs] 
2023-03-04T02:36:37.350-0300: 207843.295: [GC (Allocation Failure) [PSYoungGen: 71872K->160K(72192K)] 1586715K->1515003K(2048512K), 0.0090999 secs] [Times: user=0.00 sys=0.00, real=0.01 secs] 
2023-03-04T02:41:37.989-0300: 208143.934: [GC (Allocation Failure) [PSYoungGen: 71840K->256K(72192K)] 1586683K->1515107K(2048512K), 0.0107752 secs] [Times: user=0.13 sys=0.00, real=0.01 secs] 
2023-03-04T02:46:37.299-0300: 208443.244: [GC (Allocation Failure) [PSYoungGen: 71936K->160K(72192K)] 1586787K->1515011K(2048512K), 0.0098722 secs] [Times: user=0.11 sys=0.00, real=0.01 secs] 
2023-03-04T02:51:34.396-0300: 208740.340: [GC (Allocation Failure) [PSYoungGen: 71840K->224K(72192K)] 1586691K->1515075K(2048512K), 0.0143949 secs] [Times: user=0.13 sys=0.00, real=0.02 secs] 
2023-03-04T02:56:30.132-0300: 209036.076: [GC (Allocation Failure) [PSYoungGen: 71904K->256K(72192K)] 1586755K->1515107K(2048512K), 0.0101620 secs] [Times: user=0.00 sys=0.00, real=0.01 secs] 
2023-03-04T03:01:25.904-0300: 209331.849: [GC (Allocation Failure) [PSYoungGen: 71936K->224K(72192K)] 1586787K->1515075K(2048512K), 0.0097767 secs] [Times: user=0.01 sys=0.00, real=0.01 secs] 
2023-03-04T03:06:22.305-0300: 209628.249: [GC (Allocation Failure) [PSYoungGen: 71904K->160K(72192K)] 1586755K->1515011K(2048512K), 0.0090784 secs] [Times: user=0.00 sys=0.00, real=0.01 secs] 
2023-03-04T03:11:22.436-0300: 209928.381: [GC (Allocation Failure) [PSYoungGen: 71840K->256K(72192K)] 1586691K->1515107K(2048512K), 0.0091467 secs] [Times: user=0.02 sys=0.00, real=0.01 secs] 
2023-03-04T03:16:22.301-0300: 210228.245: [GC (Allocation Failure) [PSYoungGen: 71936K->192K(72192K)] 1586787K->1515043K(2048512K), 0.0087314 secs] [Times: user=0.13 sys=0.00, real=0.01 secs] 
2023-03-04T03:21:13.754-0300: 210519.699: [GC (Allocation Failure) [PSYoungGen: 71872K->256K(72192K)] 1586723K->1515107K(2048512K), 0.0139641 secs] [Times: user=0.13 sys=0.00, real=0.01 secs] 
2023-03-04T03:26:14.295-0300: 210820.240: [GC (Allocation Failure) [PSYoungGen: 71936K->224K(72192K)] 1586787K->1515075K(2048512K), 0.0274879 secs] [Times: user=0.13 sys=0.01, real=0.03 secs] 
2023-03-04T03:31:10.632-0300: 211116.577: [GC (Allocation Failure) [PSYoungGen: 71904K->256K(72192K)] 1586755K->1515107K(2048512K), 0.0817880 secs] [Times: user=0.28 sys=0.02, real=0.08 secs] 
2023-03-04T03:36:11.539-0300: 211417.484: [GC (Allocation Failure) [PSYoungGen: 71936K->160K(72192K)] 1586787K->1515011K(2048512K), 0.0099460 secs] [Times: user=0.00 sys=0.00, real=0.01 secs] 
2023-03-04T03:41:05.300-0300: 211711.245: [GC (Allocation Failure) [PSYoungGen: 71840K->160K(72192K)] 1586691K->1515011K(2048512K), 0.0185376 secs] [Times: user=0.13 sys=0.00, real=0.02 secs] 
2023-03-04T03:46:02.887-0300: 212008.831: [GC (Allocation Failure) [PSYoungGen: 71840K->192K(72192K)] 1586691K->1515043K(2048512K), 0.0175252 secs] [Times: user=0.11 sys=0.00, real=0.02 secs] 
2023-03-04T03:50:59.292-0300: 212305.236: [GC (Allocation Failure) [PSYoungGen: 71872K->256K(72192K)] 1586723K->1515107K(2048512K), 0.0282537 secs] [Times: user=0.14 sys=0.00, real=0.03 secs] 
2023-03-04T03:55:54.967-0300: 212600.911: [GC (Allocation Failure) [PSYoungGen: 71936K->192K(72192K)] 1586787K->1515043K(2048512K), 0.0296923 secs] [Times: user=0.14 sys=0.00, real=0.03 secs] 
2023-03-04T04:00:51.293-0300: 212897.237: [GC (Allocation Failure) [PSYoungGen: 71872K->160K(72192K)] 1586723K->1515011K(2048512K), 0.0317680 secs] [Times: user=0.14 sys=0.00, real=0.03 secs] 
2023-03-04T04:05:45.795-0300: 213191.740: [GC (Allocation Failure) [PSYoungGen: 71840K->256K(72192K)] 1586691K->1515107K(2048512K), 0.0175270 secs] [Times: user=0.09 sys=0.00, real=0.02 secs] 
2023-03-04T04:10:41.565-0300: 213487.509: [GC (Allocation Failure) [PSYoungGen: 71936K->224K(72192K)] 1586787K->1515075K(2048512K), 0.0283631 secs] [Times: user=0.24 sys=0.00, real=0.03 secs] 
2023-03-04T04:15:37.269-0300: 213783.214: [GC (Allocation Failure) [PSYoungGen: 71904K->224K(72192K)] 1586755K->1515075K(2048512K), 0.0087278 secs] [Times: user=0.13 sys=0.00, real=0.01 secs] 
2023-03-04T04:20:37.293-0300: 214083.237: [GC (Allocation Failure) [PSYoungGen: 71904K->160K(72192K)] 1586755K->1515011K(2048512K), 0.0100943 secs] [Times: user=0.00 sys=0.00, real=0.01 secs] 
2023-03-04T04:25:29.396-0300: 214375.341: [GC (Allocation Failure) [PSYoungGen: 71840K->192K(72192K)] 1586691K->1515043K(2048512K), 0.0209421 secs] [Times: user=0.03 sys=0.02, real=0.02 secs] 
2023-03-04T04:30:29.645-0300: 214675.590: [GC (Allocation Failure) [PSYoungGen: 71872K->224K(72192K)] 1586723K->1515075K(2048512K), 0.0310756 secs] [Times: user=0.22 sys=0.00, real=0.03 secs] 
2023-03-04T04:35:30.403-0300: 214976.347: [GC (Allocation Failure) [PSYoungGen: 71904K->160K(72192K)] 1586755K->1515011K(2048512K), 0.3785641 secs] [Times: user=1.36 sys=0.00, real=0.38 secs] 
2023-03-04T04:40:29.772-0300: 215275.717: [GC (Allocation Failure) [PSYoungGen: 71840K->224K(72192K)] 1586691K->1515075K(2048512K), 0.3749658 secs] [Times: user=1.72 sys=0.03, real=0.38 secs] 
2023-03-04T04:45:23.295-0300: 215569.240: [GC (Allocation Failure) [PSYoungGen: 71904K->192K(72192K)] 1586755K->1515043K(2048512K), 0.0082960 secs] [Times: user=0.02 sys=0.00, real=0.01 secs] 
2023-03-04T04:50:22.862-0300: 215868.806: [GC (Allocation Failure) [PSYoungGen: 71872K->224K(72192K)] 1586723K->1515075K(2048512K), 0.0147900 secs] [Times: user=0.13 sys=0.00, real=0.01 secs] 
2023-03-04T04:55:23.583-0300: 216169.527: [GC (Allocation Failure) [PSYoungGen: 71904K->96K(72192K)] 1586755K->1514947K(2048512K), 0.0126182 secs] [Times: user=0.09 sys=0.00, real=0.01 secs] 
2023-03-04T05:00:23.299-0300: 216469.244: [GC (Allocation Failure) [PSYoungGen: 71776K->256K(72192K)] 1586627K->1515107K(2048512K), 0.0102945 secs] [Times: user=0.13 sys=0.00, real=0.01 secs] 
2023-03-04T05:05:17.292-0300: 216763.236: [GC (Allocation Failure) [PSYoungGen: 71936K->160K(72192K)] 1586787K->1515011K(2048512K), 0.0106433 secs] [Times: user=0.00 sys=0.00, real=0.01 secs] 
2023-03-04T05:10:16.177-0300: 217062.121: [GC (Allocation Failure) [PSYoungGen: 71840K->192K(72192K)] 1586691K->1515043K(2048512K), 0.0263029 secs] [Times: user=0.20 sys=0.00, real=0.03 secs] 
2023-03-04T05:15:16.978-0300: 217362.922: [GC (Allocation Failure) [PSYoungGen: 71872K->256K(72192K)] 1586723K->1515107K(2048512K), 0.0192786 secs] [Times: user=0.11 sys=0.00, real=0.02 secs] 
2023-03-04T05:20:17.641-0300: 217663.586: [GC (Allocation Failure) [PSYoungGen: 71936K->256K(72192K)] 1586787K->1515107K(2048512K), 0.0231437 secs] [Times: user=0.14 sys=0.00, real=0.02 secs] 
2023-03-04T05:25:18.403-0300: 217964.348: [GC (Allocation Failure) [PSYoungGen: 71936K->192K(72192K)] 1586787K->1515043K(2048512K), 0.0315622 secs] [Times: user=0.14 sys=0.00, real=0.03 secs] 
2023-03-04T05:30:19.130-0300: 218265.074: [GC (Allocation Failure) [PSYoungGen: 71872K->224K(72192K)] 1586723K->1515075K(2048512K), 0.0285873 secs] [Times: user=0.25 sys=0.00, real=0.03 secs] 
2023-03-04T05:35:19.883-0300: 218565.828: [GC (Allocation Failure) [PSYoungGen: 71904K->224K(72192K)] 1586755K->1515075K(2048512K), 0.0141644 secs] [Times: user=0.02 sys=0.00, real=0.02 secs] 
2023-03-04T05:40:20.618-0300: 218866.562: [GC (Allocation Failure) [PSYoungGen: 71904K->224K(72192K)] 1586755K->1515075K(2048512K), 0.0174218 secs] [Times: user=0.01 sys=0.00, real=0.02 secs] 
2023-03-04T05:45:21.447-0300: 219167.391: [GC (Allocation Failure) [PSYoungGen: 71904K->128K(72192K)] 1586755K->1514979K(2048512K), 0.0351262 secs] [Times: user=0.14 sys=0.00, real=0.04 secs] 
2023-03-04T05:50:17.237-0300: 219463.182: [GC (Allocation Failure) [PSYoungGen: 71808K->128K(72192K)] 1586659K->1514979K(2048512K), 0.0091392 secs] [Times: user=0.11 sys=0.00, real=0.01 secs] 
2023-03-04T05:55:17.934-0300: 219763.879: [GC (Allocation Failure) [PSYoungGen: 71808K->256K(72192K)] 1586659K->1515107K(2048512K), 0.0207429 secs] [Times: user=0.13 sys=0.00, real=0.02 secs] 
2023-03-04T06:00:18.652-0300: 220064.596: [GC (Allocation Failure) [PSYoungGen: 71936K->160K(72192K)] 1586787K->1515011K(2048512K), 0.0096684 secs] [Times: user=0.00 sys=0.00, real=0.01 secs] 
2023-03-04T06:05:09.260-0300: 220355.205: [GC (Allocation Failure) [PSYoungGen: 71840K->256K(72192K)] 1586691K->1515107K(2048512K), 0.0207708 secs] [Times: user=0.11 sys=0.00, real=0.02 secs] 
2023-03-04T06:10:10.044-0300: 220655.989: [GC (Allocation Failure) [PSYoungGen: 71936K->128K(72192K)] 1586787K->1514979K(2048512K), 0.0294453 secs] [Times: user=0.14 sys=0.00, real=0.03 secs] 
2023-03-04T06:15:06.295-0300: 220952.240: [GC (Allocation Failure) [PSYoungGen: 71808K->224K(72192K)] 1586659K->1515075K(2048512K), 0.0109266 secs] [Times: user=0.13 sys=0.00, real=0.01 secs] 
2023-03-04T06:20:06.624-0300: 221252.568: [GC (Allocation Failure) [PSYoungGen: 71904K->192K(72192K)] 1586755K->1515043K(2048512K), 0.0337169 secs] [Times: user=0.14 sys=0.00, real=0.03 secs] 
2023-03-04T06:25:02.278-0300: 221548.222: [GC (Allocation Failure) [PSYoungGen: 71872K->256K(72192K)] 1586723K->1515107K(2048512K), 0.0089297 secs] [Times: user=0.00 sys=0.00, real=0.01 secs] 
2023-03-04T06:30:01.303-0300: 221847.248: [GC (Allocation Failure) [PSYoungGen: 71936K->160K(72192K)] 1586787K->1515011K(2048512K), 0.0169074 secs] [Times: user=0.02 sys=0.00, real=0.02 secs] 
2023-03-04T06:34:55.291-0300: 222141.236: [GC (Allocation Failure) [PSYoungGen: 71840K->256K(72192K)] 1586691K->1515107K(2048512K), 0.0102360 secs] [Times: user=0.00 sys=0.00, real=0.01 secs] 
2023-03-04T06:39:54.358-0300: 222440.303: [GC (Allocation Failure) [PSYoungGen: 71936K->256K(72192K)] 1586787K->1515107K(2048512K), 0.0105216 secs] [Times: user=0.13 sys=0.00, real=0.01 secs] 
2023-03-04T06:44:50.093-0300: 222736.037: [GC (Allocation Failure) [PSYoungGen: 71936K->256K(72192K)] 1586787K->1515107K(2048512K), 0.0306176 secs] [Times: user=0.13 sys=0.02, real=0.03 secs] 
2023-03-04T06:49:50.922-0300: 223036.866: [GC (Allocation Failure) [PSYoungGen: 71936K->256K(72192K)] 1586787K->1515107K(2048512K), 0.0109064 secs] [Times: user=0.13 sys=0.00, real=0.01 secs] 
2023-03-04T06:54:51.701-0300: 223337.646: [GC (Allocation Failure) [PSYoungGen: 71936K->256K(72192K)] 1586787K->1515107K(2048512K), 0.0149832 secs] [Times: user=0.13 sys=0.00, real=0.02 secs] 
2023-03-04T06:59:47.417-0300: 223633.361: [GC (Allocation Failure) [PSYoungGen: 71936K->224K(72192K)] 1586787K->1515075K(2048512K), 0.0100726 secs] [Times: user=0.00 sys=0.00, real=0.01 secs] 
2023-03-04T07:04:43.041-0300: 223928.985: [GC (Allocation Failure) [PSYoungGen: 71904K->256K(72192K)] 1586755K->1515107K(2048512K), 0.0103854 secs] [Times: user=0.00 sys=0.00, real=0.01 secs] 
2023-03-04T07:09:38.736-0300: 224224.681: [GC (Allocation Failure) [PSYoungGen: 71936K->256K(72192K)] 1586787K->1515107K(2048512K), 0.0139008 secs] [Times: user=0.13 sys=0.00, real=0.01 secs] 
2023-03-04T07:14:39.479-0300: 224525.423: [GC (Allocation Failure) [PSYoungGen: 71936K->224K(72192K)] 1586787K->1515075K(2048512K), 0.0287650 secs] [Times: user=0.14 sys=0.00, real=0.03 secs] 
2023-03-04T07:19:39.302-0300: 224825.246: [GC (Allocation Failure) [PSYoungGen: 71904K->128K(72192K)] 1586755K->1514979K(2048512K), 0.0270708 secs] [Times: user=0.08 sys=0.00, real=0.03 secs] 
2023-03-04T07:24:36.359-0300: 225122.304: [GC (Allocation Failure) [PSYoungGen: 71808K->192K(72192K)] 1586659K->1515043K(2048512K), 0.0114636 secs] [Times: user=0.13 sys=0.00, real=0.01 secs] 
2023-03-04T07:29:37.159-0300: 225423.103: [GC (Allocation Failure) [PSYoungGen: 71872K->192K(72192K)] 1586723K->1515043K(2048512K), 0.0239698 secs] [Times: user=0.13 sys=0.00, real=0.02 secs] 
2023-03-04T07:34:37.743-0300: 225723.688: [GC (Allocation Failure) [PSYoungGen: 71872K->224K(72192K)] 1586723K->1515075K(2048512K), 0.0265949 secs] [Times: user=0.08 sys=0.00, real=0.03 secs] 
2023-03-04T07:39:38.292-0300: 226024.236: [GC (Allocation Failure) [PSYoungGen: 71904K->192K(72192K)] 1586755K->1515043K(2048512K), 0.0095621 secs] [Times: user=0.00 sys=0.00, real=0.01 secs] 
2023-03-04T07:44:34.177-0300: 226320.121: [GC (Allocation Failure) [PSYoungGen: 71872K->224K(72192K)] 1586723K->1515075K(2048512K), 0.0094372 secs] [Times: user=0.13 sys=0.00, real=0.01 secs] 
2023-03-04T07:49:29.951-0300: 226615.896: [GC (Allocation Failure) [PSYoungGen: 71904K->256K(72192K)] 1586755K->1515107K(2048512K), 0.0250305 secs] [Times: user=0.14 sys=0.00, real=0.03 secs] 
2023-03-04T07:54:25.676-0300: 226911.620: [GC (Allocation Failure) [PSYoungGen: 71936K->256K(72192K)] 1586787K->1515107K(2048512K), 0.0176594 secs] [Times: user=0.13 sys=0.00, real=0.02 secs] 
2023-03-04T07:59:22.300-0300: 227208.245: [GC (Allocation Failure) [PSYoungGen: 71936K->96K(72192K)] 1586787K->1514947K(2048512K), 0.0113114 secs] [Times: user=0.09 sys=0.00, real=0.01 secs] 
2023-03-04T08:04:22.606-0300: 227508.550: [GC (Allocation Failure) [PSYoungGen: 71776K->224K(72192K)] 1586627K->1515075K(2048512K), 0.0311431 secs] [Times: user=0.13 sys=0.00, real=0.03 secs] 
2023-03-04T08:09:23.389-0300: 227809.334: [GC (Allocation Failure) [PSYoungGen: 71904K->320K(72192K)] 1586755K->1515171K(2048512K), 0.3606260 secs] [Times: user=1.75 sys=0.03, real=0.36 secs] 
2023-03-04T08:14:23.268-0300: 228109.213: [GC (Allocation Failure) [PSYoungGen: 72000K->160K(72192K)] 1586851K->1515011K(2048512K), 0.0323492 secs] [Times: user=0.24 sys=0.00, real=0.03 secs] 
2023-03-04T08:19:16.295-0300: 228402.240: [GC (Allocation Failure) [PSYoungGen: 71840K->160K(72192K)] 1586691K->1515011K(2048512K), 0.0256586 secs] [Times: user=0.14 sys=0.00, real=0.03 secs] 
2023-03-04T08:24:15.975-0300: 228701.920: [GC (Allocation Failure) [PSYoungGen: 71840K->224K(72192K)] 1586691K->1515075K(2048512K), 0.0196144 secs] [Times: user=0.02 sys=0.00, real=0.02 secs] 
2023-03-04T08:29:16.763-0300: 229002.708: [GC (Allocation Failure) [PSYoungGen: 71904K->256K(72192K)] 1586755K->1515107K(2048512K), 0.0300176 secs] [Times: user=0.14 sys=0.00, real=0.03 secs] 
2023-03-04T08:34:16.300-0300: 229302.245: [GC (Allocation Failure) [PSYoungGen: 71936K->192K(72192K)] 1586787K->1515043K(2048512K), 0.0248897 secs] [Times: user=0.13 sys=0.00, real=0.03 secs] 
2023-03-04T08:39:11.304-0300: 229597.248: [GC (Allocation Failure) [PSYoungGen: 71872K->224K(72192K)] 1586723K->1515075K(2048512K), 0.0175752 secs] [Times: user=0.02 sys=0.00, real=0.02 secs] 
2023-03-04T08:44:08.764-0300: 229894.709: [GC (Allocation Failure) [PSYoungGen: 71904K->192K(72192K)] 1586755K->1515043K(2048512K), 0.0120867 secs] [Times: user=0.13 sys=0.00, real=0.01 secs] 
2023-03-04T08:49:09.503-0300: 230195.448: [GC (Allocation Failure) [PSYoungGen: 71872K->256K(72192K)] 1586723K->1515107K(2048512K), 0.0191870 secs] [Times: user=0.14 sys=0.00, real=0.02 secs] 
2023-03-04T08:54:10.334-0300: 230496.278: [GC (Allocation Failure) [PSYoungGen: 71936K->192K(72192K)] 1586787K->1515043K(2048512K), 0.0199737 secs] [Times: user=0.17 sys=0.00, real=0.02 secs] 
2023-03-04T08:59:11.144-0300: 230797.089: [GC (Allocation Failure) [PSYoungGen: 71872K->192K(72192K)] 1586723K->1515043K(2048512K), 0.0203699 secs] [Times: user=0.13 sys=0.00, real=0.02 secs] 
2023-03-04T09:04:12.239-0300: 231098.184: [GC (Allocation Failure) [PSYoungGen: 71872K->256K(72192K)] 1586723K->1515107K(2048512K), 0.0282552 secs] [Times: user=0.14 sys=0.00, real=0.03 secs] 
2023-03-04T09:09:12.849-0300: 231398.793: [GC (Allocation Failure) [PSYoungGen: 71936K->224K(72192K)] 1586787K->1515075K(2048512K), 0.0105568 secs] [Times: user=0.13 sys=0.00, real=0.01 secs] 
2023-03-04T09:14:13.589-0300: 231699.533: [GC (Allocation Failure) [PSYoungGen: 71904K->256K(72192K)] 1586755K->1515107K(2048512K), 0.0161884 secs] [Times: user=0.02 sys=0.00, real=0.02 secs] 
2023-03-04T09:19:14.255-0300: 232000.199: [GC (Allocation Failure) [PSYoungGen: 71936K->224K(72192K)] 1586787K->1515075K(2048512K), 0.0244754 secs] [Times: user=0.16 sys=0.00, real=0.02 secs] 
2023-03-04T09:24:10.148-0300: 232296.092: [GC (Allocation Failure) [PSYoungGen: 71904K->192K(72192K)] 1586755K->1515043K(2048512K), 0.0239705 secs] [Times: user=0.08 sys=0.01, real=0.02 secs] 
2023-03-04T09:29:11.026-0300: 232596.970: [GC (Allocation Failure) [PSYoungGen: 71872K->256K(72192K)] 1586723K->1515107K(2048512K), 0.0110109 secs] [Times: user=0.00 sys=0.00, real=0.01 secs] 
2023-03-04T09:34:11.809-0300: 232897.754: [GC (Allocation Failure) [PSYoungGen: 71936K->192K(72192K)] 1586787K->1515043K(2048512K), 0.0303182 secs] [Times: user=0.14 sys=0.00, real=0.03 secs] 
2023-03-04T09:39:12.293-0300: 233198.237: [GC (Allocation Failure) [PSYoungGen: 71872K->192K(72192K)] 1586723K->1515043K(2048512K), 0.0101105 secs] [Times: user=0.00 sys=0.00, real=0.01 secs] 
2023-03-04T09:44:08.243-0300: 233494.187: [GC (Allocation Failure) [PSYoungGen: 71872K->224K(72192K)] 1586723K->1515075K(2048512K), 0.0218614 secs] [Times: user=0.08 sys=0.00, real=0.02 secs] 
2023-03-04T09:49:08.933-0300: 233794.877: [GC (Allocation Failure) [PSYoungGen: 71904K->160K(72192K)] 1586755K->1515011K(2048512K), 0.0303665 secs] [Times: user=0.11 sys=0.00, real=0.03 secs] 
2023-03-04T09:54:09.688-0300: 234095.633: [GC (Allocation Failure) [PSYoungGen: 71840K->224K(72192K)] 1586691K->1515075K(2048512K), 0.0291714 secs] [Times: user=0.13 sys=0.00, real=0.03 secs] 
2023-03-04T09:59:10.500-0300: 234396.444: [GC (Allocation Failure) [PSYoungGen: 71904K->128K(72192K)] 1586755K->1514979K(2048512K), 0.0284218 secs] [Times: user=0.14 sys=0.00, real=0.03 secs] 
2023-03-04T10:04:11.325-0300: 234697.269: [GC (Allocation Failure) [PSYoungGen: 71808K->224K(72192K)] 1586659K->1515075K(2048512K), 0.0220760 secs] [Times: user=0.13 sys=0.00, real=0.02 secs] 
2023-03-04T10:09:12.079-0300: 234998.024: [GC (Allocation Failure) [PSYoungGen: 71904K->192K(72192K)] 1586755K->1515043K(2048512K), 0.0302103 secs] [Times: user=0.13 sys=0.00, real=0.03 secs] 
2023-03-04T10:14:12.659-0300: 235298.603: [GC (Allocation Failure) [PSYoungGen: 71872K->192K(72192K)] 1586723K->1515043K(2048512K), 0.0143726 secs] [Times: user=0.13 sys=0.00, real=0.02 secs] 
2023-03-04T10:19:13.536-0300: 235599.481: [GC (Allocation Failure) [PSYoungGen: 71872K->224K(72192K)] 1586723K->1515075K(2048512K), 0.0281660 secs] [Times: user=0.20 sys=0.02, real=0.03 secs] 
2023-03-04T10:24:09.184-0300: 235895.128: [GC (Allocation Failure) [PSYoungGen: 71904K->224K(72192K)] 1586755K->1515075K(2048512K), 0.0272142 secs] [Times: user=0.13 sys=0.00, real=0.03 secs] 
2023-03-04T10:29:08.301-0300: 236194.246: [GC (Allocation Failure) [PSYoungGen: 71904K->128K(72192K)] 1586755K->1514979K(2048512K), 0.0269103 secs] [Times: user=0.14 sys=0.00, real=0.03 secs] 
2023-03-04T10:34:05.671-0300: 236491.615: [GC (Allocation Failure) [PSYoungGen: 71808K->256K(72192K)] 1586659K->1515107K(2048512K), 0.0163107 secs] [Times: user=0.13 sys=0.00, real=0.02 secs] 
2023-03-04T10:39:06.410-0300: 236792.354: [GC (Allocation Failure) [PSYoungGen: 71936K->192K(72192K)] 1586787K->1515043K(2048512K), 0.0087146 secs] [Times: user=0.13 sys=0.00, real=0.01 secs] 
2023-03-04T10:44:07.088-0300: 237093.033: [GC (Allocation Failure) [PSYoungGen: 71872K->256K(72192K)] 1586723K->1515107K(2048512K), 0.0180256 secs] [Times: user=0.11 sys=0.00, real=0.02 secs] 
2023-03-04T10:49:07.707-0300: 237393.652: [GC (Allocation Failure) [PSYoungGen: 71936K->128K(72192K)] 1586787K->1514979K(2048512K), 0.0241550 secs] [Times: user=0.20 sys=0.02, real=0.02 secs] 
2023-03-04T10:54:10.323-0300: 237694.442: [GC (Allocation Failure) [PSYoungGen: 71808K->256K(72192K)] 1586659K->1515107K(2048512K), 0.0317268 secs] [Times: user=0.14 sys=0.00, real=0.03 secs] 
2023-03-04T10:59:11.035-0300: 237995.152: [GC (Allocation Failure) [PSYoungGen: 71936K->256K(72192K)] 1586787K->1515107K(2048512K), 0.0147189 secs] [Times: user=0.13 sys=0.00, real=0.01 secs] 
2023-03-04T11:04:11.841-0300: 238295.959: [GC (Allocation Failure) [PSYoungGen: 71936K->256K(72192K)] 1586787K->1515107K(2048512K), 0.0107251 secs] [Times: user=0.13 sys=0.00, real=0.01 secs] 
2023-03-04T11:09:12.540-0300: 238596.659: [GC (Allocation Failure) [PSYoungGen: 71936K->192K(72192K)] 1586787K->1515043K(2048512K), 0.0297472 secs] [Times: user=0.14 sys=0.00, real=0.03 secs] 
2023-03-04T11:14:08.266-0300: 238892.384: [GC (Allocation Failure) [PSYoungGen: 71872K->224K(72192K)] 1586723K->1515075K(2048512K), 0.0263816 secs] [Times: user=0.14 sys=0.00, real=0.03 secs] 
2023-03-04T11:19:07.112-0300: 239191.231: [GC (Allocation Failure) [PSYoungGen: 71904K->192K(72192K)] 1586755K->1515043K(2048512K), 0.0287917 secs] [Times: user=0.13 sys=0.00, real=0.03 secs] 
2023-03-04T11:24:04.510-0300: 239488.628: [GC (Allocation Failure) [PSYoungGen: 71872K->256K(72192K)] 1586723K->1515107K(2048512K), 0.0158654 secs] [Times: user=0.13 sys=0.00, real=0.02 secs] 
2023-03-04T11:29:05.263-0300: 239789.381: [GC (Allocation Failure) [PSYoungGen: 71936K->224K(72192K)] 1586787K->1515075K(2048512K), 0.0108916 secs] [Times: user=0.09 sys=0.00, real=0.01 secs] 
2023-03-04T11:34:05.865-0300: 240089.983: [GC (Allocation Failure) [PSYoungGen: 71904K->224K(72192K)] 1586755K->1515075K(2048512K), 0.0160778 secs] [Times: user=0.02 sys=0.00, real=0.02 secs] 
2023-03-04T11:39:06.662-0300: 240390.781: [GC (Allocation Failure) [PSYoungGen: 71904K->224K(72192K)] 1586755K->1515075K(2048512K), 0.0185874 secs] [Times: user=0.02 sys=0.00, real=0.02 secs] 
2023-03-04T11:44:07.429-0300: 240691.547: [GC (Allocation Failure) [PSYoungGen: 71904K->256K(72192K)] 1586755K->1515107K(2048512K), 0.0179399 secs] [Times: user=0.02 sys=0.00, real=0.02 secs] 
2023-03-04T11:49:08.199-0300: 240992.316: [GC (Allocation Failure) [PSYoungGen: 71936K->224K(72192K)] 1586787K->1515075K(2048512K), 0.0135748 secs] [Times: user=0.01 sys=0.00, real=0.01 secs] 
2023-03-04T11:54:08.954-0300: 241293.072: [GC (Allocation Failure) [PSYoungGen: 71904K->160K(72192K)] 1586755K->1515011K(2048512K), 0.0101044 secs] [Times: user=0.13 sys=0.00, real=0.01 secs] 
2023-03-04T11:59:09.915-0300: 241594.033: [GC (Allocation Failure) [PSYoungGen: 71840K->224K(72192K)] 1586691K->1515075K(2048512K), 0.0307048 secs] [Times: user=0.14 sys=0.00, real=0.03 secs] 
2023-03-04T12:04:05.609-0300: 241889.727: [GC (Allocation Failure) [PSYoungGen: 71904K->256K(72192K)] 1586755K->1515107K(2048512K), 0.0089535 secs] [Times: user=0.09 sys=0.02, real=0.01 secs] 
2023-03-04T12:09:06.128-0300: 242190.246: [GC (Allocation Failure) [PSYoungGen: 71936K->192K(72192K)] 1586787K->1515043K(2048512K), 0.0224454 secs] [Times: user=0.14 sys=0.00, real=0.02 secs] 
2023-03-04T12:13:57.119-0300: 242481.237: [GC (Allocation Failure) [PSYoungGen: 71872K->128K(72192K)] 1586723K->1514979K(2048512K), 0.0231838 secs] [Times: user=0.08 sys=0.02, real=0.02 secs] 
2023-03-04T12:18:52.849-0300: 242776.967: [GC (Allocation Failure) [PSYoungGen: 71808K->160K(72192K)] 1586659K->1515011K(2048512K), 0.0257042 secs] [Times: user=0.08 sys=0.02, real=0.03 secs] 
2023-03-04T12:23:53.604-0300: 243077.722: [GC (Allocation Failure) [PSYoungGen: 71840K->256K(72192K)] 1586691K->1515107K(2048512K), 0.0098838 secs] [Times: user=0.02 sys=0.00, real=0.01 secs] 
2023-03-04T12:28:49.294-0300: 243373.413: [GC (Allocation Failure) [PSYoungGen: 71936K->256K(72192K)] 1586787K->1515107K(2048512K), 0.0091033 secs] [Times: user=0.11 sys=0.00, real=0.01 secs] 
2023-03-04T12:33:49.130-0300: 243673.248: [GC (Allocation Failure) [PSYoungGen: 71936K->160K(72192K)] 1586787K->1515011K(2048512K), 0.0099291 secs] [Times: user=0.00 sys=0.00, real=0.01 secs] 
2023-03-04T12:38:45.589-0300: 243969.707: [GC (Allocation Failure) [PSYoungGen: 71840K->192K(72192K)] 1586691K->1515043K(2048512K), 0.0103826 secs] [Times: user=0.02 sys=0.00, real=0.01 secs] 
2023-03-04T12:43:46.300-0300: 244270.418: [GC (Allocation Failure) [PSYoungGen: 71872K->256K(72192K)] 1586723K->1515107K(2048512K), 0.0087132 secs] [Times: user=0.13 sys=0.00, real=0.01 secs] 
2023-03-04T12:48:46.128-0300: 244570.246: [GC (Allocation Failure) [PSYoungGen: 71936K->128K(72192K)] 1586787K->1514979K(2048512K), 0.0164934 secs] [Times: user=0.06 sys=0.00, real=0.02 secs] 
2023-03-04T12:53:43.213-0300: 244867.331: [GC (Allocation Failure) [PSYoungGen: 71808K->256K(72192K)] 1586659K->1515107K(2048512K), 0.0278524 secs] [Times: user=0.14 sys=0.00, real=0.03 secs] 
2023-03-04T12:58:44.020-0300: 245168.138: [GC (Allocation Failure) [PSYoungGen: 71936K->192K(72192K)] 1586787K->1515043K(2048512K), 0.0173505 secs] [Times: user=0.08 sys=0.02, real=0.02 secs] 
2023-03-04T13:03:41.012-0300: 245465.129: [GC (Allocation Failure) [PSYoungGen: 71872K->256K(72192K)] 1586723K->1515107K(2048512K), 0.0093452 secs] [Times: user=0.01 sys=0.00, real=0.01 secs] 
2023-03-04T13:08:35.750-0300: 245759.869: [GC (Allocation Failure) [PSYoungGen: 71936K->160K(72192K)] 1586787K->1515011K(2048512K), 0.0177029 secs] [Times: user=0.13 sys=0.00, real=0.02 secs] 
2023-03-04T13:13:35.935-0300: 246060.053: [GC (Allocation Failure) [PSYoungGen: 71840K->256K(72192K)] 1586691K->1515107K(2048512K), 0.0086041 secs] [Times: user=0.01 sys=0.00, real=0.01 secs] 
2023-03-04T13:18:36.748-0300: 246360.866: [GC (Allocation Failure) [PSYoungGen: 71936K->160K(72192K)] 1586787K->1515011K(2048512K), 0.0109687 secs] [Times: user=0.03 sys=0.00, real=0.01 secs] 
2023-03-04T13:23:37.583-0300: 246661.701: [GC (Allocation Failure) [PSYoungGen: 71840K->224K(72192K)] 1586691K->1515075K(2048512K), 0.0200317 secs] [Times: user=0.02 sys=0.00, real=0.02 secs] 
2023-03-04T13:28:38.679-0300: 246962.797: [GC (Allocation Failure) [PSYoungGen: 71904K->256K(72192K)] 1586755K->1515107K(2048512K), 0.0090261 secs] [Times: user=0.00 sys=0.00, real=0.01 secs] 
2023-03-04T13:33:39.374-0300: 247263.492: [GC (Allocation Failure) [PSYoungGen: 71936K->160K(72192K)] 1586787K->1515011K(2048512K), 0.0214705 secs] [Times: user=0.05 sys=0.00, real=0.02 secs] 
2023-03-04T13:38:40.199-0300: 247564.318: [GC (Allocation Failure) [PSYoungGen: 71840K->224K(72192K)] 1586691K->1515075K(2048512K), 0.0283595 secs] [Times: user=0.14 sys=0.00, real=0.03 secs] 
2023-03-04T13:43:35.870-0300: 247859.988: [GC (Allocation Failure) [PSYoungGen: 71904K->192K(72192K)] 1586755K->1515043K(2048512K), 0.0110423 secs] [Times: user=0.02 sys=0.00, real=0.01 secs] 
2023-03-04T13:48:31.680-0300: 248155.798: [GC (Allocation Failure) [PSYoungGen: 71872K->224K(72192K)] 1586723K->1515075K(2048512K), 0.0313043 secs] [Times: user=0.14 sys=0.00, real=0.03 secs] 
2023-03-04T13:53:27.474-0300: 248451.592: [GC (Allocation Failure) [PSYoungGen: 71904K->160K(72192K)] 1586755K->1515011K(2048512K), 0.0097334 secs] [Times: user=0.00 sys=0.00, real=0.01 secs] 
2023-03-04T13:58:28.200-0300: 248752.318: [GC (Allocation Failure) [PSYoungGen: 71840K->192K(72192K)] 1586691K->1515043K(2048512K), 0.0332463 secs] [Times: user=0.14 sys=0.02, real=0.03 secs] 
2023-03-04T14:03:23.963-0300: 249048.081: [GC (Allocation Failure) [PSYoungGen: 71872K->192K(72192K)] 1586723K->1515043K(2048512K), 0.0223454 secs] [Times: user=0.13 sys=0.00, real=0.02 secs] 
2023-03-04T14:08:24.596-0300: 249348.714: [GC (Allocation Failure) [PSYoungGen: 71872K->224K(72192K)] 1586723K->1515075K(2048512K), 0.0291892 secs] [Times: user=0.23 sys=0.02, real=0.03 secs] 
2023-03-04T14:13:24.131-0300: 249648.249: [GC (Allocation Failure) [PSYoungGen: 71904K->64K(72192K)] 1586755K->1514915K(2048512K), 0.0097552 secs] [Times: user=0.00 sys=0.00, real=0.01 secs] 
2023-03-04T14:18:19.129-0300: 249943.247: [GC (Allocation Failure) [PSYoungGen: 71744K->192K(72192K)] 1586595K->1515043K(2048512K), 0.0097449 secs] [Times: user=0.00 sys=0.00, real=0.01 secs] 
2023-03-04T14:23:11.841-0300: 250235.959: [GC (Allocation Failure) [PSYoungGen: 71872K->256K(72192K)] 1586723K->1515107K(2048512K), 0.0105345 secs] [Times: user=0.13 sys=0.00, real=0.01 secs] 
2023-03-04T14:28:07.603-0300: 250531.721: [GC (Allocation Failure) [PSYoungGen: 71936K->160K(72192K)] 1586787K->1515011K(2048512K), 0.0280762 secs] [Times: user=0.14 sys=0.00, real=0.03 secs] 
2023-03-04T14:33:08.408-0300: 250832.526: [GC (Allocation Failure) [PSYoungGen: 71840K->192K(72192K)] 1586691K->1515043K(2048512K), 0.0166434 secs] [Times: user=0.11 sys=0.00, real=0.02 secs] 
2023-03-04T14:38:04.152-0300: 251128.270: [GC (Allocation Failure) [PSYoungGen: 71872K->224K(72192K)] 1586723K->1515075K(2048512K), 0.0106329 secs] [Times: user=0.02 sys=0.00, real=0.01 secs] 
2023-03-04T14:43:01.125-0300: 251425.243: [GC (Allocation Failure) [PSYoungGen: 71904K->224K(72192K)] 1586755K->1515075K(2048512K), 0.0299674 secs] [Times: user=0.13 sys=0.02, real=0.03 secs] 
2023-03-04T14:48:00.490-0300: 251724.609: [GC (Allocation Failure) [PSYoungGen: 71904K->96K(72192K)] 1586755K->1514947K(2048512K), 0.0107586 secs] [Times: user=0.00 sys=0.00, real=0.01 secs] 
2023-03-04T14:53:01.169-0300: 252025.288: [GC (Allocation Failure) [PSYoungGen: 71776K->256K(72192K)] 1586627K->1515107K(2048512K), 0.0191860 secs] [Times: user=0.13 sys=0.00, real=0.02 secs] 
2023-03-04T14:58:02.326-0300: 252326.444: [GC (Allocation Failure) [PSYoungGen: 71936K->256K(72192K)] 1586787K->1515107K(2048512K), 0.0320394 secs] [Times: user=0.23 sys=0.00, real=0.03 secs] 
2023-03-04T15:03:03.096-0300: 252627.215: [GC (Allocation Failure) [PSYoungGen: 71936K->256K(72192K)] 1586787K->1515107K(2048512K), 0.0150030 secs] [Times: user=0.13 sys=0.00, real=0.02 secs] 
2023-03-04T15:08:03.126-0300: 252927.244: [GC (Allocation Failure) [PSYoungGen: 71936K->128K(72192K)] 1586787K->1514979K(2048512K), 0.0261637 secs] [Times: user=0.14 sys=0.00, real=0.03 secs] 
2023-03-04T15:12:57.129-0300: 253221.247: [GC (Allocation Failure) [PSYoungGen: 71808K->128K(72192K)] 1586659K->1514979K(2048512K), 0.0284938 secs] [Times: user=0.08 sys=0.01, real=0.03 secs] 
2023-03-04T15:17:55.186-0300: 253519.304: [GC (Allocation Failure) [PSYoungGen: 71808K->224K(72192K)] 1586659K->1515075K(2048512K), 0.0291599 secs] [Times: user=0.14 sys=0.00, real=0.03 secs] 
2023-03-04T15:22:55.871-0300: 253819.989: [GC (Allocation Failure) [PSYoungGen: 71904K->256K(72192K)] 1586755K->1515107K(2048512K), 0.0106204 secs] [Times: user=0.01 sys=0.00, real=0.01 secs] 
2023-03-04T15:27:51.965-0300: 254116.083: [GC (Allocation Failure) [PSYoungGen: 71936K->256K(72192K)] 1586787K->1515107K(2048512K), 0.0252503 secs] [Times: user=0.14 sys=0.00, real=0.03 secs] 
2023-03-04T15:32:47.768-0300: 254411.887: [GC (Allocation Failure) [PSYoungGen: 71936K->256K(72192K)] 1586787K->1515107K(2048512K), 0.0087332 secs] [Times: user=0.13 sys=0.00, real=0.01 secs] 
2023-03-04T15:37:43.517-0300: 254707.635: [GC (Allocation Failure) [PSYoungGen: 71936K->256K(72192K)] 1586787K->1515107K(2048512K), 0.0176804 secs] [Times: user=0.13 sys=0.00, real=0.02 secs] 
2023-03-04T15:42:44.203-0300: 255008.321: [GC (Allocation Failure) [PSYoungGen: 71936K->128K(72192K)] 1586787K->1514979K(2048512K), 0.0095524 secs] [Times: user=0.09 sys=0.00, real=0.01 secs] 
2023-03-04T15:47:39.846-0300: 255303.964: [GC (Allocation Failure) [PSYoungGen: 71808K->256K(72192K)] 1586659K->1515107K(2048512K), 0.0101161 secs] [Times: user=0.13 sys=0.00, real=0.01 secs] 
2023-03-04T15:52:37.011-0300: 255601.129: [GC (Allocation Failure) [PSYoungGen: 71936K->224K(72192K)] 1586787K->1515075K(2048512K), 0.0294599 secs] [Times: user=0.14 sys=0.00, real=0.03 secs] 
2023-03-04T15:57:36.296-0300: 255900.414: [GC (Allocation Failure) [PSYoungGen: 71904K->256K(72192K)] 1586755K->1515107K(2048512K), 0.0090062 secs] [Times: user=0.09 sys=0.02, real=0.01 secs] 
2023-03-04T16:02:36.130-0300: 256200.248: [GC (Allocation Failure) [PSYoungGen: 71936K->96K(72192K)] 1586787K->1514947K(2048512K), 0.0253557 secs] [Times: user=0.06 sys=0.00, real=0.03 secs] 
2023-03-04T16:07:30.126-0300: 256494.244: [GC (Allocation Failure) [PSYoungGen: 71776K->96K(72192K)] 1586627K->1514947K(2048512K), 0.0260999 secs] [Times: user=0.17 sys=0.00, real=0.03 secs] 
2023-03-04T16:12:24.118-0300: 256788.236: [GC (Allocation Failure) [PSYoungGen: 71776K->160K(72192K)] 1586627K->1515011K(2048512K), 0.0109005 secs] [Times: user=0.00 sys=0.00, real=0.01 secs] 
2023-03-04T16:17:24.238-0300: 257088.357: [GC (Allocation Failure) [PSYoungGen: 71840K->192K(72192K)] 1586691K->1515043K(2048512K), 0.0100072 secs] [Times: user=0.03 sys=0.00, real=0.01 secs] 
2023-03-04T16:22:21.128-0300: 257385.246: [GC (Allocation Failure) [PSYoungGen: 71872K->160K(72192K)] 1586723K->1515011K(2048512K), 0.0274468 secs] [Times: user=0.16 sys=0.00, real=0.03 secs] 
2023-03-04T16:27:20.516-0300: 257684.634: [GC (Allocation Failure) [PSYoungGen: 71840K->192K(72192K)] 1586691K->1515043K(2048512K), 0.0099554 secs] [Times: user=0.08 sys=0.00, real=0.01 secs] 
2023-03-04T16:32:21.291-0300: 257985.409: [GC (Allocation Failure) [PSYoungGen: 71872K->256K(72192K)] 1586723K->1515107K(2048512K), 0.0182988 secs] [Times: user=0.13 sys=0.00, real=0.02 secs] 
2023-03-04T16:37:22.057-0300: 258286.175: [GC (Allocation Failure) [PSYoungGen: 71936K->192K(72192K)] 1586787K->1515043K(2048512K), 0.0230850 secs] [Times: user=0.13 sys=0.00, real=0.02 secs] 
2023-03-04T16:42:22.939-0300: 258587.057: [GC (Allocation Failure) [PSYoungGen: 71872K->256K(72192K)] 1586723K->1515107K(2048512K), 0.0257371 secs] [Times: user=0.14 sys=0.00, real=0.03 secs] 
2023-03-04T16:47:23.714-0300: 258887.831: [GC (Allocation Failure) [PSYoungGen: 71936K->224K(72192K)] 1586787K->1515075K(2048512K), 0.0221771 secs] [Times: user=0.13 sys=0.00, real=0.02 secs] 
2023-03-04T16:52:24.331-0300: 259188.449: [GC (Allocation Failure) [PSYoungGen: 71904K->192K(72192K)] 1586755K->1515043K(2048512K), 0.0091810 secs] [Times: user=0.11 sys=0.00, real=0.01 secs] 
2023-03-04T16:57:25.070-0300: 259489.188: [GC (Allocation Failure) [PSYoungGen: 71872K->224K(72192K)] 1586723K->1515075K(2048512K), 0.0326110 secs] [Times: user=0.13 sys=0.00, real=0.03 secs] 
2023-03-04T17:02:24.122-0300: 259788.240: [GC (Allocation Failure) [PSYoungGen: 71904K->160K(72192K)] 1586755K->1515011K(2048512K), 0.0116857 secs] [Times: user=0.02 sys=0.02, real=0.01 secs] 
2023-03-04T17:07:21.599-0300: 260085.717: [GC (Allocation Failure) [PSYoungGen: 71840K->256K(72192K)] 1586691K->1515107K(2048512K), 0.0290281 secs] [Times: user=0.08 sys=0.00, real=0.03 secs] 
2023-03-04T17:12:22.354-0300: 260386.472: [GC (Allocation Failure) [PSYoungGen: 71936K->224K(72192K)] 1586787K->1515075K(2048512K), 0.0256519 secs] [Times: user=0.13 sys=0.00, real=0.03 secs] 
2023-03-04T17:17:23.136-0300: 260687.254: [GC (Allocation Failure) [PSYoungGen: 71904K->256K(72192K)] 1586755K->1515107K(2048512K), 0.0094398 secs] [Times: user=0.02 sys=0.00, real=0.01 secs] 
2023-03-04T17:22:23.905-0300: 260988.022: [GC (Allocation Failure) [PSYoungGen: 71936K->256K(72192K)] 1586787K->1515107K(2048512K), 0.0297517 secs] [Times: user=0.14 sys=0.00, real=0.03 secs] 
2023-03-04T17:27:14.871-0300: 261278.989: [GC (Allocation Failure) [PSYoungGen: 71936K->160K(72192K)] 1586787K->1515011K(2048512K), 0.0114349 secs] [Times: user=0.00 sys=0.02, real=0.01 secs] 
2023-03-04T17:32:10.505-0300: 261574.624: [GC (Allocation Failure) [PSYoungGen: 71840K->224K(72192K)] 1586691K->1515075K(2048512K), 0.0093236 secs] [Times: user=0.00 sys=0.00, real=0.01 secs] 
2023-03-04T17:37:07.125-0300: 261871.243: [GC (Allocation Failure) [PSYoungGen: 71904K->224K(72192K)] 1586755K->1515075K(2048512K), 0.0305236 secs] [Times: user=0.17 sys=0.00, real=0.03 secs] 
2023-03-04T17:42:06.960-0300: 262171.078: [GC (Allocation Failure) [PSYoungGen: 71904K->256K(72192K)] 1586755K->1515107K(2048512K), 0.0272200 secs] [Times: user=0.08 sys=0.00, real=0.03 secs] 
2023-03-04T17:47:03.122-0300: 262467.241: [GC (Allocation Failure) [PSYoungGen: 71936K->192K(72192K)] 1586787K->1515043K(2048512K), 0.0101395 secs] [Times: user=0.11 sys=0.02, real=0.01 secs] 
2023-03-04T17:52:03.526-0300: 262767.644: [GC (Allocation Failure) [PSYoungGen: 71872K->224K(72192K)] 1586723K->1515075K(2048512K), 0.0288815 secs] [Times: user=0.08 sys=0.02, real=0.03 secs] 
2023-03-04T17:57:03.121-0300: 263067.239: [GC (Allocation Failure) [PSYoungGen: 71904K->192K(72192K)] 1586755K->1515043K(2048512K), 0.0265286 secs] [Times: user=0.14 sys=0.00, real=0.03 secs] 
2023-03-04T18:01:58.130-0300: 263362.248: [GC (Allocation Failure) [PSYoungGen: 71872K->96K(72192K)] 1586723K->1514947K(2048512K), 0.0345110 secs] [Times: user=0.08 sys=0.00, real=0.03 secs] 
2023-03-04T18:06:55.576-0300: 263659.694: [GC (Allocation Failure) [PSYoungGen: 71776K->256K(72192K)] 1586627K->1515107K(2048512K), 0.0089851 secs] [Times: user=0.00 sys=0.00, real=0.01 secs] 
2023-03-04T18:11:52.118-0300: 263956.236: [GC (Allocation Failure) [PSYoungGen: 71936K->224K(72192K)] 1586787K->1515075K(2048512K), 0.0243902 secs] [Times: user=0.09 sys=0.03, real=0.02 secs] 
2023-03-04T18:16:51.981-0300: 264256.099: [GC (Allocation Failure) [PSYoungGen: 71904K->256K(72192K)] 1586755K->1515107K(2048512K), 0.0299630 secs] [Times: user=0.14 sys=0.00, real=0.03 secs] 
2023-03-04T18:21:48.126-0300: 264552.244: [GC (Allocation Failure) [PSYoungGen: 71936K->256K(72192K)] 1586787K->1515107K(2048512K), 0.0138860 secs] [Times: user=0.13 sys=0.00, real=0.01 secs] 
2023-03-04T18:26:46.808-0300: 264850.926: [GC (Allocation Failure) [PSYoungGen: 71936K->224K(72192K)] 1586787K->1515075K(2048512K), 0.0256106 secs] [Times: user=0.14 sys=0.00, real=0.02 secs] 
2023-03-04T18:31:43.121-0300: 265147.239: [GC (Allocation Failure) [PSYoungGen: 71904K->224K(72192K)] 1586755K->1515075K(2048512K), 0.0303023 secs] [Times: user=0.14 sys=0.00, real=0.03 secs] 
2023-03-04T18:36:39.845-0300: 265443.964: [GC (Allocation Failure) [PSYoungGen: 71904K->192K(72192K)] 1586755K->1515043K(2048512K), 0.0254534 secs] [Times: user=0.25 sys=0.00, real=0.03 secs] 
2023-03-04T18:41:40.566-0300: 265744.684: [GC (Allocation Failure) [PSYoungGen: 71872K->128K(72192K)] 1586723K->1514979K(2048512K), 0.0097055 secs] [Times: user=0.11 sys=0.00, real=0.01 secs] 
2023-03-04T18:46:41.279-0300: 266045.397: [GC (Allocation Failure) [PSYoungGen: 71808K->160K(72192K)] 1586659K->1515011K(2048512K), 0.0204113 secs] [Times: user=0.13 sys=0.00, real=0.02 secs] 
2023-03-04T18:51:42.026-0300: 266346.144: [GC (Allocation Failure) [PSYoungGen: 71840K->256K(72192K)] 1586691K->1515107K(2048512K), 0.0143214 secs] [Times: user=0.02 sys=0.00, real=0.01 secs] 
2023-03-04T18:56:42.811-0300: 266646.929: [GC (Allocation Failure) [PSYoungGen: 71936K->256K(72192K)] 1586787K->1515107K(2048512K), 0.0292290 secs] [Times: user=0.14 sys=0.00, real=0.03 secs] 
2023-03-04T19:01:43.580-0300: 266947.698: [GC (Allocation Failure) [PSYoungGen: 71936K->224K(72192K)] 1586787K->1515075K(2048512K), 0.0258118 secs] [Times: user=0.25 sys=0.00, real=0.03 secs] 
2023-03-04T19:06:44.278-0300: 267248.396: [GC (Allocation Failure) [PSYoungGen: 71904K->224K(72192K)] 1586755K->1515075K(2048512K), 0.0092622 secs] [Times: user=0.02 sys=0.00, real=0.01 secs] 
2023-03-04T19:11:44.948-0300: 267549.066: [GC (Allocation Failure) [PSYoungGen: 71904K->224K(72192K)] 1586755K->1515075K(2048512K), 0.0164110 secs] [Times: user=0.13 sys=0.00, real=0.02 secs] 
2023-03-04T19:16:40.604-0300: 267844.722: [GC (Allocation Failure) [PSYoungGen: 71904K->256K(72192K)] 1586755K->1515107K(2048512K), 0.0091372 secs] [Times: user=0.00 sys=0.00, real=0.01 secs] 
2023-03-04T19:21:41.333-0300: 268145.451: [GC (Allocation Failure) [PSYoungGen: 71936K->256K(72192K)] 1586787K->1515107K(2048512K), 0.0203087 secs] [Times: user=0.02 sys=0.00, real=0.02 secs] 
2023-03-04T19:26:42.370-0300: 268446.489: [GC (Allocation Failure) [PSYoungGen: 71936K->256K(72192K)] 1586787K->1515107K(2048512K), 0.0198157 secs] [Times: user=0.02 sys=0.00, real=0.02 secs] 
2023-03-04T19:31:43.179-0300: 268747.297: [GC (Allocation Failure) [PSYoungGen: 71936K->192K(72192K)] 1586787K->1515043K(2048512K), 0.0299597 secs] [Times: user=0.08 sys=0.05, real=0.03 secs] 
2023-03-04T19:36:43.955-0300: 269048.074: [GC (Allocation Failure) [PSYoungGen: 71872K->192K(72192K)] 1586723K->1515043K(2048512K), 0.0165834 secs] [Times: user=0.11 sys=0.00, real=0.02 secs] 
2023-03-04T19:41:43.119-0300: 269347.237: [GC (Allocation Failure) [PSYoungGen: 71872K->192K(72192K)] 1586723K->1515043K(2048512K), 0.0296799 secs] [Times: user=0.14 sys=0.00, real=0.03 secs] 
2023-03-04T19:46:40.440-0300: 269644.559: [GC (Allocation Failure) [PSYoungGen: 71872K->128K(72192K)] 1586723K->1514979K(2048512K), 0.0216864 secs] [Times: user=0.06 sys=0.02, real=0.02 secs] 
2023-03-04T19:51:41.149-0300: 269945.267: [GC (Allocation Failure) [PSYoungGen: 71808K->192K(72192K)] 1586659K->1515043K(2048512K), 0.0107606 secs] [Times: user=0.00 sys=0.00, real=0.01 secs] 
2023-03-04T19:56:41.914-0300: 270246.031: [GC (Allocation Failure) [PSYoungGen: 71872K->256K(72192K)] 1586723K->1515107K(2048512K), 0.0104350 secs] [Times: user=0.00 sys=0.00, real=0.01 secs] 
2023-03-04T20:01:42.677-0300: 270546.794: [GC (Allocation Failure) [PSYoungGen: 71936K->256K(72192K)] 1586787K->1515107K(2048512K), 0.0104177 secs] [Times: user=0.00 sys=0.00, real=0.01 secs] 
2023-03-04T20:06:43.416-0300: 270847.534: [GC (Allocation Failure) [PSYoungGen: 71936K->224K(72192K)] 1586787K->1515075K(2048512K), 0.0286069 secs] [Times: user=0.14 sys=0.00, real=0.03 secs] 
2023-03-04T20:11:44.162-0300: 271148.279: [GC (Allocation Failure) [PSYoungGen: 71904K->96K(72192K)] 1586755K->1514947K(2048512K), 0.0103730 secs] [Times: user=0.00 sys=0.00, real=0.01 secs] 
2023-03-04T20:16:44.766-0300: 271448.884: [GC (Allocation Failure) [PSYoungGen: 71776K->224K(72192K)] 1586627K->1515075K(2048512K), 0.0310097 secs] [Times: user=0.25 sys=0.00, real=0.03 secs] 
2023-03-04T20:21:45.523-0300: 271749.641: [GC (Allocation Failure) [PSYoungGen: 71904K->160K(72192K)] 1586755K->1515011K(2048512K), 0.0089487 secs] [Times: user=0.00 sys=0.00, real=0.01 secs] 
2023-03-04T20:26:41.232-0300: 272045.350: [GC (Allocation Failure) [PSYoungGen: 71840K->256K(72192K)] 1586691K->1515107K(2048512K), 0.0194592 secs] [Times: user=0.13 sys=0.00, real=0.02 secs] 
2023-03-04T20:31:39.772-0300: 272343.890: [GC (Allocation Failure) [PSYoungGen: 71936K->192K(72192K)] 1586787K->1515043K(2048512K), 0.0255339 secs] [Times: user=0.09 sys=0.00, real=0.03 secs] 
2023-03-04T20:36:37.808-0300: 272641.926: [GC (Allocation Failure) [PSYoungGen: 71872K->288K(72192K)] 1586723K->1515139K(2048512K), 0.0315615 secs] [Times: user=0.13 sys=0.00, real=0.03 secs] 
2023-03-04T20:41:38.544-0300: 272942.662: [GC (Allocation Failure) [PSYoungGen: 71968K->192K(72192K)] 1586819K->1515043K(2048512K), 0.0099508 secs] [Times: user=0.00 sys=0.00, real=0.01 secs] 
2023-03-04T20:46:39.269-0300: 273243.388: [GC (Allocation Failure) [PSYoungGen: 71872K->224K(72192K)] 1586723K->1515075K(2048512K), 0.0109520 secs] [Times: user=0.05 sys=0.00, real=0.01 secs] 
2023-03-04T20:51:39.902-0300: 273544.020: [GC (Allocation Failure) [PSYoungGen: 71904K->224K(72192K)] 1586755K->1515075K(2048512K), 0.0307161 secs] [Times: user=0.14 sys=0.00, real=0.03 secs] 
2023-03-04T20:56:40.641-0300: 273844.759: [GC (Allocation Failure) [PSYoungGen: 71904K->160K(72192K)] 1586755K->1515011K(2048512K), 0.0114826 secs] [Times: user=0.08 sys=0.00, real=0.01 secs] 
2023-03-04T21:01:41.323-0300: 274145.440: [GC (Allocation Failure) [PSYoungGen: 71840K->224K(72192K)] 1586691K->1515075K(2048512K), 0.0299892 secs] [Times: user=0.14 sys=0.00, real=0.03 secs] 
2023-03-04T21:06:42.096-0300: 274446.215: [GC (Allocation Failure) [PSYoungGen: 71904K->224K(72192K)] 1586755K->1515075K(2048512K), 0.0300812 secs] [Times: user=0.16 sys=0.02, real=0.03 secs] 
2023-03-04T21:11:42.887-0300: 274747.006: [GC (Allocation Failure) [PSYoungGen: 71904K->224K(72192K)] 1586755K->1515075K(2048512K), 0.0272841 secs] [Times: user=0.14 sys=0.00, real=0.03 secs] 
2023-03-04T21:16:38.663-0300: 275042.781: [GC (Allocation Failure) [PSYoungGen: 71904K->224K(72192K)] 1586755K->1515075K(2048512K), 0.0089663 secs] [Times: user=0.00 sys=0.00, real=0.01 secs] 
2023-03-04T21:21:39.119-0300: 275343.237: [GC (Allocation Failure) [PSYoungGen: 71904K->224K(72192K)] 1586755K->1515075K(2048512K), 0.0095734 secs] [Times: user=0.00 sys=0.00, real=0.01 secs] 
2023-03-04T21:26:34.935-0300: 275639.053: [GC (Allocation Failure) [PSYoungGen: 71904K->256K(72192K)] 1586755K->1515107K(2048512K), 0.0307658 secs] [Times: user=0.14 sys=0.02, real=0.03 secs] 
2023-03-04T21:31:35.702-0300: 275939.820: [GC (Allocation Failure) [PSYoungGen: 71936K->224K(72192K)] 1586787K->1515075K(2048512K), 0.0271282 secs] [Times: user=0.14 sys=0.00, real=0.03 secs] 
2023-03-04T21:36:36.448-0300: 276240.566: [GC (Allocation Failure) [PSYoungGen: 71904K->160K(72192K)] 1586755K->1515011K(2048512K), 0.0310451 secs] [Times: user=0.13 sys=0.00, real=0.03 secs] 
2023-03-04T21:41:37.309-0300: 276541.428: [GC (Allocation Failure) [PSYoungGen: 71840K->224K(72192K)] 1586691K->1515075K(2048512K), 0.0295450 secs] [Times: user=0.14 sys=0.00, real=0.03 secs] 
2023-03-04T21:46:38.038-0300: 276842.156: [GC (Allocation Failure) [PSYoungGen: 71904K->224K(72192K)] 1586755K->1515075K(2048512K), 0.0299706 secs] [Times: user=0.09 sys=0.00, real=0.03 secs] 
2023-03-04T21:51:38.797-0300: 277142.916: [GC (Allocation Failure) [PSYoungGen: 71904K->160K(72192K)] 1586755K->1515011K(2048512K), 0.0178345 secs] [Times: user=0.11 sys=0.00, real=0.02 secs] 
2023-03-04T21:56:39.419-0300: 277443.537: [GC (Allocation Failure) [PSYoungGen: 71840K->192K(72192K)] 1586691K->1515043K(2048512K), 0.0166414 secs] [Times: user=0.13 sys=0.00, real=0.02 secs] 
2023-03-04T22:01:40.233-0300: 277744.352: [GC (Allocation Failure) [PSYoungGen: 71872K->224K(72192K)] 1586723K->1515075K(2048512K), 0.0271151 secs] [Times: user=0.14 sys=0.00, real=0.03 secs] 
2023-03-04T22:06:35.927-0300: 278040.045: [GC (Allocation Failure) [PSYoungGen: 71904K->256K(72192K)] 1586755K->1515107K(2048512K), 0.0142378 secs] [Times: user=0.00 sys=0.00, real=0.01 secs] 
2023-03-04T22:11:36.649-0300: 278340.767: [GC (Allocation Failure) [PSYoungGen: 71936K->128K(72192K)] 1586787K->1514979K(2048512K), 0.0177911 secs] [Times: user=0.11 sys=0.00, real=0.02 secs] 
2023-03-04T22:16:37.421-0300: 278641.539: [GC (Allocation Failure) [PSYoungGen: 71808K->128K(72192K)] 1586659K->1514979K(2048512K), 0.0252241 secs] [Times: user=0.14 sys=0.00, real=0.03 secs] 
2023-03-04T22:21:38.175-0300: 278942.293: [GC (Allocation Failure) [PSYoungGen: 71808K->128K(72192K)] 1586659K->1514979K(2048512K), 0.0293891 secs] [Times: user=0.19 sys=0.00, real=0.03 secs] 
2023-03-04T22:26:38.940-0300: 279243.058: [GC (Allocation Failure) [PSYoungGen: 71808K->256K(72192K)] 1586659K->1515107K(2048512K), 0.0160925 secs] [Times: user=0.13 sys=0.00, real=0.02 secs] 
2023-03-04T22:31:39.589-0300: 279543.707: [GC (Allocation Failure) [PSYoungGen: 71936K->256K(72192K)] 1586787K->1515107K(2048512K), 0.0091380 secs] [Times: user=0.00 sys=0.00, real=0.01 secs] 
2023-03-04T22:36:40.342-0300: 279844.459: [GC (Allocation Failure) [PSYoungGen: 71936K->256K(72192K)] 1586787K->1515107K(2048512K), 0.0309068 secs] [Times: user=0.14 sys=0.00, real=0.03 secs] 
2023-03-04T22:41:35.988-0300: 280140.106: [GC (Allocation Failure) [PSYoungGen: 71936K->224K(72192K)] 1586787K->1515075K(2048512K), 0.0283891 secs] [Times: user=0.14 sys=0.02, real=0.03 secs] 
2023-03-04T22:46:35.118-0300: 280439.236: [GC (Allocation Failure) [PSYoungGen: 71904K->224K(72192K)] 1586755K->1515075K(2048512K), 0.0298324 secs] [Times: user=0.14 sys=0.00, real=0.03 secs] 
2023-03-04T22:51:32.500-0300: 280736.618: [GC (Allocation Failure) [PSYoungGen: 71904K->224K(72192K)] 1586755K->1515075K(2048512K), 0.0231288 secs] [Times: user=0.14 sys=0.00, real=0.02 secs] 
2023-03-04T22:56:33.312-0300: 281037.430: [GC (Allocation Failure) [PSYoungGen: 71904K->224K(72192K)] 1586755K->1515075K(2048512K), 0.0238528 secs] [Times: user=0.14 sys=0.00, real=0.02 secs] 
2023-03-04T23:01:34.078-0300: 281338.196: [GC (Allocation Failure) [PSYoungGen: 71904K->224K(72192K)] 1586755K->1515075K(2048512K), 0.0101205 secs] [Times: user=0.08 sys=0.01, real=0.01 secs] 
2023-03-04T23:06:29.676-0300: 281633.795: [GC (Allocation Failure) [PSYoungGen: 71904K->192K(72192K)] 1586755K->1515043K(2048512K), 0.0248006 secs] [Times: user=0.13 sys=0.00, real=0.02 secs] 
2023-03-04T23:11:25.363-0300: 281929.481: [GC (Allocation Failure) [PSYoungGen: 71872K->256K(72192K)] 1586723K->1515107K(2048512K), 0.0171968 secs] [Times: user=0.13 sys=0.00, real=0.02 secs] 
2023-03-04T23:16:21.016-0300: 282225.134: [GC (Allocation Failure) [PSYoungGen: 71936K->256K(72192K)] 1586787K->1515107K(2048512K), 0.0152434 secs] [Times: user=0.13 sys=0.00, real=0.01 secs] 
2023-03-04T23:21:21.795-0300: 282525.914: [GC (Allocation Failure) [PSYoungGen: 71936K->256K(72192K)] 1586787K->1515107K(2048512K), 0.0137909 secs] [Times: user=0.13 sys=0.00, real=0.01 secs] 
2023-03-04T23:26:20.630-0300: 282824.748: [GC (Allocation Failure) [PSYoungGen: 71936K->160K(72192K)] 1586787K->1515011K(2048512K), 0.0085908 secs] [Times: user=0.00 sys=0.00, real=0.01 secs] 
2023-03-04T23:31:18.351-0300: 283122.469: [GC (Allocation Failure) [PSYoungGen: 71840K->192K(72192K)] 1586691K->1515043K(2048512K), 0.0260227 secs] [Times: user=0.09 sys=0.00, real=0.03 secs] 
2023-03-04T23:36:19.094-0300: 283423.212: [GC (Allocation Failure) [PSYoungGen: 71872K->256K(72192K)] 1586723K->1515107K(2048512K), 0.0098674 secs] [Times: user=0.09 sys=0.00, real=0.01 secs] 
2023-03-04T23:41:19.682-0300: 283723.801: [GC (Allocation Failure) [PSYoungGen: 71936K->256K(72192K)] 1586787K->1515107K(2048512K), 0.0144039 secs] [Times: user=0.00 sys=0.00, real=0.02 secs] 
2023-03-04T23:46:20.427-0300: 284024.546: [GC (Allocation Failure) [PSYoungGen: 71936K->160K(72192K)] 1586787K->1515011K(2048512K), 0.0190724 secs] [Times: user=0.02 sys=0.00, real=0.02 secs] 
2023-03-04T23:51:16.035-0300: 284320.153: [GC (Allocation Failure) [PSYoungGen: 71840K->224K(72192K)] 1586691K->1515075K(2048512K), 0.0228667 secs] [Times: user=0.11 sys=0.00, real=0.02 secs] 
2023-03-04T23:56:15.123-0300: 284619.242: [GC (Allocation Failure) [PSYoungGen: 71904K->160K(72192K)] 1586755K->1515011K(2048512K), 0.0311192 secs] [Times: user=0.14 sys=0.00, real=0.03 secs] 
2023-03-05T00:01:09.125-0300: 284913.243: [GC (Allocation Failure) [PSYoungGen: 71840K->64K(72192K)] 1586691K->1514915K(2048512K), 0.0099761 secs] [Times: user=0.06 sys=0.00, real=0.01 secs] 
2023-03-05T00:06:08.366-0300: 285212.485: [GC (Allocation Failure) [PSYoungGen: 71744K->224K(72192K)] 1586595K->1515075K(2048512K), 0.0209325 secs] [Times: user=0.08 sys=0.00, real=0.02 secs] 
2023-03-05T00:11:09.136-0300: 285513.254: [GC (Allocation Failure) [PSYoungGen: 71904K->160K(72192K)] 1586755K->1515011K(2048512K), 0.0101020 secs] [Times: user=0.01 sys=0.00, real=0.01 secs] 
2023-03-05T00:16:09.719-0300: 285813.837: [GC (Allocation Failure) [PSYoungGen: 71840K->192K(72192K)] 1586691K->1515043K(2048512K), 0.0254295 secs] [Times: user=0.14 sys=0.00, real=0.02 secs] 
2023-03-05T00:21:10.472-0300: 286114.590: [GC (Allocation Failure) [PSYoungGen: 71872K->224K(72192K)] 1586723K->1515075K(2048512K), 0.0127558 secs] [Times: user=0.11 sys=0.00, real=0.01 secs] 
2023-03-05T00:26:11.169-0300: 286415.288: [GC (Allocation Failure) [PSYoungGen: 71904K->256K(72192K)] 1586755K->1515107K(2048512K), 0.0141083 secs] [Times: user=0.13 sys=0.00, real=0.02 secs] 
2023-03-05T00:31:11.900-0300: 286716.018: [GC (Allocation Failure) [PSYoungGen: 71936K->256K(72192K)] 1586787K->1515107K(2048512K), 0.0104457 secs] [Times: user=0.00 sys=0.00, real=0.01 secs] 
2023-03-05T00:36:03.933-0300: 287008.051: [GC (Allocation Failure) [PSYoungGen: 71936K->256K(72192K)] 1586787K->1515107K(2048512K), 0.0294539 secs] [Times: user=0.14 sys=0.00, real=0.03 secs] 
2023-03-05T00:41:03.487-0300: 287307.605: [GC (Allocation Failure) [PSYoungGen: 71936K->224K(72192K)] 1586787K->1515075K(2048512K), 0.0097039 secs] [Times: user=0.13 sys=0.00, real=0.01 secs] 
2023-03-05T00:46:04.198-0300: 287608.316: [GC (Allocation Failure) [PSYoungGen: 71904K->160K(72192K)] 1586755K->1515011K(2048512K), 0.0107886 secs] [Times: user=0.01 sys=0.00, real=0.01 secs] 
2023-03-05T00:51:04.824-0300: 287908.942: [GC (Allocation Failure) [PSYoungGen: 71840K->256K(72192K)] 1586691K->1515107K(2048512K), 0.0245484 secs] [Times: user=0.14 sys=0.00, real=0.03 secs] 
2023-03-05T00:56:05.545-0300: 288209.663: [GC (Allocation Failure) [PSYoungGen: 71936K->224K(72192K)] 1586787K->1515075K(2048512K), 0.0136022 secs] [Times: user=0.13 sys=0.00, real=0.01 secs] 
2023-03-05T01:01:06.222-0300: 288510.341: [GC (Allocation Failure) [PSYoungGen: 71904K->224K(72192K)] 1586755K->1515075K(2048512K), 0.0096569 secs] [Times: user=0.02 sys=0.00, real=0.01 secs] 
2023-03-05T01:06:06.987-0300: 288811.105: [GC (Allocation Failure) [PSYoungGen: 71904K->160K(72192K)] 1586755K->1515011K(2048512K), 0.0239263 secs] [Times: user=0.25 sys=0.00, real=0.02 secs] 
2023-03-05T01:11:07.768-0300: 289111.886: [GC (Allocation Failure) [PSYoungGen: 71840K->256K(72192K)] 1586691K->1515107K(2048512K), 0.0100029 secs] [Times: user=0.13 sys=0.00, real=0.01 secs] 
2023-03-05T01:16:08.513-0300: 289412.632: [GC (Allocation Failure) [PSYoungGen: 71936K->224K(72192K)] 1586787K->1515075K(2048512K), 0.0248690 secs] [Times: user=0.14 sys=0.00, real=0.03 secs] 
2023-03-05T01:21:04.173-0300: 289708.291: [GC (Allocation Failure) [PSYoungGen: 71904K->192K(72192K)] 1586755K->1515043K(2048512K), 0.0106911 secs] [Times: user=0.09 sys=0.00, real=0.01 secs] 
2023-03-05T01:26:04.346-0300: 290008.463: [GC (Allocation Failure) [PSYoungGen: 71872K->224K(72192K)] 1586723K->1515075K(2048512K), 0.0088579 secs] [Times: user=0.13 sys=0.00, real=0.01 secs] 
2023-03-05T01:31:00.480-0300: 290304.598: [GC (Allocation Failure) [PSYoungGen: 71904K->256K(72192K)] 1586755K->1515107K(2048512K), 0.0185749 secs] [Times: user=0.09 sys=0.00, real=0.02 secs] 
2023-03-05T01:36:01.172-0300: 290605.290: [GC (Allocation Failure) [PSYoungGen: 71936K->256K(72192K)] 1586787K->1515107K(2048512K), 0.0141117 secs] [Times: user=0.13 sys=0.00, real=0.01 secs] 
2023-03-05T01:41:01.960-0300: 290906.079: [GC (Allocation Failure) [PSYoungGen: 71936K->224K(72192K)] 1586787K->1515091K(2048512K), 0.0239254 secs] [Times: user=0.05 sys=0.01, real=0.02 secs] 
2023-03-05T01:46:02.770-0300: 291206.887: [GC (Allocation Failure) [PSYoungGen: 71904K->256K(72192K)] 1586771K->1515123K(2048512K), 0.0254250 secs] [Times: user=0.17 sys=0.00, real=0.03 secs] 
2023-03-05T01:51:03.559-0300: 291507.677: [GC (Allocation Failure) [PSYoungGen: 71936K->224K(72192K)] 1586803K->1515091K(2048512K), 0.0290100 secs] [Times: user=0.14 sys=0.00, real=0.03 secs] 
2023-03-05T01:56:04.249-0300: 291808.367: [GC (Allocation Failure) [PSYoungGen: 71904K->96K(72192K)] 1586771K->1514963K(2048512K), 0.0094199 secs] [Times: user=0.09 sys=0.00, real=0.01 secs] 
2023-03-05T02:01:04.984-0300: 292109.101: [GC (Allocation Failure) [PSYoungGen: 71776K->192K(72192K)] 1586643K->1515059K(2048512K), 0.0284961 secs] [Times: user=0.14 sys=0.00, real=0.03 secs] 
2023-03-05T02:06:05.664-0300: 292409.781: [GC (Allocation Failure) [PSYoungGen: 71872K->224K(72192K)] 1586739K->1515091K(2048512K), 0.0085565 secs] [Times: user=0.00 sys=0.00, real=0.01 secs] 
2023-03-05T02:11:01.388-0300: 292705.506: [GC (Allocation Failure) [PSYoungGen: 71904K->256K(72192K)] 1586771K->1515123K(2048512K), 0.0085919 secs] [Times: user=0.02 sys=0.00, real=0.01 secs] 
2023-03-05T02:16:02.130-0300: 293006.249: [GC (Allocation Failure) [PSYoungGen: 71936K->160K(72192K)] 1586803K->1515027K(2048512K), 0.0295810 secs] [Times: user=0.03 sys=0.00, real=0.03 secs] 
2023-03-05T02:20:57.895-0300: 293302.014: [GC (Allocation Failure) [PSYoungGen: 71840K->224K(72192K)] 1586707K->1515091K(2048512K), 0.0177828 secs] [Times: user=0.02 sys=0.00, real=0.02 secs] 
2023-03-05T02:25:58.689-0300: 293602.807: [GC (Allocation Failure) [PSYoungGen: 71904K->224K(72192K)] 1586771K->1515091K(2048512K), 0.0262304 secs] [Times: user=0.25 sys=0.00, real=0.03 secs] 
2023-03-05T02:30:59.364-0300: 293903.483: [GC (Allocation Failure) [PSYoungGen: 71904K->224K(72192K)] 1586771K->1515091K(2048512K), 0.0092981 secs] [Times: user=0.00 sys=0.00, real=0.01 secs] 
2023-03-05T02:36:00.025-0300: 294204.143: [GC (Allocation Failure) [PSYoungGen: 71904K->224K(72192K)] 1586771K->1515091K(2048512K), 0.0143775 secs] [Times: user=0.00 sys=0.02, real=0.01 secs] 
2023-03-05T02:41:01.038-0300: 294505.156: [GC (Allocation Failure) [PSYoungGen: 71904K->224K(72192K)] 1586771K->1515091K(2048512K), 0.0218056 secs] [Times: user=0.09 sys=0.01, real=0.02 secs] 
2023-03-05T02:46:01.895-0300: 294806.012: [GC (Allocation Failure) [PSYoungGen: 71904K->192K(72192K)] 1586771K->1515059K(2048512K), 0.0280735 secs] [Times: user=0.17 sys=0.00, real=0.03 secs] 
2023-03-05T02:51:02.659-0300: 295106.777: [GC (Allocation Failure) [PSYoungGen: 71872K->224K(72192K)] 1586739K->1515091K(2048512K), 0.0185855 secs] [Times: user=0.13 sys=0.00, real=0.02 secs] 
2023-03-05T02:56:03.414-0300: 295407.532: [GC (Allocation Failure) [PSYoungGen: 71904K->256K(72192K)] 1586771K->1515123K(2048512K), 0.0315563 secs] [Times: user=0.09 sys=0.00, real=0.03 secs] 
2023-03-05T03:00:59.156-0300: 295703.274: [GC (Allocation Failure) [PSYoungGen: 71936K->256K(72192K)] 1586803K->1515123K(2048512K), 0.0089366 secs] [Times: user=0.11 sys=0.00, real=0.01 secs] 
2023-03-05T03:05:59.127-0300: 296003.245: [GC (Allocation Failure) [PSYoungGen: 71936K->128K(72192K)] 1586803K->1514995K(2048512K), 0.0091667 secs] [Times: user=0.13 sys=0.00, real=0.01 secs] 
2023-03-05T03:10:55.549-0300: 296299.668: [GC (Allocation Failure) [PSYoungGen: 71808K->192K(72192K)] 1586675K->1515059K(2048512K), 0.0093636 secs] [Times: user=0.13 sys=0.00, real=0.01 secs] 
2023-03-05T03:15:56.174-0300: 296600.292: [GC (Allocation Failure) [PSYoungGen: 71872K->256K(72192K)] 1586739K->1515123K(2048512K), 0.0305614 secs] [Times: user=0.25 sys=0.00, real=0.03 secs] 
2023-03-05T03:20:56.956-0300: 296901.074: [GC (Allocation Failure) [PSYoungGen: 71936K->224K(72192K)] 1586803K->1515091K(2048512K), 0.0278635 secs] [Times: user=0.22 sys=0.00, real=0.03 secs] 
2023-03-05T03:25:57.774-0300: 297201.893: [GC (Allocation Failure) [PSYoungGen: 71904K->128K(72192K)] 1586771K->1514995K(2048512K), 0.0104177 secs] [Times: user=0.00 sys=0.00, real=0.01 secs] 
2023-03-05T03:30:58.567-0300: 297502.685: [GC (Allocation Failure) [PSYoungGen: 71808K->224K(72192K)] 1586675K->1515091K(2048512K), 0.0298825 secs] [Times: user=0.11 sys=0.00, real=0.03 secs] 
2023-03-05T03:35:54.273-0300: 297798.391: [GC (Allocation Failure) [PSYoungGen: 71904K->224K(72192K)] 1586771K->1515091K(2048512K), 0.0097530 secs] [Times: user=0.00 sys=0.00, real=0.01 secs] 
2023-03-05T03:40:49.864-0300: 298093.982: [GC (Allocation Failure) [PSYoungGen: 71904K->256K(72192K)] 1586771K->1515123K(2048512K), 0.0164068 secs] [Times: user=0.02 sys=0.00, real=0.02 secs] 
2023-03-05T03:45:45.576-0300: 298389.694: [GC (Allocation Failure) [PSYoungGen: 71936K->256K(72192K)] 1586803K->1515123K(2048512K), 0.0085350 secs] [Times: user=0.02 sys=0.00, real=0.01 secs] 
2023-03-05T03:50:42.121-0300: 298686.240: [GC (Allocation Failure) [PSYoungGen: 71936K->224K(72192K)] 1586803K->1515091K(2048512K), 0.0334490 secs] [Times: user=0.14 sys=0.00, real=0.03 secs] 
2023-03-05T03:55:41.990-0300: 298986.108: [GC (Allocation Failure) [PSYoungGen: 71904K->160K(72192K)] 1586771K->1515027K(2048512K), 0.0276596 secs] [Times: user=0.06 sys=0.00, real=0.03 secs] 
2023-03-05T04:00:38.129-0300: 299282.248: [GC (Allocation Failure) [PSYoungGen: 71840K->96K(72192K)] 1586707K->1514963K(2048512K), 0.0277719 secs] [Times: user=0.08 sys=0.03, real=0.03 secs] 
2023-03-05T04:05:38.129-0300: 299582.246: [GC (Allocation Failure) [PSYoungGen: 71776K->128K(72192K)] 1586643K->1514995K(2048512K), 0.0229158 secs] [Times: user=0.02 sys=0.01, real=0.02 secs] 
2023-03-05T04:10:34.137-0300: 299878.255: [GC (Allocation Failure) [PSYoungGen: 71808K->224K(72192K)] 1586675K->1515091K(2048512K), 0.0089602 secs] [Times: user=0.02 sys=0.00, real=0.01 secs] 
2023-03-05T04:15:29.694-0300: 300173.812: [GC (Allocation Failure) [PSYoungGen: 71904K->224K(72192K)] 1586771K->1515091K(2048512K), 0.0141976 secs] [Times: user=0.02 sys=0.00, real=0.01 secs] 
2023-03-05T04:20:25.451-0300: 300469.569: [GC (Allocation Failure) [PSYoungGen: 71904K->192K(72192K)] 1586771K->1515059K(2048512K), 0.0100169 secs] [Times: user=0.11 sys=0.00, real=0.01 secs] 
2023-03-05T04:25:21.181-0300: 300765.299: [GC (Allocation Failure) [PSYoungGen: 71872K->192K(72192K)] 1586739K->1515059K(2048512K), 0.0226805 secs] [Times: user=0.09 sys=0.00, real=0.02 secs] 
2023-03-05T04:30:18.118-0300: 301062.237: [GC (Allocation Failure) [PSYoungGen: 71872K->160K(72192K)] 1586739K->1515027K(2048512K), 0.0252165 secs] [Times: user=0.13 sys=0.00, real=0.03 secs] 
2023-03-05T04:35:17.754-0300: 301361.872: [GC (Allocation Failure) [PSYoungGen: 71840K->192K(72192K)] 1586707K->1515059K(2048512K), 0.0147443 secs] [Times: user=0.11 sys=0.00, real=0.02 secs] 
2023-03-05T04:40:18.505-0300: 301662.623: [GC (Allocation Failure) [PSYoungGen: 71872K->224K(72192K)] 1586739K->1515091K(2048512K), 0.0228818 secs] [Times: user=0.13 sys=0.00, real=0.02 secs] 
2023-03-05T04:45:15.944-0300: 301960.062: [GC (Allocation Failure) [PSYoungGen: 71904K->256K(72192K)] 1586771K->1515123K(2048512K), 0.0096720 secs] [Times: user=0.00 sys=0.00, real=0.01 secs] 
2023-03-05T04:50:14.802-0300: 302258.920: [GC (Allocation Failure) [PSYoungGen: 71936K->256K(72192K)] 1586803K->1515123K(2048512K), 0.0300243 secs] [Times: user=0.11 sys=0.02, real=0.03 secs] 
2023-03-05T04:55:14.122-0300: 302558.240: [GC (Allocation Failure) [PSYoungGen: 71936K->128K(72192K)] 1586803K->1514995K(2048512K), 0.0101672 secs] [Times: user=0.02 sys=0.00, real=0.01 secs] 
2023-03-05T05:00:11.353-0300: 302855.471: [GC (Allocation Failure) [PSYoungGen: 71808K->224K(72192K)] 1586675K->1515091K(2048512K), 0.0238687 secs] [Times: user=0.13 sys=0.00, real=0.02 secs] 
2023-03-05T05:05:11.131-0300: 303155.249: [GC (Allocation Failure) [PSYoungGen: 71904K->96K(72192K)] 1586771K->1514963K(2048512K), 0.0337356 secs] [Times: user=0.09 sys=0.00, real=0.03 secs] 
2023-03-05T05:10:05.117-0300: 303449.236: [GC (Allocation Failure) [PSYoungGen: 71776K->224K(72192K)] 1586643K->1515091K(2048512K), 0.0172403 secs] [Times: user=0.02 sys=0.00, real=0.02 secs] 
2023-03-05T05:14:59.129-0300: 303743.247: [GC (Allocation Failure) [PSYoungGen: 71904K->128K(72192K)] 1586771K->1514995K(2048512K), 0.0091659 secs] [Times: user=0.06 sys=0.00, real=0.01 secs] 
2023-03-05T05:19:59.204-0300: 304043.322: [GC (Allocation Failure) [PSYoungGen: 71808K->128K(72192K)] 1586675K->1514995K(2048512K), 0.0101712 secs] [Times: user=0.11 sys=0.00, real=0.01 secs] 
2023-03-05T05:24:59.835-0300: 304343.953: [GC (Allocation Failure) [PSYoungGen: 71808K->256K(72192K)] 1586675K->1515123K(2048512K), 0.0168775 secs] [Times: user=0.02 sys=0.00, real=0.02 secs] 
2023-03-05T05:30:00.570-0300: 304644.688: [GC (Allocation Failure) [PSYoungGen: 71936K->224K(72192K)] 1586803K->1515091K(2048512K), 0.0090550 secs] [Times: user=0.00 sys=0.00, real=0.01 secs] 
2023-03-05T05:35:01.254-0300: 304945.373: [GC (Allocation Failure) [PSYoungGen: 71904K->224K(72192K)] 1586771K->1515091K(2048512K), 0.0106417 secs] [Times: user=0.02 sys=0.00, real=0.01 secs] 
2023-03-05T05:40:01.970-0300: 305246.089: [GC (Allocation Failure) [PSYoungGen: 71904K->256K(72192K)] 1586771K->1515123K(2048512K), 0.0187911 secs] [Times: user=0.14 sys=0.00, real=0.02 secs] 
2023-03-05T05:45:02.777-0300: 305546.895: [GC (Allocation Failure) [PSYoungGen: 71936K->224K(72192K)] 1586803K->1515091K(2048512K), 0.0311229 secs] [Times: user=0.14 sys=0.00, real=0.03 secs] 
2023-03-05T05:50:03.551-0300: 305847.670: [GC (Allocation Failure) [PSYoungGen: 71904K->160K(72192K)] 1586771K->1515027K(2048512K), 0.0188783 secs] [Times: user=0.03 sys=0.00, real=0.02 secs] 
2023-03-05T05:55:04.236-0300: 306148.354: [GC (Allocation Failure) [PSYoungGen: 71840K->192K(72192K)] 1586707K->1515059K(2048512K), 0.0097534 secs] [Times: user=0.11 sys=0.00, real=0.01 secs] 
2023-03-05T05:59:59.837-0300: 306443.955: [GC (Allocation Failure) [PSYoungGen: 71872K->256K(72192K)] 1586739K->1515123K(2048512K), 0.0102345 secs] [Times: user=0.00 sys=0.00, real=0.01 secs] 
2023-03-05T06:05:00.576-0300: 306744.694: [GC (Allocation Failure) [PSYoungGen: 71936K->224K(72192K)] 1586803K->1515091K(2048512K), 0.0097327 secs] [Times: user=0.11 sys=0.00, real=0.01 secs] 
2023-03-05T06:09:56.696-0300: 307040.814: [GC (Allocation Failure) [PSYoungGen: 71904K->224K(72192K)] 1586771K->1515091K(2048512K), 0.0295945 secs] [Times: user=0.11 sys=0.02, real=0.03 secs] 
2023-03-05T06:14:57.039-0300: 307341.157: [GC (Allocation Failure) [PSYoungGen: 71904K->224K(72192K)] 1586771K->1515091K(2048512K), 0.0272962 secs] [Times: user=0.13 sys=0.00, real=0.03 secs] 
2023-03-05T06:19:57.847-0300: 307641.965: [GC (Allocation Failure) [PSYoungGen: 71904K->192K(72192K)] 1586771K->1515059K(2048512K), 0.0199148 secs] [Times: user=0.14 sys=0.00, real=0.02 secs] 
2023-03-05T06:24:58.596-0300: 307942.714: [GC (Allocation Failure) [PSYoungGen: 71872K->256K(72192K)] 1586739K->1515123K(2048512K), 0.0186046 secs] [Times: user=0.14 sys=0.00, real=0.02 secs] 
2023-03-05T06:29:59.288-0300: 308243.406: [GC (Allocation Failure) [PSYoungGen: 71936K->224K(72192K)] 1586803K->1515091K(2048512K), 0.0092520 secs] [Times: user=0.00 sys=0.00, real=0.01 secs] 
2023-03-05T06:34:54.928-0300: 308539.046: [GC (Allocation Failure) [PSYoungGen: 71904K->256K(72192K)] 1586771K->1515123K(2048512K), 0.0255879 secs] [Times: user=0.09 sys=0.00, real=0.03 secs] 
2023-03-05T06:39:50.560-0300: 308834.679: [GC (Allocation Failure) [PSYoungGen: 71936K->160K(72192K)] 1586803K->1515027K(2048512K), 0.0095144 secs] [Times: user=0.09 sys=0.02, real=0.01 secs] 
2023-03-05T06:44:46.236-0300: 309130.354: [GC (Allocation Failure) [PSYoungGen: 71840K->160K(72192K)] 1586707K->1515027K(2048512K), 0.0275400 secs] [Times: user=0.23 sys=0.01, real=0.03 secs] 
2023-03-05T06:49:43.129-0300: 309427.248: [GC (Allocation Failure) [PSYoungGen: 71840K->128K(72192K)] 1586707K->1514995K(2048512K), 0.0348769 secs] [Times: user=0.06 sys=0.03, real=0.04 secs] 
2023-03-05T06:54:42.746-0300: 309726.865: [GC (Allocation Failure) [PSYoungGen: 71808K->256K(72192K)] 1586675K->1515123K(2048512K), 0.0189900 secs] [Times: user=0.13 sys=0.00, real=0.02 secs] 
2023-03-05T06:59:39.132-0300: 310023.250: [GC (Allocation Failure) [PSYoungGen: 71936K->224K(72192K)] 1586803K->1515091K(2048512K), 0.0101757 secs] [Times: user=0.00 sys=0.00, real=0.01 secs] 
2023-03-05T07:04:39.144-0300: 310323.261: [GC (Allocation Failure) [PSYoungGen: 71904K->128K(72192K)] 1586771K->1514995K(2048512K), 0.0109630 secs] [Times: user=0.09 sys=0.00, real=0.01 secs] 
2023-03-05T07:09:39.119-0300: 310623.237: [GC (Allocation Failure) [PSYoungGen: 71808K->96K(72192K)] 1586675K->1514963K(2048512K), 0.0096292 secs] [Times: user=0.00 sys=0.00, real=0.01 secs] 
2023-03-05T07:14:34.122-0300: 310918.240: [GC (Allocation Failure) [PSYoungGen: 71776K->160K(72192K)] 1586643K->1515027K(2048512K), 0.0092534 secs] [Times: user=0.02 sys=0.00, real=0.01 secs] 
2023-03-05T07:19:27.131-0300: 311211.250: [GC (Allocation Failure) [PSYoungGen: 71840K->64K(72192K)] 1586707K->1514931K(2048512K), 0.0110406 secs] [Times: user=0.00 sys=0.00, real=0.01 secs] 
2023-03-05T07:24:27.067-0300: 311511.185: [GC (Allocation Failure) [PSYoungGen: 71744K->192K(72192K)] 1586611K->1515059K(2048512K), 0.0298155 secs] [Times: user=0.11 sys=0.02, real=0.03 secs] 
2023-03-05T07:29:23.120-0300: 311807.238: [GC (Allocation Failure) [PSYoungGen: 71872K->192K(72192K)] 1586739K->1515059K(2048512K), 0.0284774 secs] [Times: user=0.14 sys=0.00, real=0.03 secs] 
2023-03-05T07:34:23.119-0300: 312107.238: [GC (Allocation Failure) [PSYoungGen: 71872K->256K(72192K)] 1586739K->1515123K(2048512K), 0.0191822 secs] [Times: user=0.13 sys=0.00, real=0.02 secs] 
2023-03-05T07:39:17.122-0300: 312401.240: [GC (Allocation Failure) [PSYoungGen: 71936K->192K(72192K)] 1586803K->1515059K(2048512K), 0.0275490 secs] [Times: user=0.14 sys=0.00, real=0.03 secs] 
2023-03-05T07:44:13.120-0300: 312697.238: [GC (Allocation Failure) [PSYoungGen: 71872K->224K(72192K)] 1586739K->1515091K(2048512K), 0.0179487 secs] [Times: user=0.09 sys=0.00, real=0.02 secs] 
2023-03-05T07:49:10.473-0300: 312994.591: [GC (Allocation Failure) [PSYoungGen: 71904K->192K(72192K)] 1586771K->1515059K(2048512K), 0.0098118 secs] [Times: user=0.11 sys=0.00, real=0.01 secs] 
2023-03-05T07:54:11.082-0300: 313295.199: [GC (Allocation Failure) [PSYoungGen: 71872K->224K(72192K)] 1586739K->1515091K(2048512K), 0.0259134 secs] [Times: user=0.14 sys=0.00, real=0.03 secs] 
2023-03-05T07:59:11.920-0300: 313596.038: [GC (Allocation Failure) [PSYoungGen: 71904K->224K(72192K)] 1586771K->1515091K(2048512K), 0.0312503 secs] [Times: user=0.14 sys=0.00, real=0.03 secs] 
2023-03-05T08:04:12.695-0300: 313896.813: [GC (Allocation Failure) [PSYoungGen: 71904K->256K(72192K)] 1586771K->1515123K(2048512K), 0.0111218 secs] [Times: user=0.00 sys=0.00, real=0.01 secs] 
2023-03-05T08:09:13.471-0300: 314197.589: [GC (Allocation Failure) [PSYoungGen: 71936K->160K(72192K)] 1586803K->1515027K(2048512K), 0.0243594 secs] [Times: user=0.23 sys=0.02, real=0.02 secs] 
2023-03-05T08:14:04.268-0300: 314488.386: [GC (Allocation Failure) [PSYoungGen: 71840K->192K(72192K)] 1586707K->1515059K(2048512K), 0.0101602 secs] [Times: user=0.11 sys=0.00, real=0.01 secs] 
2023-03-05T08:19:01.125-0300: 314785.243: [GC (Allocation Failure) [PSYoungGen: 71872K->224K(72192K)] 1586739K->1515091K(2048512K), 0.0275514 secs] [Times: user=0.13 sys=0.02, real=0.03 secs] 
2023-03-05T08:23:56.447-0300: 315080.564: [GC (Allocation Failure) [PSYoungGen: 71904K->160K(72192K)] 1586771K->1515027K(2048512K), 0.0210095 secs] [Times: user=0.13 sys=0.00, real=0.02 secs] 
2023-03-05T08:28:53.118-0300: 315377.237: [GC (Allocation Failure) [PSYoungGen: 71840K->256K(72192K)] 1586707K->1515123K(2048512K), 0.0147148 secs] [Times: user=0.01 sys=0.00, real=0.02 secs] 
2023-03-05T08:33:49.129-0300: 315673.247: [GC (Allocation Failure) [PSYoungGen: 71936K->160K(72192K)] 1586803K->1515027K(2048512K), 0.0095274 secs] [Times: user=0.06 sys=0.00, real=0.01 secs] 
2023-03-05T08:38:47.736-0300: 315971.854: [GC (Allocation Failure) [PSYoungGen: 71840K->224K(72192K)] 1586707K->1515091K(2048512K), 0.0298273 secs] [Times: user=0.23 sys=0.00, real=0.03 secs] 
2023-03-05T08:43:44.131-0300: 316268.249: [GC (Allocation Failure) [PSYoungGen: 71904K->96K(72192K)] 1586771K->1514963K(2048512K), 0.0090650 secs] [Times: user=0.00 sys=0.00, real=0.01 secs] 
2023-03-05T08:48:44.233-0300: 316568.351: [GC (Allocation Failure) [PSYoungGen: 71776K->224K(72192K)] 1586643K->1515091K(2048512K), 0.0099269 secs] [Times: user=0.11 sys=0.00, real=0.01 secs] 
2023-03-05T08:53:43.498-0300: 316867.616: [GC (Allocation Failure) [PSYoungGen: 71904K->256K(72192K)] 1586771K->1515123K(2048512K), 0.0242840 secs] [Times: user=0.14 sys=0.00, real=0.03 secs] 
2023-03-05T08:58:40.510-0300: 317164.629: [GC (Allocation Failure) [PSYoungGen: 71936K->192K(72192K)] 1586803K->1515059K(2048512K), 0.0100239 secs] [Times: user=0.02 sys=0.00, real=0.01 secs] 
2023-03-05T09:03:40.122-0300: 317464.240: [GC (Allocation Failure) [PSYoungGen: 71872K->224K(72192K)] 1586739K->1515091K(2048512K), 0.0198564 secs] [Times: user=0.13 sys=0.00, real=0.02 secs] 
2023-03-05T09:08:34.131-0300: 317758.249: [GC (Allocation Failure) [PSYoungGen: 71904K->160K(72192K)] 1586771K->1515027K(2048512K), 0.0089989 secs] [Times: user=0.00 sys=0.00, real=0.01 secs] 
2023-03-05T09:13:28.126-0300: 318052.243: [GC (Allocation Failure) [PSYoungGen: 71840K->160K(72192K)] 1586707K->1515027K(2048512K), 0.0298127 secs] [Times: user=0.14 sys=0.00, real=0.03 secs] 
2023-03-05T09:18:24.128-0300: 318348.246: [GC (Allocation Failure) [PSYoungGen: 71840K->64K(72192K)] 1586707K->1514931K(2048512K), 0.0105292 secs] [Times: user=0.09 sys=0.00, real=0.01 secs] 
2023-03-05T09:23:24.089-0300: 318648.207: [GC (Allocation Failure) [PSYoungGen: 71744K->224K(72192K)] 1586611K->1515091K(2048512K), 0.0096746 secs] [Times: user=0.02 sys=0.00, real=0.01 secs] 
2023-03-05T09:28:24.674-0300: 318948.792: [GC (Allocation Failure) [PSYoungGen: 71903K->224K(72192K)] 1586771K->1515091K(2048512K), 0.0103279 secs] [Times: user=0.13 sys=0.00, real=0.01 secs] 
2023-03-05T09:33:18.121-0300: 319242.239: [GC (Allocation Failure) [PSYoungGen: 71904K->96K(72192K)] 1586771K->1514963K(2048512K), 0.0290107 secs] [Times: user=0.02 sys=0.00, real=0.03 secs] 
2023-03-05T09:38:12.127-0300: 319536.245: [GC (Allocation Failure) [PSYoungGen: 71776K->128K(72192K)] 1586643K->1514995K(2048512K), 0.0319247 secs] [Times: user=0.11 sys=0.00, real=0.03 secs] 
2023-03-05T09:43:08.124-0300: 319832.243: [GC (Allocation Failure) [PSYoungGen: 71808K->160K(72192K)] 1586675K->1515027K(2048512K), 0.0103008 secs] [Times: user=0.13 sys=0.00, real=0.01 secs] 
2023-03-05T09:48:04.126-0300: 320128.244: [GC (Allocation Failure) [PSYoungGen: 71840K->128K(72192K)] 1586707K->1514995K(2048512K), 0.0105114 secs] [Times: user=0.09 sys=0.02, real=0.01 secs] 
2023-03-05T09:52:58.447-0300: 320422.565: [GC (Allocation Failure) [PSYoungGen: 71808K->256K(72192K)] 1586675K->1515123K(2048512K), 0.0292889 secs] [Times: user=0.14 sys=0.00, real=0.03 secs] 
2023-03-05T09:57:58.956-0300: 320723.074: [GC (Allocation Failure) [PSYoungGen: 71936K->256K(72192K)] 1586803K->1515123K(2048512K), 0.0302050 secs] [Times: user=0.24 sys=0.00, real=0.03 secs] 
2023-03-05T10:02:55.126-0300: 321019.245: [GC (Allocation Failure) [PSYoungGen: 71936K->224K(72192K)] 1586803K->1515091K(2048512K), 0.0121449 secs] [Times: user=0.13 sys=0.00, real=0.01 secs] 
2023-03-05T10:07:55.130-0300: 321319.248: [GC (Allocation Failure) [PSYoungGen: 71904K->224K(72192K)] 1586771K->1515091K(2048512K), 0.0283203 secs] [Times: user=0.05 sys=0.00, real=0.03 secs] 
2023-03-05T10:12:47.174-0300: 321611.291: [GC (Allocation Failure) [PSYoungGen: 71904K->192K(72192K)] 1586771K->1515059K(2048512K), 0.0207480 secs] [Times: user=0.13 sys=0.00, real=0.02 secs] 
2023-03-05T10:17:46.610-0300: 321910.729: [GC (Allocation Failure) [PSYoungGen: 71872K->224K(72192K)] 1586739K->1515091K(2048512K), 0.0137307 secs] [Times: user=0.13 sys=0.00, real=0.01 secs] 
2023-03-05T10:22:43.127-0300: 322207.245: [GC (Allocation Failure) [PSYoungGen: 71904K->224K(72192K)] 1586771K->1515091K(2048512K), 0.0256346 secs] [Times: user=0.14 sys=0.00, real=0.03 secs] 
2023-03-05T10:27:39.121-0300: 322503.239: [GC (Allocation Failure) [PSYoungGen: 71904K->64K(72192K)] 1586771K->1514931K(2048512K), 0.0093365 secs] [Times: user=0.02 sys=0.00, real=0.01 secs] 
2023-03-05T10:32:38.890-0300: 322803.008: [GC (Allocation Failure) [PSYoungGen: 71744K->96K(72192K)] 1586611K->1514963K(2048512K), 0.0362074 secs] [Times: user=0.20 sys=0.00, real=0.04 secs] 
2023-03-05T10:37:34.492-0300: 323098.610: [GC (Allocation Failure) [PSYoungGen: 71776K->224K(72192K)] 1586643K->1515091K(2048512K), 0.0136175 secs] [Times: user=0.02 sys=0.00, real=0.01 secs] 
2023-03-05T10:42:30.259-0300: 323394.378: [GC (Allocation Failure) [PSYoungGen: 71904K->256K(72192K)] 1586771K->1515123K(2048512K), 0.0108556 secs] [Times: user=0.02 sys=0.00, real=0.01 secs] 
2023-03-05T10:47:27.119-0300: 323691.237: [GC (Allocation Failure) [PSYoungGen: 71936K->256K(72192K)] 1586803K->1515123K(2048512K), 0.0245113 secs] [Times: user=0.13 sys=0.00, real=0.02 secs] 
2023-03-05T10:52:26.700-0300: 323990.818: [GC (Allocation Failure) [PSYoungGen: 71936K->160K(72192K)] 1586803K->1515027K(2048512K), 0.0233000 secs] [Times: user=0.13 sys=0.00, real=0.02 secs] 
2023-03-05T10:57:23.126-0300: 324287.244: [GC (Allocation Failure) [PSYoungGen: 71840K->128K(72192K)] 1586707K->1514995K(2048512K), 0.0103879 secs] [Times: user=0.08 sys=0.00, real=0.01 secs] 
2023-03-05T11:02:23.073-0300: 324587.192: [GC (Allocation Failure) [PSYoungGen: 71808K->256K(72192K)] 1586675K->1515123K(2048512K), 0.0237170 secs] [Times: user=0.13 sys=0.00, real=0.02 secs] 
2023-03-05T11:07:23.847-0300: 324887.966: [GC (Allocation Failure) [PSYoungGen: 71936K->256K(72192K)] 1586803K->1515123K(2048512K), 0.0106028 secs] [Times: user=0.01 sys=0.00, real=0.01 secs] 
2023-03-05T11:12:19.497-0300: 325183.615: [GC (Allocation Failure) [PSYoungGen: 71936K->256K(72192K)] 1586803K->1515123K(2048512K), 0.0131293 secs] [Times: user=0.13 sys=0.00, real=0.01 secs] 
2023-03-05T11:17:15.252-0300: 325479.370: [GC (Allocation Failure) [PSYoungGen: 71936K->224K(72192K)] 1586803K->1515091K(2048512K), 0.0095627 secs] [Times: user=0.13 sys=0.00, real=0.01 secs] 
2023-03-05T11:22:10.909-0300: 325775.027: [GC (Allocation Failure) [PSYoungGen: 71904K->256K(72192K)] 1586771K->1515123K(2048512K), 0.0086062 secs] [Times: user=0.13 sys=0.00, real=0.01 secs] 
2023-03-05T11:27:07.129-0300: 326071.247: [GC (Allocation Failure) [PSYoungGen: 71936K->224K(72192K)] 1586803K->1515091K(2048512K), 0.0284968 secs] [Times: user=0.08 sys=0.00, real=0.03 secs] 
2023-03-05T11:32:07.407-0300: 326371.525: [GC (Allocation Failure) [PSYoungGen: 71904K->256K(72192K)] 1586771K->1515123K(2048512K), 0.0162597 secs] [Times: user=0.13 sys=0.00, real=0.02 secs] 
2023-03-05T11:37:07.124-0300: 326671.242: [GC (Allocation Failure) [PSYoungGen: 71936K->224K(72192K)] 1586803K->1515091K(2048512K), 0.0258498 secs] [Times: user=0.14 sys=0.00, real=0.03 secs] 
2023-03-05T11:42:03.972-0300: 326968.090: [GC (Allocation Failure) [PSYoungGen: 71904K->256K(72192K)] 1586771K->1515123K(2048512K), 0.0195944 secs] [Times: user=0.14 sys=0.00, real=0.02 secs] 
2023-03-05T11:47:03.125-0300: 327267.243: [GC (Allocation Failure) [PSYoungGen: 71936K->160K(72192K)] 1586803K->1515027K(2048512K), 0.0295875 secs] [Times: user=0.14 sys=0.00, real=0.03 secs] 
2023-03-05T11:52:00.283-0300: 327564.402: [GC (Allocation Failure) [PSYoungGen: 71840K->256K(72192K)] 1586707K->1515123K(2048512K), 0.0209367 secs] [Times: user=0.14 sys=0.00, real=0.02 secs] 
2023-03-05T11:57:00.960-0300: 327865.079: [GC (Allocation Failure) [PSYoungGen: 71936K->256K(72192K)] 1586803K->1515123K(2048512K), 0.0230122 secs] [Times: user=0.05 sys=0.00, real=0.02 secs] 
2023-03-05T12:02:00.128-0300: 328164.246: [GC (Allocation Failure) [PSYoungGen: 71936K->160K(72192K)] 1586803K->1515027K(2048512K), 0.0104902 secs] [Times: user=0.11 sys=0.00, real=0.01 secs] 
2023-03-05T12:06:57.553-0300: 328461.671: [GC (Allocation Failure) [PSYoungGen: 71840K->192K(72192K)] 1586707K->1515059K(2048512K), 0.0099195 secs] [Times: user=0.00 sys=0.00, real=0.01 secs] 
2023-03-05T12:11:57.132-0300: 328761.251: [GC (Allocation Failure) [PSYoungGen: 71872K->128K(72192K)] 1586739K->1514995K(2048512K), 0.0301043 secs] [Times: user=0.08 sys=0.00, real=0.03 secs] 
2023-03-05T12:16:54.112-0300: 329058.230: [GC (Allocation Failure) [PSYoungGen: 71808K->256K(72192K)] 1586675K->1515123K(2048512K), 0.0099861 secs] [Times: user=0.13 sys=0.00, real=0.01 secs] 
2023-03-05T12:21:54.745-0300: 329358.863: [GC (Allocation Failure) [PSYoungGen: 71936K->224K(72192K)] 1586803K->1515091K(2048512K), 0.0097995 secs] [Times: user=0.01 sys=0.00, real=0.01 secs] 
2023-03-05T12:26:55.531-0300: 329659.649: [GC (Allocation Failure) [PSYoungGen: 71904K->128K(72192K)] 1586771K->1514995K(2048512K), 0.0105349 secs] [Times: user=0.11 sys=0.00, real=0.01 secs] 
2023-03-05T12:31:56.231-0300: 329960.350: [GC (Allocation Failure) [PSYoungGen: 71808K->224K(72192K)] 1586675K->1515091K(2048512K), 0.0294971 secs] [Times: user=0.13 sys=0.02, real=0.03 secs] 
2023-03-05T12:36:57.067-0300: 330261.186: [GC (Allocation Failure) [PSYoungGen: 71904K->224K(72192K)] 1586771K->1515091K(2048512K), 0.0098601 secs] [Times: user=0.00 sys=0.00, real=0.01 secs] 
2023-03-05T12:41:57.814-0300: 330561.932: [GC (Allocation Failure) [PSYoungGen: 71904K->192K(72192K)] 1586771K->1515059K(2048512K), 0.0156837 secs] [Times: user=0.11 sys=0.00, real=0.02 secs] 
2023-03-05T12:46:58.562-0300: 330862.679: [GC (Allocation Failure) [PSYoungGen: 71872K->256K(72192K)] 1586739K->1515123K(2048512K), 0.0165566 secs] [Times: user=0.13 sys=0.00, real=0.02 secs] 
2023-03-05T12:51:59.118-0300: 331163.236: [GC (Allocation Failure) [PSYoungGen: 71936K->160K(72192K)] 1586803K->1515027K(2048512K), 0.0089996 secs] [Times: user=0.00 sys=0.00, real=0.01 secs] 
2023-03-05T12:56:54.913-0300: 331459.031: [GC (Allocation Failure) [PSYoungGen: 71840K->256K(72192K)] 1586707K->1515123K(2048512K), 0.0293633 secs] [Times: user=0.11 sys=0.00, real=0.03 secs] 
2023-03-05T13:01:55.625-0300: 331759.744: [GC (Allocation Failure) [PSYoungGen: 71936K->224K(72192K)] 1586803K->1515091K(2048512K), 0.0100118 secs] [Times: user=0.05 sys=0.01, real=0.01 secs] 
2023-03-05T13:06:56.286-0300: 332060.405: [GC (Allocation Failure) [PSYoungGen: 71904K->224K(72192K)] 1586771K->1515091K(2048512K), 0.0146939 secs] [Times: user=0.02 sys=0.00, real=0.02 secs] 
2023-03-05T13:11:57.046-0300: 332361.164: [GC (Allocation Failure) [PSYoungGen: 71904K->192K(72192K)] 1586771K->1515059K(2048512K), 0.0289506 secs] [Times: user=0.14 sys=0.00, real=0.03 secs] 
2023-03-05T13:16:56.127-0300: 332660.245: [GC (Allocation Failure) [PSYoungGen: 71872K->128K(72192K)] 1586739K->1514995K(2048512K), 0.0269420 secs] [Times: user=0.11 sys=0.00, real=0.03 secs] 
2023-03-05T13:21:53.592-0300: 332957.710: [GC (Allocation Failure) [PSYoungGen: 71808K->256K(72192K)] 1586675K->1515123K(2048512K), 0.0085879 secs] [Times: user=0.02 sys=0.00, real=0.01 secs] 
2023-03-05T13:26:54.251-0300: 333258.369: [GC (Allocation Failure) [PSYoungGen: 71936K->192K(72192K)] 1586803K->1515059K(2048512K), 0.0095230 secs] [Times: user=0.11 sys=0.00, real=0.01 secs] 
2023-03-05T13:31:54.906-0300: 333559.024: [GC (Allocation Failure) [PSYoungGen: 71872K->224K(72192K)] 1586739K->1515091K(2048512K), 0.0153771 secs] [Times: user=0.13 sys=0.00, real=0.02 secs] 
2023-03-05T13:36:55.646-0300: 333859.765: [GC (Allocation Failure) [PSYoungGen: 71904K->224K(72192K)] 1586771K->1515091K(2048512K), 0.0105279 secs] [Times: user=0.00 sys=0.00, real=0.01 secs] 
2023-03-05T13:41:56.371-0300: 334160.490: [GC (Allocation Failure) [PSYoungGen: 71904K->256K(72192K)] 1586771K->1515123K(2048512K), 0.0105196 secs] [Times: user=0.00 sys=0.00, real=0.01 secs] 
2023-03-05T13:46:57.123-0300: 334461.242: [GC (Allocation Failure) [PSYoungGen: 71936K->224K(72192K)] 1586803K->1515091K(2048512K), 0.0240082 secs] [Times: user=0.14 sys=0.00, real=0.03 secs] 
2023-03-05T13:51:58.280-0300: 334762.398: [GC (Allocation Failure) [PSYoungGen: 71904K->128K(72192K)] 1586771K->1514995K(2048512K), 0.0236088 secs] [Times: user=0.13 sys=0.00, real=0.02 secs] 
2023-03-05T13:56:59.038-0300: 335063.157: [GC (Allocation Failure) [PSYoungGen: 71808K->160K(72192K)] 1586675K->1515027K(2048512K), 0.0092923 secs] [Times: user=0.00 sys=0.00, real=0.01 secs] 
2023-03-05T14:01:54.668-0300: 335358.786: [GC (Allocation Failure) [PSYoungGen: 71840K->224K(72192K)] 1586707K->1515091K(2048512K), 0.0090682 secs] [Times: user=0.01 sys=0.00, real=0.01 secs] 
2023-03-05T14:06:55.118-0300: 335659.236: [GC (Allocation Failure) [PSYoungGen: 71904K->160K(72192K)] 1586771K->1515027K(2048512K), 0.0097861 secs] [Times: user=0.00 sys=0.00, real=0.01 secs] 
2023-03-05T14:11:51.020-0300: 335955.138: [GC (Allocation Failure) [PSYoungGen: 71840K->224K(72192K)] 1586707K->1515091K(2048512K), 0.0282988 secs] [Times: user=0.16 sys=0.00, real=0.03 secs] 
2023-03-05T14:16:51.781-0300: 336255.899: [GC (Allocation Failure) [PSYoungGen: 71904K->160K(72192K)] 1586771K->1515027K(2048512K), 0.0227085 secs] [Times: user=0.14 sys=0.00, real=0.02 secs] 
2023-03-05T14:21:52.615-0300: 336556.733: [GC (Allocation Failure) [PSYoungGen: 71840K->160K(72192K)] 1586707K->1515027K(2048512K), 0.0214674 secs] [Times: user=0.02 sys=0.00, real=0.02 secs] 
2023-03-05T14:26:53.372-0300: 336857.490: [GC (Allocation Failure) [PSYoungGen: 71840K->160K(72192K)] 1586707K->1515027K(2048512K), 0.0230830 secs] [Times: user=0.14 sys=0.00, real=0.02 secs] 
2023-03-05T14:31:54.102-0300: 337158.220: [GC (Allocation Failure) [PSYoungGen: 71840K->224K(72192K)] 1586707K->1515091K(2048512K), 0.0097336 secs] [Times: user=0.00 sys=0.00, real=0.01 secs] 
2023-03-05T14:36:54.762-0300: 337458.880: [GC (Allocation Failure) [PSYoungGen: 71904K->256K(72192K)] 1586771K->1515123K(2048512K), 0.0227599 secs] [Times: user=0.13 sys=0.00, real=0.02 secs] 
2023-03-05T14:41:45.430-0300: 337749.549: [GC (Allocation Failure) [PSYoungGen: 71936K->256K(72192K)] 1586803K->1515123K(2048512K), 0.0211067 secs] [Times: user=0.09 sys=0.00, real=0.02 secs] 
2023-03-05T14:46:41.027-0300: 338045.145: [GC (Allocation Failure) [PSYoungGen: 71936K->192K(72192K)] 1586803K->1515059K(2048512K), 0.0301073 secs] [Times: user=0.11 sys=0.00, real=0.03 secs] 
2023-03-05T14:51:37.128-0300: 338341.247: [GC (Allocation Failure) [PSYoungGen: 71872K->128K(72192K)] 1586739K->1514995K(2048512K), 0.0301531 secs] [Times: user=0.09 sys=0.00, real=0.03 secs] 
2023-03-05T14:56:37.128-0300: 338641.246: [GC (Allocation Failure) [PSYoungGen: 71808K->224K(72192K)] 1586675K->1515091K(2048512K), 0.0111496 secs] [Times: user=0.13 sys=0.00, real=0.01 secs] 
2023-03-05T15:01:33.353-0300: 338937.471: [GC (Allocation Failure) [PSYoungGen: 71904K->256K(72192K)] 1586771K->1515123K(2048512K), 0.0209523 secs] [Times: user=0.13 sys=0.00, real=0.02 secs] 
2023-03-05T15:06:30.126-0300: 339234.244: [GC (Allocation Failure) [PSYoungGen: 71936K->192K(72192K)] 1586803K->1515059K(2048512K), 0.0295073 secs] [Times: user=0.23 sys=0.00, real=0.03 secs] 
2023-03-05T15:11:29.647-0300: 339533.766: [GC (Allocation Failure) [PSYoungGen: 71872K->224K(72192K)] 1586739K->1515091K(2048512K), 0.0294674 secs] [Times: user=0.09 sys=0.02, real=0.03 secs] 
2023-03-05T15:16:30.452-0300: 339834.570: [GC (Allocation Failure) [PSYoungGen: 71904K->256K(72192K)] 1586771K->1515123K(2048512K), 0.0106244 secs] [Times: user=0.11 sys=0.00, real=0.01 secs] 
2023-03-05T15:21:30.125-0300: 340134.242: [GC (Allocation Failure) [PSYoungGen: 71936K->128K(72192K)] 1586803K->1514995K(2048512K), 0.0233214 secs] [Times: user=0.13 sys=0.00, real=0.02 secs] 
2023-03-05T15:26:26.794-0300: 340430.912: [GC (Allocation Failure) [PSYoungGen: 71808K->256K(72192K)] 1586675K->1515123K(2048512K), 0.0229512 secs] [Times: user=0.13 sys=0.00, real=0.02 secs] 
2023-03-05T15:31:26.133-0300: 340730.251: [GC (Allocation Failure) [PSYoungGen: 71936K->256K(72192K)] 1586803K->1515123K(2048512K), 0.0305261 secs] [Times: user=0.11 sys=0.02, real=0.03 secs] 
2023-03-05T15:36:20.129-0300: 341024.247: [GC (Allocation Failure) [PSYoungGen: 71936K->160K(72192K)] 1586803K->1515027K(2048512K), 0.0300066 secs] [Times: user=0.06 sys=0.03, real=0.03 secs] 
2023-03-05T15:41:14.127-0300: 341318.245: [GC (Allocation Failure) [PSYoungGen: 71840K->160K(72192K)] 1586707K->1515027K(2048512K), 0.0092453 secs] [Times: user=0.13 sys=0.00, real=0.01 secs] 
2023-03-05T15:46:10.118-0300: 341614.237: [GC (Allocation Failure) [PSYoungGen: 71840K->192K(72192K)] 1586707K->1515059K(2048512K), 0.0273753 secs] [Times: user=0.14 sys=0.00, real=0.03 secs] 
2023-03-05T15:51:10.387-0300: 341914.505: [GC (Allocation Failure) [PSYoungGen: 71872K->192K(72192K)] 1586739K->1515059K(2048512K), 0.0288928 secs] [Times: user=0.14 sys=0.00, real=0.03 secs] 
2023-03-05T15:56:11.083-0300: 342215.201: [GC (Allocation Failure) [PSYoungGen: 71872K->224K(72192K)] 1586739K->1515091K(2048512K), 0.0257388 secs] [Times: user=0.11 sys=0.02, real=0.03 secs] 
2023-03-05T16:01:11.886-0300: 342516.004: [GC (Allocation Failure) [PSYoungGen: 71904K->192K(72192K)] 1586771K->1515059K(2048512K), 0.0166019 secs] [Times: user=0.13 sys=0.00, real=0.02 secs] 
2023-03-05T16:06:12.709-0300: 342816.827: [GC (Allocation Failure) [PSYoungGen: 71872K->224K(72192K)] 1586739K->1515091K(2048512K), 0.0222985 secs] [Times: user=0.11 sys=0.00, real=0.02 secs] 
2023-03-05T16:11:13.499-0300: 343117.618: [GC (Allocation Failure) [PSYoungGen: 71904K->256K(72192K)] 1586771K->1515123K(2048512K), 0.0254840 secs] [Times: user=0.14 sys=0.00, real=0.03 secs] 
2023-03-05T16:16:14.087-0300: 343418.205: [GC (Allocation Failure) [PSYoungGen: 71936K->128K(72192K)] 1586803K->1514995K(2048512K), 0.0100762 secs] [Times: user=0.00 sys=0.00, real=0.01 secs] 
2023-03-05T16:21:14.693-0300: 343718.811: [GC (Allocation Failure) [PSYoungGen: 71808K->256K(72192K)] 1586675K->1515123K(2048512K), 0.0255164 secs] [Times: user=0.09 sys=0.00, real=0.03 secs] 
2023-03-05T16:26:15.128-0300: 344019.246: [GC (Allocation Failure) [PSYoungGen: 71936K->192K(72192K)] 1586803K->1515059K(2048512K), 0.0178219 secs] [Times: user=0.14 sys=0.00, real=0.02 secs] 
2023-03-05T16:31:11.087-0300: 344315.205: [GC (Allocation Failure) [PSYoungGen: 71872K->224K(72192K)] 1586739K->1515091K(2048512K), 0.0242145 secs] [Times: user=0.13 sys=0.00, real=0.02 secs] 
2023-03-05T16:36:11.850-0300: 344615.969: [GC (Allocation Failure) [PSYoungGen: 71904K->224K(72192K)] 1586771K->1515091K(2048512K), 0.0165057 secs] [Times: user=0.02 sys=0.00, real=0.02 secs] 
2023-03-05T16:41:12.621-0300: 344916.739: [GC (Allocation Failure) [PSYoungGen: 71904K->192K(72192K)] 1586771K->1515059K(2048512K), 0.0226335 secs] [Times: user=0.11 sys=0.00, real=0.02 secs] 
2023-03-05T16:46:13.357-0300: 345217.476: [GC (Allocation Failure) [PSYoungGen: 71872K->256K(72192K)] 1586739K->1515123K(2048512K), 0.0111877 secs] [Times: user=0.11 sys=0.02, real=0.01 secs] 
2023-03-05T16:51:14.097-0300: 345518.215: [GC (Allocation Failure) [PSYoungGen: 71936K->192K(72192K)] 1586803K->1515059K(2048512K), 0.0100984 secs] [Times: user=0.11 sys=0.00, real=0.01 secs] 
2023-03-05T16:56:14.731-0300: 345818.849: [GC (Allocation Failure) [PSYoungGen: 71872K->160K(72192K)] 1586739K->1515027K(2048512K), 0.0173155 secs] [Times: user=0.11 sys=0.00, real=0.02 secs] 
2023-03-05T17:01:15.456-0300: 346119.574: [GC (Allocation Failure) [PSYoungGen: 71840K->160K(72192K)] 1586707K->1515027K(2048512K), 0.0181924 secs] [Times: user=0.05 sys=0.00, real=0.02 secs] 
2023-03-05T17:06:16.182-0300: 346420.300: [GC (Allocation Failure) [PSYoungGen: 71840K->160K(72192K)] 1586707K->1515027K(2048512K), 0.0245915 secs] [Times: user=0.13 sys=0.00, real=0.02 secs] 
2023-03-05T17:11:11.119-0300: 346715.237: [GC (Allocation Failure) [PSYoungGen: 71840K->192K(72192K)] 1586707K->1515059K(2048512K), 0.0146358 secs] [Times: user=0.02 sys=0.00, real=0.02 secs] 
2023-03-05T17:16:07.680-0300: 347011.799: [GC (Allocation Failure) [PSYoungGen: 71872K->224K(72192K)] 1586739K->1515091K(2048512K), 0.0289363 secs] [Times: user=0.11 sys=0.00, real=0.03 secs] 
2023-03-05T17:21:08.434-0300: 347312.552: [GC (Allocation Failure) [PSYoungGen: 71904K->256K(72192K)] 1586771K->1515123K(2048512K), 0.0135930 secs] [Times: user=0.13 sys=0.00, real=0.01 secs] 
2023-03-05T17:26:09.131-0300: 347613.249: [GC (Allocation Failure) [PSYoungGen: 71936K->128K(72192K)] 1586803K->1514995K(2048512K), 0.0097393 secs] [Times: user=0.00 sys=0.00, real=0.01 secs] 
2023-03-05T17:31:04.748-0300: 347908.866: [GC (Allocation Failure) [PSYoungGen: 71808K->224K(72192K)] 1586675K->1515091K(2048512K), 0.0273912 secs] [Times: user=0.14 sys=0.00, real=0.03 secs] 
2023-03-05T17:36:00.482-0300: 348204.600: [GC (Allocation Failure) [PSYoungGen: 71904K->192K(72192K)] 1586771K->1515059K(2048512K), 0.0100083 secs] [Times: user=0.02 sys=0.00, real=0.01 secs] 
2023-03-05T17:40:56.150-0300: 348500.268: [GC (Allocation Failure) [PSYoungGen: 71872K->256K(72192K)] 1586739K->1515123K(2048512K), 0.0109282 secs] [Times: user=0.02 sys=0.00, real=0.01 secs] 
2023-03-05T17:45:53.125-0300: 348797.243: [GC (Allocation Failure) [PSYoungGen: 71936K->256K(72192K)] 1586803K->1515123K(2048512K), 0.0093279 secs] [Times: user=0.05 sys=0.00, real=0.01 secs] 
2023-03-05T17:50:50.986-0300: 349095.104: [GC (Allocation Failure) [PSYoungGen: 71936K->160K(72192K)] 1586803K->1515027K(2048512K), 0.0185122 secs] [Times: user=0.14 sys=0.00, real=0.02 secs] 
2023-03-05T17:55:47.124-0300: 349391.242: [GC (Allocation Failure) [PSYoungGen: 71840K->224K(72192K)] 1586707K->1515091K(2048512K), 0.0317256 secs] [Times: user=0.14 sys=0.00, real=0.03 secs] 
2023-03-05T18:00:44.025-0300: 349688.143: [GC (Allocation Failure) [PSYoungGen: 71904K->192K(72192K)] 1586771K->1515059K(2048512K), 0.0191072 secs] [Times: user=0.09 sys=0.00, real=0.02 secs] 
2023-03-05T18:05:44.689-0300: 349988.807: [GC (Allocation Failure) [PSYoungGen: 71872K->256K(72192K)] 1586739K->1515123K(2048512K), 0.0225452 secs] [Times: user=0.14 sys=0.00, real=0.02 secs] 
2023-03-05T18:10:45.413-0300: 350289.531: [GC (Allocation Failure) [PSYoungGen: 71936K->256K(72192K)] 1586803K->1515123K(2048512K), 0.0161116 secs] [Times: user=0.02 sys=0.00, real=0.02 secs] 
2023-03-05T18:15:42.971-0300: 350587.089: [GC (Allocation Failure) [PSYoungGen: 71936K->192K(72192K)] 1586803K->1515059K(2048512K), 0.0267080 secs] [Times: user=0.25 sys=0.00, real=0.03 secs] 
2023-03-05T18:20:41.771-0300: 350885.889: [GC (Allocation Failure) [PSYoungGen: 71872K->256K(72192K)] 1586739K->1515123K(2048512K), 0.0232219 secs] [Times: user=0.09 sys=0.02, real=0.02 secs] 
2023-03-05T18:25:41.124-0300: 351185.242: [GC (Allocation Failure) [PSYoungGen: 71936K->224K(72192K)] 1586803K->1515091K(2048512K), 0.0092043 secs] [Times: user=0.13 sys=0.00, real=0.01 secs] 
2023-03-05T18:30:38.407-0300: 351482.525: [GC (Allocation Failure) [PSYoungGen: 71904K->224K(72192K)] 1586771K->1515091K(2048512K), 0.0292129 secs] [Times: user=0.23 sys=0.00, real=0.03 secs] 
2023-03-05T18:35:39.124-0300: 351783.242: [GC (Allocation Failure) [PSYoungGen: 71904K->160K(72192K)] 1586771K->1515035K(2048512K), 0.0099301 secs] [Times: user=0.08 sys=0.00, real=0.01 secs] 
2023-03-05T18:40:34.684-0300: 352078.802: [GC (Allocation Failure) [PSYoungGen: 71840K->224K(72192K)] 1586715K->1515099K(2048512K), 0.0167446 secs] [Times: user=0.13 sys=0.00, real=0.02 secs] 
2023-03-05T18:45:30.402-0300: 352374.521: [GC (Allocation Failure) [PSYoungGen: 71904K->192K(72192K)] 1586779K->1515067K(2048512K), 0.0259889 secs] [Times: user=0.14 sys=0.00, real=0.03 secs] 
2023-03-05T18:50:26.046-0300: 352670.164: [GC (Allocation Failure) [PSYoungGen: 71872K->256K(72192K)] 1586747K->1515131K(2048512K), 0.0255901 secs] [Times: user=0.14 sys=0.00, real=0.03 secs] 
2023-03-05T18:55:22.123-0300: 352966.241: [GC (Allocation Failure) [PSYoungGen: 71936K->224K(72192K)] 1586811K->1515099K(2048512K), 0.0196959 secs] [Times: user=0.13 sys=0.00, real=0.02 secs] 
2023-03-05T19:00:22.130-0300: 353266.248: [GC (Allocation Failure) [PSYoungGen: 71904K->96K(72192K)] 1586779K->1514971K(2048512K), 0.0223370 secs] [Times: user=0.13 sys=0.00, real=0.02 secs] 
2023-03-05T19:05:18.263-0300: 353562.381: [GC (Allocation Failure) [PSYoungGen: 71776K->192K(72192K)] 1586651K->1515067K(2048512K), 0.0370877 secs] [Times: user=0.20 sys=0.00, real=0.04 secs] 
2023-03-05T19:10:19.015-0300: 353863.133: [GC (Allocation Failure) [PSYoungGen: 71872K->256K(72192K)] 1586747K->1515131K(2048512K), 0.0095386 secs] [Times: user=0.09 sys=0.00, real=0.01 secs] 
2023-03-05T19:15:14.613-0300: 354158.732: [GC (Allocation Failure) [PSYoungGen: 71936K->256K(72192K)] 1586811K->1515131K(2048512K), 0.0298564 secs] [Times: user=0.14 sys=0.00, real=0.03 secs] 
2023-03-05T19:20:10.310-0300: 354454.428: [GC (Allocation Failure) [PSYoungGen: 71936K->224K(72192K)] 1586811K->1515099K(2048512K), 0.0089110 secs] [Times: user=0.02 sys=0.00, real=0.01 secs] 
2023-03-05T19:25:07.121-0300: 354751.239: [GC (Allocation Failure) [PSYoungGen: 71904K->192K(72192K)] 1586779K->1515067K(2048512K), 0.0107454 secs] [Times: user=0.02 sys=0.00, real=0.01 secs] 
2023-03-05T19:30:06.651-0300: 355050.769: [GC (Allocation Failure) [PSYoungGen: 71872K->192K(72192K)] 1586747K->1515067K(2048512K), 0.0342443 secs] [Times: user=0.13 sys=0.00, real=0.03 secs] 
2023-03-05T19:35:03.131-0300: 355347.250: [GC (Allocation Failure) [PSYoungGen: 71872K->96K(72192K)] 1586747K->1514971K(2048512K), 0.0201357 secs] [Times: user=0.11 sys=0.00, real=0.02 secs] 
2023-03-05T19:40:03.124-0300: 355647.242: [GC (Allocation Failure) [PSYoungGen: 71776K->224K(72192K)] 1586651K->1515099K(2048512K), 0.0102302 secs] [Times: user=0.13 sys=0.00, real=0.01 secs] 
2023-03-05T19:44:58.954-0300: 355943.072: [GC (Allocation Failure) [PSYoungGen: 71904K->256K(72192K)] 1586779K->1515131K(2048512K), 0.0105487 secs] [Times: user=0.13 sys=0.00, real=0.01 secs] 
2023-03-05T19:49:59.479-0300: 356243.597: [GC (Allocation Failure) [PSYoungGen: 71936K->192K(72192K)] 1586811K->1515067K(2048512K), 0.0230339 secs] [Times: user=0.13 sys=0.00, real=0.02 secs] 
2023-03-05T19:55:00.175-0300: 356544.293: [GC (Allocation Failure) [PSYoungGen: 71872K->224K(72192K)] 1586747K->1515099K(2048512K), 0.0160786 secs] [Times: user=0.11 sys=0.00, real=0.02 secs] 
2023-03-05T20:00:00.124-0300: 356844.242: [GC (Allocation Failure) [PSYoungGen: 71904K->192K(72192K)] 1586779K->1515067K(2048512K), 0.0294698 secs] [Times: user=0.14 sys=0.00, real=0.03 secs] 
2023-03-05T20:04:51.999-0300: 357136.117: [GC (Allocation Failure) [PSYoungGen: 71872K->224K(72192K)] 1586747K->1515099K(2048512K), 0.0208945 secs] [Times: user=0.14 sys=0.00, real=0.02 secs] 
2023-03-05T20:09:48.118-0300: 357432.236: [GC (Allocation Failure) [PSYoungGen: 71904K->192K(72192K)] 1586779K->1515067K(2048512K), 0.0312954 secs] [Times: user=0.14 sys=0.00, real=0.03 secs] 
2023-03-05T20:14:47.974-0300: 357732.092: [GC (Allocation Failure) [PSYoungGen: 71872K->224K(72192K)] 1586747K->1515099K(2048512K), 0.0297531 secs] [Times: user=0.09 sys=0.00, real=0.03 secs] 
2023-03-05T20:19:48.779-0300: 358032.898: [GC (Allocation Failure) [PSYoungGen: 71904K->192K(72192K)] 1586779K->1515067K(2048512K), 0.0306446 secs] [Times: user=0.13 sys=0.01, real=0.03 secs] 
2023-03-05T20:24:49.496-0300: 358333.614: [GC (Allocation Failure) [PSYoungGen: 71872K->224K(72192K)] 1586747K->1515099K(2048512K), 0.0136364 secs] [Times: user=0.13 sys=0.00, real=0.01 secs] 
2023-03-05T20:29:50.243-0300: 358634.361: [GC (Allocation Failure) [PSYoungGen: 71904K->224K(72192K)] 1586779K->1515099K(2048512K), 0.0300122 secs] [Times: user=0.13 sys=0.00, real=0.03 secs] 
2023-03-05T20:34:50.862-0300: 358934.980: [GC (Allocation Failure) [PSYoungGen: 71904K->224K(72192K)] 1586779K->1515099K(2048512K), 0.0248980 secs] [Times: user=0.25 sys=0.00, real=0.03 secs] 
2023-03-05T20:39:51.632-0300: 359235.749: [GC (Allocation Failure) [PSYoungGen: 71904K->256K(72192K)] 1586779K->1515131K(2048512K), 0.0292888 secs] [Times: user=0.11 sys=0.00, real=0.03 secs] 
2023-03-05T20:44:52.387-0300: 359536.505: [GC (Allocation Failure) [PSYoungGen: 71936K->224K(72192K)] 1586811K->1515099K(2048512K), 0.0102431 secs] [Times: user=0.01 sys=0.00, real=0.01 secs] 
2023-03-05T20:49:48.126-0300: 359832.244: [GC (Allocation Failure) [PSYoungGen: 71904K->160K(72192K)] 1586779K->1515035K(2048512K), 0.0285958 secs] [Times: user=0.23 sys=0.00, real=0.03 secs] 
2023-03-05T20:54:48.787-0300: 360132.905: [GC (Allocation Failure) [PSYoungGen: 71840K->192K(72192K)] 1586715K->1515067K(2048512K), 0.0279313 secs] [Times: user=0.09 sys=0.02, real=0.03 secs] 
2023-03-05T20:59:49.428-0300: 360433.546: [GC (Allocation Failure) [PSYoungGen: 71872K->256K(72192K)] 1586747K->1515131K(2048512K), 0.0143646 secs] [Times: user=0.02 sys=0.00, real=0.01 secs] 
2023-03-05T21:04:50.104-0300: 360734.221: [GC (Allocation Failure) [PSYoungGen: 71936K->192K(72192K)] 1586811K->1515067K(2048512K), 0.0181197 secs] [Times: user=0.11 sys=0.00, real=0.02 secs] 
2023-03-05T21:09:50.719-0300: 361034.837: [GC (Allocation Failure) [PSYoungGen: 71872K->256K(72192K)] 1586747K->1515131K(2048512K), 0.0187805 secs] [Times: user=0.13 sys=0.00, real=0.02 secs] 
2023-03-05T21:14:51.447-0300: 361335.565: [GC (Allocation Failure) [PSYoungGen: 71936K->256K(72192K)] 1586811K->1515131K(2048512K), 0.0132939 secs] [Times: user=0.02 sys=0.00, real=0.01 secs] 
2023-03-05T21:19:52.129-0300: 361636.247: [GC (Allocation Failure) [PSYoungGen: 71936K->160K(72192K)] 1586811K->1515035K(2048512K), 0.0166511 secs] [Times: user=0.01 sys=0.02, real=0.02 secs] 
2023-03-05T21:24:47.126-0300: 361931.244: [GC (Allocation Failure) [PSYoungGen: 71840K->160K(72192K)] 1586715K->1515035K(2048512K), 0.0102973 secs] [Times: user=0.13 sys=0.00, real=0.01 secs] 
2023-03-05T21:29:43.653-0300: 362227.772: [GC (Allocation Failure) [PSYoungGen: 71840K->224K(72192K)] 1586715K->1515099K(2048512K), 0.0103951 secs] [Times: user=0.13 sys=0.00, real=0.01 secs] 
2023-03-05T21:34:44.239-0300: 362528.356: [GC (Allocation Failure) [PSYoungGen: 71904K->256K(72192K)] 1586779K->1515131K(2048512K), 0.0087977 secs] [Times: user=0.13 sys=0.00, real=0.01 secs] 
2023-03-05T21:39:44.928-0300: 362829.046: [GC (Allocation Failure) [PSYoungGen: 71936K->256K(72192K)] 1586811K->1515131K(2048512K), 0.0144594 secs] [Times: user=0.00 sys=0.00, real=0.01 secs] 
2023-03-05T21:44:45.580-0300: 363129.698: [GC (Allocation Failure) [PSYoungGen: 71936K->256K(72192K)] 1586811K->1515131K(2048512K), 0.0089863 secs] [Times: user=0.13 sys=0.00, real=0.01 secs] 
2023-03-05T21:49:46.249-0300: 363430.366: [GC (Allocation Failure) [PSYoungGen: 71936K->224K(72192K)] 1586811K->1515099K(2048512K), 0.0312251 secs] [Times: user=0.14 sys=0.00, real=0.03 secs] 
2023-03-05T21:54:47.006-0300: 363731.123: [GC (Allocation Failure) [PSYoungGen: 71904K->224K(72192K)] 1586779K->1515099K(2048512K), 0.0298142 secs] [Times: user=0.13 sys=0.00, real=0.03 secs] 
2023-03-05T21:59:47.773-0300: 364031.892: [GC (Allocation Failure) [PSYoungGen: 71904K->224K(72192K)] 1586779K->1515099K(2048512K), 0.0095763 secs] [Times: user=0.00 sys=0.00, real=0.01 secs] 
2023-03-05T22:04:48.504-0300: 364332.622: [GC (Allocation Failure) [PSYoungGen: 71904K->224K(72192K)] 1586779K->1515099K(2048512K), 0.0147562 secs] [Times: user=0.03 sys=0.00, real=0.02 secs] 
2023-03-05T22:09:44.184-0300: 364628.302: [GC (Allocation Failure) [PSYoungGen: 71904K->192K(72192K)] 1586779K->1515067K(2048512K), 0.0096917 secs] [Times: user=0.02 sys=0.00, real=0.01 secs] 
2023-03-05T22:14:44.886-0300: 364929.004: [GC (Allocation Failure) [PSYoungGen: 71872K->224K(72192K)] 1586747K->1515099K(2048512K), 0.0215154 secs] [Times: user=0.13 sys=0.00, real=0.02 secs] 
2023-03-05T22:19:45.589-0300: 365229.708: [GC (Allocation Failure) [PSYoungGen: 71904K->160K(72192K)] 1586779K->1515035K(2048512K), 0.0107015 secs] [Times: user=0.02 sys=0.00, real=0.01 secs] 
2023-03-05T22:24:46.309-0300: 365530.427: [GC (Allocation Failure) [PSYoungGen: 71840K->224K(72192K)] 1586715K->1515099K(2048512K), 0.0253075 secs] [Times: user=0.14 sys=0.00, real=0.03 secs] 
2023-03-05T22:29:47.069-0300: 365831.187: [GC (Allocation Failure) [PSYoungGen: 71904K->192K(72192K)] 1586779K->1515067K(2048512K), 0.0295845 secs] [Times: user=0.13 sys=0.00, real=0.03 secs] 
2023-03-05T22:34:47.867-0300: 366131.984: [GC (Allocation Failure) [PSYoungGen: 71872K->224K(72192K)] 1586747K->1515099K(2048512K), 0.0249919 secs] [Times: user=0.06 sys=0.03, real=0.02 secs] 
2023-03-05T22:39:48.654-0300: 366432.772: [GC (Allocation Failure) [PSYoungGen: 71904K->224K(72192K)] 1586779K->1515099K(2048512K), 0.0105767 secs] [Times: user=0.13 sys=0.00, real=0.01 secs] 
2023-03-05T22:44:44.125-0300: 366728.243: [GC (Allocation Failure) [PSYoungGen: 71904K->256K(72192K)] 1586779K->1515131K(2048512K), 0.0091308 secs] [Times: user=0.05 sys=0.00, real=0.01 secs] 
2023-03-05T22:49:40.070-0300: 367024.188: [GC (Allocation Failure) [PSYoungGen: 71936K->224K(72192K)] 1586811K->1515099K(2048512K), 0.0260794 secs] [Times: user=0.13 sys=0.00, real=0.03 secs] 
2023-03-05T22:54:40.756-0300: 367324.874: [GC (Allocation Failure) [PSYoungGen: 71904K->256K(72192K)] 1586779K->1515131K(2048512K), 0.0107726 secs] [Times: user=0.00 sys=0.00, real=0.01 secs] 
2023-03-05T22:59:41.462-0300: 367625.580: [GC (Allocation Failure) [PSYoungGen: 71936K->192K(72192K)] 1586811K->1515067K(2048512K), 0.0312599 secs] [Times: user=0.14 sys=0.00, real=0.03 secs] 
2023-03-05T23:04:42.251-0300: 367926.369: [GC (Allocation Failure) [PSYoungGen: 71872K->128K(72192K)] 1586747K->1515003K(2048512K), 0.0278264 secs] [Times: user=0.23 sys=0.02, real=0.03 secs] 
2023-03-05T23:09:43.083-0300: 368227.201: [GC (Allocation Failure) [PSYoungGen: 71808K->256K(72192K)] 1586683K->1515139K(2048512K), 0.0176509 secs] [Times: user=0.02 sys=0.00, real=0.02 secs] 
2023-03-05T23:14:43.851-0300: 368527.969: [GC (Allocation Failure) [PSYoungGen: 71936K->224K(72192K)] 1586819K->1515107K(2048512K), 0.0323338 secs] [Times: user=0.13 sys=0.00, real=0.03 secs] 
2023-03-05T23:19:44.435-0300: 368828.554: [GC (Allocation Failure) [PSYoungGen: 71904K->256K(72192K)] 1586787K->1515139K(2048512K), 0.0100103 secs] [Times: user=0.13 sys=0.00, real=0.01 secs] 
2023-03-05T23:24:45.151-0300: 369129.270: [GC (Allocation Failure) [PSYoungGen: 71936K->256K(72192K)] 1586819K->1515139K(2048512K), 0.0249725 secs] [Times: user=0.14 sys=0.00, real=0.03 secs] 
2023-03-05T23:29:40.120-0300: 369424.239: [GC (Allocation Failure) [PSYoungGen: 71936K->192K(72192K)] 1586819K->1515075K(2048512K), 0.0093626 secs] [Times: user=0.02 sys=0.00, real=0.01 secs] 
2023-03-05T23:34:36.589-0300: 369720.707: [GC (Allocation Failure) [PSYoungGen: 71872K->160K(72192K)] 1586755K->1515043K(2048512K), 0.0285914 secs] [Times: user=0.14 sys=0.00, real=0.03 secs] 
2023-03-05T23:39:37.331-0300: 370021.449: [GC (Allocation Failure) [PSYoungGen: 71840K->192K(72192K)] 1586723K->1515075K(2048512K), 0.0158569 secs] [Times: user=0.05 sys=0.00, real=0.01 secs] 
2023-03-05T23:44:38.112-0300: 370322.229: [GC (Allocation Failure) [PSYoungGen: 71872K->256K(72192K)] 1586755K->1515139K(2048512K), 0.0086716 secs] [Times: user=0.13 sys=0.00, real=0.01 secs] 
2023-03-05T23:49:38.858-0300: 370622.976: [GC (Allocation Failure) [PSYoungGen: 71936K->192K(72192K)] 1586819K->1515075K(2048512K), 0.0174917 secs] [Times: user=0.11 sys=0.00, real=0.02 secs] 
2023-03-05T23:54:39.495-0300: 370923.613: [GC (Allocation Failure) [PSYoungGen: 71872K->256K(72192K)] 1586755K->1515139K(2048512K), 0.0138805 secs] [Times: user=0.02 sys=0.00, real=0.01 secs] 
2023-03-05T23:59:40.202-0300: 371224.320: [GC (Allocation Failure) [PSYoungGen: 71936K->256K(72192K)] 1586819K->1515139K(2048512K), 0.0181694 secs] [Times: user=0.13 sys=0.00, real=0.02 secs] 
2023-03-06T00:04:40.811-0300: 371524.930: [GC (Allocation Failure) [PSYoungGen: 71936K->256K(72192K)] 1586819K->1515139K(2048512K), 0.0157846 secs] [Times: user=0.13 sys=0.00, real=0.02 secs] 
2023-03-06T00:09:41.534-0300: 371825.652: [GC (Allocation Failure) [PSYoungGen: 71936K->224K(72192K)] 1586819K->1515107K(2048512K), 0.0133450 secs] [Times: user=0.13 sys=0.00, real=0.01 secs] 
2023-03-06T00:14:37.322-0300: 372121.441: [GC (Allocation Failure) [PSYoungGen: 71904K->192K(72192K)] 1586787K->1515075K(2048512K), 0.0200886 secs] [Times: user=0.09 sys=0.00, real=0.02 secs] 
2023-03-06T00:19:38.050-0300: 372422.168: [GC (Allocation Failure) [PSYoungGen: 71872K->224K(72192K)] 1586755K->1515107K(2048512K), 0.0282658 secs] [Times: user=0.25 sys=0.00, real=0.03 secs] 
2023-03-06T00:24:38.128-0300: 372722.246: [GC (Allocation Failure) [PSYoungGen: 71904K->128K(72192K)] 1586787K->1515011K(2048512K), 0.0309365 secs] [Times: user=0.11 sys=0.00, real=0.03 secs] 
2023-03-06T00:29:34.377-0300: 373018.495: [GC (Allocation Failure) [PSYoungGen: 71808K->256K(72192K)] 1586691K->1515139K(2048512K), 0.0092647 secs] [Times: user=0.13 sys=0.00, real=0.01 secs] 
2023-03-06T00:34:35.065-0300: 373319.184: [GC (Allocation Failure) [PSYoungGen: 71936K->256K(72192K)] 1586819K->1515139K(2048512K), 0.0106541 secs] [Times: user=0.13 sys=0.00, real=0.01 secs] 
2023-03-06T00:39:35.785-0300: 373619.903: [GC (Allocation Failure) [PSYoungGen: 71936K->256K(72192K)] 1586819K->1515171K(2048512K), 0.0183799 secs] [Times: user=0.14 sys=0.00, real=0.02 secs] 
2023-03-06T00:44:36.544-0300: 373920.662: [GC (Allocation Failure) [PSYoungGen: 71936K->256K(72192K)] 1586851K->1515195K(2048512K), 0.0100621 secs] [Times: user=0.02 sys=0.00, real=0.01 secs] 
2023-03-06T00:49:37.371-0300: 374221.489: [GC (Allocation Failure) [PSYoungGen: 71936K->224K(72192K)] 1586875K->1515163K(2048512K), 0.0087024 secs] [Times: user=0.00 sys=0.02, real=0.01 secs] 
2023-03-06T00:54:38.140-0300: 374522.258: [GC (Allocation Failure) [PSYoungGen: 71904K->160K(72192K)] 1586843K->1515099K(2048512K), 0.0203543 secs] [Times: user=0.11 sys=0.00, real=0.02 secs] 
2023-03-06T00:59:38.861-0300: 374822.979: [GC (Allocation Failure) [PSYoungGen: 71840K->160K(72192K)] 1586779K->1515099K(2048512K), 0.0197387 secs] [Times: user=0.13 sys=0.00, real=0.02 secs] 
2023-03-06T01:04:39.484-0300: 375123.601: [GC (Allocation Failure) [PSYoungGen: 71840K->224K(72192K)] 1586779K->1515163K(2048512K), 0.0174183 secs] [Times: user=0.13 sys=0.00, real=0.02 secs] 
2023-03-06T01:09:35.196-0300: 375419.314: [GC (Allocation Failure) [PSYoungGen: 71904K->256K(72192K)] 1586843K->1515195K(2048512K), 0.0162460 secs] [Times: user=0.02 sys=0.00, real=0.02 secs] 
2023-03-06T01:14:30.989-0300: 375715.106: [GC (Allocation Failure) [PSYoungGen: 71936K->224K(72192K)] 1586875K->1515163K(2048512K), 0.0192155 secs] [Times: user=0.13 sys=0.00, real=0.02 secs] 
2023-03-06T01:19:31.508-0300: 376015.626: [GC (Allocation Failure) [PSYoungGen: 71904K->256K(72192K)] 1586843K->1515203K(2048512K), 0.0305308 secs] [Times: user=0.14 sys=0.00, real=0.03 secs] 
2023-03-06T01:24:32.231-0300: 376316.349: [GC (Allocation Failure) [PSYoungGen: 71936K->128K(72192K)] 1586883K->1515075K(2048512K), 0.0106598 secs] [Times: user=0.13 sys=0.00, real=0.01 secs] 
2023-03-06T01:29:32.969-0300: 376617.087: [GC (Allocation Failure) [PSYoungGen: 71808K->256K(72192K)] 1586755K->1515203K(2048512K), 0.0084106 secs] [Times: user=0.13 sys=0.00, real=0.01 secs] 
2023-03-06T01:34:33.691-0300: 376917.809: [GC (Allocation Failure) [PSYoungGen: 71936K->192K(72192K)] 1586883K->1515139K(2048512K), 0.0260164 secs] [Times: user=0.25 sys=0.00, real=0.03 secs] 
2023-03-06T01:39:34.299-0300: 377218.417: [GC (Allocation Failure) [PSYoungGen: 71872K->192K(72192K)] 1586819K->1515139K(2048512K), 0.0096989 secs] [Times: user=0.11 sys=0.00, real=0.01 secs] 
2023-03-06T01:44:34.953-0300: 377519.072: [GC (Allocation Failure) [PSYoungGen: 71872K->128K(72192K)] 1586819K->1515075K(2048512K), 0.0145602 secs] [Times: user=0.13 sys=0.00, real=0.01 secs] 
2023-03-06T01:49:35.631-0300: 377819.748: [GC (Allocation Failure) [PSYoungGen: 71808K->256K(72192K)] 1586755K->1515203K(2048512K), 0.0132744 secs] [Times: user=0.00 sys=0.00, real=0.01 secs] 
2023-03-06T01:54:36.370-0300: 378120.488: [GC (Allocation Failure) [PSYoungGen: 71936K->256K(72192K)] 1586883K->1515203K(2048512K), 0.0103700 secs] [Times: user=0.02 sys=0.00, real=0.01 secs] 
2023-03-06T01:59:32.123-0300: 378416.241: [GC (Allocation Failure) [PSYoungGen: 71936K->256K(72192K)] 1586883K->1515203K(2048512K), 0.0288752 secs] [Times: user=0.14 sys=0.00, real=0.03 secs] 
2023-03-06T02:04:32.887-0300: 378717.006: [GC (Allocation Failure) [PSYoungGen: 71936K->224K(72192K)] 1586883K->1515171K(2048512K), 0.0163618 secs] [Times: user=0.13 sys=0.00, real=0.02 secs] 
2023-03-06T02:09:33.638-0300: 379017.755: [GC (Allocation Failure) [PSYoungGen: 71904K->224K(72192K)] 1586851K->1515171K(2048512K), 0.0244051 secs] [Times: user=0.14 sys=0.00, real=0.02 secs] 
2023-03-06T02:14:34.292-0300: 379318.410: [GC (Allocation Failure) [PSYoungGen: 71904K->224K(72192K)] 1586851K->1515171K(2048512K), 0.0096985 secs] [Times: user=0.01 sys=0.00, real=0.01 secs] 
2023-03-06T02:19:34.976-0300: 379619.094: [GC (Allocation Failure) [PSYoungGen: 71904K->224K(72192K)] 1586851K->1515171K(2048512K), 0.0267443 secs] [Times: user=0.08 sys=0.02, real=0.03 secs] 
2023-03-06T02:24:35.662-0300: 379919.780: [GC (Allocation Failure) [PSYoungGen: 71904K->256K(72192K)] 1586851K->1515203K(2048512K), 0.0088950 secs] [Times: user=0.00 sys=0.00, real=0.01 secs] 
2023-03-06T02:29:36.402-0300: 380220.520: [GC (Allocation Failure) [PSYoungGen: 71936K->160K(72192K)] 1586883K->1515107K(2048512K), 0.0311711 secs] [Times: user=0.14 sys=0.00, real=0.03 secs] 
2023-03-06T02:34:31.123-0300: 380515.241: [GC (Allocation Failure) [PSYoungGen: 71840K->160K(72192K)] 1586787K->1515115K(2048512K), 0.0166366 secs] [Times: user=0.11 sys=0.00, real=0.02 secs] 
2023-03-06T02:39:27.896-0300: 380812.014: [GC (Allocation Failure) [PSYoungGen: 71840K->192K(72192K)] 1586795K->1515147K(2048512K), 0.0277450 secs] [Times: user=0.06 sys=0.00, real=0.03 secs] 
2023-03-06T02:44:28.708-0300: 381112.826: [GC (Allocation Failure) [PSYoungGen: 71872K->160K(72192K)] 1586827K->1515115K(2048512K), 0.0250356 secs] [Times: user=0.11 sys=0.00, real=0.03 secs] 
2023-03-06T02:49:29.329-0300: 381413.448: [GC (Allocation Failure) [PSYoungGen: 71840K->160K(72192K)] 1586795K->1515115K(2048512K), 0.0094859 secs] [Times: user=0.11 sys=0.00, real=0.01 secs] 
2023-03-06T02:54:29.987-0300: 381714.106: [GC (Allocation Failure) [PSYoungGen: 71840K->224K(72192K)] 1586795K->1515179K(2048512K), 0.0296375 secs] [Times: user=0.17 sys=0.02, real=0.03 secs] 
2023-03-06T02:59:30.681-0300: 382014.799: [GC (Allocation Failure) [PSYoungGen: 71904K->224K(72192K)] 1586859K->1515179K(2048512K), 0.0163431 secs] [Times: user=0.13 sys=0.00, real=0.02 secs] 
2023-03-06T03:04:31.437-0300: 382315.555: [GC (Allocation Failure) [PSYoungGen: 71904K->256K(72192K)] 1586859K->1515211K(2048512K), 0.0098850 secs] [Times: user=0.11 sys=0.00, real=0.01 secs] 
2023-03-06T03:09:32.156-0300: 382616.274: [GC (Allocation Failure) [PSYoungGen: 71936K->224K(72192K)] 1586891K->1515179K(2048512K), 0.0275190 secs] [Times: user=0.14 sys=0.00, real=0.03 secs] 
2023-03-06T03:14:32.902-0300: 382917.020: [GC (Allocation Failure) [PSYoungGen: 71904K->256K(72192K)] 1586859K->1515211K(2048512K), 0.0174704 secs] [Times: user=0.09 sys=0.02, real=0.02 secs] 
2023-03-06T03:19:28.652-0300: 383212.770: [GC (Allocation Failure) [PSYoungGen: 71936K->256K(72192K)] 1586891K->1515211K(2048512K), 0.0088476 secs] [Times: user=0.00 sys=0.00, real=0.01 secs] 
2023-03-06T03:24:28.119-0300: 383512.237: [GC (Allocation Failure) [PSYoungGen: 71936K->192K(72192K)] 1586891K->1515147K(2048512K), 0.0180457 secs] [Times: user=0.11 sys=0.02, real=0.02 secs] 
2023-03-06T03:29:25.017-0300: 383809.136: [GC (Allocation Failure) [PSYoungGen: 71872K->224K(72192K)] 1586827K->1515179K(2048512K), 0.0314162 secs] [Times: user=0.22 sys=0.00, real=0.03 secs] 
2023-03-06T03:34:25.635-0300: 384109.753: [GC (Allocation Failure) [PSYoungGen: 71904K->256K(72192K)] 1586859K->1515211K(2048512K), 0.0104697 secs] [Times: user=0.02 sys=0.00, real=0.01 secs] 
2023-03-06T03:39:26.379-0300: 384410.497: [GC (Allocation Failure) [PSYoungGen: 71936K->224K(72192K)] 1586891K->1515179K(2048512K), 0.0174696 secs] [Times: user=0.02 sys=0.00, real=0.02 secs] 
2023-03-06T03:44:27.128-0300: 384711.246: [GC (Allocation Failure) [PSYoungGen: 71904K->224K(72192K)] 1586859K->1515179K(2048512K), 0.3540992 secs] [Times: user=0.11 sys=0.00, real=0.35 secs] 
2023-03-06T03:49:28.241-0300: 385012.359: [GC (Allocation Failure) [PSYoungGen: 71904K->160K(72192K)] 1586859K->1515115K(2048512K), 0.0291400 secs] [Times: user=0.13 sys=0.00, real=0.03 secs] 
2023-03-06T03:54:29.027-0300: 385313.146: [GC (Allocation Failure) [PSYoungGen: 71840K->160K(72192K)] 1586795K->1515115K(2048512K), 0.0235446 secs] [Times: user=0.13 sys=0.00, real=0.02 secs] 
2023-03-06T03:59:29.639-0300: 385613.758: [GC (Allocation Failure) [PSYoungGen: 71840K->256K(72192K)] 1586795K->1515211K(2048512K), 0.0171230 secs] [Times: user=0.13 sys=0.00, real=0.02 secs] 
2023-03-06T04:04:30.420-0300: 385914.539: [GC (Allocation Failure) [PSYoungGen: 71936K->96K(72192K)] 1586891K->1515051K(2048512K), 0.0097143 secs] [Times: user=0.08 sys=0.00, real=0.01 secs] 
2023-03-06T04:09:26.019-0300: 386210.137: [GC (Allocation Failure) [PSYoungGen: 71776K->256K(72192K)] 1586731K->1515211K(2048512K), 0.0158151 secs] [Times: user=0.13 sys=0.00, real=0.02 secs] 
2023-03-06T04:14:25.120-0300: 386509.238: [GC (Allocation Failure) [PSYoungGen: 71936K->224K(72192K)] 1586891K->1515179K(2048512K), 0.0306043 secs] [Times: user=0.14 sys=0.00, real=0.03 secs] 
2023-03-06T04:19:22.529-0300: 386806.647: [GC (Allocation Failure) [PSYoungGen: 71904K->192K(72192K)] 1586859K->1515147K(2048512K), 0.0272855 secs] [Times: user=0.14 sys=0.00, real=0.03 secs] 
2023-03-06T04:24:23.392-0300: 387107.510: [GC (Allocation Failure) [PSYoungGen: 71872K->224K(72192K)] 1586827K->1515179K(2048512K), 0.0264558 secs] [Times: user=0.14 sys=0.00, real=0.03 secs] 
2023-03-06T04:29:24.160-0300: 387408.278: [GC (Allocation Failure) [PSYoungGen: 71904K->256K(72192K)] 1586859K->1515211K(2048512K), 0.0085688 secs] [Times: user=0.13 sys=0.00, real=0.01 secs] 
2023-03-06T04:34:24.774-0300: 387708.892: [GC (Allocation Failure) [PSYoungGen: 71936K->224K(72192K)] 1586891K->1515179K(2048512K), 0.0293102 secs] [Times: user=0.11 sys=0.00, real=0.03 secs] 
2023-03-06T04:39:25.491-0300: 388009.609: [GC (Allocation Failure) [PSYoungGen: 71904K->224K(72192K)] 1586859K->1515179K(2048512K), 0.0093248 secs] [Times: user=0.00 sys=0.00, real=0.01 secs] 
2023-03-06T04:44:26.163-0300: 388310.281: [GC (Allocation Failure) [PSYoungGen: 71904K->224K(72192K)] 1586859K->1515179K(2048512K), 0.0244613 secs] [Times: user=0.05 sys=0.00, real=0.02 secs] 
2023-03-06T04:49:26.895-0300: 388611.013: [GC (Allocation Failure) [PSYoungGen: 71904K->160K(72192K)] 1586859K->1515115K(2048512K), 0.0211708 secs] [Times: user=0.13 sys=0.02, real=0.02 secs] 
2023-03-06T04:54:27.724-0300: 388911.843: [GC (Allocation Failure) [PSYoungGen: 71840K->256K(72192K)] 1586795K->1515211K(2048512K), 0.0181310 secs] [Times: user=0.02 sys=0.00, real=0.02 secs] 
2023-03-06T04:59:23.506-0300: 389207.624: [GC (Allocation Failure) [PSYoungGen: 71936K->256K(72192K)] 1586891K->1515219K(2048512K), 0.0221588 secs] [Times: user=0.13 sys=0.00, real=0.02 secs] 
2023-03-06T05:04:24.249-0300: 389508.367: [GC (Allocation Failure) [PSYoungGen: 71936K->224K(72192K)] 1586899K->1515187K(2048512K), 0.0101796 secs] [Times: user=0.09 sys=0.00, real=0.01 secs] 
2023-03-06T05:09:24.966-0300: 389809.084: [GC (Allocation Failure) [PSYoungGen: 71904K->192K(72192K)] 1586867K->1515155K(2048512K), 0.0229848 secs] [Times: user=0.14 sys=0.00, real=0.02 secs] 
2023-03-06T05:14:25.596-0300: 390109.715: [GC (Allocation Failure) [PSYoungGen: 71872K->224K(72192K)] 1586835K->1515187K(2048512K), 0.0100567 secs] [Times: user=0.11 sys=0.00, real=0.01 secs] 
2023-03-06T05:19:26.120-0300: 390410.238: [GC (Allocation Failure) [PSYoungGen: 71904K->192K(72192K)] 1586867K->1515155K(2048512K), 0.0296918 secs] [Times: user=0.14 sys=0.00, real=0.03 secs] 
2023-03-06T05:24:22.037-0300: 390706.155: [GC (Allocation Failure) [PSYoungGen: 71872K->192K(72192K)] 1586835K->1515155K(2048512K), 0.0292065 secs] [Times: user=0.09 sys=0.00, real=0.03 secs] 
2023-03-06T05:29:22.758-0300: 391006.876: [GC (Allocation Failure) [PSYoungGen: 71872K->224K(72192K)] 1586835K->1515187K(2048512K), 0.0112350 secs] [Times: user=0.00 sys=0.00, real=0.01 secs] 
2023-03-06T05:34:23.525-0300: 391307.643: [GC (Allocation Failure) [PSYoungGen: 71904K->192K(72192K)] 1586867K->1515155K(2048512K), 0.0236466 secs] [Times: user=0.13 sys=0.00, real=0.02 secs] 
2023-03-06T05:39:24.198-0300: 391608.316: [GC (Allocation Failure) [PSYoungGen: 71872K->224K(72192K)] 1586835K->1515187K(2048512K), 0.0105607 secs] [Times: user=0.02 sys=0.00, real=0.01 secs] 
2023-03-06T05:44:24.817-0300: 391908.936: [GC (Allocation Failure) [PSYoungGen: 71904K->224K(72192K)] 1586867K->1515187K(2048512K), 0.0108743 secs] [Times: user=0.00 sys=0.00, real=0.01 secs] 
2023-03-06T05:49:25.498-0300: 392209.616: [GC (Allocation Failure) [PSYoungGen: 71904K->256K(72192K)] 1586867K->1515219K(2048512K), 0.0091309 secs] [Times: user=0.09 sys=0.00, real=0.01 secs] 
2023-03-06T05:54:26.245-0300: 392510.363: [GC (Allocation Failure) [PSYoungGen: 71936K->256K(72192K)] 1586899K->1515219K(2048512K), 0.0182819 secs] [Times: user=0.09 sys=0.00, real=0.02 secs] 
2023-03-06T05:59:27.011-0300: 392811.129: [GC (Allocation Failure) [PSYoungGen: 71936K->224K(72192K)] 1586899K->1515187K(2048512K), 0.0091402 secs] [Times: user=0.00 sys=0.00, real=0.01 secs] 
2023-03-06T06:04:22.746-0300: 393106.864: [GC (Allocation Failure) [PSYoungGen: 71904K->224K(72192K)] 1586867K->1515187K(2048512K), 0.0233444 secs] [Times: user=0.13 sys=0.00, real=0.02 secs] 
2023-03-06T06:09:23.540-0300: 393407.658: [GC (Allocation Failure) [PSYoungGen: 71904K->224K(72192K)] 1586867K->1515187K(2048512K), 0.0305266 secs] [Times: user=0.14 sys=0.00, real=0.03 secs] 
2023-03-06T06:14:24.235-0300: 393708.353: [GC (Allocation Failure) [PSYoungGen: 71904K->192K(72192K)] 1586867K->1515155K(2048512K), 0.0097437 secs] [Times: user=0.06 sys=0.02, real=0.01 secs] 
2023-03-06T06:19:24.940-0300: 394009.058: [GC (Allocation Failure) [PSYoungGen: 71872K->224K(72192K)] 1586835K->1515187K(2048512K), 0.0307179 secs] [Times: user=0.25 sys=0.00, real=0.03 secs] 
2023-03-06T06:24:24.128-0300: 394308.246: [GC (Allocation Failure) [PSYoungGen: 71904K->256K(72192K)] 1586867K->1515219K(2048512K), 0.0090311 secs] [Times: user=0.13 sys=0.00, real=0.01 secs] 
2023-03-06T06:29:21.375-0300: 394605.493: [GC (Allocation Failure) [PSYoungGen: 71936K->192K(72192K)] 1586899K->1515155K(2048512K), 0.0284828 secs] [Times: user=0.13 sys=0.00, real=0.03 secs] 
2023-03-06T06:34:22.145-0300: 394906.264: [GC (Allocation Failure) [PSYoungGen: 71872K->224K(72192K)] 1586835K->1515187K(2048512K), 0.0236701 secs] [Times: user=0.09 sys=0.00, real=0.02 secs] 
2023-03-06T06:39:22.904-0300: 395207.021: [GC (Allocation Failure) [PSYoungGen: 71904K->256K(72192K)] 1586867K->1515219K(2048512K), 0.0255357 secs] [Times: user=0.14 sys=0.00, real=0.02 secs] 
2023-03-06T06:44:23.745-0300: 395507.863: [GC (Allocation Failure) [PSYoungGen: 71936K->224K(72192K)] 1586899K->1515187K(2048512K), 0.0293725 secs] [Times: user=0.14 sys=0.00, real=0.03 secs] 
2023-03-06T06:49:24.350-0300: 395808.468: [GC (Allocation Failure) [PSYoungGen: 71904K->192K(72192K)] 1586867K->1515155K(2048512K), 0.0094906 secs] [Times: user=0.00 sys=0.00, real=0.01 secs] 
2023-03-06T06:54:24.964-0300: 396109.083: [GC (Allocation Failure) [PSYoungGen: 71872K->224K(72192K)] 1586835K->1515187K(2048512K), 0.0245931 secs] [Times: user=0.14 sys=0.00, real=0.03 secs] 
2023-03-06T06:59:25.614-0300: 396409.733: [GC (Allocation Failure) [PSYoungGen: 71904K->192K(72192K)] 1586867K->1515155K(2048512K), 0.0097025 secs] [Times: user=0.00 sys=0.00, real=0.01 secs] 
2023-03-06T07:04:26.333-0300: 396710.450: [GC (Allocation Failure) [PSYoungGen: 71872K->192K(72192K)] 1586835K->1515155K(2048512K), 0.0123218 secs] [Times: user=0.00 sys=0.00, real=0.01 secs] 
2023-03-06T07:09:22.109-0300: 397006.226: [GC (Allocation Failure) [PSYoungGen: 71872K->192K(72192K)] 1586835K->1515155K(2048512K), 0.0269904 secs] [Times: user=0.14 sys=0.00, real=0.03 secs] 
2023-03-06T07:14:22.843-0300: 397306.961: [GC (Allocation Failure) [PSYoungGen: 71872K->224K(72192K)] 1586835K->1515187K(2048512K), 0.0305485 secs] [Times: user=0.14 sys=0.00, real=0.03 secs] 
2023-03-06T07:19:23.589-0300: 397607.707: [GC (Allocation Failure) [PSYoungGen: 71904K->256K(72192K)] 1586867K->1515219K(2048512K), 0.0214579 secs] [Times: user=0.13 sys=0.00, real=0.02 secs] 
2023-03-06T07:24:24.235-0300: 397908.353: [GC (Allocation Failure) [PSYoungGen: 71936K->256K(72192K)] 1586899K->1515219K(2048512K), 0.0089326 secs] [Times: user=0.11 sys=0.00, real=0.01 secs] 
2023-03-06T07:29:24.876-0300: 398208.994: [GC (Allocation Failure) [PSYoungGen: 71936K->256K(72192K)] 1586899K->1515219K(2048512K), 0.0162292 secs] [Times: user=0.13 sys=0.00, real=0.02 secs] 
2023-03-06T07:34:25.625-0300: 398509.743: [GC (Allocation Failure) [PSYoungGen: 71936K->192K(72192K)] 1586899K->1515155K(2048512K), 0.0231198 secs] [Times: user=0.14 sys=0.00, real=0.02 secs] 
2023-03-06T07:39:26.392-0300: 398810.509: [GC (Allocation Failure) [PSYoungGen: 71872K->224K(72192K)] 1586835K->1515187K(2048512K), 0.0298623 secs] [Times: user=0.22 sys=0.01, real=0.03 secs] 
2023-03-06T07:44:22.128-0300: 399106.246: [GC (Allocation Failure) [PSYoungGen: 71904K->160K(72192K)] 1586867K->1515123K(2048512K), 0.0297990 secs] [Times: user=0.08 sys=0.00, real=0.03 secs] 
2023-03-06T07:49:17.919-0300: 399402.037: [GC (Allocation Failure) [PSYoungGen: 71840K->256K(72192K)] 1586803K->1515219K(2048512K), 0.0184794 secs] [Times: user=0.13 sys=0.00, real=0.02 secs] 
2023-03-06T07:54:18.685-0300: 399702.803: [GC (Allocation Failure) [PSYoungGen: 71936K->224K(72192K)] 1586899K->1515187K(2048512K), 0.0291424 secs] [Times: user=0.14 sys=0.00, real=0.03 secs] 
2023-03-06T07:59:19.321-0300: 400003.439: [GC (Allocation Failure) [PSYoungGen: 71904K->224K(72192K)] 1586867K->1515187K(2048512K), 0.0094316 secs] [Times: user=0.00 sys=0.00, real=0.01 secs] 
2023-03-06T08:04:19.981-0300: 400304.099: [GC (Allocation Failure) [PSYoungGen: 71904K->256K(72192K)] 1586867K->1515219K(2048512K), 0.0107162 secs] [Times: user=0.00 sys=0.00, real=0.01 secs] 
2023-03-06T08:09:20.679-0300: 400604.797: [GC (Allocation Failure) [PSYoungGen: 71936K->224K(72192K)] 1586899K->1515203K(2048512K), 0.0162804 secs] [Times: user=0.01 sys=0.00, real=0.02 secs] 
2023-03-06T08:14:21.388-0300: 400905.506: [GC (Allocation Failure) [PSYoungGen: 71904K->256K(72192K)] 1586883K->1515235K(2048512K), 0.0139234 secs] [Times: user=0.11 sys=0.00, real=0.01 secs] 
2023-03-06T08:19:22.158-0300: 401206.276: [GC (Allocation Failure) [PSYoungGen: 71936K->192K(72192K)] 1586915K->1515171K(2048512K), 0.0261697 secs] [Times: user=0.20 sys=0.03, real=0.03 secs] 
2023-03-06T08:24:22.941-0300: 401507.059: [GC (Allocation Failure) [PSYoungGen: 71872K->256K(72192K)] 1586851K->1515235K(2048512K), 0.0195628 secs] [Times: user=0.13 sys=0.02, real=0.02 secs] 
2023-03-06T08:29:18.793-0300: 401802.911: [GC (Allocation Failure) [PSYoungGen: 71936K->224K(72192K)] 1586915K->1515203K(2048512K), 0.0270268 secs] [Times: user=0.14 sys=0.00, real=0.03 secs] 
2023-03-06T08:34:18.128-0300: 402102.246: [GC (Allocation Failure) [PSYoungGen: 71904K->128K(72192K)] 1586883K->1515107K(2048512K), 0.0159905 secs] [Times: user=0.09 sys=0.00, real=0.01 secs] 
2023-03-06T08:39:15.089-0300: 402399.207: [GC (Allocation Failure) [PSYoungGen: 71808K->256K(72192K)] 1586787K->1515235K(2048512K), 0.0108641 secs] [Times: user=0.02 sys=0.00, real=0.01 secs] 
2023-03-06T08:44:15.760-0300: 402699.878: [GC (Allocation Failure) [PSYoungGen: 71936K->256K(72192K)] 1586915K->1515235K(2048512K), 0.0286690 secs] [Times: user=0.14 sys=0.00, real=0.03 secs] 
2023-03-06T08:49:16.539-0300: 403000.657: [GC (Allocation Failure) [PSYoungGen: 71936K->256K(72192K)] 1586915K->1515235K(2048512K), 0.0293018 secs] [Times: user=0.11 sys=0.00, real=0.03 secs] 
2023-03-06T08:54:17.317-0300: 403301.435: [GC (Allocation Failure) [PSYoungGen: 71936K->224K(72192K)] 1586915K->1515203K(2048512K), 0.0146885 secs] [Times: user=0.00 sys=0.02, real=0.02 secs] 
2023-03-06T08:59:18.069-0300: 403602.187: [GC (Allocation Failure) [PSYoungGen: 71904K->160K(72192K)] 1586883K->1515139K(2048512K), 0.0140244 secs] [Times: user=0.02 sys=0.00, real=0.01 secs] 
2023-03-06T09:04:18.820-0300: 403902.938: [GC (Allocation Failure) [PSYoungGen: 71840K->256K(72192K)] 1586819K->1515235K(2048512K), 0.0290362 secs] [Times: user=0.14 sys=0.00, real=0.03 secs] 
2023-03-06T09:09:19.507-0300: 404203.625: [GC (Allocation Failure) [PSYoungGen: 71936K->192K(72192K)] 1586915K->1515171K(2048512K), 0.0135066 secs] [Times: user=0.02 sys=0.00, real=0.01 secs] 
2023-03-06T09:14:20.181-0300: 404504.299: [GC (Allocation Failure) [PSYoungGen: 71872K->256K(72192K)] 1586851K->1515235K(2048512K), 0.0189501 secs] [Times: user=0.13 sys=0.00, real=0.02 secs] 
2023-03-06T09:19:15.830-0300: 404799.948: [GC (Allocation Failure) [PSYoungGen: 71936K->256K(72192K)] 1586915K->1515235K(2048512K), 0.0141553 secs] [Times: user=0.13 sys=0.00, real=0.01 secs] 
2023-03-06T09:24:16.130-0300: 405100.249: [GC (Allocation Failure) [PSYoungGen: 71936K->160K(72192K)] 1586915K->1515139K(2048512K), 0.0267126 secs] [Times: user=0.06 sys=0.00, real=0.03 secs] 
2023-03-06T09:29:12.151-0300: 405396.268: [GC (Allocation Failure) [PSYoungGen: 71840K->256K(72192K)] 1586819K->1515235K(2048512K), 0.0400573 secs] [Times: user=0.25 sys=0.00, real=0.04 secs] 
2023-03-06T09:34:12.861-0300: 405696.979: [GC (Allocation Failure) [PSYoungGen: 71936K->256K(72192K)] 1586915K->1515235K(2048512K), 0.0206803 secs] [Times: user=0.13 sys=0.00, real=0.02 secs] 
2023-03-06T09:39:13.478-0300: 405997.596: [GC (Allocation Failure) [PSYoungGen: 71936K->192K(72192K)] 1586915K->1515171K(2048512K), 0.0133882 secs] [Times: user=0.02 sys=0.00, real=0.01 secs] 
2023-03-06T09:44:14.121-0300: 406298.239: [GC (Allocation Failure) [PSYoungGen: 71872K->224K(72192K)] 1586851K->1515203K(2048512K), 0.0125163 secs] [Times: user=0.08 sys=0.01, real=0.01 secs] 
2023-03-06T09:49:14.708-0300: 406598.826: [GC (Allocation Failure) [PSYoungGen: 71904K->256K(72192K)] 1586883K->1515235K(2048512K), 0.0277126 secs] [Times: user=0.11 sys=0.00, real=0.03 secs] 
2023-03-06T09:54:15.440-0300: 406899.557: [GC (Allocation Failure) [PSYoungGen: 71936K->192K(72192K)] 1586915K->1515171K(2048512K), 0.0140780 secs] [Times: user=0.13 sys=0.00, real=0.01 secs] 
2023-03-06T09:59:16.058-0300: 407200.176: [GC (Allocation Failure) [PSYoungGen: 71872K->128K(72192K)] 1586851K->1515107K(2048512K), 0.0165173 secs] [Times: user=0.06 sys=0.00, real=0.02 secs] 
2023-03-06T10:04:12.057-0300: 407496.174: [GC (Allocation Failure) [PSYoungGen: 71808K->256K(72192K)] 1586787K->1515235K(2048512K), 0.0376142 secs] [Times: user=0.02 sys=0.00, real=0.04 secs] 
2023-03-06T10:09:12.991-0300: 407797.109: [GC (Allocation Failure) [PSYoungGen: 71936K->256K(72192K)] 1586915K->1515235K(2048512K), 0.0328190 secs] [Times: user=0.11 sys=0.00, real=0.03 secs] 
2023-03-06T10:14:13.124-0300: 408097.242: [GC (Allocation Failure) [PSYoungGen: 71936K->256K(72192K)] 1586915K->1515235K(2048512K), 0.0117450 secs] [Times: user=0.13 sys=0.00, real=0.01 secs] 
2023-03-06T10:19:09.440-0300: 408393.559: [GC (Allocation Failure) [PSYoungGen: 71936K->256K(72192K)] 1586915K->1515235K(2048512K), 0.0427164 secs] [Times: user=0.27 sys=0.00, real=0.04 secs] 
2023-03-06T10:24:12.270-0300: 408694.515: [GC (Allocation Failure) [PSYoungGen: 71936K->256K(72192K)] 1586915K->1515235K(2048512K), 0.0279402 secs] [Times: user=0.11 sys=0.00, real=0.03 secs] 
2023-03-06T10:29:13.022-0300: 408995.266: [GC (Allocation Failure) [PSYoungGen: 71936K->192K(72192K)] 1586915K->1515171K(2048512K), 0.0087470 secs] [Times: user=0.00 sys=0.00, real=0.01 secs] 
2023-03-06T10:34:12.101-0300: 409294.346: [GC (Allocation Failure) [PSYoungGen: 71872K->224K(72192K)] 1586851K->1515203K(2048512K), 0.0365861 secs] [Times: user=0.25 sys=0.00, real=0.04 secs] 
2023-03-06T10:39:09.444-0300: 409591.689: [GC (Allocation Failure) [PSYoungGen: 71904K->256K(72192K)] 1586883K->1515235K(2048512K), 0.0453610 secs] [Times: user=0.24 sys=0.00, real=0.05 secs] 
2023-03-06T10:44:10.296-0300: 409892.541: [GC (Allocation Failure) [PSYoungGen: 71936K->256K(72192K)] 1586915K->1515235K(2048512K), 0.0184301 secs] [Times: user=0.13 sys=0.00, real=0.02 secs] 
2023-03-06T10:49:11.010-0300: 410193.254: [GC (Allocation Failure) [PSYoungGen: 71936K->192K(72192K)] 1586915K->1515171K(2048512K), 0.0128366 secs] [Times: user=0.02 sys=0.00, real=0.01 secs] 
2023-03-06T10:54:11.684-0300: 410493.929: [GC (Allocation Failure) [PSYoungGen: 71872K->256K(72192K)] 1586851K->1515235K(2048512K), 0.0121461 secs] [Times: user=0.06 sys=0.00, real=0.01 secs] 
2023-03-06T10:59:02.493-0300: 410784.737: [GC (Allocation Failure) [PSYoungGen: 71936K->256K(72192K)] 1586915K->1515235K(2048512K), 0.0117365 secs] [Times: user=0.02 sys=0.00, real=0.01 secs] 
2023-03-06T11:03:58.726-0300: 411080.971: [GC (Allocation Failure) [PSYoungGen: 71936K->256K(72192K)] 1586915K->1515235K(2048512K), 0.0362408 secs] [Times: user=0.20 sys=0.00, real=0.04 secs] 
2023-03-06T11:08:55.006-0300: 411377.251: [GC (Allocation Failure) [PSYoungGen: 71936K->192K(72192K)] 1586915K->1515171K(2048512K), 0.0324646 secs] [Times: user=0.14 sys=0.00, real=0.03 secs] 
2023-03-06T11:13:54.997-0300: 411677.241: [GC (Allocation Failure) [PSYoungGen: 71872K->256K(72192K)] 1586851K->1515235K(2048512K), 0.0333180 secs] [Times: user=0.22 sys=0.00, real=0.03 secs] 
2023-03-06T11:18:50.806-0300: 411973.051: [GC (Allocation Failure) [PSYoungGen: 71936K->224K(72192K)] 1586915K->1515203K(2048512K), 0.0231857 secs] [Times: user=0.13 sys=0.00, real=0.02 secs] 
2023-03-06T11:23:47.111-0300: 412269.355: [GC (Allocation Failure) [PSYoungGen: 71904K->96K(72192K)] 1586883K->1515075K(2048512K), 0.0303038 secs] [Times: user=0.17 sys=0.00, real=0.03 secs] 
2023-03-06T11:28:47.144-0300: 412569.388: [GC (Allocation Failure) [PSYoungGen: 71776K->256K(72192K)] 1586755K->1515235K(2048512K), 0.0332655 secs] [Times: user=0.14 sys=0.00, real=0.03 secs] 
2023-03-06T11:33:47.866-0300: 412870.111: [GC (Allocation Failure) [PSYoungGen: 71936K->224K(72192K)] 1586915K->1515203K(2048512K), 0.0120068 secs] [Times: user=0.02 sys=0.00, real=0.01 secs] 
2023-03-06T11:38:48.579-0300: 413170.823: [GC (Allocation Failure) [PSYoungGen: 71904K->224K(72192K)] 1586883K->1515203K(2048512K), 0.1067405 secs] [Times: user=0.78 sys=0.00, real=0.11 secs] 
2023-03-06T11:43:48.992-0300: 413471.237: [GC (Allocation Failure) [PSYoungGen: 71904K->192K(72192K)] 1586883K->1515171K(2048512K), 0.0217424 secs] [Times: user=0.13 sys=0.00, real=0.02 secs] 
2023-03-06T11:48:45.087-0300: 413767.332: [GC (Allocation Failure) [PSYoungGen: 71872K->256K(72192K)] 1586851K->1515235K(2048512K), 0.0291967 secs] [Times: user=0.14 sys=0.00, real=0.03 secs] 
2023-03-06T11:53:45.828-0300: 414068.072: [GC (Allocation Failure) [PSYoungGen: 71936K->256K(72192K)] 1586915K->1515235K(2048512K), 0.0375223 secs] [Times: user=0.27 sys=0.00, real=0.04 secs] 
2023-03-06T11:58:46.448-0300: 414368.692: [GC (Allocation Failure) [PSYoungGen: 71936K->192K(72192K)] 1586915K->1515171K(2048512K), 0.0098961 secs] [Times: user=0.02 sys=0.00, real=0.01 secs] 
2023-03-06T12:03:47.200-0300: 414669.445: [GC (Allocation Failure) [PSYoungGen: 71872K->256K(72192K)] 1586851K->1515235K(2048512K), 0.1207799 secs] [Times: user=0.47 sys=0.02, real=0.12 secs] 
2023-03-06T12:08:43.017-0300: 414965.261: [GC (Allocation Failure) [PSYoungGen: 71936K->192K(72192K)] 1586915K->1515171K(2048512K), 0.0101478 secs] [Times: user=0.13 sys=0.00, real=0.01 secs] 
2023-03-06T12:13:38.715-0300: 415260.960: [GC (Allocation Failure) [PSYoungGen: 71872K->224K(72192K)] 1586851K->1515203K(2048512K), 0.0146506 secs] [Times: user=0.11 sys=0.00, real=0.02 secs] 
2023-03-06T12:18:34.743-0300: 415556.988: [GC (Allocation Failure) [PSYoungGen: 71904K->256K(72192K)] 1586883K->1515235K(2048512K), 0.0124380 secs] [Times: user=0.00 sys=0.00, real=0.01 secs] 
2023-03-06T12:23:30.438-0300: 415852.683: [GC (Allocation Failure) [PSYoungGen: 71936K->256K(72192K)] 1586915K->1515235K(2048512K), 0.0167830 secs] [Times: user=0.11 sys=0.00, real=0.02 secs] 
2023-03-06T12:28:31.056-0300: 416153.301: [GC (Allocation Failure) [PSYoungGen: 71936K->192K(72192K)] 1586915K->1515171K(2048512K), 0.0126009 secs] [Times: user=0.02 sys=0.00, real=0.01 secs] 
2023-03-06T12:33:31.690-0300: 416453.934: [GC (Allocation Failure) [PSYoungGen: 71872K->256K(72192K)] 1586851K->1515235K(2048512K), 0.0188794 secs] [Times: user=0.13 sys=0.00, real=0.02 secs] 
2023-03-06T12:38:27.416-0300: 416749.660: [GC (Allocation Failure) [PSYoungGen: 71936K->256K(72192K)] 1586915K->1515235K(2048512K), 0.0086697 secs] [Times: user=0.00 sys=0.00, real=0.01 secs] 
2023-03-06T12:43:27.000-0300: 417049.244: [GC (Allocation Failure) [PSYoungGen: 71936K->160K(72192K)] 1586915K->1515139K(2048512K), 0.0208185 secs] [Times: user=0.11 sys=0.00, real=0.02 secs] 
2023-03-06T12:48:20.998-0300: 417343.242: [GC (Allocation Failure) [PSYoungGen: 71840K->64K(72192K)] 1586819K->1515043K(2048512K), 0.0099500 secs] [Times: user=0.05 sys=0.00, real=0.01 secs] 
2023-03-06T12:53:15.002-0300: 417637.247: [GC (Allocation Failure) [PSYoungGen: 71744K->96K(72192K)] 1586723K->1515075K(2048512K), 0.0197451 secs] [Times: user=0.06 sys=0.00, real=0.02 secs] 
2023-03-06T12:58:15.162-0300: 417937.406: [GC (Allocation Failure) [PSYoungGen: 71776K->256K(72192K)] 1586755K->1515235K(2048512K), 0.0285383 secs] [Times: user=0.13 sys=0.00, real=0.03 secs] 
2023-03-06T13:03:11.994-0300: 418234.239: [GC (Allocation Failure) [PSYoungGen: 71936K->160K(72192K)] 1586915K->1515139K(2048512K), 0.0178824 secs] [Times: user=0.13 sys=0.00, real=0.02 secs] 
2023-03-06T13:08:11.455-0300: 418533.700: [GC (Allocation Failure) [PSYoungGen: 71840K->256K(72192K)] 1586819K->1515235K(2048512K), 0.0151433 secs] [Times: user=0.13 sys=0.00, real=0.02 secs] 
2023-03-06T13:13:12.177-0300: 418834.421: [GC (Allocation Failure) [PSYoungGen: 71936K->224K(72192K)] 1586915K->1515203K(2048512K), 0.0185848 secs] [Times: user=0.02 sys=0.00, real=0.02 secs] 
2023-03-06T13:18:12.827-0300: 419135.071: [GC (Allocation Failure) [PSYoungGen: 71904K->224K(72192K)] 1586883K->1515203K(2048512K), 0.0294234 secs] [Times: user=0.13 sys=0.00, real=0.03 secs] 
2023-03-06T13:23:08.578-0300: 419430.822: [GC (Allocation Failure) [PSYoungGen: 71904K->224K(72192K)] 1586883K->1515203K(2048512K), 0.0299986 secs] [Times: user=0.25 sys=0.00, real=0.03 secs] 
2023-03-06T13:28:04.412-0300: 419726.657: [GC (Allocation Failure) [PSYoungGen: 71904K->256K(72192K)] 1586883K->1515235K(2048512K), 0.0274191 secs] [Times: user=0.13 sys=0.00, real=0.03 secs] 
2023-03-06T13:33:00.091-0300: 420022.336: [GC (Allocation Failure) [PSYoungGen: 71936K->256K(72192K)] 1586915K->1515235K(2048512K), 0.0086071 secs] [Times: user=0.11 sys=0.02, real=0.01 secs] 
2023-03-06T13:37:56.999-0300: 420319.243: [GC (Allocation Failure) [PSYoungGen: 71936K->128K(72192K)] 1586915K->1515107K(2048512K), 0.0097613 secs] [Times: user=0.09 sys=0.00, real=0.01 secs] 
2023-03-06T13:42:56.531-0300: 420618.776: [GC (Allocation Failure) [PSYoungGen: 71808K->224K(72192K)] 1586787K->1515203K(2048512K), 0.0202065 secs] [Times: user=0.14 sys=0.00, real=0.02 secs] 
2023-03-06T13:47:52.999-0300: 420915.243: [GC (Allocation Failure) [PSYoungGen: 71904K->128K(72192K)] 1586883K->1515107K(2048512K), 0.0104886 secs] [Times: user=0.11 sys=0.00, real=0.01 secs] 
2023-03-06T13:52:52.939-0300: 421215.184: [GC (Allocation Failure) [PSYoungGen: 71808K->256K(72192K)] 1586787K->1515235K(2048512K), 0.0261656 secs] [Times: user=0.25 sys=0.00, real=0.03 secs] 
2023-03-06T13:57:48.998-0300: 421511.243: [GC (Allocation Failure) [PSYoungGen: 71936K->96K(72192K)] 1586915K->1515075K(2048512K), 0.0110775 secs] [Times: user=0.08 sys=0.00, real=0.01 secs] 
2023-03-06T14:02:49.356-0300: 421811.601: [GC (Allocation Failure) [PSYoungGen: 71776K->256K(72192K)] 1586755K->1515235K(2048512K), 0.0093198 secs] [Times: user=0.00 sys=0.00, real=0.01 secs] 
2023-03-06T14:07:45.369-0300: 422107.614: [GC (Allocation Failure) [PSYoungGen: 71936K->224K(72192K)] 1586915K->1515203K(2048512K), 0.0260805 secs] [Times: user=0.14 sys=0.00, real=0.03 secs] 
2023-03-06T14:12:45.529-0300: 422407.774: [GC (Allocation Failure) [PSYoungGen: 71904K->224K(72192K)] 1586883K->1515203K(2048512K), 0.0102741 secs] [Times: user=0.06 sys=0.00, real=0.01 secs] 
2023-03-06T14:17:44.991-0300: 422707.236: [GC (Allocation Failure) [PSYoungGen: 71904K->160K(72192K)] 1586883K->1515139K(2048512K), 0.0290194 secs] [Times: user=0.14 sys=0.00, real=0.03 secs] 
2023-03-06T14:22:39.991-0300: 423002.235: [GC (Allocation Failure) [PSYoungGen: 71840K->64K(72192K)] 1586819K->1515043K(2048512K), 0.0134514 secs] [Times: user=0.02 sys=0.00, real=0.01 secs] 
2023-03-06T14:27:33.002-0300: 423295.246: [GC (Allocation Failure) [PSYoungGen: 71744K->96K(72192K)] 1586723K->1515075K(2048512K), 0.0157295 secs] [Times: user=0.08 sys=0.00, real=0.02 secs] 
2023-03-06T14:32:33.143-0300: 423595.388: [GC (Allocation Failure) [PSYoungGen: 71776K->256K(72192K)] 1586755K->1515235K(2048512K), 0.0123155 secs] [Times: user=0.13 sys=0.00, real=0.01 secs] 
2023-03-06T14:37:28.877-0300: 423891.122: [GC (Allocation Failure) [PSYoungGen: 71936K->256K(72192K)] 1586915K->1515235K(2048512K), 0.0422446 secs] [Times: user=0.33 sys=0.02, real=0.04 secs] 
2023-03-06T14:42:25.052-0300: 424187.297: [GC (Allocation Failure) [PSYoungGen: 71936K->224K(72192K)] 1586915K->1515203K(2048512K), 0.0298816 secs] [Times: user=0.14 sys=0.00, real=0.03 secs] 
2023-03-06T14:47:25.740-0300: 424487.985: [GC (Allocation Failure) [PSYoungGen: 71904K->256K(72192K)] 1586883K->1515235K(2048512K), 0.0206384 secs] [Times: user=0.13 sys=0.00, real=0.02 secs] 
2023-03-06T14:52:21.546-0300: 424783.791: [GC (Allocation Failure) [PSYoungGen: 71936K->256K(72192K)] 1586915K->1515235K(2048512K), 0.0255434 secs] [Times: user=0.25 sys=0.00, real=0.03 secs] 
2023-03-06T14:57:22.270-0300: 425084.514: [GC (Allocation Failure) [PSYoungGen: 71936K->256K(72192K)] 1586915K->1515235K(2048512K), 0.0243525 secs] [Times: user=0.09 sys=0.00, real=0.02 secs] 
2023-03-06T15:02:22.968-0300: 425385.212: [GC (Allocation Failure) [PSYoungGen: 71936K->160K(72192K)] 1586915K->1515139K(2048512K), 0.0275191 secs] [Times: user=0.08 sys=0.00, real=0.03 secs] 
2023-03-06T15:07:23.715-0300: 425685.960: [GC (Allocation Failure) [PSYoungGen: 71840K->256K(72192K)] 1586819K->1515235K(2048512K), 0.0209570 secs] [Times: user=0.13 sys=0.00, real=0.02 secs] 
2023-03-06T15:12:24.427-0300: 425986.672: [GC (Allocation Failure) [PSYoungGen: 71936K->256K(72192K)] 1586915K->1515235K(2048512K), 0.0318977 secs] [Times: user=0.14 sys=0.00, real=0.03 secs] 
2023-03-06T15:17:20.186-0300: 426282.430: [GC (Allocation Failure) [PSYoungGen: 71936K->224K(72192K)] 1586915K->1515203K(2048512K), 0.0335848 secs] [Times: user=0.25 sys=0.00, real=0.03 secs] 
2023-03-06T15:22:19.997-0300: 426582.242: [GC (Allocation Failure) [PSYoungGen: 71904K->224K(72192K)] 1586883K->1515203K(2048512K), 0.0421563 secs] [Times: user=0.19 sys=0.00, real=0.04 secs] 
2023-03-06T15:27:13.999-0300: 426876.243: [GC (Allocation Failure) [PSYoungGen: 71904K->192K(72192K)] 1586883K->1515171K(2048512K), 0.0130956 secs] [Times: user=0.11 sys=0.00, real=0.01 secs] 
2023-03-06T15:32:08.000-0300: 427170.244: [GC (Allocation Failure) [PSYoungGen: 71872K->128K(72192K)] 1586851K->1515107K(2048512K), 0.0241935 secs] [Times: user=0.11 sys=0.00, real=0.02 secs] 
2023-03-06T15:37:03.998-0300: 427466.242: [GC (Allocation Failure) [PSYoungGen: 71808K->256K(72192K)] 1586787K->1515235K(2048512K), 0.0294900 secs] [Times: user=0.25 sys=0.00, real=0.03 secs] 
2023-03-06T15:42:03.441-0300: 427765.685: [GC (Allocation Failure) [PSYoungGen: 71936K->256K(72192K)] 1586915K->1515235K(2048512K), 0.0127072 secs] [Times: user=0.00 sys=0.00, real=0.01 secs] 
2023-03-06T15:47:04.080-0300: 428066.325: [GC (Allocation Failure) [PSYoungGen: 71936K->256K(72192K)] 1586915K->1515235K(2048512K), 0.0124589 secs] [Times: user=0.13 sys=0.00, real=0.01 secs] 
2023-03-06T15:52:04.739-0300: 428366.983: [GC (Allocation Failure) [PSYoungGen: 71936K->256K(72192K)] 1586915K->1515235K(2048512K), 0.0154055 secs] [Times: user=0.01 sys=0.00, real=0.01 secs] 
2023-03-06T15:57:05.444-0300: 428667.688: [GC (Allocation Failure) [PSYoungGen: 71936K->256K(72192K)] 1586915K->1515235K(2048512K), 0.0207582 secs] [Times: user=0.13 sys=0.00, real=0.02 secs] 
2023-03-06T16:02:06.153-0300: 428968.397: [GC (Allocation Failure) [PSYoungGen: 71936K->224K(72192K)] 1586915K->1515203K(2048512K), 0.0119912 secs] [Times: user=0.11 sys=0.00, real=0.01 secs] 
2023-03-06T16:07:06.842-0300: 429269.086: [GC (Allocation Failure) [PSYoungGen: 71904K->256K(72192K)] 1586883K->1515235K(2048512K), 0.0310994 secs] [Times: user=0.22 sys=0.00, real=0.03 secs] 
2023-03-06T16:12:07.554-0300: 429569.799: [GC (Allocation Failure) [PSYoungGen: 71936K->224K(72192K)] 1586915K->1515203K(2048512K), 0.0118625 secs] [Times: user=0.02 sys=0.00, real=0.01 secs] 
2023-03-06T16:17:04.813-0300: 429867.058: [GC (Allocation Failure) [PSYoungGen: 71904K->256K(72192K)] 1586883K->1515235K(2048512K), 0.0313103 secs] [Times: user=0.22 sys=0.01, real=0.03 secs] 
2023-03-06T16:22:03.923-0300: 430166.167: [GC (Allocation Failure) [PSYoungGen: 71936K->224K(72192K)] 1586915K->1515203K(2048512K), 0.0163078 secs] [Times: user=0.11 sys=0.00, real=0.02 secs] 
2023-03-06T16:27:04.965-0300: 430467.210: [GC (Allocation Failure) [PSYoungGen: 71904K->224K(72192K)] 1586883K->1515203K(2048512K), 0.0233859 secs] [Times: user=0.13 sys=0.00, real=0.02 secs] 
2023-03-06T16:32:05.674-0300: 430767.919: [GC (Allocation Failure) [PSYoungGen: 71904K->192K(72192K)] 1586883K->1515171K(2048512K), 0.0264367 secs] [Times: user=0.14 sys=0.00, real=0.03 secs] 
2023-03-06T16:37:06.323-0300: 431068.567: [GC (Allocation Failure) [PSYoungGen: 71872K->256K(72192K)] 1586851K->1515235K(2048512K), 0.0208479 secs] [Times: user=0.13 sys=0.00, real=0.02 secs] 
2023-03-06T16:42:05.111-0300: 431367.355: [GC (Allocation Failure) [PSYoungGen: 71936K->256K(72192K)] 1586915K->1515235K(2048512K), 0.0279873 secs] [Times: user=0.19 sys=0.03, real=0.03 secs] 
2023-03-06T16:47:02.692-0300: 431664.937: [GC (Allocation Failure) [PSYoungGen: 71936K->256K(72192K)] 1586915K->1515235K(2048512K), 0.0339140 secs] [Times: user=0.13 sys=0.02, real=0.04 secs] 
2023-03-06T16:52:03.419-0300: 431965.664: [GC (Allocation Failure) [PSYoungGen: 71936K->224K(72192K)] 1586915K->1515203K(2048512K), 0.0291771 secs] [Times: user=0.14 sys=0.00, real=0.03 secs] 
2023-03-06T16:57:04.231-0300: 432266.475: [GC (Allocation Failure) [PSYoungGen: 71904K->256K(72192K)] 1586883K->1515235K(2048512K), 0.0321869 secs] [Times: user=0.24 sys=0.00, real=0.03 secs] 
2023-03-06T17:02:04.941-0300: 432567.186: [GC (Allocation Failure) [PSYoungGen: 71936K->256K(72192K)] 1586915K->1515235K(2048512K), 0.0108577 secs] [Times: user=0.00 sys=0.00, real=0.01 secs] 
2023-03-06T17:07:05.628-0300: 432867.872: [GC (Allocation Failure) [PSYoungGen: 71936K->256K(72192K)] 1586915K->1515235K(2048512K), 0.0128366 secs] [Times: user=0.13 sys=0.00, real=0.01 secs] 
2023-03-06T17:12:06.313-0300: 433168.557: [GC (Allocation Failure) [PSYoungGen: 71936K->256K(72192K)] 1586915K->1515235K(2048512K), 0.0363347 secs] [Times: user=0.24 sys=0.00, real=0.04 secs] 
2023-03-06T17:17:07.077-0300: 433469.321: [GC (Allocation Failure) [PSYoungGen: 71936K->256K(72192K)] 1586915K->1515235K(2048512K), 0.0215407 secs] [Times: user=0.14 sys=0.00, real=0.02 secs] 
2023-03-06T17:22:07.991-0300: 433770.235: [GC (Allocation Failure) [PSYoungGen: 71936K->256K(72192K)] 1586915K->1515235K(2048512K), 0.0096388 secs] [Times: user=0.00 sys=0.00, real=0.01 secs] 
2023-03-06T17:27:03.756-0300: 434066.002: [GC (Allocation Failure) [PSYoungGen: 71936K->224K(72192K)] 1586915K->1515203K(2048512K), 0.0190645 secs] [Times: user=0.09 sys=0.01, real=0.02 secs] 
2023-03-06T17:32:04.432-0300: 434366.677: [GC (Allocation Failure) [PSYoungGen: 71904K->192K(72192K)] 1586883K->1515171K(2048512K), 0.0142154 secs] [Times: user=0.11 sys=0.00, real=0.01 secs] 
2023-03-06T17:37:05.181-0300: 434667.426: [GC (Allocation Failure) [PSYoungGen: 71872K->256K(72192K)] 1586851K->1515235K(2048512K), 0.0283746 secs] [Times: user=0.08 sys=0.00, real=0.03 secs] 
2023-03-06T17:42:05.889-0300: 434968.134: [GC (Allocation Failure) [PSYoungGen: 71936K->224K(72192K)] 1586915K->1515203K(2048512K), 0.0238447 secs] [Times: user=0.14 sys=0.00, real=0.02 secs] 
2023-03-06T17:47:05.000-0300: 435267.245: [GC (Allocation Failure) [PSYoungGen: 71904K->192K(72192K)] 1586883K->1515171K(2048512K), 0.0220664 secs] [Times: user=0.14 sys=0.00, real=0.02 secs] 
2023-03-06T17:52:02.216-0300: 435564.461: [GC (Allocation Failure) [PSYoungGen: 71872K->256K(72192K)] 1586851K->1515235K(2048512K), 0.0098145 secs] [Times: user=0.11 sys=0.00, real=0.01 secs] 
2023-03-06T17:56:57.903-0300: 435860.148: [GC (Allocation Failure) [PSYoungGen: 71936K->256K(72192K)] 1586915K->1515235K(2048512K), 0.0129278 secs] [Times: user=0.13 sys=0.00, real=0.01 secs] 
2023-03-06T18:01:58.594-0300: 436160.839: [GC (Allocation Failure) [PSYoungGen: 71936K->288K(72192K)] 1586915K->1515267K(2048512K), 0.1115317 secs] [Times: user=0.61 sys=0.00, real=0.11 secs] 
2023-03-06T18:06:54.464-0300: 436456.709: [GC (Allocation Failure) [PSYoungGen: 71968K->256K(72192K)] 1586947K->1515235K(2048512K), 0.0355830 secs] [Times: user=0.24 sys=0.00, real=0.04 secs] 
2023-03-06T18:11:53.994-0300: 436756.239: [GC (Allocation Failure) [PSYoungGen: 71936K->192K(72192K)] 1586915K->1515171K(2048512K), 0.0279708 secs] [Times: user=0.14 sys=0.00, real=0.03 secs] 
2023-03-06T18:16:50.883-0300: 437053.127: [GC (Allocation Failure) [PSYoungGen: 71872K->224K(72192K)] 1586851K->1515203K(2048512K), 0.0233312 secs] [Times: user=0.11 sys=0.00, real=0.02 secs] 
2023-03-06T18:21:51.526-0300: 437353.771: [GC (Allocation Failure) [PSYoungGen: 71904K->256K(72192K)] 1586883K->1515235K(2048512K), 0.0256979 secs] [Times: user=0.14 sys=0.00, real=0.03 secs] 
2023-03-06T18:26:50.999-0300: 437653.243: [GC (Allocation Failure) [PSYoungGen: 71936K->160K(72192K)] 1586915K->1515139K(2048512K), 0.0329272 secs] [Times: user=0.13 sys=0.00, real=0.03 secs] 
2023-03-06T18:31:47.771-0300: 437950.015: [GC (Allocation Failure) [PSYoungGen: 71840K->224K(72192K)] 1586819K->1515203K(2048512K), 0.0130804 secs] [Times: user=0.00 sys=0.00, real=0.01 secs] 
2023-03-06T18:36:48.465-0300: 438250.710: [GC (Allocation Failure) [PSYoungGen: 71904K->96K(72192K)] 1586883K->1515075K(2048512K), 0.0147350 secs] [Times: user=0.09 sys=0.00, real=0.02 secs] 
2023-03-06T18:41:48.003-0300: 438550.248: [GC (Allocation Failure) [PSYoungGen: 71776K->160K(72192K)] 1586755K->1515139K(2048512K), 0.0450830 secs] [Times: user=0.25 sys=0.00, real=0.05 secs] 
2023-03-06T18:46:43.001-0300: 438845.245: [GC (Allocation Failure) [PSYoungGen: 71840K->128K(72192K)] 1586819K->1515107K(2048512K), 0.0317058 secs] [Times: user=0.23 sys=0.00, real=0.03 secs] 
2023-03-06T18:51:40.644-0300: 439142.889: [GC (Allocation Failure) [PSYoungGen: 71808K->256K(72192K)] 1586787K->1515235K(2048512K), 0.0330681 secs] [Times: user=0.13 sys=0.00, real=0.03 secs] 
2023-03-06T18:56:36.438-0300: 439438.683: [GC (Allocation Failure) [PSYoungGen: 71936K->224K(72192K)] 1586915K->1515203K(2048512K), 0.0251249 secs] [Times: user=0.20 sys=0.00, real=0.03 secs] 
2023-03-06T19:01:32.378-0300: 439734.622: [GC (Allocation Failure) [PSYoungGen: 71904K->192K(72192K)] 1586883K->1515171K(2048512K), 0.0143934 secs] [Times: user=0.09 sys=0.00, real=0.01 secs] 
2023-03-06T19:06:28.993-0300: 440031.237: [GC (Allocation Failure) [PSYoungGen: 71872K->256K(72192K)] 1586851K->1515235K(2048512K), 0.0266418 secs] [Times: user=0.14 sys=0.00, real=0.03 secs] 
2023-03-06T19:11:28.800-0300: 440331.045: [GC (Allocation Failure) [PSYoungGen: 71936K->192K(72192K)] 1586915K->1515171K(2048512K), 0.0202277 secs] [Times: user=0.05 sys=0.00, real=0.02 secs] 
2023-03-06T19:16:29.387-0300: 440631.632: [GC (Allocation Failure) [PSYoungGen: 71872K->256K(72192K)] 1586851K->1515235K(2048512K), 0.0137753 secs] [Times: user=0.13 sys=0.00, real=0.01 secs] 
2023-03-06T19:21:25.102-0300: 440927.347: [GC (Allocation Failure) [PSYoungGen: 71936K->256K(72192K)] 1586915K->1515235K(2048512K), 0.0124786 secs] [Times: user=0.02 sys=0.00, real=0.01 secs] 
2023-03-06T19:23:24.538-0300: 441046.782: [GC (Allocation Failure) [PSYoungGen: 71936K->512K(72192K)] 1586915K->1515499K(2048512K), 0.2389695 secs] [Times: user=0.44 sys=0.02, real=0.24 secs] 
2023-03-06T19:28:11.782-0300: 441334.026: [GC (Allocation Failure) [PSYoungGen: 72192K->464K(72192K)] 1587179K->1515459K(2048512K), 0.1635229 secs] [Times: user=0.19 sys=0.00, real=0.16 secs] 
2023-03-06T19:33:11.038-0300: 441633.283: [GC (Allocation Failure) [PSYoungGen: 72144K->384K(72192K)] 1587139K->1515379K(2048512K), 0.0418038 secs] [Times: user=0.09 sys=0.00, real=0.04 secs] 
2023-03-06T19:38:08.334-0300: 441930.579: [GC (Allocation Failure) [PSYoungGen: 72064K->368K(72192K)] 1587059K->1515363K(2048512K), 0.0491968 secs] [Times: user=0.08 sys=0.00, real=0.05 secs] 
2023-03-06T19:43:04.033-0300: 442226.278: [GC (Allocation Failure) [PSYoungGen: 72048K->448K(72192K)] 1587043K->1515443K(2048512K), 0.0402112 secs] [Times: user=0.22 sys=0.00, real=0.04 secs] 
2023-03-06T19:48:04.796-0300: 442527.040: [GC (Allocation Failure) [PSYoungGen: 72128K->464K(72704K)] 1587123K->1515459K(2049024K), 0.0550694 secs] [Times: user=0.13 sys=0.00, real=0.06 secs] 
2023-03-06T19:53:05.550-0300: 442827.794: [GC (Allocation Failure) [PSYoungGen: 72144K->400K(72192K)] 1587139K->1515395K(2048512K), 0.0239080 secs] [Times: user=0.20 sys=0.00, real=0.02 secs] 
2023-03-06T19:58:01.218-0300: 443123.463: [GC (Allocation Failure) [PSYoungGen: 72080K->432K(72704K)] 1587075K->1515427K(2049024K), 0.0494332 secs] [Times: user=0.23 sys=0.00, real=0.05 secs] 
2023-03-06T20:02:57.392-0300: 443419.639: [GC (Allocation Failure) [PSYoungGen: 72112K->544K(72704K)] 1587107K->1515539K(2049024K), 0.0918192 secs] [Times: user=0.05 sys=0.00, real=0.09 secs] 
2023-03-06T20:07:58.167-0300: 443720.412: [GC (Allocation Failure) [PSYoungGen: 72224K->416K(72192K)] 1587219K->1515411K(2048512K), 0.0212281 secs] [Times: user=0.13 sys=0.00, real=0.02 secs] 
2023-03-06T20:12:53.908-0300: 444016.152: [GC (Allocation Failure) [PSYoungGen: 72096K->480K(72192K)] 1587091K->1515475K(2048512K), 0.0221416 secs] [Times: user=0.25 sys=0.00, real=0.02 secs] 
2023-03-06T20:17:54.514-0300: 444316.759: [GC (Allocation Failure) [PSYoungGen: 72160K->464K(72704K)] 1587155K->1515459K(2049024K), 0.0462810 secs] [Times: user=0.20 sys=0.02, real=0.05 secs] 
2023-03-06T20:22:50.332-0300: 444612.577: [GC (Allocation Failure) [PSYoungGen: 72144K->432K(72192K)] 1587139K->1515427K(2048512K), 0.0168852 secs] [Times: user=0.02 sys=0.00, real=0.02 secs] 
2023-03-06T20:27:45.951-0300: 444908.196: [GC (Allocation Failure) [PSYoungGen: 72112K->464K(72704K)] 1587107K->1515459K(2049024K), 0.1386599 secs] [Times: user=0.11 sys=0.00, real=0.14 secs] 
2023-03-06T20:32:45.000-0300: 445207.245: [GC (Allocation Failure) [PSYoungGen: 72144K->432K(72192K)] 1587139K->1515427K(2048512K), 0.1444035 secs] [Times: user=0.17 sys=0.05, real=0.14 secs] 
2023-03-06T20:37:42.427-0300: 445504.671: [GC (Allocation Failure) [PSYoungGen: 72112K->256K(72704K)] 1587107K->1515499K(2049024K), 0.1246901 secs] [Times: user=0.05 sys=0.00, real=0.13 secs] 
2023-03-06T20:42:39.006-0300: 445801.251: [GC (Allocation Failure) [PSYoungGen: 71936K->192K(72192K)] 1587179K->1515483K(2048512K), 0.0282793 secs] [Times: user=0.05 sys=0.00, real=0.03 secs] 
2023-03-06T20:47:38.905-0300: 446101.150: [GC (Allocation Failure) [PSYoungGen: 71872K->320K(72704K)] 1587163K->1515619K(2049024K), 0.0302030 secs] [Times: user=0.06 sys=0.00, real=0.03 secs] 
2023-03-06T20:52:39.815-0300: 446402.059: [GC (Allocation Failure) [PSYoungGen: 72000K->256K(72192K)] 1587299K->1515555K(2048512K), 0.0670234 secs] [Times: user=0.05 sys=0.02, real=0.07 secs] 
2023-03-06T20:57:35.533-0300: 446697.778: [GC (Allocation Failure) [PSYoungGen: 71936K->320K(72704K)] 1587235K->1515619K(2049024K), 0.0594984 secs] [Times: user=0.16 sys=0.00, real=0.06 secs] 
2023-03-06T21:02:31.140-0300: 446993.385: [GC (Allocation Failure) [PSYoungGen: 72000K->256K(72192K)] 1587299K->1515571K(2048512K), 0.1117656 secs] [Times: user=0.48 sys=0.02, real=0.11 secs] 
2023-03-06T21:07:31.006-0300: 447293.251: [GC (Allocation Failure) [PSYoungGen: 71936K->256K(72704K)] 1587251K->1515571K(2049024K), 0.1278552 secs] [Times: user=0.05 sys=0.00, real=0.13 secs] 
2023-03-06T21:12:27.811-0300: 447590.055: [GC (Allocation Failure) [PSYoungGen: 71936K->256K(72192K)] 1587251K->1515571K(2048512K), 0.0636517 secs] [Times: user=0.33 sys=0.00, real=0.06 secs] 
2023-03-06T21:17:28.560-0300: 447890.804: [GC (Allocation Failure) [PSYoungGen: 71936K->320K(72704K)] 1587251K->1515635K(2049024K), 0.0372870 secs] [Times: user=0.09 sys=0.00, real=0.04 secs] 
2023-03-06T21:22:28.000-0300: 448190.244: [GC (Allocation Failure) [PSYoungGen: 72000K->224K(72192K)] 1587315K->1515539K(2048512K), 0.0322258 secs] [Times: user=0.16 sys=0.00, real=0.03 secs] 
2023-03-06T21:27:25.070-0300: 448487.315: [GC (Allocation Failure) [PSYoungGen: 71904K->288K(72704K)] 1587219K->1515603K(2049024K), 0.4030684 secs] [Times: user=0.14 sys=0.00, real=0.40 secs] 
2023-03-06T21:32:24.994-0300: 448787.239: [GC (Allocation Failure) [PSYoungGen: 71968K->224K(72192K)] 1587283K->1515539K(2048512K), 0.0129316 secs] [Times: user=0.13 sys=0.00, real=0.01 secs] 
2023-03-06T21:37:21.779-0300: 449084.024: [GC (Allocation Failure) [PSYoungGen: 71904K->288K(72704K)] 1587219K->1515603K(2049024K), 0.1438602 secs] [Times: user=0.30 sys=0.00, real=0.14 secs] 
2023-03-06T21:42:20.991-0300: 449383.236: [GC (Allocation Failure) [PSYoungGen: 71968K->224K(72192K)] 1587283K->1515539K(2048512K), 0.0107831 secs] [Times: user=0.00 sys=0.00, real=0.01 secs] 
2023-03-06T21:47:14.992-0300: 449677.236: [GC (Allocation Failure) [PSYoungGen: 71904K->256K(72192K)] 1587219K->1515571K(2048512K), 0.0296359 secs] [Times: user=0.14 sys=0.00, real=0.03 secs] 
2023-03-06T21:52:14.223-0300: 449976.468: [GC (Allocation Failure) [PSYoungGen: 71936K->256K(72192K)] 1587251K->1515571K(2048512K), 0.0237405 secs] [Times: user=0.11 sys=0.00, real=0.02 secs] 
2023-03-06T21:57:15.114-0300: 450277.358: [GC (Allocation Failure) [PSYoungGen: 71936K->256K(72192K)] 1587251K->1515571K(2048512K), 0.0106702 secs] [Times: user=0.00 sys=0.00, real=0.01 secs] 
2023-03-06T22:02:15.888-0300: 450578.133: [GC (Allocation Failure) [PSYoungGen: 71936K->192K(72192K)] 1587251K->1515539K(2048512K), 0.0141479 secs] [Times: user=0.11 sys=0.00, real=0.01 secs] 
2023-03-06T22:07:16.590-0300: 450878.835: [GC (Allocation Failure) [PSYoungGen: 71872K->224K(72192K)] 1587219K->1515571K(2048512K), 0.0248224 secs] [Times: user=0.14 sys=0.00, real=0.03 secs] 
2023-03-06T22:12:17.342-0300: 451179.587: [GC (Allocation Failure) [PSYoungGen: 71904K->192K(72192K)] 1587251K->1515539K(2048512K), 0.0114101 secs] [Times: user=0.08 sys=0.00, real=0.01 secs] 
2023-03-06T22:17:18.089-0300: 451480.333: [GC (Allocation Failure) [PSYoungGen: 71872K->224K(72192K)] 1587219K->1515571K(2048512K), 0.0315873 secs] [Times: user=0.14 sys=0.00, real=0.03 secs] 
2023-03-06T22:22:18.855-0300: 451781.100: [GC (Allocation Failure) [PSYoungGen: 71904K->224K(72192K)] 1587251K->1515571K(2048512K), 0.0179038 secs] [Times: user=0.11 sys=0.00, real=0.01 secs] 
2023-03-06T22:27:17.997-0300: 452080.242: [GC (Allocation Failure) [PSYoungGen: 71904K->224K(72192K)] 1587251K->1515571K(2048512K), 0.0298539 secs] [Times: user=0.14 sys=0.00, real=0.03 secs] 
2023-03-06T22:32:10.403-0300: 452372.648: [GC (Allocation Failure) [PSYoungGen: 71904K->256K(72192K)] 1587251K->1515603K(2048512K), 0.1151537 secs] [Times: user=0.31 sys=0.00, real=0.11 secs] 
2023-03-06T22:37:06.211-0300: 452668.455: [GC (Allocation Failure) [PSYoungGen: 71936K->192K(72192K)] 1587283K->1515539K(2048512K), 0.0096179 secs] [Times: user=0.00 sys=0.00, real=0.01 secs] 
2023-03-06T22:42:02.998-0300: 452965.243: [GC (Allocation Failure) [PSYoungGen: 71872K->224K(72192K)] 1587219K->1515571K(2048512K), 0.1111795 secs] [Times: user=0.13 sys=0.00, real=0.11 secs] 
2023-03-06T22:47:02.617-0300: 453264.862: [GC (Allocation Failure) [PSYoungGen: 71904K->192K(72192K)] 1587251K->1515539K(2048512K), 0.0098675 secs] [Times: user=0.00 sys=0.00, real=0.01 secs] 
2023-03-06T22:51:58.991-0300: 453561.236: [GC (Allocation Failure) [PSYoungGen: 71872K->192K(72192K)] 1587219K->1515539K(2048512K), 0.0187482 secs] [Times: user=0.13 sys=0.00, real=0.02 secs] 
2023-03-06T22:56:58.990-0300: 453861.235: [GC (Allocation Failure) [PSYoungGen: 71872K->256K(72192K)] 1587219K->1515603K(2048512K), 0.0254239 secs] [Times: user=0.11 sys=0.02, real=0.03 secs] 
2023-03-06T23:01:54.735-0300: 454156.979: [GC (Allocation Failure) [PSYoungGen: 71936K->192K(72192K)] 1587283K->1515539K(2048512K), 0.0089735 secs] [Times: user=0.13 sys=0.00, real=0.01 secs] 
2023-03-06T23:06:50.991-0300: 454453.235: [GC (Allocation Failure) [PSYoungGen: 71872K->256K(72192K)] 1587219K->1515603K(2048512K), 0.0088098 secs] [Times: user=0.00 sys=0.00, real=0.01 secs] 
2023-03-06T23:11:51.499-0300: 454753.744: [GC (Allocation Failure) [PSYoungGen: 71936K->160K(72192K)] 1587283K->1515507K(2048512K), 0.0296332 secs] [Times: user=0.11 sys=0.00, real=0.03 secs] 
2023-03-06T23:16:50.999-0300: 455053.244: [GC (Allocation Failure) [PSYoungGen: 71840K->96K(72192K)] 1587187K->1515443K(2048512K), 0.0099089 secs] [Times: user=0.11 sys=0.00, real=0.01 secs] 
2023-03-06T23:21:48.002-0300: 455350.247: [GC (Allocation Failure) [PSYoungGen: 71776K->256K(72192K)] 1587123K->1515603K(2048512K), 0.0288405 secs] [Times: user=0.13 sys=0.00, real=0.03 secs] 
2023-03-06T23:26:48.779-0300: 455651.024: [GC (Allocation Failure) [PSYoungGen: 71936K->256K(72192K)] 1587283K->1515603K(2048512K), 0.3722580 secs] [Times: user=1.72 sys=0.02, real=0.37 secs] 
2023-03-06T23:31:48.003-0300: 455950.247: [GC (Allocation Failure) [PSYoungGen: 71936K->128K(72192K)] 1587283K->1515475K(2048512K), 0.0246007 secs] [Times: user=0.14 sys=0.00, real=0.03 secs] 
2023-03-06T23:36:42.995-0300: 456245.239: [GC (Allocation Failure) [PSYoungGen: 71808K->256K(72192K)] 1587155K->1515603K(2048512K), 0.0188655 secs] [Times: user=0.13 sys=0.00, real=0.02 secs] 
2023-03-06T23:41:41.325-0300: 456543.569: [GC (Allocation Failure) [PSYoungGen: 71936K->256K(72192K)] 1587283K->1515603K(2048512K), 0.0087322 secs] [Times: user=0.02 sys=0.00, real=0.01 secs] 
2023-03-06T23:46:38.003-0300: 456840.248: [GC (Allocation Failure) [PSYoungGen: 71936K->160K(72192K)] 1587283K->1515507K(2048512K), 0.0123805 secs] [Times: user=0.05 sys=0.00, real=0.01 secs] 
2023-03-06T23:51:37.650-0300: 457139.894: [GC (Allocation Failure) [PSYoungGen: 71840K->256K(72192K)] 1587187K->1515603K(2048512K), 0.0203942 secs] [Times: user=0.13 sys=0.00, real=0.02 secs] 
2023-03-06T23:56:38.357-0300: 457440.601: [GC (Allocation Failure) [PSYoungGen: 71936K->256K(72192K)] 1587283K->1515603K(2048512K), 0.0142663 secs] [Times: user=0.09 sys=0.00, real=0.01 secs] 
2023-03-07T00:01:39.102-0300: 457741.347: [GC (Allocation Failure) [PSYoungGen: 71936K->192K(72192K)] 1587283K->1515539K(2048512K), 0.0100784 secs] [Times: user=0.00 sys=0.00, real=0.01 secs] 
2023-03-07T00:06:39.661-0300: 458041.905: [GC (Allocation Failure) [PSYoungGen: 71872K->128K(72192K)] 1587219K->1515475K(2048512K), 0.0091543 secs] [Times: user=0.00 sys=0.00, real=0.01 secs] 
2023-03-07T00:11:40.336-0300: 458342.581: [GC (Allocation Failure) [PSYoungGen: 71808K->224K(72192K)] 1587155K->1515571K(2048512K), 0.0090840 secs] [Times: user=0.00 sys=0.00, real=0.01 secs] 
2023-03-07T00:16:41.056-0300: 458643.302: [GC (Allocation Failure) [PSYoungGen: 71904K->256K(72192K)] 1587251K->1515603K(2048512K), 0.0086554 secs] [Times: user=0.00 sys=0.00, real=0.00 secs] 
2023-03-07T00:21:41.728-0300: 458943.973: [GC (Allocation Failure) [PSYoungGen: 71936K->192K(72192K)] 1587283K->1515539K(2048512K), 0.0278961 secs] [Times: user=0.14 sys=0.00, real=0.03 secs] 
2023-03-07T00:26:42.006-0300: 459244.251: [GC (Allocation Failure) [PSYoungGen: 71872K->160K(72192K)] 1587219K->1515507K(2048512K), 0.0238461 secs] [Times: user=0.09 sys=0.00, real=0.02 secs] 
2023-03-07T00:31:38.106-0300: 459540.351: [GC (Allocation Failure) [PSYoungGen: 71840K->256K(72192K)] 1587187K->1515603K(2048512K), 0.0106340 secs] [Times: user=0.13 sys=0.00, real=0.01 secs] 
2023-03-07T00:36:38.986-0300: 459841.231: [GC (Allocation Failure) [PSYoungGen: 71936K->224K(72192K)] 1587283K->1515571K(2048512K), 0.0284269 secs] [Times: user=0.16 sys=0.00, real=0.03 secs] 
2023-03-07T00:41:39.689-0300: 460141.934: [GC (Allocation Failure) [PSYoungGen: 71904K->256K(72192K)] 1587251K->1515603K(2048512K), 0.1048848 secs] [Times: user=0.66 sys=0.00, real=0.11 secs] 
2023-03-07T00:46:40.512-0300: 460442.757: [GC (Allocation Failure) [PSYoungGen: 71936K->128K(72192K)] 1587283K->1515475K(2048512K), 0.0125325 secs] [Times: user=0.09 sys=0.00, real=0.01 secs] 
2023-03-07T00:51:41.003-0300: 460743.248: [GC (Allocation Failure) [PSYoungGen: 71808K->160K(72192K)] 1587155K->1515507K(2048512K), 0.0094909 secs] [Times: user=0.00 sys=0.00, real=0.01 secs] 
2023-03-07T00:56:36.908-0300: 461039.153: [GC (Allocation Failure) [PSYoungGen: 71840K->256K(72192K)] 1587187K->1515603K(2048512K), 0.0256225 secs] [Times: user=0.19 sys=0.00, real=0.03 secs] 
2023-03-07T01:01:37.594-0300: 461339.838: [GC (Allocation Failure) [PSYoungGen: 71936K->256K(72192K)] 1587283K->1515603K(2048512K), 0.4924803 secs] [Times: user=2.20 sys=0.08, real=0.49 secs] 
2023-03-07T01:06:38.839-0300: 461641.083: [GC (Allocation Failure) [PSYoungGen: 71936K->256K(72192K)] 1587283K->1515603K(2048512K), 0.0171749 secs] [Times: user=0.13 sys=0.00, real=0.02 secs] 
2023-03-07T01:11:39.593-0300: 461941.838: [GC (Allocation Failure) [PSYoungGen: 71936K->192K(72192K)] 1587283K->1515539K(2048512K), 0.0195369 secs] [Times: user=0.14 sys=0.00, real=0.02 secs] 
2023-03-07T01:16:40.370-0300: 462242.614: [GC (Allocation Failure) [PSYoungGen: 71872K->224K(72192K)] 1587219K->1515571K(2048512K), 0.0287940 secs] [Times: user=0.14 sys=0.00, real=0.03 secs] 
2023-03-07T01:21:41.061-0300: 462543.306: [GC (Allocation Failure) [PSYoungGen: 71904K->192K(72192K)] 1587251K->1515539K(2048512K), 0.0105699 secs] [Times: user=0.08 sys=0.00, real=0.01 secs] 
2023-03-07T01:26:41.661-0300: 462843.906: [GC (Allocation Failure) [PSYoungGen: 71872K->224K(72192K)] 1587219K->1515571K(2048512K), 0.0100296 secs] [Times: user=0.00 sys=0.00, real=0.01 secs] 
2023-03-07T01:31:42.368-0300: 463144.613: [GC (Allocation Failure) [PSYoungGen: 71904K->160K(72192K)] 1587251K->1515507K(2048512K), 0.0097407 secs] [Times: user=0.02 sys=0.00, real=0.01 secs] 
2023-03-07T01:36:38.042-0300: 463440.286: [GC (Allocation Failure) [PSYoungGen: 71840K->256K(72192K)] 1587187K->1515603K(2048512K), 0.0097871 secs] [Times: user=0.02 sys=0.00, real=0.01 secs] 
2023-03-07T01:41:37.994-0300: 463740.238: [GC (Allocation Failure) [PSYoungGen: 71936K->224K(72192K)] 1587283K->1515571K(2048512K), 0.0260737 secs] [Times: user=0.14 sys=0.00, real=0.03 secs] 
2023-03-07T01:46:34.171-0300: 464036.416: [GC (Allocation Failure) [PSYoungGen: 71904K->224K(72192K)] 1587251K->1515571K(2048512K), 0.0098874 secs] [Times: user=0.11 sys=0.00, real=0.01 secs] 
2023-03-07T01:51:34.839-0300: 464337.084: [GC (Allocation Failure) [PSYoungGen: 71904K->192K(72192K)] 1587251K->1515539K(2048512K), 0.0227351 secs] [Times: user=0.13 sys=0.00, real=0.02 secs] 
2023-03-07T01:56:35.611-0300: 464637.855: [GC (Allocation Failure) [PSYoungGen: 71872K->256K(72192K)] 1587219K->1515603K(2048512K), 0.0154734 secs] [Times: user=0.13 sys=0.00, real=0.02 secs] 
2023-03-07T02:01:36.293-0300: 464938.537: [GC (Allocation Failure) [PSYoungGen: 71936K->96K(72192K)] 1587283K->1515443K(2048512K), 0.0098238 secs] [Times: user=0.01 sys=0.00, real=0.01 secs] 
2023-03-07T02:06:37.056-0300: 465239.300: [GC (Allocation Failure) [PSYoungGen: 71776K->256K(72192K)] 1587123K->1515603K(2048512K), 0.0175407 secs] [Times: user=0.13 sys=0.00, real=0.02 secs] 
2023-03-07T02:11:37.806-0300: 465540.051: [GC (Allocation Failure) [PSYoungGen: 71936K->256K(72192K)] 1587283K->1515603K(2048512K), 0.0178537 secs] [Times: user=0.13 sys=0.00, real=0.02 secs] 
2023-03-07T02:16:38.549-0300: 465840.793: [GC (Allocation Failure) [PSYoungGen: 71936K->256K(72192K)] 1587283K->1515603K(2048512K), 0.0084059 secs] [Times: user=0.13 sys=0.00, real=0.01 secs] 
2023-03-07T02:21:39.282-0300: 466141.526: [GC (Allocation Failure) [PSYoungGen: 71936K->256K(72192K)] 1587283K->1515603K(2048512K), 0.0204088 secs] [Times: user=0.14 sys=0.00, real=0.02 secs] 
2023-03-07T02:26:35.085-0300: 466437.329: [GC (Allocation Failure) [PSYoungGen: 71936K->256K(72192K)] 1587283K->1515603K(2048512K), 0.0089191 secs] [Times: user=0.00 sys=0.00, real=0.01 secs] 
2023-03-07T02:31:35.875-0300: 466738.120: [GC (Allocation Failure) [PSYoungGen: 71936K->192K(72192K)] 1587283K->1515539K(2048512K), 0.0157060 secs] [Times: user=0.11 sys=0.00, real=0.02 secs] 
2023-03-07T02:36:36.638-0300: 467038.883: [GC (Allocation Failure) [PSYoungGen: 71872K->224K(72192K)] 1587219K->1515571K(2048512K), 0.0292603 secs] [Times: user=0.14 sys=0.00, real=0.03 secs] 
2023-03-07T02:41:37.425-0300: 467339.669: [GC (Allocation Failure) [PSYoungGen: 71904K->224K(72192K)] 1587251K->1515571K(2048512K), 0.0092309 secs] [Times: user=0.11 sys=0.00, real=0.01 secs] 
2023-03-07T02:46:37.999-0300: 467640.244: [GC (Allocation Failure) [PSYoungGen: 71904K->96K(72192K)] 1587251K->1515443K(2048512K), 0.0199256 secs] [Times: user=0.09 sys=0.02, real=0.02 secs] 
2023-03-07T02:51:33.907-0300: 467936.151: [GC (Allocation Failure) [PSYoungGen: 71776K->192K(72192K)] 1587123K->1515539K(2048512K), 0.0245494 secs] [Times: user=0.25 sys=0.00, real=0.02 secs] 
2023-03-07T02:56:34.645-0300: 468236.889: [GC (Allocation Failure) [PSYoungGen: 71872K->256K(72192K)] 1587219K->1515603K(2048512K), 0.0091819 secs] [Times: user=0.00 sys=0.00, real=0.01 secs] 
2023-03-07T03:01:35.383-0300: 468537.628: [GC (Allocation Failure) [PSYoungGen: 71936K->256K(72192K)] 1587283K->1515603K(2048512K), 0.0286970 secs] [Times: user=0.13 sys=0.02, real=0.03 secs] 
2023-03-07T03:06:36.053-0300: 468838.298: [GC (Allocation Failure) [PSYoungGen: 71936K->160K(72192K)] 1587283K->1515507K(2048512K), 0.0095852 secs] [Times: user=0.00 sys=0.00, real=0.01 secs] 
2023-03-07T03:11:36.677-0300: 469138.921: [GC (Allocation Failure) [PSYoungGen: 71840K->256K(72192K)] 1587187K->1515603K(2048512K), 0.0257395 secs] [Times: user=0.09 sys=0.00, real=0.03 secs] 
2023-03-07T03:16:37.454-0300: 469439.699: [GC (Allocation Failure) [PSYoungGen: 71936K->224K(72192K)] 1587283K->1515571K(2048512K), 0.0090872 secs] [Times: user=0.13 sys=0.00, real=0.01 secs] 
2023-03-07T03:21:38.418-0300: 469740.663: [GC (Allocation Failure) [PSYoungGen: 71904K->256K(72192K)] 1587251K->1515603K(2048512K), 0.0083529 secs] [Times: user=0.02 sys=0.00, real=0.01 secs] 
2023-03-07T03:26:39.118-0300: 470041.363: [GC (Allocation Failure) [PSYoungGen: 71936K->224K(72192K)] 1587283K->1515571K(2048512K), 0.0323475 secs] [Times: user=0.14 sys=0.00, real=0.03 secs] 
2023-03-07T03:31:34.876-0300: 470337.120: [GC (Allocation Failure) [PSYoungGen: 71903K->256K(72192K)] 1587251K->1515603K(2048512K), 0.0141201 secs] [Times: user=0.13 sys=0.00, real=0.01 secs] 
2023-03-07T03:36:35.599-0300: 470637.844: [GC (Allocation Failure) [PSYoungGen: 71936K->224K(72192K)] 1587283K->1515571K(2048512K), 0.0169231 secs] [Times: user=0.02 sys=0.00, real=0.02 secs] 
2023-03-07T03:41:36.289-0300: 470938.534: [GC (Allocation Failure) [PSYoungGen: 71904K->224K(72192K)] 1587251K->1515571K(2048512K), 0.0102192 secs] [Times: user=0.00 sys=0.00, real=0.01 secs] 
2023-03-07T03:46:36.923-0300: 471239.168: [GC (Allocation Failure) [PSYoungGen: 71904K->224K(72192K)] 1587251K->1515571K(2048512K), 0.0209869 secs] [Times: user=0.14 sys=0.00, real=0.02 secs] 
2023-03-07T03:51:35.996-0300: 471538.240: [GC (Allocation Failure) [PSYoungGen: 71904K->192K(72192K)] 1587251K->1515539K(2048512K), 0.0095700 secs] [Times: user=0.02 sys=0.00, real=0.01 secs] 
2023-03-07T03:56:33.352-0300: 471835.596: [GC (Allocation Failure) [PSYoungGen: 71872K->256K(72192K)] 1587219K->1515603K(2048512K), 0.0232529 secs] [Times: user=0.13 sys=0.00, real=0.02 secs] 
2023-03-07T04:01:34.232-0300: 472136.476: [GC (Allocation Failure) [PSYoungGen: 71936K->256K(72192K)] 1587283K->1515603K(2048512K), 0.0090257 secs] [Times: user=0.13 sys=0.00, real=0.01 secs] 
2023-03-07T04:06:34.991-0300: 472437.236: [GC (Allocation Failure) [PSYoungGen: 71936K->224K(72192K)] 1587283K->1515571K(2048512K), 0.0086714 secs] [Times: user=0.00 sys=0.00, real=0.01 secs] 
2023-03-07T04:11:35.731-0300: 472737.976: [GC (Allocation Failure) [PSYoungGen: 71904K->256K(72192K)] 1587251K->1515603K(2048512K), 0.0213582 secs] [Times: user=0.14 sys=0.00, real=0.02 secs] 
2023-03-07T04:16:36.470-0300: 473038.716: [GC (Allocation Failure) [PSYoungGen: 71936K->128K(72192K)] 1587283K->1515475K(2048512K), 0.0098151 secs] [Times: user=0.00 sys=0.00, real=0.00 secs] 
2023-03-07T04:21:37.205-0300: 473339.449: [GC (Allocation Failure) [PSYoungGen: 71808K->224K(72192K)] 1587155K->1515571K(2048512K), 0.0229002 secs] [Times: user=0.13 sys=0.02, real=0.02 secs] 
2023-03-07T04:26:37.955-0300: 473640.199: [GC (Allocation Failure) [PSYoungGen: 71904K->224K(72192K)] 1587251K->1515571K(2048512K), 0.0298791 secs] [Times: user=0.20 sys=0.02, real=0.03 secs] 
2023-03-07T04:31:38.761-0300: 473941.006: [GC (Allocation Failure) [PSYoungGen: 71904K->160K(72192K)] 1587251K->1515507K(2048512K), 0.0119371 secs] [Times: user=0.08 sys=0.00, real=0.01 secs] 
2023-03-07T04:36:34.566-0300: 474236.810: [GC (Allocation Failure) [PSYoungGen: 71840K->256K(72192K)] 1587187K->1515603K(2048512K), 0.0186108 secs] [Times: user=0.01 sys=0.00, real=0.02 secs] 
2023-03-07T04:41:35.310-0300: 474537.555: [GC (Allocation Failure) [PSYoungGen: 71936K->256K(72192K)] 1587283K->1515603K(2048512K), 0.0295967 secs] [Times: user=0.14 sys=0.00, real=0.03 secs] 
2023-03-07T04:46:36.061-0300: 474838.306: [GC (Allocation Failure) [PSYoungGen: 71936K->256K(72192K)] 1587283K->1515603K(2048512K), 0.0100709 secs] [Times: user=0.09 sys=0.00, real=0.01 secs] 
2023-03-07T04:51:36.740-0300: 475138.984: [GC (Allocation Failure) [PSYoungGen: 71936K->256K(72192K)] 1587283K->1515603K(2048512K), 0.0291978 secs] [Times: user=0.11 sys=0.02, real=0.03 secs] 
2023-03-07T04:56:35.994-0300: 475438.238: [GC (Allocation Failure) [PSYoungGen: 71936K->224K(72192K)] 1587283K->1515571K(2048512K), 0.0090490 secs] [Times: user=0.00 sys=0.00, real=0.01 secs] 
2023-03-07T05:01:33.115-0300: 475735.359: [GC (Allocation Failure) [PSYoungGen: 71904K->256K(72192K)] 1587251K->1515603K(2048512K), 0.0086173 secs] [Times: user=0.00 sys=0.00, real=0.01 secs] 
2023-03-07T05:06:28.680-0300: 476030.924: [GC (Allocation Failure) [PSYoungGen: 71936K->160K(72192K)] 1587283K->1515507K(2048512K), 0.3780177 secs] [Times: user=1.58 sys=0.05, real=0.38 secs] 
2023-03-07T05:11:24.871-0300: 476327.130: [GC (Allocation Failure) [PSYoungGen: 71840K->224K(72192K)] 1587187K->1515571K(2048512K), 0.0289521 secs] [Times: user=0.13 sys=0.00, real=0.03 secs] 
2023-03-07T05:16:20.994-0300: 476623.238: [GC (Allocation Failure) [PSYoungGen: 71904K->192K(72192K)] 1587251K->1515539K(2048512K), 0.0088783 secs] [Times: user=0.02 sys=0.00, real=0.01 secs] 
2023-03-07T05:21:21.403-0300: 476923.648: [GC (Allocation Failure) [PSYoungGen: 71872K->256K(72192K)] 1587219K->1515603K(2048512K), 0.0111837 secs] [Times: user=0.13 sys=0.00, real=0.01 secs] 
2023-03-07T05:26:20.995-0300: 477223.239: [GC (Allocation Failure) [PSYoungGen: 71936K->192K(72192K)] 1587283K->1515539K(2048512K), 0.0098131 secs] [Times: user=0.02 sys=0.00, real=0.01 secs] 
2023-03-07T05:31:17.943-0300: 477520.188: [GC (Allocation Failure) [PSYoungGen: 71872K->256K(72192K)] 1587219K->1515603K(2048512K), 0.0292661 secs] [Times: user=0.05 sys=0.00, real=0.02 secs] 
2023-03-07T05:36:13.670-0300: 477815.914: [GC (Allocation Failure) [PSYoungGen: 71936K->224K(72192K)] 1587283K->1515571K(2048512K), 0.0139004 secs] [Times: user=0.08 sys=0.00, real=0.01 secs] 
2023-03-07T05:41:09.501-0300: 478111.745: [GC (Allocation Failure) [PSYoungGen: 71904K->160K(72192K)] 1587251K->1515507K(2048512K), 0.0182818 secs] [Times: user=0.13 sys=0.00, real=0.02 secs] 
2023-03-07T05:46:05.994-0300: 478408.239: [GC (Allocation Failure) [PSYoungGen: 71840K->192K(72192K)] 1587187K->1515539K(2048512K), 0.0089325 secs] [Times: user=0.00 sys=0.00, real=0.01 secs] 
2023-03-07T05:51:05.979-0300: 478708.223: [GC (Allocation Failure) [PSYoungGen: 71872K->192K(72192K)] 1587219K->1515539K(2048512K), 0.0097115 secs] [Times: user=0.01 sys=0.00, real=0.01 secs] 
2023-03-07T05:56:02.005-0300: 479004.250: [GC (Allocation Failure) [PSYoungGen: 71872K->128K(72192K)] 1587219K->1515475K(2048512K), 0.0252907 secs] [Times: user=0.08 sys=0.00, real=0.02 secs] 
2023-03-07T06:01:02.403-0300: 479304.647: [GC (Allocation Failure) [PSYoungGen: 71808K->192K(72192K)] 1587155K->1515539K(2048512K), 0.0098196 secs] [Times: user=0.09 sys=0.00, real=0.01 secs] 
2023-03-07T06:06:01.991-0300: 479604.236: [GC (Allocation Failure) [PSYoungGen: 71872K->160K(72192K)] 1587219K->1515507K(2048512K), 0.0210612 secs] [Times: user=0.09 sys=0.00, real=0.02 secs] 
2023-03-07T06:10:58.932-0300: 479901.177: [GC (Allocation Failure) [PSYoungGen: 71840K->256K(72192K)] 1587187K->1515603K(2048512K), 0.0157556 secs] [Times: user=0.13 sys=0.00, real=0.02 secs] 
2023-03-07T06:15:59.742-0300: 480201.987: [GC (Allocation Failure) [PSYoungGen: 71936K->160K(72192K)] 1587283K->1515507K(2048512K), 0.0255014 secs] [Times: user=0.11 sys=0.00, real=0.03 secs] 
2023-03-07T06:20:59.006-0300: 480501.250: [GC (Allocation Failure) [PSYoungGen: 71840K->160K(72192K)] 1587187K->1515507K(2048512K), 0.0324505 secs] [Times: user=0.08 sys=0.02, real=0.03 secs] 
2023-03-07T06:25:54.005-0300: 480796.249: [GC (Allocation Failure) [PSYoungGen: 71840K->160K(72192K)] 1587187K->1515507K(2048512K), 0.0306567 secs] [Times: user=0.06 sys=0.00, real=0.03 secs] 
2023-03-07T06:30:51.887-0300: 481094.132: [GC (Allocation Failure) [PSYoungGen: 71840K->192K(72192K)] 1587187K->1515539K(2048512K), 0.0097985 secs] [Times: user=0.08 sys=0.02, real=0.01 secs] 
2023-03-07T06:35:52.460-0300: 481394.704: [GC (Allocation Failure) [PSYoungGen: 71872K->256K(72192K)] 1587219K->1515603K(2048512K), 0.3622747 secs] [Times: user=1.38 sys=0.03, real=0.36 secs] 
2023-03-07T06:40:53.523-0300: 481695.769: [GC (Allocation Failure) [PSYoungGen: 71936K->256K(72192K)] 1587283K->1515603K(2048512K), 0.0097009 secs] [Times: user=0.00 sys=0.00, real=0.00 secs] 
2023-03-07T06:45:54.227-0300: 481996.472: [GC (Allocation Failure) [PSYoungGen: 71936K->224K(72192K)] 1587283K->1515571K(2048512K), 0.0236372 secs] [Times: user=0.13 sys=0.00, real=0.02 secs] 
2023-03-07T06:50:55.124-0300: 482297.369: [GC (Allocation Failure) [PSYoungGen: 71904K->256K(72192K)] 1587251K->1515603K(2048512K), 0.0291226 secs] [Times: user=0.25 sys=0.00, real=0.03 secs] 
2023-03-07T06:55:55.873-0300: 482598.118: [GC (Allocation Failure) [PSYoungGen: 71936K->256K(72192K)] 1587283K->1515603K(2048512K), 0.0118390 secs] [Times: user=0.13 sys=0.00, real=0.01 secs] 
2023-03-07T07:00:56.548-0300: 482898.792: [GC (Allocation Failure) [PSYoungGen: 71936K->128K(72192K)] 1587283K->1515475K(2048512K), 0.0218997 secs] [Times: user=0.09 sys=0.00, real=0.02 secs] 
2023-03-07T07:05:57.002-0300: 483199.247: [GC (Allocation Failure) [PSYoungGen: 71808K->224K(72192K)] 1587155K->1515571K(2048512K), 0.0315776 secs] [Times: user=0.05 sys=0.02, real=0.03 secs] 
2023-03-07T07:10:52.927-0300: 483495.172: [GC (Allocation Failure) [PSYoungGen: 71904K->192K(72192K)] 1587251K->1515539K(2048512K), 0.0171627 secs] [Times: user=0.02 sys=0.00, real=0.02 secs] 
2023-03-07T07:15:53.710-0300: 483795.954: [GC (Allocation Failure) [PSYoungGen: 71872K->224K(72192K)] 1587219K->1515571K(2048512K), 0.0278419 secs] [Times: user=0.08 sys=0.00, real=0.03 secs] 
2023-03-07T07:20:54.492-0300: 484096.736: [GC (Allocation Failure) [PSYoungGen: 71904K->224K(72192K)] 1587251K->1515571K(2048512K), 0.0199950 secs] [Times: user=0.13 sys=0.00, real=0.02 secs] 
2023-03-07T07:25:55.004-0300: 484397.249: [GC (Allocation Failure) [PSYoungGen: 71904K->128K(72192K)] 1587251K->1515475K(2048512K), 0.0223633 secs] [Times: user=0.09 sys=0.00, real=0.02 secs] 
2023-03-07T07:30:51.013-0300: 484693.258: [GC (Allocation Failure) [PSYoungGen: 71808K->192K(72192K)] 1587155K->1515539K(2048512K), 0.0103234 secs] [Times: user=0.11 sys=0.00, real=0.01 secs] 
2023-03-07T07:35:51.755-0300: 484994.000: [GC (Allocation Failure) [PSYoungGen: 71872K->160K(72192K)] 1587219K->1515507K(2048512K), 0.0112635 secs] [Times: user=0.00 sys=0.00, real=0.01 secs] 
2023-03-07T07:40:52.773-0300: 485295.018: [GC (Allocation Failure) [PSYoungGen: 71840K->256K(72192K)] 1587187K->1515603K(2048512K), 0.0088462 secs] [Times: user=0.00 sys=0.00, real=0.01 secs] 
2023-03-07T07:45:53.571-0300: 485595.816: [GC (Allocation Failure) [PSYoungGen: 71936K->128K(72192K)] 1587283K->1515475K(2048512K), 0.0092112 secs] [Times: user=0.00 sys=0.00, real=0.01 secs] 
2023-03-07T07:50:54.314-0300: 485896.559: [GC (Allocation Failure) [PSYoungGen: 71808K->256K(72192K)] 1587155K->1515603K(2048512K), 0.0106263 secs] [Times: user=0.13 sys=0.00, real=0.01 secs] 
2023-03-07T07:55:55.085-0300: 486197.329: [GC (Allocation Failure) [PSYoungGen: 71936K->256K(72192K)] 1587283K->1515603K(2048512K), 0.0107785 secs] [Times: user=0.00 sys=0.00, real=0.01 secs] 
2023-03-07T08:00:55.769-0300: 486498.018: [GC (Allocation Failure) [PSYoungGen: 71936K->256K(72192K)] 1587283K->1515603K(2048512K), 0.0106826 secs] [Times: user=0.03 sys=0.00, real=0.01 secs] 
2023-03-07T08:05:56.374-0300: 486798.618: [GC (Allocation Failure) [PSYoungGen: 71936K->224K(72192K)] 1587283K->1515571K(2048512K), 0.0254015 secs] [Times: user=0.14 sys=0.00, real=0.02 secs] 
2023-03-07T08:10:52.057-0300: 487094.304: [GC (Allocation Failure) [PSYoungGen: 71904K->256K(72192K)] 1587251K->1515603K(2048512K), 0.0099574 secs] [Times: user=0.00 sys=0.00, real=0.00 secs] 
2023-03-07T08:15:51.992-0300: 487394.236: [GC (Allocation Failure) [PSYoungGen: 71936K->160K(72192K)] 1587283K->1515507K(2048512K), 0.0098986 secs] [Times: user=0.00 sys=0.00, real=0.01 secs] 
2023-03-07T08:20:48.526-0300: 487690.770: [GC (Allocation Failure) [PSYoungGen: 71840K->256K(72192K)] 1587187K->1515603K(2048512K), 0.0283044 secs] [Times: user=0.14 sys=0.00, real=0.03 secs] 
2023-03-07T08:25:49.244-0300: 487991.488: [GC (Allocation Failure) [PSYoungGen: 71936K->224K(72192K)] 1587283K->1515571K(2048512K), 0.0250599 secs] [Times: user=0.13 sys=0.00, real=0.02 secs] 
2023-03-07T08:30:49.990-0300: 488292.234: [GC (Allocation Failure) [PSYoungGen: 71904K->192K(72192K)] 1587251K->1515539K(2048512K), 0.0214435 secs] [Times: user=0.05 sys=0.00, real=0.02 secs] 
2023-03-07T08:35:50.796-0300: 488593.040: [GC (Allocation Failure) [PSYoungGen: 71872K->256K(72192K)] 1587219K->1515603K(2048512K), 0.0255241 secs] [Times: user=0.13 sys=0.00, real=0.03 secs] 
2023-03-07T08:40:51.509-0300: 488893.753: [GC (Allocation Failure) [PSYoungGen: 71936K->256K(72192K)] 1587283K->1515603K(2048512K), 0.0244542 secs] [Times: user=0.13 sys=0.00, real=0.02 secs] 
2023-03-07T08:45:52.279-0300: 489194.524: [GC (Allocation Failure) [PSYoungGen: 71936K->224K(72192K)] 1587283K->1515571K(2048512K), 0.0088605 secs] [Times: user=0.09 sys=0.02, real=0.01 secs] 
2023-03-07T08:50:52.897-0300: 489495.141: [GC (Allocation Failure) [PSYoungGen: 71904K->160K(72192K)] 1587251K->1515507K(2048512K), 0.0242830 secs] [Times: user=0.13 sys=0.00, real=0.02 secs] 
2023-03-07T08:55:53.612-0300: 489795.856: [GC (Allocation Failure) [PSYoungGen: 71840K->224K(72192K)] 1587187K->1515571K(2048512K), 0.0267799 secs] [Times: user=0.20 sys=0.00, real=0.03 secs] 
2023-03-07T09:00:49.349-0300: 490091.593: [GC (Allocation Failure) [PSYoungGen: 71904K->256K(72192K)] 1587251K->1515603K(2048512K), 0.0111722 secs] [Times: user=0.00 sys=0.00, real=0.01 secs] 
2023-03-07T09:05:49.003-0300: 490391.247: [GC (Allocation Failure) [PSYoungGen: 71936K->96K(72192K)] 1587283K->1515443K(2048512K), 0.0359293 secs] [Times: user=0.08 sys=0.00, real=0.04 secs] 
2023-03-07T09:10:45.897-0300: 490688.142: [GC (Allocation Failure) [PSYoungGen: 71776K->192K(72192K)] 1587123K->1515539K(2048512K), 0.0109244 secs] [Times: user=0.00 sys=0.00, real=0.01 secs] 
2023-03-07T09:15:46.617-0300: 490988.876: [GC (Allocation Failure) [PSYoungGen: 71872K->256K(72192K)] 1587219K->1515603K(2048512K), 0.0178002 secs] [Times: user=0.13 sys=0.00, real=0.03 secs] 
2023-03-07T09:20:47.366-0300: 491289.610: [GC (Allocation Failure) [PSYoungGen: 71936K->192K(72192K)] 1587283K->1515539K(2048512K), 0.0099872 secs] [Times: user=0.00 sys=0.00, real=0.01 secs] 
2023-03-07T09:25:48.078-0300: 491590.322: [GC (Allocation Failure) [PSYoungGen: 71872K->192K(72192K)] 1587219K->1515539K(2048512K), 0.0153930 secs] [Times: user=0.11 sys=0.00, real=0.01 secs] 
2023-03-07T09:30:48.816-0300: 491891.061: [GC (Allocation Failure) [PSYoungGen: 71872K->256K(72192K)] 1587219K->1515603K(2048512K), 0.0178245 secs] [Times: user=0.02 sys=0.00, real=0.02 secs] 
2023-03-07T09:35:49.579-0300: 492191.823: [GC (Allocation Failure) [PSYoungGen: 71936K->256K(72192K)] 1587283K->1515603K(2048512K), 0.0326591 secs] [Times: user=0.23 sys=0.00, real=0.03 secs] 
2023-03-07T09:40:50.379-0300: 492492.624: [GC (Allocation Failure) [PSYoungGen: 71936K->192K(72192K)] 1587283K->1515539K(2048512K), 0.0124754 secs] [Times: user=0.00 sys=0.00, real=0.01 secs] 
2023-03-07T09:45:51.059-0300: 492793.304: [GC (Allocation Failure) [PSYoungGen: 71872K->96K(72192K)] 1587219K->1515443K(2048512K), 0.0152990 secs] [Times: user=0.09 sys=0.00, real=0.02 secs] 
2023-03-07T09:50:41.682-0300: 493083.927: [GC (Allocation Failure) [PSYoungGen: 71776K->256K(72192K)] 1587123K->1515603K(2048512K), 0.0144377 secs] [Times: user=0.13 sys=0.00, real=0.02 secs] 
2023-03-07T09:55:37.323-0300: 493379.568: [GC (Allocation Failure) [PSYoungGen: 71936K->160K(72192K)] 1587283K->1515507K(2048512K), 0.0127794 secs] [Times: user=0.08 sys=0.00, real=0.01 secs] 
2023-03-07T10:00:34.001-0300: 493676.246: [GC (Allocation Failure) [PSYoungGen: 71840K->224K(72192K)] 1587187K->1515571K(2048512K), 0.0268705 secs] [Times: user=0.19 sys=0.00, real=0.03 secs] 
2023-03-07T10:05:33.693-0300: 493975.938: [GC (Allocation Failure) [PSYoungGen: 71904K->256K(72192K)] 1587251K->1515603K(2048512K), 0.0134138 secs] [Times: user=0.01 sys=0.00, real=0.01 secs] 
2023-03-07T10:10:34.490-0300: 494276.735: [GC (Allocation Failure) [PSYoungGen: 71936K->224K(72192K)] 1587283K->1515571K(2048512K), 0.0175124 secs] [Times: user=0.08 sys=0.00, real=0.02 secs] 
2023-03-07T10:15:30.252-0300: 494572.497: [GC (Allocation Failure) [PSYoungGen: 71904K->224K(72192K)] 1587251K->1515571K(2048512K), 0.0318454 secs] [Times: user=0.13 sys=0.00, real=0.03 secs] 
2023-03-07T10:20:29.994-0300: 494872.238: [GC (Allocation Failure) [PSYoungGen: 71904K->256K(72192K)] 1587251K->1515603K(2048512K), 0.0276241 secs] [Times: user=0.02 sys=0.00, real=0.03 secs] 
2023-03-07T10:25:23.996-0300: 495166.241: [GC (Allocation Failure) [PSYoungGen: 71936K->192K(72192K)] 1587283K->1515539K(2048512K), 0.0306773 secs] [Times: user=0.22 sys=0.00, real=0.03 secs] 
2023-03-07T10:30:22.381-0300: 495464.625: [GC (Allocation Failure) [PSYoungGen: 71872K->160K(72192K)] 1587219K->1515507K(2048512K), 0.0162438 secs] [Times: user=0.02 sys=0.00, real=0.02 secs] 
2023-03-07T10:35:23.013-0300: 495765.258: [GC (Allocation Failure) [PSYoungGen: 71840K->224K(72192K)] 1587187K->1515571K(2048512K), 0.0139149 secs] [Times: user=0.11 sys=0.00, real=0.01 secs] 
2023-03-07T10:40:23.770-0300: 496066.015: [GC (Allocation Failure) [PSYoungGen: 71904K->224K(72192K)] 1587251K->1515571K(2048512K), 0.0202606 secs] [Times: user=0.11 sys=0.00, real=0.02 secs] 
2023-03-07T10:45:24.582-0300: 496366.827: [GC (Allocation Failure) [PSYoungGen: 71904K->224K(72192K)] 1587251K->1515571K(2048512K), 0.0172176 secs] [Times: user=0.02 sys=0.00, real=0.02 secs] 
2023-03-07T10:50:20.371-0300: 496662.615: [GC (Allocation Failure) [PSYoungGen: 71904K->256K(72192K)] 1587251K->1515603K(2048512K), 0.0124629 secs] [Times: user=0.13 sys=0.00, real=0.01 secs] 
2023-03-07T10:55:20.004-0300: 496962.248: [GC (Allocation Failure) [PSYoungGen: 71936K->160K(72192K)] 1587283K->1515507K(2048512K), 0.0251965 secs] [Times: user=0.02 sys=0.00, real=0.03 secs] 
2023-03-07T11:00:16.772-0300: 497259.016: [GC (Allocation Failure) [PSYoungGen: 71840K->256K(72192K)] 1587187K->1515603K(2048512K), 0.0369340 secs] [Times: user=0.25 sys=0.00, real=0.04 secs] 
2023-03-07T11:05:12.542-0300: 497554.787: [GC (Allocation Failure) [PSYoungGen: 71936K->256K(72192K)] 1587283K->1515603K(2048512K), 0.0273281 secs] [Times: user=0.14 sys=0.00, real=0.03 secs] 
2023-03-07T11:10:08.292-0300: 497850.537: [GC (Allocation Failure) [PSYoungGen: 71936K->256K(72192K)] 1587283K->1515603K(2048512K), 0.0121805 secs] [Times: user=0.13 sys=0.00, real=0.01 secs] 
2023-03-07T11:15:04.022-0300: 498146.267: [GC (Allocation Failure) [PSYoungGen: 71936K->224K(72192K)] 1587283K->1515571K(2048512K), 0.0319726 secs] [Times: user=0.09 sys=0.00, real=0.03 secs] 
2023-03-07T11:20:01.007-0300: 498443.252: [GC (Allocation Failure) [PSYoungGen: 71904K->160K(72192K)] 1587251K->1515507K(2048512K), 0.0335845 secs] [Times: user=0.22 sys=0.00, real=0.03 secs] 
2023-03-07T11:25:00.690-0300: 498742.934: [GC (Allocation Failure) [PSYoungGen: 71840K->224K(72192K)] 1587187K->1515571K(2048512K), 0.0332175 secs] [Times: user=0.27 sys=0.00, real=0.03 secs] 
2023-03-07T11:30:01.474-0300: 499043.718: [GC (Allocation Failure) [PSYoungGen: 71904K->256K(72192K)] 1587251K->1515603K(2048512K), 0.1064546 secs] [Times: user=0.38 sys=0.00, real=0.10 secs] 
2023-03-07T11:35:00.999-0300: 499343.243: [GC (Allocation Failure) [PSYoungGen: 71936K->160K(72192K)] 1587283K->1515507K(2048512K), 0.0128948 secs] [Times: user=0.13 sys=0.00, real=0.01 secs] 
2023-03-07T11:39:54.999-0300: 499637.243: [GC (Allocation Failure) [PSYoungGen: 71840K->224K(72192K)] 1587187K->1515571K(2048512K), 0.0299183 secs] [Times: user=0.14 sys=0.02, real=0.03 secs] 
2023-03-07T11:44:49.001-0300: 499931.246: [GC (Allocation Failure) [PSYoungGen: 71904K->160K(72192K)] 1587251K->1515507K(2048512K), 0.0306713 secs] [Times: user=0.16 sys=0.01, real=0.03 secs] 
2023-03-07T11:49:49.490-0300: 500231.735: [GC (Allocation Failure) [PSYoungGen: 71840K->256K(72192K)] 1587187K->1515603K(2048512K), 0.0307769 secs] [Times: user=0.14 sys=0.00, real=0.03 secs] 
2023-03-07T11:54:45.994-0300: 500528.239: [GC (Allocation Failure) [PSYoungGen: 71936K->256K(72192K)] 1587283K->1515603K(2048512K), 0.0162701 secs] [Times: user=0.13 sys=0.00, real=0.02 secs] 
2023-03-07T11:59:46.008-0300: 500828.252: [GC (Allocation Failure) [PSYoungGen: 71936K->160K(72192K)] 1587283K->1515507K(2048512K), 0.0160187 secs] [Times: user=0.00 sys=0.00, real=0.02 secs] 
2023-03-07T12:04:39.993-0300: 501122.237: [GC (Allocation Failure) [PSYoungGen: 71840K->256K(72192K)] 1587187K->1515603K(2048512K), 0.0125575 secs] [Times: user=0.02 sys=0.00, real=0.01 secs] 
2023-03-07T12:09:35.997-0300: 501418.241: [GC (Allocation Failure) [PSYoungGen: 71936K->224K(72192K)] 1587283K->1515571K(2048512K), 0.0277665 secs] [Times: user=0.11 sys=0.02, real=0.03 secs] 
2023-03-07T12:14:33.196-0300: 501715.441: [GC (Allocation Failure) [PSYoungGen: 71904K->256K(72192K)] 1587251K->1515603K(2048512K), 0.1126855 secs] [Times: user=0.33 sys=0.00, real=0.11 secs] 
2023-03-07T12:19:34.060-0300: 502016.305: [GC (Allocation Failure) [PSYoungGen: 71936K->224K(72192K)] 1587283K->1515571K(2048512K), 0.3904393 secs] [Times: user=1.25 sys=0.03, real=0.39 secs] 
2023-03-07T12:24:35.196-0300: 502317.441: [GC (Allocation Failure) [PSYoungGen: 71904K->224K(72192K)] 1587251K->1515571K(2048512K), 0.0293370 secs] [Times: user=0.14 sys=0.00, real=0.03 secs] 
2023-03-07T12:29:35.966-0300: 502618.212: [GC (Allocation Failure) [PSYoungGen: 71904K->192K(72192K)] 1587251K->1515539K(2048512K), 0.3598936 secs] [Times: user=0.58 sys=0.02, real=0.35 secs] 
2023-03-07T12:34:37.413-0300: 502919.658: [GC (Allocation Failure) [PSYoungGen: 71872K->256K(72192K)] 1587219K->1515603K(2048512K), 0.0198466 secs] [Times: user=0.11 sys=0.00, real=0.02 secs] 
2023-03-07T12:39:38.166-0300: 503220.410: [GC (Allocation Failure) [PSYoungGen: 71936K->288K(72192K)] 1587283K->1515635K(2048512K), 0.3578822 secs] [Times: user=1.42 sys=0.02, real=0.36 secs] 
2023-03-07T12:44:39.276-0300: 503521.521: [GC (Allocation Failure) [PSYoungGen: 71968K->256K(72192K)] 1587315K->1515603K(2048512K), 0.0290215 secs] [Times: user=0.14 sys=0.00, real=0.03 secs] 
2023-03-07T12:49:39.964-0300: 503822.208: [GC (Allocation Failure) [PSYoungGen: 71936K->256K(72192K)] 1587283K->1515603K(2048512K), 0.0088198 secs] [Times: user=0.02 sys=0.00, real=0.01 secs] 
2023-03-07T12:54:35.704-0300: 504117.949: [GC (Allocation Failure) [PSYoungGen: 71936K->256K(72192K)] 1587283K->1515603K(2048512K), 0.0284443 secs] [Times: user=0.22 sys=0.02, real=0.03 secs] 
2023-03-07T12:59:33.683-0300: 504415.927: [GC (Allocation Failure) [PSYoungGen: 71936K->256K(72192K)] 1587283K->1515603K(2048512K), 0.0191412 secs] [Times: user=0.09 sys=0.00, real=0.02 secs] 
2023-03-07T13:04:32.574-0300: 504714.819: [GC (Allocation Failure) [PSYoungGen: 71936K->224K(72192K)] 1587283K->1515571K(2048512K), 0.0302442 secs] [Times: user=0.23 sys=0.00, real=0.03 secs] 
2023-03-07T13:09:33.332-0300: 505015.576: [GC (Allocation Failure) [PSYoungGen: 71904K->256K(72192K)] 1587251K->1515603K(2048512K), 0.0289565 secs] [Times: user=0.13 sys=0.00, real=0.03 secs] 
2023-03-07T13:14:34.145-0300: 505316.390: [GC (Allocation Failure) [PSYoungGen: 71936K->256K(72192K)] 1587283K->1515603K(2048512K), 0.0160249 secs] [Times: user=0.01 sys=0.00, real=0.02 secs] 
2023-03-07T13:19:34.943-0300: 505617.188: [GC (Allocation Failure) [PSYoungGen: 71936K->224K(72192K)] 1587283K->1515571K(2048512K), 0.0295138 secs] [Times: user=0.01 sys=0.00, real=0.03 secs] 
2023-03-07T13:24:36.104-0300: 505918.349: [GC (Allocation Failure) [PSYoungGen: 71904K->256K(72192K)] 1587251K->1515603K(2048512K), 0.0347607 secs] [Times: user=0.23 sys=0.00, real=0.03 secs] 
2023-03-07T13:29:36.881-0300: 506219.125: [GC (Allocation Failure) [PSYoungGen: 71936K->256K(72192K)] 1587283K->1515603K(2048512K), 0.0311377 secs] [Times: user=0.13 sys=0.00, real=0.03 secs] 
2023-03-07T13:34:38.074-0300: 506520.318: [GC (Allocation Failure) [PSYoungGen: 71936K->192K(72192K)] 1587283K->1515539K(2048512K), 0.0269140 secs] [Times: user=0.13 sys=0.00, real=0.03 secs] 
2023-03-07T13:39:38.809-0300: 506821.054: [GC (Allocation Failure) [PSYoungGen: 71872K->192K(72192K)] 1587219K->1515539K(2048512K), 0.0230038 secs] [Times: user=0.13 sys=0.00, real=0.02 secs] 
2023-03-07T13:44:34.504-0300: 507116.748: [GC (Allocation Failure) [PSYoungGen: 71872K->192K(72192K)] 1587219K->1515539K(2048512K), 0.0095485 secs] [Times: user=0.00 sys=0.00, real=0.01 secs] 
2023-03-07T13:49:34.999-0300: 507417.243: [GC (Allocation Failure) [PSYoungGen: 71872K->160K(72192K)] 1587219K->1515507K(2048512K), 0.0093286 secs] [Times: user=0.09 sys=0.00, real=0.01 secs] 
2023-03-07T13:54:30.787-0300: 507713.032: [GC (Allocation Failure) [PSYoungGen: 71840K->256K(72192K)] 1587187K->1515603K(2048512K), 0.0309325 secs] [Times: user=0.14 sys=0.00, real=0.03 secs] 
2023-03-07T13:59:31.920-0300: 508014.165: [GC (Allocation Failure) [PSYoungGen: 71936K->256K(72192K)] 1587283K->1515603K(2048512K), 0.0126439 secs] [Times: user=0.13 sys=0.00, real=0.01 secs] 
2023-03-07T14:04:32.682-0300: 508314.927: [GC (Allocation Failure) [PSYoungGen: 71936K->256K(72192K)] 1587283K->1515603K(2048512K), 0.0229029 secs] [Times: user=0.13 sys=0.00, real=0.02 secs] 
2023-03-07T14:09:33.427-0300: 508615.672: [GC (Allocation Failure) [PSYoungGen: 71936K->224K(72192K)] 1587283K->1515571K(2048512K), 0.0102224 secs] [Times: user=0.00 sys=0.00, real=0.01 secs] 
2023-03-07T14:14:34.226-0300: 508916.471: [GC (Allocation Failure) [PSYoungGen: 71904K->256K(72192K)] 1587251K->1515603K(2048512K), 0.0191012 secs] [Times: user=0.00 sys=0.00, real=0.01 secs] 
2023-03-07T14:19:35.060-0300: 509217.305: [GC (Allocation Failure) [PSYoungGen: 71936K->256K(72192K)] 1587283K->1515603K(2048512K), 0.0321144 secs] [Times: user=0.25 sys=0.00, real=0.03 secs] 
2023-03-07T14:24:35.842-0300: 509518.087: [GC (Allocation Failure) [PSYoungGen: 71936K->224K(72192K)] 1587283K->1515571K(2048512K), 0.0082646 secs] [Times: user=0.13 sys=0.00, real=0.01 secs] 
2023-03-07T14:29:36.785-0300: 509819.043: [GC (Allocation Failure) [PSYoungGen: 71904K->256K(72192K)] 1587251K->1515603K(2048512K), 0.0147235 secs] [Times: user=0.13 sys=0.00, real=0.03 secs] 
2023-03-07T14:34:32.529-0300: 510114.774: [GC (Allocation Failure) [PSYoungGen: 71936K->224K(72192K)] 1587283K->1515571K(2048512K), 0.1872294 secs] [Times: user=0.44 sys=0.02, real=0.19 secs] 
2023-03-07T14:39:32.000-0300: 510414.244: [GC (Allocation Failure) [PSYoungGen: 71904K->224K(72192K)] 1587251K->1515571K(2048512K), 0.0351411 secs] [Times: user=0.20 sys=0.00, real=0.04 secs] 
2023-03-07T14:44:29.202-0300: 510711.447: [GC (Allocation Failure) [PSYoungGen: 71904K->224K(72192K)] 1587251K->1515571K(2048512K), 0.3611408 secs] [Times: user=1.13 sys=0.03, real=0.36 secs] 
2023-03-07T14:49:30.252-0300: 511012.496: [GC (Allocation Failure) [PSYoungGen: 71904K->192K(72192K)] 1587251K->1515539K(2048512K), 0.0110702 secs] [Times: user=0.09 sys=0.00, real=0.01 secs] 
2023-03-07T14:54:31.088-0300: 511313.333: [GC (Allocation Failure) [PSYoungGen: 71872K->256K(72192K)] 1587219K->1515603K(2048512K), 0.0361758 secs] [Times: user=0.23 sys=0.00, real=0.04 secs] 
2023-03-07T14:59:31.784-0300: 511614.029: [GC (Allocation Failure) [PSYoungGen: 71936K->192K(72192K)] 1587283K->1515539K(2048512K), 0.0126487 secs] [Times: user=0.09 sys=0.00, real=0.01 secs] 
2023-03-07T15:04:32.518-0300: 511914.762: [GC (Allocation Failure) [PSYoungGen: 71872K->256K(72192K)] 1587219K->1515603K(2048512K), 0.0183012 secs] [Times: user=0.14 sys=0.00, real=0.02 secs] 
2023-03-07T15:09:33.585-0300: 512215.839: [GC (Allocation Failure) [PSYoungGen: 71936K->192K(72192K)] 1587283K->1515539K(2048512K), 0.0355710 secs] [Times: user=0.17 sys=0.00, real=0.05 secs] 
2023-03-07T15:14:34.390-0300: 512516.634: [GC (Allocation Failure) [PSYoungGen: 71872K->256K(72192K)] 1587219K->1515603K(2048512K), 0.3787999 secs] [Times: user=1.63 sys=0.05, real=0.38 secs] 
2023-03-07T15:19:35.564-0300: 512817.808: [GC (Allocation Failure) [PSYoungGen: 71936K->224K(72192K)] 1587283K->1515571K(2048512K), 0.0259738 secs] [Times: user=0.19 sys=0.00, real=0.03 secs] 
2023-03-07T15:24:31.340-0300: 513113.584: [GC (Allocation Failure) [PSYoungGen: 71904K->192K(72192K)] 1587251K->1515539K(2048512K), 0.0300210 secs] [Times: user=0.14 sys=0.00, real=0.03 secs] 
2023-03-07T15:29:32.105-0300: 513414.350: [GC (Allocation Failure) [PSYoungGen: 71872K->224K(72192K)] 1587219K->1515571K(2048512K), 0.0189653 secs] [Times: user=0.09 sys=0.00, real=0.02 secs] 
2023-03-07T15:34:32.815-0300: 513715.060: [GC (Allocation Failure) [PSYoungGen: 71904K->64K(72192K)] 1587251K->1515411K(2048512K), 0.0238085 secs] [Times: user=0.03 sys=0.00, real=0.02 secs] 
2023-03-07T15:39:33.625-0300: 514015.869: [GC (Allocation Failure) [PSYoungGen: 71744K->256K(72192K)] 1587091K->1515603K(2048512K), 0.0120723 secs] [Times: user=0.13 sys=0.00, real=0.01 secs] 
2023-03-07T15:44:34.001-0300: 514316.246: [GC (Allocation Failure) [PSYoungGen: 71936K->224K(72192K)] 1587283K->1515571K(2048512K), 0.0314594 secs] [Times: user=0.19 sys=0.00, real=0.03 secs] 
2023-03-07T15:49:30.090-0300: 514612.335: [GC (Allocation Failure) [PSYoungGen: 71904K->160K(72192K)] 1587251K->1515507K(2048512K), 0.0139801 secs] [Times: user=0.11 sys=0.00, real=0.02 secs] 
2023-03-07T15:54:30.885-0300: 514913.131: [GC (Allocation Failure) [PSYoungGen: 71840K->224K(72192K)] 1587187K->1515571K(2048512K), 0.0364437 secs] [Times: user=0.23 sys=0.00, real=0.04 secs] 
2023-03-07T15:59:31.665-0300: 515213.910: [GC (Allocation Failure) [PSYoungGen: 71904K->192K(72192K)] 1587251K->1515539K(2048512K), 0.0130875 secs] [Times: user=0.09 sys=0.02, real=0.01 secs] 
2023-03-07T16:04:32.472-0300: 515514.717: [GC (Allocation Failure) [PSYoungGen: 71872K->192K(72192K)] 1587219K->1515539K(2048512K), 0.0344092 secs] [Times: user=0.14 sys=0.00, real=0.03 secs] 
2023-03-07T16:09:33.147-0300: 515815.391: [GC (Allocation Failure) [PSYoungGen: 71872K->160K(72192K)] 1587219K->1515507K(2048512K), 0.0200710 secs] [Times: user=0.03 sys=0.00, real=0.02 secs] 
2023-03-07T16:14:33.842-0300: 516116.086: [GC (Allocation Failure) [PSYoungGen: 71840K->224K(72192K)] 1587187K->1515571K(2048512K), 0.0109874 secs] [Times: user=0.09 sys=0.02, real=0.01 secs] 
2023-03-07T16:19:29.526-0300: 516411.771: [GC (Allocation Failure) [PSYoungGen: 71904K->160K(72192K)] 1587251K->1515507K(2048512K), 0.0143811 secs] [Times: user=0.00 sys=0.00, real=0.00 secs] 
2023-03-07T16:24:25.385-0300: 516707.630: [GC (Allocation Failure) [PSYoungGen: 71840K->256K(72192K)] 1587187K->1515603K(2048512K), 0.1320099 secs] [Times: user=0.56 sys=0.00, real=0.13 secs] 
2023-03-07T16:29:21.615-0300: 517003.859: [GC (Allocation Failure) [PSYoungGen: 71936K->256K(72192K)] 1587283K->1515603K(2048512K), 0.0130955 secs] [Times: user=0.00 sys=0.00, real=0.01 secs] 
2023-03-07T16:34:17.356-0300: 517299.601: [GC (Allocation Failure) [PSYoungGen: 71936K->256K(72192K)] 1587283K->1515603K(2048512K), 0.0120722 secs] [Times: user=0.13 sys=0.00, real=0.01 secs] 
2023-03-07T16:39:14.004-0300: 517596.249: [GC (Allocation Failure) [PSYoungGen: 71936K->224K(72192K)] 1587283K->1515571K(2048512K), 0.0298892 secs] [Times: user=0.13 sys=0.00, real=0.03 secs] 
2023-03-07T16:44:13.941-0300: 517896.186: [GC (Allocation Failure) [PSYoungGen: 71904K->256K(72192K)] 1587251K->1515603K(2048512K), 0.0316982 secs] [Times: user=0.14 sys=0.00, real=0.03 secs] 
2023-03-07T16:49:09.996-0300: 518192.241: [GC (Allocation Failure) [PSYoungGen: 71936K->160K(72192K)] 1587283K->1515507K(2048512K), 0.0153638 secs] [Times: user=0.11 sys=0.00, real=0.02 secs] 
2023-03-07T16:54:10.496-0300: 518492.742: [GC (Allocation Failure) [PSYoungGen: 71840K->224K(72192K)] 1587187K->1515571K(2048512K), 0.0229753 secs] [Times: user=0.14 sys=0.00, real=0.02 secs] 
2023-03-07T16:59:10.000-0300: 518792.245: [GC (Allocation Failure) [PSYoungGen: 71904K->160K(72192K)] 1587251K->1515507K(2048512K), 0.0413264 secs] [Times: user=0.20 sys=0.00, real=0.04 secs] 
2023-03-07T17:04:07.041-0300: 519089.286: [GC (Allocation Failure) [PSYoungGen: 71840K->256K(72192K)] 1587187K->1515603K(2048512K), 0.0215498 secs] [Times: user=0.11 sys=0.00, real=0.02 secs] 
2023-03-07T17:09:07.801-0300: 519390.046: [GC (Allocation Failure) [PSYoungGen: 71936K->256K(72192K)] 1587283K->1515603K(2048512K), 0.0089646 secs] [Times: user=0.00 sys=0.00, real=0.01 secs] 
2023-03-07T17:14:06.994-0300: 519689.238: [GC (Allocation Failure) [PSYoungGen: 71936K->256K(72192K)] 1587283K->1515603K(2048512K), 0.0090229 secs] [Times: user=0.00 sys=0.00, real=0.01 secs] 
2023-03-07T17:19:02.002-0300: 519984.248: [GC (Allocation Failure) [PSYoungGen: 71936K->64K(72192K)] 1587283K->1515411K(2048512K), 0.0313926 secs] [Times: user=0.13 sys=0.02, real=0.03 secs] 
2023-03-07T17:24:00.066-0300: 520282.311: [GC (Allocation Failure) [PSYoungGen: 71744K->256K(72192K)] 1587091K->1515603K(2048512K), 0.0156618 secs] [Times: user=0.01 sys=0.00, real=0.02 secs] 
2023-03-07T17:29:00.801-0300: 520583.046: [GC (Allocation Failure) [PSYoungGen: 71936K->256K(72192K)] 1587283K->1515603K(2048512K), 0.0308404 secs] [Times: user=0.14 sys=0.00, real=0.03 secs] 
2023-03-07T17:34:01.571-0300: 520883.815: [GC (Allocation Failure) [PSYoungGen: 71936K->192K(72192K)] 1587283K->1515539K(2048512K), 0.0125695 secs] [Times: user=0.02 sys=0.00, real=0.01 secs] 
2023-03-07T17:39:02.104-0300: 521184.349: [GC (Allocation Failure) [PSYoungGen: 71872K->224K(72192K)] 1587219K->1515571K(2048512K), 0.0090220 secs] [Times: user=0.02 sys=0.00, real=0.01 secs] 
2023-03-07T17:44:03.083-0300: 521485.328: [GC (Allocation Failure) [PSYoungGen: 71904K->192K(72192K)] 1587251K->1515539K(2048512K), 0.0288380 secs] [Times: user=0.09 sys=0.00, real=0.03 secs] 
2023-03-07T17:49:03.863-0300: 521786.108: [GC (Allocation Failure) [PSYoungGen: 71872K->224K(72192K)] 1587219K->1515571K(2048512K), 0.0220240 secs] [Times: user=0.11 sys=0.00, real=0.02 secs] 
2023-03-07T17:54:04.601-0300: 522086.845: [GC (Allocation Failure) [PSYoungGen: 71904K->256K(72192K)] 1587251K->1515603K(2048512K), 0.0273217 secs] [Times: user=0.11 sys=0.00, real=0.03 secs] 
2023-03-07T17:59:05.405-0300: 522387.649: [GC (Allocation Failure) [PSYoungGen: 71936K->256K(72192K)] 1587283K->1515603K(2048512K), 0.0147754 secs] [Times: user=0.13 sys=0.00, real=0.02 secs] 
2023-03-07T18:04:01.210-0300: 522683.455: [GC (Allocation Failure) [PSYoungGen: 71936K->224K(72192K)] 1587283K->1515571K(2048512K), 0.0278754 secs] [Times: user=0.13 sys=0.00, real=0.03 secs] 
2023-03-07T18:08:57.064-0300: 522979.309: [GC (Allocation Failure) [PSYoungGen: 71904K->160K(72192K)] 1587251K->1515507K(2048512K), 0.0358129 secs] [Times: user=0.25 sys=0.00, real=0.04 secs] 
2023-03-07T18:13:50.992-0300: 523273.237: [GC (Allocation Failure) [PSYoungGen: 71840K->256K(72192K)] 1587187K->1515603K(2048512K), 0.0288645 secs] [Times: user=0.14 sys=0.00, real=0.03 secs] 
2023-03-07T18:18:48.585-0300: 523570.830: [GC (Allocation Failure) [PSYoungGen: 71936K->224K(72192K)] 1587283K->1515571K(2048512K), 0.0287745 secs] [Times: user=0.14 sys=0.00, real=0.03 secs] 
2023-03-07T18:23:44.399-0300: 523866.643: [GC (Allocation Failure) [PSYoungGen: 71904K->256K(72192K)] 1587251K->1515603K(2048512K), 0.0174521 secs] [Times: user=0.09 sys=0.03, real=0.02 secs] 
2023-03-07T18:28:41.224-0300: 524163.468: [GC (Allocation Failure) [PSYoungGen: 71936K->224K(72192K)] 1587283K->1515571K(2048512K), 0.0420949 secs] [Times: user=0.11 sys=0.00, real=0.04 secs] 
2023-03-07T18:33:40.926-0300: 524463.171: [GC (Allocation Failure) [PSYoungGen: 71904K->192K(72192K)] 1587251K->1515539K(2048512K), 0.0149559 secs] [Times: user=0.02 sys=0.00, real=0.01 secs] 
2023-03-07T18:38:40.001-0300: 524762.246: [GC (Allocation Failure) [PSYoungGen: 71872K->160K(72192K)] 1587219K->1515507K(2048512K), 0.0223000 secs] [Times: user=0.08 sys=0.00, real=0.02 secs] 
2023-03-07T18:43:37.735-0300: 525059.980: [GC (Allocation Failure) [PSYoungGen: 71840K->256K(72192K)] 1587187K->1515603K(2048512K), 0.0084016 secs] [Times: user=0.13 sys=0.00, real=0.01 secs] 
2023-03-07T18:48:38.528-0300: 525360.772: [GC (Allocation Failure) [PSYoungGen: 71936K->224K(72192K)] 1587283K->1515571K(2048512K), 0.0169511 secs] [Times: user=0.13 sys=0.00, real=0.02 secs] 
2023-03-07T18:53:39.266-0300: 525661.511: [GC (Allocation Failure) [PSYoungGen: 71904K->224K(72192K)] 1587251K->1515571K(2048512K), 0.0098854 secs] [Times: user=0.11 sys=0.00, real=0.01 secs] 
2023-03-07T18:58:39.892-0300: 525962.137: [GC (Allocation Failure) [PSYoungGen: 71904K->192K(72192K)] 1587251K->1515539K(2048512K), 0.0100613 secs] [Times: user=0.11 sys=0.00, real=0.01 secs] 
2023-03-07T19:03:38.991-0300: 526261.236: [GC (Allocation Failure) [PSYoungGen: 71872K->192K(72192K)] 1587219K->1515539K(2048512K), 0.0092095 secs] [Times: user=0.00 sys=0.00, real=0.01 secs] 
2023-03-07T19:08:36.101-0300: 526558.345: [GC (Allocation Failure) [PSYoungGen: 71872K->160K(72192K)] 1587219K->1515507K(2048512K), 0.0238406 secs] [Times: user=0.11 sys=0.00, real=0.02 secs] 
2023-03-07T19:13:36.888-0300: 526859.132: [GC (Allocation Failure) [PSYoungGen: 71840K->256K(72192K)] 1587187K->1515603K(2048512K), 0.0149322 secs] [Times: user=0.13 sys=0.00, real=0.02 secs] 
2023-03-07T19:18:37.604-0300: 527159.848: [GC (Allocation Failure) [PSYoungGen: 71936K->256K(72192K)] 1587283K->1515603K(2048512K), 0.0279234 secs] [Times: user=0.14 sys=0.00, real=0.03 secs] 
2023-03-07T19:23:38.343-0300: 527460.588: [GC (Allocation Failure) [PSYoungGen: 71936K->256K(72192K)] 1587283K->1515603K(2048512K), 0.0108922 secs] [Times: user=0.13 sys=0.00, real=0.01 secs] 
2023-03-07T19:28:39.031-0300: 527761.276: [GC (Allocation Failure) [PSYoungGen: 71936K->192K(72192K)] 1587283K->1515539K(2048512K), 0.0194743 secs] [Times: user=0.13 sys=0.00, real=0.02 secs] 
2023-03-07T19:33:39.786-0300: 528062.031: [GC (Allocation Failure) [PSYoungGen: 71872K->256K(72192K)] 1587219K->1515603K(2048512K), 0.1202277 secs] [Times: user=0.33 sys=0.00, real=0.12 secs] 
2023-03-07T19:38:40.614-0300: 528362.859: [GC (Allocation Failure) [PSYoungGen: 71936K->256K(72192K)] 1587283K->1515603K(2048512K), 0.0249237 secs] [Times: user=0.08 sys=0.02, real=0.02 secs] 
2023-03-07T19:43:41.002-0300: 528663.247: [GC (Allocation Failure) [PSYoungGen: 71936K->160K(72192K)] 1587283K->1515507K(2048512K), 0.0105067 secs] [Times: user=0.06 sys=0.00, real=0.01 secs] 
2023-03-07T19:48:37.100-0300: 528959.345: [GC (Allocation Failure) [PSYoungGen: 71840K->256K(72192K)] 1587187K->1515603K(2048512K), 0.0193254 secs] [Times: user=0.13 sys=0.00, real=0.02 secs] 
2023-03-07T19:53:37.847-0300: 529260.092: [GC (Allocation Failure) [PSYoungGen: 71936K->224K(72192K)] 1587283K->1515571K(2048512K), 0.0230515 secs] [Times: user=0.09 sys=0.03, real=0.02 secs] 
2023-03-07T19:58:38.601-0300: 529560.845: [GC (Allocation Failure) [PSYoungGen: 71904K->224K(72192K)] 1587251K->1515571K(2048512K), 0.0295085 secs] [Times: user=0.14 sys=0.00, real=0.03 secs] 
2023-03-07T20:03:39.414-0300: 529861.659: [GC (Allocation Failure) [PSYoungGen: 71904K->224K(72192K)] 1587251K->1515571K(2048512K), 0.0219772 secs] [Times: user=0.11 sys=0.02, real=0.02 secs] 
2023-03-07T20:08:39.998-0300: 530162.242: [GC (Allocation Failure) [PSYoungGen: 71904K->192K(72192K)] 1587251K->1515539K(2048512K), 0.0285051 secs] [Times: user=0.14 sys=0.00, real=0.03 secs] 
2023-03-07T20:13:35.806-0300: 530458.051: [GC (Allocation Failure) [PSYoungGen: 71872K->160K(72192K)] 1587219K->1515507K(2048512K), 0.0234014 secs] [Times: user=0.11 sys=0.00, real=0.02 secs] 
2023-03-07T20:18:36.551-0300: 530758.795: [GC (Allocation Failure) [PSYoungGen: 71840K->256K(72192K)] 1587187K->1515603K(2048512K), 0.0173839 secs] [Times: user=0.01 sys=0.00, real=0.02 secs] 
2023-03-07T20:23:37.316-0300: 531059.561: [GC (Allocation Failure) [PSYoungGen: 71936K->256K(72192K)] 1587283K->1515603K(2048512K), 0.0257157 secs] [Times: user=0.11 sys=0.00, real=0.03 secs] 
2023-03-07T20:28:38.075-0300: 531360.319: [GC (Allocation Failure) [PSYoungGen: 71936K->192K(72192K)] 1587283K->1515539K(2048512K), 0.0103602 secs] [Times: user=0.02 sys=0.00, real=0.01 secs] 
2023-03-07T20:33:38.712-0300: 531660.956: [GC (Allocation Failure) [PSYoungGen: 71872K->192K(72192K)] 1587219K->1515539K(2048512K), 0.0099917 secs] [Times: user=0.01 sys=0.00, real=0.01 secs] 
2023-03-07T20:38:39.258-0300: 531961.502: [GC (Allocation Failure) [PSYoungGen: 71872K->192K(72192K)] 1587219K->1515539K(2048512K), 0.0114903 secs] [Times: user=0.02 sys=0.00, real=0.01 secs] 
2023-03-07T20:43:40.014-0300: 532262.258: [GC (Allocation Failure) [PSYoungGen: 71872K->128K(72192K)] 1587219K->1515475K(2048512K), 0.0199953 secs] [Times: user=0.08 sys=0.00, real=0.02 secs] 
2023-03-07T20:48:40.787-0300: 532563.032: [GC (Allocation Failure) [PSYoungGen: 71808K->256K(72192K)] 1587155K->1515603K(2048512K), 0.0269635 secs] [Times: user=0.13 sys=0.00, real=0.03 secs] 
2023-03-07T20:53:36.549-0300: 532858.793: [GC (Allocation Failure) [PSYoungGen: 71936K->256K(72192K)] 1587283K->1515603K(2048512K), 0.0228075 secs] [Times: user=0.25 sys=0.00, real=0.02 secs] 
2023-03-07T20:58:36.001-0300: 533158.246: [GC (Allocation Failure) [PSYoungGen: 71936K->224K(72192K)] 1587283K->1515571K(2048512K), 0.0097429 secs] [Times: user=0.13 sys=0.00, real=0.01 secs] 
2023-03-07T21:03:33.082-0300: 533455.327: [GC (Allocation Failure) [PSYoungGen: 71904K->256K(72192K)] 1587251K->1515603K(2048512K), 0.0191009 secs] [Times: user=0.02 sys=0.00, real=0.02 secs] 
2023-03-07T21:08:33.859-0300: 533756.104: [GC (Allocation Failure) [PSYoungGen: 71936K->224K(72192K)] 1587283K->1515571K(2048512K), 0.0294927 secs] [Times: user=0.25 sys=0.00, real=0.03 secs] 
2023-03-07T21:13:34.693-0300: 534056.938: [GC (Allocation Failure) [PSYoungGen: 71904K->192K(72192K)] 1587251K->1515539K(2048512K), 0.0236270 secs] [Times: user=0.11 sys=0.00, real=0.02 secs] 
2023-03-07T21:18:35.469-0300: 534357.714: [GC (Allocation Failure) [PSYoungGen: 71872K->192K(72192K)] 1587219K->1515539K(2048512K), 0.0249338 secs] [Times: user=0.23 sys=0.02, real=0.02 secs] 
2023-03-07T21:23:36.234-0300: 534658.478: [GC (Allocation Failure) [PSYoungGen: 71872K->224K(72192K)] 1587219K->1515571K(2048512K), 0.0291278 secs] [Times: user=0.25 sys=0.00, real=0.03 secs] 
2023-03-07T21:28:37.386-0300: 534959.631: [GC (Allocation Failure) [PSYoungGen: 71904K->256K(72192K)] 1587251K->1515603K(2048512K), 0.0087140 secs] [Times: user=0.02 sys=0.00, real=0.01 secs] 
2023-03-07T21:33:38.182-0300: 535260.427: [GC (Allocation Failure) [PSYoungGen: 71936K->192K(72192K)] 1587283K->1515539K(2048512K), 0.0114763 secs] [Times: user=0.13 sys=0.00, real=0.01 secs] 
2023-03-07T21:38:38.965-0300: 535561.210: [GC (Allocation Failure) [PSYoungGen: 71872K->224K(72192K)] 1587219K->1515571K(2048512K), 0.0235890 secs] [Times: user=0.14 sys=0.00, real=0.02 secs] 
2023-03-07T21:43:34.701-0300: 535856.946: [GC (Allocation Failure) [PSYoungGen: 71904K->256K(72192K)] 1587251K->1515603K(2048512K), 0.0171531 secs] [Times: user=0.13 sys=0.00, real=0.02 secs] 
2023-03-07T21:48:33.997-0300: 536156.242: [GC (Allocation Failure) [PSYoungGen: 71936K->224K(72192K)] 1587283K->1515571K(2048512K), 0.0170640 secs] [Times: user=0.13 sys=0.00, real=0.01 secs] 
2023-03-07T21:53:31.103-0300: 536453.347: [GC (Allocation Failure) [PSYoungGen: 71904K->224K(72192K)] 1587251K->1515571K(2048512K), 0.0097121 secs] [Times: user=0.00 sys=0.01, real=0.01 secs] 
2023-03-07T21:58:31.675-0300: 536753.920: [GC (Allocation Failure) [PSYoungGen: 71904K->128K(72192K)] 1587251K->1515475K(2048512K), 0.0107348 secs] [Times: user=0.08 sys=0.00, real=0.01 secs] 
2023-03-07T22:03:32.309-0300: 537054.553: [GC (Allocation Failure) [PSYoungGen: 71808K->256K(72192K)] 1587155K->1515603K(2048512K), 0.0236763 secs] [Times: user=0.14 sys=0.00, real=0.02 secs] 
2023-03-07T22:08:33.105-0300: 537355.350: [GC (Allocation Failure) [PSYoungGen: 71936K->256K(72192K)] 1587283K->1515603K(2048512K), 0.0086570 secs] [Times: user=0.02 sys=0.00, real=0.01 secs] 
2023-03-07T22:13:33.895-0300: 537656.140: [GC (Allocation Failure) [PSYoungGen: 71936K->256K(72192K)] 1587283K->1515603K(2048512K), 0.0230317 secs] [Times: user=0.13 sys=0.00, real=0.02 secs] 
2023-03-07T22:18:34.673-0300: 537956.917: [GC (Allocation Failure) [PSYoungGen: 71936K->224K(72192K)] 1587283K->1515571K(2048512K), 0.0278896 secs] [Times: user=0.25 sys=0.00, real=0.03 secs] 
2023-03-07T22:23:35.435-0300: 538257.680: [GC (Allocation Failure) [PSYoungGen: 71904K->256K(72192K)] 1587251K->1515603K(2048512K), 0.0177537 secs] [Times: user=0.13 sys=0.00, real=0.02 secs] 
2023-03-07T22:28:36.253-0300: 538558.498: [GC (Allocation Failure) [PSYoungGen: 71936K->192K(72192K)] 1587283K->1515539K(2048512K), 0.0266640 secs] [Times: user=0.13 sys=0.00, real=0.03 secs] 
2023-03-07T22:33:31.976-0300: 538854.221: [GC (Allocation Failure) [PSYoungGen: 71872K->256K(72192K)] 1587219K->1515603K(2048512K), 0.0163494 secs] [Times: user=0.02 sys=0.00, real=0.02 secs] 
2023-03-07T22:38:30.994-0300: 539153.239: [GC (Allocation Failure) [PSYoungGen: 71936K->256K(72192K)] 1587283K->1515603K(2048512K), 0.0258523 secs] [Times: user=0.14 sys=0.00, real=0.03 secs] 
2023-03-07T22:43:28.481-0300: 539450.726: [GC (Allocation Failure) [PSYoungGen: 71936K->256K(72192K)] 1587283K->1515603K(2048512K), 0.0270464 secs] [Times: user=0.14 sys=0.00, real=0.03 secs] 
2023-03-07T22:48:29.287-0300: 539751.531: [GC (Allocation Failure) [PSYoungGen: 71936K->256K(72192K)] 1587283K->1515603K(2048512K), 0.0245214 secs] [Times: user=0.11 sys=0.00, real=0.03 secs] 
2023-03-07T22:53:30.054-0300: 540052.299: [GC (Allocation Failure) [PSYoungGen: 71936K->224K(72192K)] 1587283K->1515571K(2048512K), 0.0200257 secs] [Times: user=0.08 sys=0.00, real=0.02 secs] 
2023-03-07T22:58:25.877-0300: 540348.122: [GC (Allocation Failure) [PSYoungGen: 71904K->224K(72192K)] 1587251K->1515571K(2048512K), 0.0279595 secs] [Times: user=0.14 sys=0.00, real=0.03 secs] 
2023-03-07T23:03:21.632-0300: 540643.877: [GC (Allocation Failure) [PSYoungGen: 71904K->192K(72192K)] 1587251K->1515539K(2048512K), 0.0150547 secs] [Times: user=0.11 sys=0.00, real=0.02 secs] 
2023-03-07T23:08:17.999-0300: 540940.243: [GC (Allocation Failure) [PSYoungGen: 71872K->256K(72192K)] 1587219K->1515603K(2048512K), 0.0286946 secs] [Times: user=0.14 sys=0.00, real=0.03 secs] 
2023-03-07T23:13:18.179-0300: 541240.424: [GC (Allocation Failure) [PSYoungGen: 71936K->256K(72192K)] 1587283K->1515603K(2048512K), 0.0085960 secs] [Times: user=0.00 sys=0.00, real=0.01 secs] 
2023-03-07T23:18:17.999-0300: 541540.244: [GC (Allocation Failure) [PSYoungGen: 71936K->96K(72192K)] 1587283K->1515443K(2048512K), 0.0107531 secs] [Times: user=0.00 sys=0.00, real=0.00 secs] 
2023-03-07T23:23:14.766-0300: 541837.010: [GC (Allocation Failure) [PSYoungGen: 71776K->192K(72192K)] 1587123K->1515539K(2048512K), 0.0108348 secs] [Times: user=0.11 sys=0.00, real=0.01 secs] 
2023-03-07T23:28:15.302-0300: 542137.547: [GC (Allocation Failure) [PSYoungGen: 71872K->192K(72192K)] 1587219K->1515539K(2048512K), 0.0090122 secs] [Times: user=0.00 sys=0.00, real=0.01 secs] 
2023-03-07T23:33:15.002-0300: 542437.246: [GC (Allocation Failure) [PSYoungGen: 71872K->160K(72192K)] 1587219K->1515507K(2048512K), 0.0188517 secs] [Times: user=0.06 sys=0.00, real=0.02 secs] 
2023-03-07T23:38:11.424-0300: 542733.669: [GC (Allocation Failure) [PSYoungGen: 71840K->256K(72192K)] 1587187K->1515603K(2048512K), 0.0091508 secs] [Times: user=0.00 sys=0.01, real=0.01 secs] 
2023-03-07T23:43:12.103-0300: 543034.347: [GC (Allocation Failure) [PSYoungGen: 71936K->256K(72192K)] 1587283K->1515603K(2048512K), 0.0104243 secs] [Times: user=0.02 sys=0.00, real=0.01 secs] 
2023-03-07T23:48:11.994-0300: 543334.239: [GC (Allocation Failure) [PSYoungGen: 71936K->96K(72192K)] 1587283K->1515443K(2048512K), 0.0094312 secs] [Times: user=0.02 sys=0.00, real=0.01 secs] 
2023-03-07T23:53:07.000-0300: 543629.245: [GC (Allocation Failure) [PSYoungGen: 71776K->192K(72192K)] 1587123K->1515539K(2048512K), 0.0308828 secs] [Times: user=0.22 sys=0.00, real=0.03 secs] 
2023-03-07T23:58:04.141-0300: 543926.386: [GC (Allocation Failure) [PSYoungGen: 71872K->256K(72192K)] 1587219K->1515603K(2048512K), 0.0154449 secs] [Times: user=0.13 sys=0.00, real=0.02 secs] 
2023-03-08T00:03:04.878-0300: 544227.123: [GC (Allocation Failure) [PSYoungGen: 71936K->224K(72192K)] 1587283K->1515571K(2048512K), 0.3714260 secs] [Times: user=1.66 sys=0.05, real=0.37 secs] 
2023-03-08T00:08:06.024-0300: 544528.268: [GC (Allocation Failure) [PSYoungGen: 71904K->256K(72192K)] 1587251K->1515603K(2048512K), 0.0291388 secs] [Times: user=0.14 sys=0.00, real=0.03 secs] 
2023-03-08T00:13:06.834-0300: 544829.078: [GC (Allocation Failure) [PSYoungGen: 71936K->256K(72192K)] 1587283K->1515603K(2048512K), 0.0144378 secs] [Times: user=0.01 sys=0.00, real=0.01 secs] 
2023-03-08T00:18:07.508-0300: 545129.753: [GC (Allocation Failure) [PSYoungGen: 71936K->160K(72192K)] 1587283K->1515507K(2048512K), 0.0154686 secs] [Times: user=0.11 sys=0.00, real=0.02 secs] 
2023-03-08T00:23:08.274-0300: 545430.519: [GC (Allocation Failure) [PSYoungGen: 71840K->256K(72192K)] 1587187K->1515603K(2048512K), 0.0160402 secs] [Times: user=0.13 sys=0.00, real=0.02 secs] 
2023-03-08T00:28:09.093-0300: 545731.338: [GC (Allocation Failure) [PSYoungGen: 71936K->160K(72192K)] 1587283K->1515507K(2048512K), 0.0242242 secs] [Times: user=0.13 sys=0.00, real=0.02 secs] 
2023-03-08T00:33:09.869-0300: 546032.113: [GC (Allocation Failure) [PSYoungGen: 71840K->256K(72192K)] 1587187K->1515603K(2048512K), 0.0184399 secs] [Times: user=0.13 sys=0.00, real=0.02 secs] 
2023-03-08T00:38:05.598-0300: 546327.843: [GC (Allocation Failure) [PSYoungGen: 71936K->256K(72192K)] 1587283K->1515603K(2048512K), 0.3563655 secs] [Times: user=1.61 sys=0.03, real=0.36 secs] 
2023-03-08T00:43:06.001-0300: 546628.246: [GC (Allocation Failure) [PSYoungGen: 71936K->192K(72192K)] 1587283K->1515539K(2048512K), 0.0290503 secs] [Times: user=0.14 sys=0.00, real=0.03 secs] 
2023-03-08T00:48:02.492-0300: 546924.737: [GC (Allocation Failure) [PSYoungGen: 71872K->224K(72192K)] 1587219K->1515571K(2048512K), 0.0238835 secs] [Times: user=0.09 sys=0.00, real=0.02 secs] 
2023-03-08T00:53:03.236-0300: 547225.481: [GC (Allocation Failure) [PSYoungGen: 71904K->224K(72192K)] 1587251K->1515571K(2048512K), 0.0094063 secs] [Times: user=0.11 sys=0.00, real=0.01 secs] 
2023-03-08T00:58:03.852-0300: 547526.096: [GC (Allocation Failure) [PSYoungGen: 71904K->224K(72192K)] 1587251K->1515571K(2048512K), 0.0093497 secs] [Times: user=0.00 sys=0.00, real=0.01 secs] 
2023-03-08T01:03:04.498-0300: 547826.742: [GC (Allocation Failure) [PSYoungGen: 71904K->256K(72192K)] 1587251K->1515603K(2048512K), 0.0132345 secs] [Times: user=0.13 sys=0.00, real=0.01 secs] 
2023-03-08T01:08:05.219-0300: 548127.463: [GC (Allocation Failure) [PSYoungGen: 71936K->256K(72192K)] 1587283K->1515603K(2048512K), 0.0287285 secs] [Times: user=0.24 sys=0.00, real=0.03 secs] 
2023-03-08T01:13:06.039-0300: 548428.284: [GC (Allocation Failure) [PSYoungGen: 71936K->256K(72192K)] 1587283K->1515603K(2048512K), 0.0235538 secs] [Times: user=0.13 sys=0.00, real=0.02 secs] 
2023-03-08T01:18:06.861-0300: 548729.105: [GC (Allocation Failure) [PSYoungGen: 71936K->192K(72192K)] 1587283K->1515539K(2048512K), 0.0175759 secs] [Times: user=0.11 sys=0.00, real=0.02 secs] 
2023-03-08T01:23:07.617-0300: 549029.861: [GC (Allocation Failure) [PSYoungGen: 71872K->224K(72192K)] 1587219K->1515571K(2048512K), 0.0244643 secs] [Times: user=0.13 sys=0.00, real=0.02 secs] 
2023-03-08T01:28:03.461-0300: 549325.705: [GC (Allocation Failure) [PSYoungGen: 71904K->256K(72192K)] 1587251K->1515603K(2048512K), 0.0351003 secs] [Times: user=0.20 sys=0.00, real=0.04 secs] 
2023-03-08T01:33:04.220-0300: 549626.465: [GC (Allocation Failure) [PSYoungGen: 71936K->256K(72192K)] 1587283K->1515603K(2048512K), 0.0291324 secs] [Times: user=0.25 sys=0.00, real=0.03 secs] 
2023-03-08T01:38:04.991-0300: 549927.236: [GC (Allocation Failure) [PSYoungGen: 71936K->160K(72192K)] 1587283K->1515507K(2048512K), 0.0183689 secs] [Times: user=0.01 sys=0.00, real=0.02 secs] 
2023-03-08T01:43:00.881-0300: 550223.126: [GC (Allocation Failure) [PSYoungGen: 71840K->224K(72192K)] 1587187K->1515571K(2048512K), 0.0247233 secs] [Times: user=0.11 sys=0.00, real=0.02 secs] 
2023-03-08T01:48:01.643-0300: 550523.888: [GC (Allocation Failure) [PSYoungGen: 71904K->224K(72192K)] 1587251K->1515571K(2048512K), 0.0283605 secs] [Times: user=0.11 sys=0.00, real=0.03 secs] 
2023-03-08T01:53:02.706-0300: 550824.952: [GC (Allocation Failure) [PSYoungGen: 71904K->160K(72192K)] 1587251K->1515507K(2048512K), 0.0297103 secs] [Times: user=0.11 sys=0.00, real=0.03 secs] 
2023-03-08T01:58:03.514-0300: 551125.758: [GC (Allocation Failure) [PSYoungGen: 71840K->256K(72192K)] 1587187K->1515611K(2048512K), 0.0238869 secs] [Times: user=0.14 sys=0.00, real=0.02 secs] 
2023-03-08T02:03:04.262-0300: 551426.506: [GC (Allocation Failure) [PSYoungGen: 71936K->256K(72192K)] 1587291K->1515611K(2048512K), 0.0251797 secs] [Times: user=0.14 sys=0.00, real=0.02 secs] 
2023-03-08T02:08:05.006-0300: 551727.251: [GC (Allocation Failure) [PSYoungGen: 71936K->128K(72192K)] 1587291K->1515483K(2048512K), 0.0212284 secs] [Times: user=0.08 sys=0.00, real=0.02 secs] 
2023-03-08T02:13:05.746-0300: 552027.990: [GC (Allocation Failure) [PSYoungGen: 71808K->224K(72192K)] 1587163K->1515579K(2048512K), 0.0097296 secs] [Times: user=0.02 sys=0.00, real=0.01 secs] 
2023-03-08T02:18:06.319-0300: 552328.564: [GC (Allocation Failure) [PSYoungGen: 71904K->192K(72192K)] 1587259K->1515547K(2048512K), 0.0092329 secs] [Times: user=0.00 sys=0.00, real=0.01 secs] 
2023-03-08T02:23:01.858-0300: 552624.103: [GC (Allocation Failure) [PSYoungGen: 71872K->256K(72192K)] 1587227K->1515611K(2048512K), 0.5497754 secs] [Times: user=2.20 sys=0.01, real=0.55 secs] 
2023-03-08T02:28:01.006-0300: 552923.251: [GC (Allocation Failure) [PSYoungGen: 71936K->128K(72192K)] 1587291K->1515483K(2048512K), 0.0297000 secs] [Times: user=0.09 sys=0.00, real=0.03 secs] 
2023-03-08T02:32:58.893-0300: 553221.137: [GC (Allocation Failure) [PSYoungGen: 71808K->256K(72192K)] 1587163K->1515611K(2048512K), 0.0234353 secs] [Times: user=0.17 sys=0.00, real=0.02 secs] 
2023-03-08T02:37:59.629-0300: 553521.874: [GC (Allocation Failure) [PSYoungGen: 71936K->256K(72192K)] 1587291K->1515611K(2048512K), 0.0298232 secs] [Times: user=0.11 sys=0.00, real=0.03 secs] 
2023-03-08T02:43:00.432-0300: 553822.676: [GC (Allocation Failure) [PSYoungGen: 71936K->192K(72192K)] 1587291K->1515547K(2048512K), 0.0207464 secs] [Times: user=0.08 sys=0.05, real=0.02 secs] 
2023-03-08T02:48:01.175-0300: 554123.420: [GC (Allocation Failure) [PSYoungGen: 71872K->96K(72192K)] 1587227K->1515451K(2048512K), 0.0215595 secs] [Times: user=0.11 sys=0.00, real=0.02 secs] 
2023-03-08T02:53:01.957-0300: 554424.202: [GC (Allocation Failure) [PSYoungGen: 71776K->224K(72192K)] 1587131K->1515579K(2048512K), 0.0308481 secs] [Times: user=0.14 sys=0.00, real=0.03 secs] 
2023-03-08T02:58:02.733-0300: 554724.977: [GC (Allocation Failure) [PSYoungGen: 71904K->256K(72192K)] 1587259K->1515611K(2048512K), 0.0251070 secs] [Times: user=0.14 sys=0.00, real=0.02 secs] 
2023-03-08T03:03:03.519-0300: 555025.763: [GC (Allocation Failure) [PSYoungGen: 71936K->192K(72192K)] 1587291K->1515547K(2048512K), 0.0083465 secs] [Times: user=0.00 sys=0.00, real=0.01 secs] 
2023-03-08T03:07:59.326-0300: 555321.570: [GC (Allocation Failure) [PSYoungGen: 71872K->256K(72192K)] 1587227K->1515611K(2048512K), 0.0178590 secs] [Times: user=0.13 sys=0.00, real=0.02 secs] 
2023-03-08T03:12:53.993-0300: 555616.238: [GC (Allocation Failure) [PSYoungGen: 71936K->256K(72192K)] 1587291K->1515611K(2048512K), 0.0284539 secs] [Times: user=0.14 sys=0.00, real=0.03 secs] 
2023-03-08T03:17:47.005-0300: 555909.249: [GC (Allocation Failure) [PSYoungGen: 71936K->128K(72192K)] 1587291K->1515483K(2048512K), 0.0105127 secs] [Times: user=0.00 sys=0.00, real=0.01 secs] 
2023-03-08T03:22:46.624-0300: 556208.869: [GC (Allocation Failure) [PSYoungGen: 71808K->224K(72192K)] 1587163K->1515579K(2048512K), 0.0206932 secs] [Times: user=0.14 sys=0.00, real=0.02 secs] 
2023-03-08T03:27:42.406-0300: 556504.651: [GC (Allocation Failure) [PSYoungGen: 71904K->224K(72192K)] 1587259K->1515579K(2048512K), 0.0251622 secs] [Times: user=0.25 sys=0.00, real=0.03 secs] 
2023-03-08T03:32:43.208-0300: 556805.453: [GC (Allocation Failure) [PSYoungGen: 71904K->256K(72192K)] 1587259K->1515611K(2048512K), 0.0171375 secs] [Times: user=0.02 sys=0.00, real=0.02 secs] 
2023-03-08T03:37:42.995-0300: 557105.240: [GC (Allocation Failure) [PSYoungGen: 71936K->192K(72192K)] 1587291K->1515547K(2048512K), 0.0264129 secs] [Times: user=0.14 sys=0.00, real=0.03 secs] 
2023-03-08T03:42:39.511-0300: 557401.757: [GC (Allocation Failure) [PSYoungGen: 71872K->128K(72192K)] 1587227K->1515483K(2048512K), 0.0095998 secs] [Times: user=0.00 sys=0.00, real=0.00 secs] 
2023-03-08T03:47:38.993-0300: 557701.238: [GC (Allocation Failure) [PSYoungGen: 71808K->128K(72192K)] 1587163K->1515483K(2048512K), 0.0234898 secs] [Times: user=0.13 sys=0.00, real=0.02 secs] 
2023-03-08T03:52:32.999-0300: 557995.244: [GC (Allocation Failure) [PSYoungGen: 71808K->96K(72192K)] 1587163K->1515451K(2048512K), 0.0120282 secs] [Times: user=0.09 sys=0.00, real=0.01 secs] 
2023-03-08T03:57:31.794-0300: 558294.038: [GC (Allocation Failure) [PSYoungGen: 71776K->192K(72192K)] 1587131K->1515547K(2048512K), 0.0176870 secs] [Times: user=0.13 sys=0.00, real=0.02 secs] 
2023-03-08T04:02:27.997-0300: 558590.241: [GC (Allocation Failure) [PSYoungGen: 71872K->256K(72192K)] 1587227K->1515611K(2048512K), 0.0227004 secs] [Times: user=0.14 sys=0.00, real=0.02 secs] 
2023-03-08T04:07:25.782-0300: 558888.027: [GC (Allocation Failure) [PSYoungGen: 71936K->224K(72192K)] 1587291K->1515579K(2048512K), 0.0565458 secs] [Times: user=0.22 sys=0.01, real=0.06 secs] 
2023-03-08T04:12:21.997-0300: 559184.242: [GC (Allocation Failure) [PSYoungGen: 71904K->224K(72192K)] 1587259K->1515579K(2048512K), 0.0254734 secs] [Times: user=0.14 sys=0.00, real=0.03 secs] 
2023-03-08T04:17:15.994-0300: 559478.239: [GC (Allocation Failure) [PSYoungGen: 71904K->128K(72192K)] 1587259K->1515483K(2048512K), 0.0167730 secs] [Times: user=0.13 sys=0.00, real=0.02 secs] 
2023-03-08T04:22:15.586-0300: 559777.831: [GC (Allocation Failure) [PSYoungGen: 71808K->256K(72192K)] 1587163K->1515611K(2048512K), 0.3747284 secs] [Times: user=1.89 sys=0.03, real=0.38 secs] 
2023-03-08T04:27:16.616-0300: 560078.861: [GC (Allocation Failure) [PSYoungGen: 71936K->256K(72192K)] 1587291K->1515611K(2048512K), 0.0148973 secs] [Times: user=0.01 sys=0.00, real=0.02 secs] 
2023-03-08T04:32:17.592-0300: 560379.837: [GC (Allocation Failure) [PSYoungGen: 71936K->160K(72192K)] 1587291K->1515515K(2048512K), 0.0244051 secs] [Times: user=0.14 sys=0.00, real=0.03 secs] 
2023-03-08T04:37:18.345-0300: 560680.590: [GC (Allocation Failure) [PSYoungGen: 71840K->256K(72192K)] 1587195K->1515611K(2048512K), 0.0166193 secs] [Times: user=0.13 sys=0.00, real=0.02 secs] 
2023-03-08T04:42:19.233-0300: 560981.478: [GC (Allocation Failure) [PSYoungGen: 71936K->192K(72192K)] 1587291K->1515547K(2048512K), 0.0515790 secs] [Times: user=0.25 sys=0.00, real=0.05 secs] 
2023-03-08T04:47:19.981-0300: 561282.226: [GC (Allocation Failure) [PSYoungGen: 71872K->256K(72192K)] 1587227K->1515611K(2048512K), 0.0157851 secs] [Times: user=0.11 sys=0.00, real=0.02 secs] 
2023-03-08T04:52:20.698-0300: 561582.942: [GC (Allocation Failure) [PSYoungGen: 71936K->256K(72192K)] 1587291K->1515611K(2048512K), 0.0286451 secs] [Times: user=0.14 sys=0.00, real=0.03 secs] 
2023-03-08T04:57:20.997-0300: 561883.242: [GC (Allocation Failure) [PSYoungGen: 71936K->128K(72192K)] 1587291K->1515483K(2048512K), 0.0089218 secs] [Times: user=0.06 sys=0.02, real=0.01 secs] 
2023-03-08T05:02:16.997-0300: 562179.242: [GC (Allocation Failure) [PSYoungGen: 71808K->192K(72192K)] 1587163K->1515547K(2048512K), 0.3775260 secs] [Times: user=1.44 sys=0.02, real=0.38 secs] 
2023-03-08T05:07:18.111-0300: 562480.356: [GC (Allocation Failure) [PSYoungGen: 71872K->256K(72192K)] 1587227K->1515611K(2048512K), 0.0089856 secs] [Times: user=0.13 sys=0.00, real=0.01 secs] 
2023-03-08T05:12:18.895-0300: 562781.140: [GC (Allocation Failure) [PSYoungGen: 71936K->192K(72192K)] 1587291K->1515547K(2048512K), 0.0257965 secs] [Times: user=0.11 sys=0.00, real=0.03 secs] 
2023-03-08T05:17:19.719-0300: 563081.964: [GC (Allocation Failure) [PSYoungGen: 71872K->256K(72192K)] 1587227K->1515611K(2048512K), 0.0170438 secs] [Times: user=0.13 sys=0.00, real=0.01 secs] 
2023-03-08T05:22:20.515-0300: 563382.759: [GC (Allocation Failure) [PSYoungGen: 71936K->224K(72192K)] 1587291K->1515579K(2048512K), 0.0159340 secs] [Times: user=0.13 sys=0.00, real=0.02 secs] 
2023-03-08T05:27:21.218-0300: 563683.462: [GC (Allocation Failure) [PSYoungGen: 71904K->224K(72192K)] 1587259K->1515579K(2048512K), 0.0183465 secs] [Times: user=0.13 sys=0.00, real=0.02 secs] 
2023-03-08T05:32:16.003-0300: 563978.248: [GC (Allocation Failure) [PSYoungGen: 71904K->160K(72192K)] 1587259K->1515515K(2048512K), 0.0334227 secs] [Times: user=0.08 sys=0.02, real=0.03 secs] 
2023-03-08T05:37:12.576-0300: 564274.820: [GC (Allocation Failure) [PSYoungGen: 71840K->224K(72192K)] 1587195K->1515579K(2048512K), 0.0226670 secs] [Times: user=0.14 sys=0.00, real=0.02 secs] 
2023-03-08T05:42:13.309-0300: 564575.553: [GC (Allocation Failure) [PSYoungGen: 71904K->224K(72192K)] 1587259K->1515579K(2048512K), 0.0285229 secs] [Times: user=0.14 sys=0.00, real=0.03 secs] 
2023-03-08T05:47:14.091-0300: 564876.336: [GC (Allocation Failure) [PSYoungGen: 71904K->224K(72192K)] 1587259K->1515579K(2048512K), 0.0246831 secs] [Times: user=0.14 sys=0.00, real=0.02 secs] 
2023-03-08T05:52:14.796-0300: 565177.041: [GC (Allocation Failure) [PSYoungGen: 71904K->256K(72192K)] 1587259K->1515611K(2048512K), 0.0189981 secs] [Times: user=0.13 sys=0.00, real=0.02 secs] 
2023-03-08T05:57:15.524-0300: 565477.769: [GC (Allocation Failure) [PSYoungGen: 71936K->256K(72192K)] 1587291K->1515611K(2048512K), 0.0082940 secs] [Times: user=0.00 sys=0.00, real=0.01 secs] 
2023-03-08T06:02:16.236-0300: 565778.481: [GC (Allocation Failure) [PSYoungGen: 71936K->224K(72192K)] 1587291K->1515579K(2048512K), 0.0265989 secs] [Times: user=0.23 sys=0.00, real=0.03 secs] 
2023-03-08T06:07:16.949-0300: 566079.194: [GC (Allocation Failure) [PSYoungGen: 71904K->256K(72192K)] 1587259K->1515611K(2048512K), 0.0175877 secs] [Times: user=0.13 sys=0.00, real=0.02 secs] 
2023-03-08T06:12:17.662-0300: 566379.907: [GC (Allocation Failure) [PSYoungGen: 71936K->256K(72192K)] 1587291K->1515611K(2048512K), 0.0280293 secs] [Times: user=0.05 sys=0.00, real=0.03 secs] 
2023-03-08T06:17:13.416-0300: 566675.660: [GC (Allocation Failure) [PSYoungGen: 71936K->256K(72192K)] 1587291K->1515611K(2048512K), 0.0215473 secs] [Times: user=0.13 sys=0.00, real=0.02 secs] 
2023-03-08T06:22:14.000-0300: 566976.245: [GC (Allocation Failure) [PSYoungGen: 71936K->128K(72192K)] 1587291K->1515483K(2048512K), 0.0166518 secs] [Times: user=0.08 sys=0.00, real=0.02 secs] 
2023-03-08T06:27:09.791-0300: 567272.036: [GC (Allocation Failure) [PSYoungGen: 71808K->256K(72192K)] 1587163K->1515611K(2048512K), 0.0094727 secs] [Times: user=0.02 sys=0.00, real=0.01 secs] 
2023-03-08T06:32:10.342-0300: 567572.587: [GC (Allocation Failure) [PSYoungGen: 71936K->256K(72192K)] 1587291K->1515611K(2048512K), 0.0094930 secs] [Times: user=0.08 sys=0.02, real=0.01 secs] 
2023-03-08T06:37:10.922-0300: 567873.167: [GC (Allocation Failure) [PSYoungGen: 71936K->256K(72192K)] 1587291K->1515611K(2048512K), 0.0121264 secs] [Times: user=0.13 sys=0.00, real=0.01 secs] 
2023-03-08T06:42:11.565-0300: 568173.810: [GC (Allocation Failure) [PSYoungGen: 71936K->256K(72192K)] 1587291K->1515611K(2048512K), 0.0106174 secs] [Times: user=0.02 sys=0.00, real=0.01 secs] 
2023-03-08T06:47:12.263-0300: 568474.507: [GC (Allocation Failure) [PSYoungGen: 71936K->224K(72192K)] 1587291K->1515579K(2048512K), 0.0325503 secs] [Times: user=0.14 sys=0.00, real=0.03 secs] 
2023-03-08T06:52:12.952-0300: 568775.197: [GC (Allocation Failure) [PSYoungGen: 71904K->224K(72192K)] 1587259K->1515579K(2048512K), 0.0315618 secs] [Times: user=0.23 sys=0.00, real=0.03 secs] 
2023-03-08T06:57:13.683-0300: 569075.928: [GC (Allocation Failure) [PSYoungGen: 71904K->192K(72192K)] 1587259K->1515547K(2048512K), 0.0295411 secs] [Times: user=0.14 sys=0.00, real=0.03 secs] 
2023-03-08T07:02:14.414-0300: 569376.658: [GC (Allocation Failure) [PSYoungGen: 71872K->192K(72192K)] 1587227K->1515547K(2048512K), 0.0177673 secs] [Times: user=0.02 sys=0.00, real=0.02 secs] 
2023-03-08T07:07:10.153-0300: 569672.398: [GC (Allocation Failure) [PSYoungGen: 71872K->224K(72192K)] 1587227K->1515579K(2048512K), 0.0264749 secs] [Times: user=0.20 sys=0.02, real=0.03 secs] 
2023-03-08T07:12:10.932-0300: 569973.176: [GC (Allocation Failure) [PSYoungGen: 71904K->192K(72192K)] 1587259K->1515547K(2048512K), 0.0272579 secs] [Times: user=0.14 sys=0.00, real=0.03 secs] 
2023-03-08T07:17:11.681-0300: 570273.925: [GC (Allocation Failure) [PSYoungGen: 71872K->256K(72192K)] 1587227K->1515611K(2048512K), 0.0147872 secs] [Times: user=0.13 sys=0.00, real=0.02 secs] 
2023-03-08T07:22:12.428-0300: 570574.673: [GC (Allocation Failure) [PSYoungGen: 71936K->160K(72192K)] 1587291K->1515515K(2048512K), 0.0248153 secs] [Times: user=0.13 sys=0.00, real=0.03 secs] 
2023-03-08T07:27:13.000-0300: 570875.245: [GC (Allocation Failure) [PSYoungGen: 71840K->160K(72192K)] 1587195K->1515515K(2048512K), 0.0117715 secs] [Times: user=0.13 sys=0.00, real=0.01 secs] 
2023-03-08T07:32:08.891-0300: 571171.136: [GC (Allocation Failure) [PSYoungGen: 71840K->224K(72192K)] 1587195K->1515579K(2048512K), 0.0273825 secs] [Times: user=0.14 sys=0.00, real=0.03 secs] 
2023-03-08T07:37:09.632-0300: 571471.877: [GC (Allocation Failure) [PSYoungGen: 71904K->224K(72192K)] 1587259K->1515579K(2048512K), 0.0165592 secs] [Times: user=0.02 sys=0.02, real=0.02 secs] 
2023-03-08T07:42:10.401-0300: 571772.646: [GC (Allocation Failure) [PSYoungGen: 71904K->256K(72192K)] 1587259K->1515611K(2048512K), 0.0293493 secs] [Times: user=0.14 sys=0.00, real=0.03 secs] 
2023-03-08T07:47:11.172-0300: 572073.417: [GC (Allocation Failure) [PSYoungGen: 71936K->192K(72192K)] 1587291K->1515547K(2048512K), 0.0231428 secs] [Times: user=0.25 sys=0.00, real=0.02 secs] 
2023-03-08T07:52:11.955-0300: 572374.200: [GC (Allocation Failure) [PSYoungGen: 71872K->192K(72192K)] 1587227K->1515547K(2048512K), 0.0319274 secs] [Times: user=0.17 sys=0.02, real=0.03 secs] 
2023-03-08T07:57:12.727-0300: 572674.972: [GC (Allocation Failure) [PSYoungGen: 71872K->192K(72192K)] 1587227K->1515547K(2048512K), 0.0291068 secs] [Times: user=0.14 sys=0.00, real=0.03 secs] 
2023-03-08T08:02:13.533-0300: 572975.779: [GC (Allocation Failure) [PSYoungGen: 71872K->256K(72192K)] 1587227K->1515611K(2048512K), 0.0178157 secs] [Times: user=0.02 sys=0.02, real=0.02 secs] 
2023-03-08T08:07:14.311-0300: 573276.555: [GC (Allocation Failure) [PSYoungGen: 71936K->64K(72192K)] 1587291K->1515419K(2048512K), 0.0168942 secs] [Times: user=0.09 sys=0.00, real=0.02 secs] 
2023-03-08T08:12:09.916-0300: 573572.160: [GC (Allocation Failure) [PSYoungGen: 71744K->192K(72192K)] 1587099K->1515547K(2048512K), 0.0095926 secs] [Times: user=0.01 sys=0.00, real=0.01 secs] 
2023-03-08T08:17:10.499-0300: 573872.744: [GC (Allocation Failure) [PSYoungGen: 71872K->224K(72192K)] 1587227K->1515579K(2048512K), 0.0092981 secs] [Times: user=0.11 sys=0.00, real=0.01 secs] 
2023-03-08T08:22:11.106-0300: 574173.350: [GC (Allocation Failure) [PSYoungGen: 71904K->192K(72192K)] 1587259K->1515547K(2048512K), 0.0093266 secs] [Times: user=0.09 sys=0.00, real=0.01 secs] 
2023-03-08T08:27:11.850-0300: 574474.095: [GC (Allocation Failure) [PSYoungGen: 71872K->224K(72192K)] 1587227K->1515579K(2048512K), 0.0243358 secs] [Times: user=0.11 sys=0.00, real=0.03 secs] 
2023-03-08T08:32:11.005-0300: 574773.250: [GC (Allocation Failure) [PSYoungGen: 71904K->128K(72192K)] 1587259K->1515483K(2048512K), 0.0325741 secs] [Times: user=0.13 sys=0.00, real=0.03 secs] 
2023-03-08T08:37:08.401-0300: 575070.646: [GC (Allocation Failure) [PSYoungGen: 71808K->224K(72192K)] 1587163K->1515579K(2048512K), 0.0301686 secs] [Times: user=0.14 sys=0.00, real=0.03 secs] 
2023-03-08T08:42:09.218-0300: 575371.463: [GC (Allocation Failure) [PSYoungGen: 71904K->224K(72192K)] 1587259K->1515579K(2048512K), 0.0188634 secs] [Times: user=0.13 sys=0.00, real=0.02 secs] 
2023-03-08T08:47:09.962-0300: 575672.206: [GC (Allocation Failure) [PSYoungGen: 71904K->256K(72192K)] 1587259K->1515611K(2048512K), 0.0229731 secs] [Times: user=0.13 sys=0.00, real=0.02 secs] 
2023-03-08T08:52:10.798-0300: 575973.043: [GC (Allocation Failure) [PSYoungGen: 71936K->256K(72192K)] 1587291K->1515611K(2048512K), 0.0280222 secs] [Times: user=0.20 sys=0.00, real=0.03 secs] 
2023-03-08T08:57:11.580-0300: 576273.825: [GC (Allocation Failure) [PSYoungGen: 71936K->96K(72192K)] 1587291K->1515451K(2048512K), 0.0091978 secs] [Times: user=0.08 sys=0.00, real=0.01 secs] 
2023-03-08T09:02:12.308-0300: 576574.552: [GC (Allocation Failure) [PSYoungGen: 71776K->256K(72192K)] 1587131K->1515611K(2048512K), 0.0189404 secs] [Times: user=0.08 sys=0.00, real=0.02 secs] 
2023-03-08T09:07:13.061-0300: 576875.306: [GC (Allocation Failure) [PSYoungGen: 71936K->256K(72192K)] 1587291K->1515611K(2048512K), 0.0407528 secs] [Times: user=0.22 sys=0.00, real=0.04 secs] 
2023-03-08T09:12:13.963-0300: 577176.208: [GC (Allocation Failure) [PSYoungGen: 71936K->256K(72192K)] 1587291K->1515611K(2048512K), 0.0336893 secs] [Times: user=0.23 sys=0.00, real=0.03 secs] 
2023-03-08T09:17:09.841-0300: 577472.086: [GC (Allocation Failure) [PSYoungGen: 71936K->224K(72192K)] 1587291K->1515579K(2048512K), 0.0245605 secs] [Times: user=0.11 sys=0.00, real=0.02 secs] 
2023-03-08T09:22:10.668-0300: 577772.913: [GC (Allocation Failure) [PSYoungGen: 71904K->256K(72192K)] 1587259K->1515611K(2048512K), 0.0276873 secs] [Times: user=0.14 sys=0.00, real=0.03 secs] 
2023-03-08T09:27:11.419-0300: 578073.668: [GC (Allocation Failure) [PSYoungGen: 71936K->256K(72192K)] 1587291K->1515611K(2048512K), 0.0298000 secs] [Times: user=0.14 sys=0.00, real=0.04 secs] 
2023-03-08T09:32:12.184-0300: 578374.428: [GC (Allocation Failure) [PSYoungGen: 71936K->256K(72192K)] 1587291K->1515611K(2048512K), 0.0089750 secs] [Times: user=0.02 sys=0.00, real=0.01 secs] 
2023-03-08T09:37:12.928-0300: 578675.173: [GC (Allocation Failure) [PSYoungGen: 71936K->256K(72192K)] 1587291K->1515611K(2048512K), 0.0291946 secs] [Times: user=0.03 sys=0.00, real=0.03 secs] 
2023-03-08T09:42:12.006-0300: 578974.250: [GC (Allocation Failure) [PSYoungGen: 71936K->192K(72192K)] 1587291K->1515547K(2048512K), 0.0289640 secs] [Times: user=0.05 sys=0.00, real=0.03 secs] 
2023-03-08T09:47:09.222-0300: 579271.467: [GC (Allocation Failure) [PSYoungGen: 71872K->224K(72192K)] 1587227K->1515579K(2048512K), 0.0122478 secs] [Times: user=0.00 sys=0.00, real=0.01 secs] 
2023-03-08T09:52:09.955-0300: 579572.200: [GC (Allocation Failure) [PSYoungGen: 71904K->224K(72192K)] 1587259K->1515579K(2048512K), 0.0162326 secs] [Times: user=0.11 sys=0.00, real=0.02 secs] 
2023-03-08T09:57:10.806-0300: 579873.051: [GC (Allocation Failure) [PSYoungGen: 71904K->192K(72192K)] 1587259K->1515547K(2048512K), 0.0225905 secs] [Times: user=0.13 sys=0.00, real=0.02 secs] 
2023-03-08T10:02:11.600-0300: 580173.844: [GC (Allocation Failure) [PSYoungGen: 71872K->96K(72192K)] 1587227K->1515451K(2048512K), 0.0097934 secs] [Times: user=0.00 sys=0.00, real=0.01 secs] 
2023-03-08T10:07:07.340-0300: 580469.585: [GC (Allocation Failure) [PSYoungGen: 71776K->256K(72192K)] 1587131K->1515611K(2048512K), 0.0296706 secs] [Times: user=0.14 sys=0.00, real=0.03 secs] 
2023-03-08T10:12:03.192-0300: 580765.436: [GC (Allocation Failure) [PSYoungGen: 71936K->224K(72192K)] 1587291K->1515579K(2048512K), 0.0121738 secs] [Times: user=0.00 sys=0.00, real=0.01 secs] 
2023-03-08T10:16:58.916-0300: 581061.160: [GC (Allocation Failure) [PSYoungGen: 71904K->224K(72192K)] 1587259K->1515579K(2048512K), 0.0252796 secs] [Times: user=0.11 sys=0.02, real=0.02 secs] 
2023-03-08T10:21:59.590-0300: 581361.835: [GC (Allocation Failure) [PSYoungGen: 71904K->256K(72192K)] 1587259K->1515611K(2048512K), 0.0288706 secs] [Times: user=0.13 sys=0.00, real=0.03 secs] 
2023-03-08T10:26:52.995-0300: 581655.240: [GC (Allocation Failure) [PSYoungGen: 71936K->256K(72192K)] 1587291K->1515611K(2048512K), 0.0122393 secs] [Times: user=0.08 sys=0.00, real=0.01 secs] 
2023-03-08T10:31:50.944-0300: 581953.189: [GC (Allocation Failure) [PSYoungGen: 71936K->256K(72192K)] 1587291K->1515611K(2048512K), 0.0134061 secs] [Times: user=0.02 sys=0.00, real=0.01 secs] 
2023-03-08T10:36:46.633-0300: 582248.877: [GC (Allocation Failure) [PSYoungGen: 71936K->224K(72192K)] 1587291K->1515579K(2048512K), 0.0133744 secs] [Times: user=0.00 sys=0.00, real=0.01 secs] 
2023-03-08T10:41:48.109-0300: 582550.353: [GC (Allocation Failure) [PSYoungGen: 71904K->192K(72192K)] 1587259K->1515547K(2048512K), 0.0533903 secs] [Times: user=0.13 sys=0.00, real=0.05 secs] 
2023-03-08T10:46:43.970-0300: 582846.214: [GC (Allocation Failure) [PSYoungGen: 71872K->256K(72192K)] 1587227K->1515611K(2048512K), 0.0133861 secs] [Times: user=0.13 sys=0.00, real=0.01 secs] 
2023-03-08T10:51:43.002-0300: 583145.246: [GC (Allocation Failure) [PSYoungGen: 71936K->256K(72192K)] 1587291K->1515611K(2048512K), 0.0320574 secs] [Times: user=0.19 sys=0.00, real=0.03 secs] 
2023-03-08T10:56:38.872-0300: 583439.252: [GC (Allocation Failure) [PSYoungGen: 71936K->256K(72192K)] 1587291K->1515611K(2048512K), 0.0101568 secs] [Times: user=0.00 sys=0.00, real=0.00 secs] 
2023-03-08T11:01:38.004-0300: 583738.385: [GC (Allocation Failure) [PSYoungGen: 71936K->224K(72192K)] 1587291K->1515579K(2048512K), 0.0155522 secs] [Times: user=0.13 sys=0.00, real=0.02 secs] 
2023-03-08T11:06:38.706-0300: 584039.086: [GC (Allocation Failure) [PSYoungGen: 71904K->256K(72192K)] 1587259K->1515611K(2048512K), 0.0237565 secs] [Times: user=0.14 sys=0.00, real=0.02 secs] 
2023-03-08T11:11:37.867-0300: 584338.247: [GC (Allocation Failure) [PSYoungGen: 71936K->128K(72192K)] 1587291K->1515483K(2048512K), 0.0124731 secs] [Times: user=0.08 sys=0.00, real=0.01 secs] 
2023-03-08T11:16:35.300-0300: 584635.680: [GC (Allocation Failure) [PSYoungGen: 71808K->224K(72192K)] 1587163K->1515579K(2048512K), 0.0132490 secs] [Times: user=0.13 sys=0.00, real=0.01 secs] 
2023-03-08T11:21:36.507-0300: 584936.888: [GC (Allocation Failure) [PSYoungGen: 71904K->160K(72192K)] 1587259K->1515515K(2048512K), 0.0368439 secs] [Times: user=0.09 sys=0.00, real=0.04 secs] 
2023-03-08T11:26:32.208-0300: 585232.589: [GC (Allocation Failure) [PSYoungGen: 71840K->256K(72192K)] 1587195K->1515611K(2048512K), 0.0216491 secs] [Times: user=0.14 sys=0.00, real=0.02 secs] 
2023-03-08T11:31:31.369-0300: 585531.749: [GC (Allocation Failure) [PSYoungGen: 71936K->224K(72192K)] 1587291K->1515579K(2048512K), 0.0473230 secs] [Times: user=0.19 sys=0.00, real=0.05 secs] 
2023-03-08T11:36:29.361-0300: 585829.741: [GC (Allocation Failure) [PSYoungGen: 71904K->128K(72192K)] 1587259K->1515483K(2048512K), 0.0492402 secs] [Times: user=0.23 sys=0.00, real=0.05 secs] 
2023-03-08T11:41:28.862-0300: 586129.242: [GC (Allocation Failure) [PSYoungGen: 71808K->192K(72192K)] 1587163K->1515547K(2048512K), 0.0308536 secs] [Times: user=0.22 sys=0.01, real=0.03 secs] 
2023-03-08T11:46:26.248-0300: 586426.628: [GC (Allocation Failure) [PSYoungGen: 71872K->256K(72192K)] 1587227K->1515611K(2048512K), 0.0333180 secs] [Times: user=0.23 sys=0.00, real=0.03 secs] 
2023-03-08T11:51:26.960-0300: 586727.341: [GC (Allocation Failure) [PSYoungGen: 71936K->224K(72192K)] 1587291K->1515579K(2048512K), 0.0115888 secs] [Times: user=0.13 sys=0.00, real=0.01 secs] 
2023-03-08T11:56:27.799-0300: 587028.179: [GC (Allocation Failure) [PSYoungGen: 71904K->224K(72192K)] 1587259K->1515579K(2048512K), 0.0299512 secs] [Times: user=0.20 sys=0.00, real=0.03 secs] 
2023-03-08T12:01:26.857-0300: 587327.237: [GC (Allocation Failure) [PSYoungGen: 71904K->256K(72192K)] 1587259K->1515611K(2048512K), 0.0251049 secs] [Times: user=0.11 sys=0.00, real=0.03 secs] 
2023-03-08T12:06:24.312-0300: 587624.692: [GC (Allocation Failure) [PSYoungGen: 71936K->224K(72192K)] 1587291K->1515579K(2048512K), 0.0259917 secs] [Times: user=0.14 sys=0.00, real=0.03 secs] 
2023-03-08T12:11:25.440-0300: 587925.820: [GC (Allocation Failure) [PSYoungGen: 71904K->256K(72192K)] 1587259K->1515611K(2048512K), 0.0163840 secs] [Times: user=0.13 sys=0.00, real=0.02 secs] 
2023-03-08T12:16:21.714-0300: 588222.094: [GC (Allocation Failure) [PSYoungGen: 71936K->256K(72192K)] 1587291K->1515611K(2048512K), 0.0403023 secs] [Times: user=0.23 sys=0.00, real=0.04 secs] 
2023-03-08T12:21:17.525-0300: 588517.905: [GC (Allocation Failure) [PSYoungGen: 71936K->256K(72192K)] 1587291K->1515611K(2048512K), 0.3860642 secs] [Times: user=1.45 sys=0.00, real=0.39 secs] 
2023-03-08T12:26:13.645-0300: 588814.026: [GC (Allocation Failure) [PSYoungGen: 71936K->256K(72192K)] 1587291K->1515611K(2048512K), 0.0249635 secs] [Times: user=0.13 sys=0.02, real=0.03 secs] 
2023-03-08T12:31:10.227-0300: 589110.608: [GC (Allocation Failure) [PSYoungGen: 71936K->160K(72192K)] 1587291K->1515515K(2048512K), 0.0282974 secs] [Times: user=0.13 sys=0.00, real=0.03 secs] 
2023-03-08T12:36:09.869-0300: 589410.250: [GC (Allocation Failure) [PSYoungGen: 71840K->224K(72192K)] 1587195K->1515579K(2048512K), 0.0273057 secs] [Times: user=0.06 sys=0.00, real=0.03 secs] 
2023-03-08T12:41:03.870-0300: 589704.250: [GC (Allocation Failure) [PSYoungGen: 71904K->96K(72192K)] 1587259K->1515451K(2048512K), 0.0102352 secs] [Times: user=0.00 sys=0.00, real=0.00 secs] 
2023-03-08T12:46:01.551-0300: 590001.931: [GC (Allocation Failure) [PSYoungGen: 71776K->256K(72192K)] 1587131K->1515611K(2048512K), 0.0295810 secs] [Times: user=0.13 sys=0.00, real=0.03 secs] 
2023-03-08T12:50:57.861-0300: 590298.242: [GC (Allocation Failure) [PSYoungGen: 71936K->224K(72192K)] 1587291K->1515579K(2048512K), 0.0211606 secs] [Times: user=0.13 sys=0.00, real=0.02 secs] 
2023-03-08T12:55:58.244-0300: 590598.625: [GC (Allocation Failure) [PSYoungGen: 71904K->256K(72192K)] 1587259K->1515611K(2048512K), 0.0328320 secs] [Times: user=0.14 sys=0.00, real=0.03 secs] 
2023-03-08T13:00:59.001-0300: 590899.383: [GC (Allocation Failure) [PSYoungGen: 71936K->256K(72192K)] 1587291K->1515611K(2048512K), 0.1067870 secs] [Times: user=0.66 sys=0.00, real=0.11 secs] 
2023-03-08T13:05:58.863-0300: 591199.243: [GC (Allocation Failure) [PSYoungGen: 71936K->256K(72192K)] 1587291K->1515611K(2048512K), 0.0225814 secs] [Times: user=0.16 sys=0.00, real=0.02 secs] 
2023-03-08T13:10:52.868-0300: 591493.248: [GC (Allocation Failure) [PSYoungGen: 71936K->128K(72192K)] 1587291K->1515483K(2048512K), 0.0100895 secs] [Times: user=0.00 sys=0.00, real=0.01 secs] 
2023-03-08T13:15:51.397-0300: 591791.777: [GC (Allocation Failure) [PSYoungGen: 71808K->256K(72192K)] 1587163K->1515611K(2048512K), 0.0194259 secs] [Times: user=0.14 sys=0.00, real=0.02 secs] 
2023-03-08T13:20:52.218-0300: 592092.599: [GC (Allocation Failure) [PSYoungGen: 71936K->192K(72192K)] 1587291K->1515547K(2048512K), 0.0240555 secs] [Times: user=0.14 sys=0.00, real=0.03 secs] 
2023-03-08T13:25:53.041-0300: 592393.422: [GC (Allocation Failure) [PSYoungGen: 71872K->256K(72192K)] 1587227K->1515611K(2048512K), 0.1301289 secs] [Times: user=0.70 sys=0.00, real=0.13 secs] 
2023-03-08T13:30:53.873-0300: 592694.253: [GC (Allocation Failure) [PSYoungGen: 71936K->224K(72192K)] 1587291K->1515579K(2048512K), 0.0291306 secs] [Times: user=0.11 sys=0.00, real=0.03 secs] 
2023-03-08T13:35:54.512-0300: 592994.893: [GC (Allocation Failure) [PSYoungGen: 71904K->224K(72192K)] 1587259K->1515579K(2048512K), 0.0102881 secs] [Times: user=0.00 sys=0.00, real=0.01 secs] 
2023-03-08T13:40:55.158-0300: 593295.538: [GC (Allocation Failure) [PSYoungGen: 71904K->128K(72192K)] 1587259K->1515483K(2048512K), 0.1062399 secs] [Times: user=0.34 sys=0.02, real=0.11 secs] 
2023-03-08T13:45:56.037-0300: 593596.417: [GC (Allocation Failure) [PSYoungGen: 71808K->224K(72192K)] 1587163K->1515579K(2048512K), 0.0155160 secs] [Times: user=0.13 sys=0.00, real=0.02 secs] 
2023-03-08T13:50:56.832-0300: 593897.212: [GC (Allocation Failure) [PSYoungGen: 71904K->160K(72192K)] 1587259K->1515515K(2048512K), 0.0157195 secs] [Times: user=0.11 sys=0.00, real=0.01 secs] 
2023-03-08T13:55:47.604-0300: 594187.984: [GC (Allocation Failure) [PSYoungGen: 71840K->160K(72192K)] 1587195K->1515515K(2048512K), 0.3803191 secs] [Times: user=1.20 sys=0.02, real=0.38 secs] 
2023-03-08T14:00:43.686-0300: 594484.067: [GC (Allocation Failure) [PSYoungGen: 71840K->224K(72192K)] 1587195K->1515579K(2048512K), 0.3874775 secs] [Times: user=1.67 sys=0.00, real=0.38 secs] 
2023-03-08T14:05:40.126-0300: 594780.506: [GC (Allocation Failure) [PSYoungGen: 71904K->224K(72192K)] 1587259K->1515579K(2048512K), 0.0228806 secs] [Times: user=0.14 sys=0.00, real=0.02 secs] 
2023-03-08T14:10:35.817-0300: 595076.198: [GC (Allocation Failure) [PSYoungGen: 71904K->256K(72192K)] 1587259K->1515611K(2048512K), 0.0293792 secs] [Times: user=0.25 sys=0.00, real=0.03 secs] 
2023-03-08T14:15:31.860-0300: 595372.240: [GC (Allocation Failure) [PSYoungGen: 71936K->256K(72192K)] 1587291K->1515611K(2048512K), 0.0106747 secs] [Times: user=0.13 sys=0.00, real=0.01 secs] 
2023-03-08T14:20:32.457-0300: 595672.838: [GC (Allocation Failure) [PSYoungGen: 71936K->224K(72192K)] 1587291K->1515579K(2048512K), 0.0138025 secs] [Times: user=0.11 sys=0.00, real=0.01 secs] 
2023-03-08T14:25:31.859-0300: 595972.239: [GC (Allocation Failure) [PSYoungGen: 71904K->160K(72192K)] 1587259K->1515515K(2048512K), 0.0285443 secs] [Times: user=0.14 sys=0.00, real=0.03 secs] 
2023-03-08T14:30:29.232-0300: 596269.613: [GC (Allocation Failure) [PSYoungGen: 71840K->256K(72192K)] 1587195K->1515611K(2048512K), 0.0182266 secs] [Times: user=0.13 sys=0.00, real=0.02 secs] 
2023-03-08T14:35:28.859-0300: 596569.239: [GC (Allocation Failure) [PSYoungGen: 71936K->224K(72192K)] 1587291K->1515579K(2048512K), 0.0104366 secs] [Times: user=0.02 sys=0.00, real=0.01 secs] 
2023-03-08T14:40:22.871-0300: 596863.251: [GC (Allocation Failure) [PSYoungGen: 71904K->160K(72192K)] 1587259K->1515515K(2048512K), 0.0309909 secs] [Times: user=0.14 sys=0.00, real=0.03 secs] 
2023-03-08T14:45:21.334-0300: 597161.715: [GC (Allocation Failure) [PSYoungGen: 71840K->224K(72192K)] 1587195K->1515579K(2048512K), 0.0207228 secs] [Times: user=0.13 sys=0.00, real=0.02 secs] 
2023-03-08T14:50:17.859-0300: 597458.239: [GC (Allocation Failure) [PSYoungGen: 71904K->192K(72192K)] 1587259K->1515547K(2048512K), 0.0106402 secs] [Times: user=0.01 sys=0.00, real=0.01 secs] 
2023-03-08T14:55:15.138-0300: 597755.524: [GC (Allocation Failure) [PSYoungGen: 71872K->224K(72192K)] 1587227K->1515579K(2048512K), 0.0304846 secs] [Times: user=0.14 sys=0.02, real=0.04 secs] 
2023-03-08T15:00:11.871-0300: 598052.252: [GC (Allocation Failure) [PSYoungGen: 71904K->192K(72192K)] 1587259K->1515547K(2048512K), 0.0263514 secs] [Times: user=0.13 sys=0.00, real=0.03 secs] 
2023-03-08T15:05:05.857-0300: 598346.238: [GC (Allocation Failure) [PSYoungGen: 71872K->224K(72192K)] 1587227K->1515579K(2048512K), 0.0245864 secs] [Times: user=0.09 sys=0.02, real=0.03 secs] 
2023-03-08T15:10:04.806-0300: 598645.187: [GC (Allocation Failure) [PSYoungGen: 71904K->224K(72192K)] 1587259K->1515579K(2048512K), 0.1330621 secs] [Times: user=0.28 sys=0.03, real=0.13 secs] 
2023-03-08T15:15:05.788-0300: 598946.179: [GC (Allocation Failure) [PSYoungGen: 71904K->224K(72192K)] 1587259K->1515579K(2048512K), 0.0209399 secs] [Times: user=0.16 sys=0.00, real=0.03 secs] 
2023-03-08T15:20:06.574-0300: 599246.955: [GC (Allocation Failure) [PSYoungGen: 71904K->256K(72192K)] 1587259K->1515611K(2048512K), 0.0327590 secs] [Times: user=0.19 sys=0.02, real=0.03 secs] 
2023-03-08T15:25:07.274-0300: 599547.654: [GC (Allocation Failure) [PSYoungGen: 71936K->224K(72192K)] 1587291K->1515579K(2048512K), 0.0253984 secs] [Times: user=0.13 sys=0.00, real=0.03 secs] 
2023-03-08T15:30:08.184-0300: 599848.565: [GC (Allocation Failure) [PSYoungGen: 71904K->256K(72192K)] 1587259K->1515611K(2048512K), 0.0142296 secs] [Times: user=0.00 sys=0.00, real=0.01 secs] 
2023-03-08T15:35:08.926-0300: 600149.307: [GC (Allocation Failure) [PSYoungGen: 71936K->224K(72192K)] 1587291K->1515579K(2048512K), 0.0419650 secs] [Times: user=0.22 sys=0.00, real=0.04 secs] 
2023-03-08T15:40:09.783-0300: 600450.163: [GC (Allocation Failure) [PSYoungGen: 71904K->224K(72192K)] 1587259K->1515579K(2048512K), 0.0444348 secs] [Times: user=0.19 sys=0.02, real=0.05 secs] 
2023-03-08T15:45:05.702-0300: 600746.083: [GC (Allocation Failure) [PSYoungGen: 71904K->224K(72192K)] 1587259K->1515579K(2048512K), 0.0448158 secs] [Times: user=0.25 sys=0.00, real=0.05 secs] 
2023-03-08T15:50:06.310-0300: 601046.691: [GC (Allocation Failure) [PSYoungGen: 71904K->192K(72192K)] 1587259K->1515547K(2048512K), 0.0242465 secs] [Times: user=0.09 sys=0.00, real=0.02 secs] 
2023-03-08T15:55:06.975-0300: 601347.357: [GC (Allocation Failure) [PSYoungGen: 71872K->224K(72192K)] 1587227K->1515579K(2048512K), 0.0145954 secs] [Times: user=0.11 sys=0.00, real=0.01 secs] 
2023-03-08T16:00:07.681-0300: 601648.061: [GC (Allocation Failure) [PSYoungGen: 71904K->160K(72192K)] 1587259K->1515515K(2048512K), 0.0186456 secs] [Times: user=0.11 sys=0.00, real=0.02 secs] 
2023-03-08T16:05:03.388-0300: 601943.768: [GC (Allocation Failure) [PSYoungGen: 71840K->96K(72192K)] 1587195K->1515451K(2048512K), 0.0278447 secs] [Times: user=0.06 sys=0.00, real=0.03 secs] 
2023-03-08T16:09:59.129-0300: 602239.509: [GC (Allocation Failure) [PSYoungGen: 71776K->96K(72192K)] 1587131K->1515451K(2048512K), 0.0156168 secs] [Times: user=0.11 sys=0.00, real=0.02 secs] 
2023-03-08T16:14:54.721-0300: 602535.101: [GC (Allocation Failure) [PSYoungGen: 71776K->192K(72192K)] 1587131K->1515547K(2048512K), 0.0463709 secs] [Times: user=0.16 sys=0.00, real=0.05 secs] 
2023-03-08T16:19:53.868-0300: 602834.249: [GC (Allocation Failure) [PSYoungGen: 71872K->64K(72192K)] 1587227K->1515419K(2048512K), 0.0219430 secs] [Times: user=0.11 sys=0.00, real=0.02 secs] 
2023-03-08T16:24:50.859-0300: 603131.239: [GC (Allocation Failure) [PSYoungGen: 71744K->128K(72192K)] 1587099K->1515483K(2048512K), 0.1128065 secs] [Times: user=0.28 sys=0.00, real=0.11 secs] 
2023-03-08T16:29:51.585-0300: 603431.965: [GC (Allocation Failure) [PSYoungGen: 71808K->160K(72192K)] 1587163K->1515515K(2048512K), 0.0100012 secs] [Times: user=0.11 sys=0.00, real=0.01 secs] 
2023-03-08T16:34:47.289-0300: 603727.680: [GC (Allocation Failure) [PSYoungGen: 71840K->256K(72192K)] 1587195K->1515611K(2048512K), 0.0242604 secs] [Times: user=0.22 sys=0.00, real=0.04 secs] 
2023-03-08T16:39:43.114-0300: 604023.494: [GC (Allocation Failure) [PSYoungGen: 71936K->192K(72192K)] 1587291K->1515547K(2048512K), 0.0413842 secs] [Times: user=0.38 sys=0.00, real=0.04 secs] 
2023-03-08T16:44:39.860-0300: 604320.241: [GC (Allocation Failure) [PSYoungGen: 71872K->256K(72192K)] 1587227K->1515611K(2048512K), 0.0251098 secs] [Times: user=0.14 sys=0.00, real=0.03 secs] 
2023-03-08T16:49:34.671-0300: 604615.051: [GC (Allocation Failure) [PSYoungGen: 71936K->192K(72192K)] 1587291K->1515547K(2048512K), 0.0172452 secs] [Times: user=0.09 sys=0.00, real=0.02 secs] 
2023-03-08T16:54:35.342-0300: 604915.722: [GC (Allocation Failure) [PSYoungGen: 71872K->224K(72192K)] 1587227K->1515579K(2048512K), 0.1057951 secs] [Times: user=0.23 sys=0.00, real=0.10 secs] 
2023-03-08T16:59:36.145-0300: 605216.525: [GC (Allocation Failure) [PSYoungGen: 71904K->256K(72192K)] 1587259K->1515611K(2048512K), 0.0232635 secs] [Times: user=0.19 sys=0.02, real=0.02 secs] 
2023-03-08T17:04:34.820-0300: 605515.201: [GC (Allocation Failure) [PSYoungGen: 71936K->256K(72192K)] 1587291K->1515611K(2048512K), 0.0127765 secs] [Times: user=0.01 sys=0.00, real=0.01 secs] 
2023-03-08T17:09:32.577-0300: 605812.958: [GC (Allocation Failure) [PSYoungGen: 71936K->256K(72192K)] 1587291K->1515611K(2048512K), 0.1349729 secs] [Times: user=0.73 sys=0.02, real=0.13 secs] 
2023-03-08T17:14:31.864-0300: 606112.245: [GC (Allocation Failure) [PSYoungGen: 71936K->128K(72192K)] 1587291K->1515483K(2048512K), 0.0211580 secs] [Times: user=0.19 sys=0.00, real=0.02 secs] 
2023-03-08T17:19:29.187-0300: 606409.567: [GC (Allocation Failure) [PSYoungGen: 71808K->224K(72192K)] 1587163K->1515579K(2048512K), 0.0312156 secs] [Times: user=0.13 sys=0.00, real=0.03 secs] 
2023-03-08T17:24:28.859-0300: 606709.239: [GC (Allocation Failure) [PSYoungGen: 71904K->224K(72192K)] 1587259K->1515579K(2048512K), 0.0295020 secs] [Times: user=0.14 sys=0.00, real=0.03 secs] 
2023-03-08T17:29:22.863-0300: 607003.243: [GC (Allocation Failure) [PSYoungGen: 71904K->256K(72192K)] 1587259K->1515611K(2048512K), 0.0133358 secs] [Times: user=0.13 sys=0.00, real=0.01 secs] 
2023-03-08T17:34:16.867-0300: 607297.247: [GC (Allocation Failure) [PSYoungGen: 71936K->192K(72192K)] 1587291K->1515547K(2048512K), 0.0423854 secs] [Times: user=0.19 sys=0.02, real=0.04 secs] 
2023-03-08T17:39:12.858-0300: 607593.238: [GC (Allocation Failure) [PSYoungGen: 71872K->128K(72192K)] 1587227K->1515483K(2048512K), 0.0238875 secs] [Times: user=0.09 sys=0.00, real=0.02 secs] 
2023-03-08T17:44:13.560-0300: 607893.940: [GC (Allocation Failure) [PSYoungGen: 71808K->224K(72192K)] 1587163K->1515579K(2048512K), 0.0424566 secs] [Times: user=0.23 sys=0.00, real=0.04 secs] 
2023-03-08T17:49:14.601-0300: 608194.981: [GC (Allocation Failure) [PSYoungGen: 71904K->256K(72192K)] 1587259K->1515611K(2048512K), 0.0240139 secs] [Times: user=0.22 sys=0.00, real=0.02 secs] 
2023-03-08T17:54:10.536-0300: 608490.916: [GC (Allocation Failure) [PSYoungGen: 71936K->224K(72192K)] 1587291K->1515579K(2048512K), 0.0351806 secs] [Times: user=0.25 sys=0.00, real=0.04 secs] 
2023-03-08T17:59:06.435-0300: 608786.815: [GC (Allocation Failure) [PSYoungGen: 71904K->192K(72192K)] 1587259K->1515547K(2048512K), 0.0337897 secs] [Times: user=0.16 sys=0.02, real=0.03 secs] 
2023-03-08T18:04:02.370-0300: 609082.750: [GC (Allocation Failure) [PSYoungGen: 71872K->224K(72192K)] 1587227K->1515579K(2048512K), 0.4068923 secs] [Times: user=1.59 sys=0.02, real=0.41 secs] 
2023-03-08T18:08:58.688-0300: 609379.068: [GC (Allocation Failure) [PSYoungGen: 71904K->192K(72192K)] 1587259K->1515547K(2048512K), 0.0412759 secs] [Times: user=0.22 sys=0.01, real=0.04 secs] 
2023-03-08T18:13:54.861-0300: 609675.242: [GC (Allocation Failure) [PSYoungGen: 71872K->192K(72192K)] 1587227K->1515547K(2048512K), 0.0272046 secs] [Times: user=0.11 sys=0.00, real=0.03 secs] 
2023-03-08T18:19:52.689-0300: 610044.784: [GC (Allocation Failure) [PSYoungGen: 71872K->256K(72192K)] 1587227K->1515611K(2048512K), 0.0155029 secs] [Times: user=0.11 sys=0.00, real=0.02 secs] 
2023-03-08T18:24:53.411-0300: 610345.506: [GC (Allocation Failure) [PSYoungGen: 71936K->256K(72192K)] 1587291K->1515611K(2048512K), 0.0152273 secs] [Times: user=0.13 sys=0.00, real=0.02 secs] 
2023-03-08T18:29:49.225-0300: 610641.320: [GC (Allocation Failure) [PSYoungGen: 71936K->256K(72192K)] 1587291K->1515611K(2048512K), 0.0231207 secs] [Times: user=0.22 sys=0.00, real=0.02 secs] 
2023-03-08T18:34:50.051-0300: 610942.147: [GC (Allocation Failure) [PSYoungGen: 71936K->256K(72192K)] 1587291K->1515611K(2048512K), 0.0268765 secs] [Times: user=0.19 sys=0.00, real=0.03 secs] 
2023-03-08T18:39:50.773-0300: 611242.868: [GC (Allocation Failure) [PSYoungGen: 71936K->224K(72192K)] 1587291K->1515579K(2048512K), 0.0368691 secs] [Times: user=0.31 sys=0.02, real=0.04 secs] 
2023-03-08T18:44:48.143-0300: 611540.239: [GC (Allocation Failure) [PSYoungGen: 71904K->256K(72192K)] 1587259K->1515611K(2048512K), 0.0397475 secs] [Times: user=0.27 sys=0.00, real=0.04 secs] 
2023-03-08T18:49:47.199-0300: 611839.294: [GC (Allocation Failure) [PSYoungGen: 71936K->224K(72192K)] 1587291K->1515579K(2048512K), 0.0344134 secs] [Times: user=0.16 sys=0.00, real=0.04 secs] 
2023-03-08T18:54:45.226-0300: 612137.321: [GC (Allocation Failure) [PSYoungGen: 71904K->224K(72192K)] 1587259K->1515579K(2048512K), 0.0248959 secs] [Times: user=0.20 sys=0.00, real=0.02 secs] 
2023-03-08T18:59:43.640-0300: 612435.736: [GC (Allocation Failure) [PSYoungGen: 71904K->256K(72192K)] 1587259K->1515611K(2048512K), 0.0129780 secs] [Times: user=0.09 sys=0.00, real=0.01 secs] 
2023-03-08T19:04:44.334-0300: 612736.429: [GC (Allocation Failure) [PSYoungGen: 71936K->224K(72192K)] 1587291K->1515579K(2048512K), 0.0117007 secs] [Times: user=0.13 sys=0.00, real=0.01 secs] 
2023-03-08T19:09:45.169-0300: 613037.264: [GC (Allocation Failure) [PSYoungGen: 71904K->160K(72192K)] 1587259K->1515515K(2048512K), 0.0148685 secs] [Times: user=0.13 sys=0.00, real=0.02 secs] 
2023-03-08T19:14:45.896-0300: 613337.991: [GC (Allocation Failure) [PSYoungGen: 71840K->256K(72192K)] 1587195K->1515611K(2048512K), 0.0402965 secs] [Times: user=0.38 sys=0.00, real=0.04 secs] 
2023-03-08T19:19:46.648-0300: 613638.743: [GC (Allocation Failure) [PSYoungGen: 71936K->256K(72192K)] 1587291K->1515611K(2048512K), 0.0393357 secs] [Times: user=0.16 sys=0.01, real=0.04 secs] 
