[2023-06-15T10:49:07.837-0400][46ms] Heap region size: 1M
[2023-06-15T10:49:07.847-0400][57ms] Using G1
[2023-06-15T10:49:07.848-0400][57ms] Heap address: 0x0000000741600000, size: 3050 MB, Compressed Oops mode: Zero based, Oop shift amount: 3
[2023-06-15T10:49:08.901-0400][1110ms] GC(0) Pause Young (Normal) (G1 Evacuation Pause)
[2023-06-15T10:49:08.903-0400][1112ms] GC(0) Using 4 workers of 8 for evacuation
[2023-06-15T10:49:08.907-0400][1116ms] GC(0)   Pre Evacuate Collection Set: 0.0ms
[2023-06-15T10:49:08.907-0400][1116ms] GC(0)   Evacuate Collection Set: 3.5ms
[2023-06-15T10:49:08.907-0400][1116ms] GC(0)   Post Evacuate Collection Set: 0.6ms
[2023-06-15T10:49:08.907-0400][1116ms] GC(0)   Other: 1.6ms
[2023-06-15T10:49:08.907-0400][1116ms] GC(0) Eden regions: 24->0(112)
[2023-06-15T10:49:08.908-0400][1117ms] GC(0) Survivor regions: 0->3(3)
[2023-06-15T10:49:08.908-0400][1117ms] GC(0) Old regions: 0->1
[2023-06-15T10:49:08.908-0400][1117ms] GC(0) Humongous regions: 0->0
[2023-06-15T10:49:08.908-0400][1117ms] GC(0) Metaspace: 12147K->12147K(1060864K)
[2023-06-15T10:49:08.908-0400][1117ms] GC(0) Pause Young (Normal) (G1 Evacuation Pause) 24M->3M(192M) 6.409ms
[2023-06-15T10:49:08.908-0400][1117ms] GC(0) User=0.00s Sys=0.03s Real=0.01s
[2023-06-15T10:49:09.811-0400][2020ms] GC(1) Pause Young (Concurrent Start) (Metadata GC Threshold)
[2023-06-15T10:49:09.813-0400][2022ms] GC(1) Using 8 workers of 8 for evacuation
[2023-06-15T10:49:09.821-0400][2030ms] GC(1)   Pre Evacuate Collection Set: 0.0ms
[2023-06-15T10:49:09.822-0400][2031ms] GC(1)   Evacuate Collection Set: 7.6ms
[2023-06-15T10:49:09.822-0400][2031ms] GC(1)   Post Evacuate Collection Set: 1.0ms
[2023-06-15T10:49:09.822-0400][2031ms] GC(1)   Other: 2.2ms
[2023-06-15T10:49:09.822-0400][2031ms] GC(1) Eden regions: 38->0(48)
[2023-06-15T10:49:09.822-0400][2031ms] GC(1) Survivor regions: 3->8(15)
[2023-06-15T10:49:09.822-0400][2031ms] GC(1) Old regions: 1->1
[2023-06-15T10:49:09.822-0400][2031ms] GC(1) Humongous regions: 0->0
[2023-06-15T10:49:09.822-0400][2031ms] GC(1) Metaspace: 19861K->19861K(1069056K)
[2023-06-15T10:49:09.822-0400][2031ms] GC(1) Pause Young (Concurrent Start) (Metadata GC Threshold) 41M->8M(192M) 11.392ms
[2023-06-15T10:49:09.822-0400][2031ms] GC(1) User=0.00s Sys=0.00s Real=0.01s
[2023-06-15T10:49:09.822-0400][2031ms] GC(2) Concurrent Cycle
[2023-06-15T10:49:09.822-0400][2031ms] GC(2) Concurrent Clear Claimed Marks
[2023-06-15T10:49:09.822-0400][2031ms] GC(2) Concurrent Clear Claimed Marks 0.072ms
[2023-06-15T10:49:09.822-0400][2031ms] GC(2) Concurrent Scan Root Regions
[2023-06-15T10:49:09.826-0400][2035ms] GC(2) Concurrent Scan Root Regions 3.999ms
[2023-06-15T10:49:09.826-0400][2035ms] GC(2) Concurrent Mark (2.036s)
[2023-06-15T10:49:09.827-0400][2036ms] GC(2) Concurrent Mark From Roots
[2023-06-15T10:49:09.827-0400][2036ms] GC(2) Using 2 workers of 2 for marking
[2023-06-15T10:49:09.829-0400][2038ms] GC(2) Concurrent Mark From Roots 1.996ms
[2023-06-15T10:49:09.829-0400][2038ms] GC(2) Concurrent Preclean
[2023-06-15T10:49:09.829-0400][2038ms] GC(2) Concurrent Preclean 0.175ms
[2023-06-15T10:49:09.829-0400][2038ms] GC(2) Concurrent Mark (2.036s, 2.038s) 2.344ms
[2023-06-15T10:49:09.829-0400][2038ms] GC(2) Pause Remark
[2023-06-15T10:49:09.831-0400][2040ms] GC(2) Cleaned string and symbol table, strings: 9992 processed, 0 removed, symbols: 66267 processed, 31 removed
[2023-06-15T10:49:09.831-0400][2040ms] GC(2) Pause Remark 8M->8M(192M) 2.115ms
[2023-06-15T10:49:09.831-0400][2040ms] GC(2) User=0.00s Sys=0.00s Real=0.00s
[2023-06-15T10:49:09.831-0400][2040ms] GC(2) Concurrent Rebuild Remembered Sets
[2023-06-15T10:49:09.832-0400][2041ms] GC(2) Concurrent Rebuild Remembered Sets 1.051ms
[2023-06-15T10:49:09.832-0400][2041ms] GC(2) Pause Cleanup
[2023-06-15T10:49:09.833-0400][2042ms] GC(2) Pause Cleanup 8M->8M(192M) 0.166ms
[2023-06-15T10:49:09.833-0400][2042ms] GC(2) User=0.00s Sys=0.00s Real=0.00s
[2023-06-15T10:49:09.833-0400][2042ms] GC(2) Concurrent Cleanup for Next Mark
[2023-06-15T10:49:09.833-0400][2042ms] GC(2) Concurrent Cleanup for Next Mark 0.189ms
[2023-06-15T10:49:09.833-0400][2042ms] GC(2) Concurrent Cycle 10.924ms
[2023-06-15T10:49:10.525-0400][2734ms] GC(3) Pause Young (Normal) (G1 Evacuation Pause)
[2023-06-15T10:49:10.525-0400][2734ms] GC(3) Using 8 workers of 8 for evacuation
[2023-06-15T10:49:10.537-0400][2746ms] GC(3)   Pre Evacuate Collection Set: 0.0ms
[2023-06-15T10:49:10.537-0400][2746ms] GC(3)   Evacuate Collection Set: 10.5ms
[2023-06-15T10:49:10.537-0400][2746ms] GC(3)   Post Evacuate Collection Set: 1.1ms
[2023-06-15T10:49:10.537-0400][2746ms] GC(3)   Other: 0.2ms
[2023-06-15T10:49:10.537-0400][2746ms] GC(3) Eden regions: 41->0(60)
[2023-06-15T10:49:10.537-0400][2746ms] GC(3) Survivor regions: 8->6(7)
[2023-06-15T10:49:10.537-0400][2746ms] GC(3) Old regions: 1->9
[2023-06-15T10:49:10.537-0400][2746ms] GC(3) Humongous regions: 0->0
[2023-06-15T10:49:10.537-0400][2746ms] GC(3) Metaspace: 26639K->26639K(1075200K)
[2023-06-15T10:49:10.537-0400][2746ms] GC(3) Pause Young (Normal) (G1 Evacuation Pause) 49M->13M(192M) 12.291ms
[2023-06-15T10:49:10.537-0400][2746ms] GC(3) User=0.11s Sys=0.02s Real=0.01s
[2023-06-15T10:49:10.704-0400][2913ms] GC(4) Pause Young (Normal) (G1 Evacuation Pause)
[2023-06-15T10:49:10.704-0400][2913ms] GC(4) Using 8 workers of 8 for evacuation
[2023-06-15T10:49:10.711-0400][2920ms] GC(4)   Pre Evacuate Collection Set: 0.0ms
[2023-06-15T10:49:10.711-0400][2920ms] GC(4)   Evacuate Collection Set: 6.2ms
[2023-06-15T10:49:10.711-0400][2920ms] GC(4)   Post Evacuate Collection Set: 1.1ms
[2023-06-15T10:49:10.711-0400][2920ms] GC(4)   Other: 0.3ms
[2023-06-15T10:49:10.711-0400][2920ms] GC(4) Eden regions: 60->0(106)
[2023-06-15T10:49:10.711-0400][2920ms] GC(4) Survivor regions: 6->9(9)
[2023-06-15T10:49:10.711-0400][2920ms] GC(4) Old regions: 9->9
[2023-06-15T10:49:10.712-0400][2921ms] GC(4) Humongous regions: 0->0
[2023-06-15T10:49:10.712-0400][2921ms] GC(4) Metaspace: 27984K->27984K(1077248K)
[2023-06-15T10:49:10.712-0400][2921ms] GC(4) Pause Young (Normal) (G1 Evacuation Pause) 73M->17M(192M) 8.038ms
[2023-06-15T10:49:10.712-0400][2921ms] GC(4) User=0.00s Sys=0.00s Real=0.01s
[2023-06-15T10:49:10.950-0400][3159ms] GC(5) Pause Young (Concurrent Start) (Metadata GC Threshold)
[2023-06-15T10:49:10.950-0400][3159ms] GC(5) Using 8 workers of 8 for evacuation
[2023-06-15T10:49:10.958-0400][3167ms] GC(5)   Pre Evacuate Collection Set: 0.0ms
[2023-06-15T10:49:10.958-0400][3167ms] GC(5)   Evacuate Collection Set: 7.0ms
[2023-06-15T10:49:10.958-0400][3167ms] GC(5)   Post Evacuate Collection Set: 1.1ms
[2023-06-15T10:49:10.958-0400][3167ms] GC(5)   Other: 0.3ms
[2023-06-15T10:49:10.958-0400][3167ms] GC(5) Eden regions: 55->0(91)
[2023-06-15T10:49:10.958-0400][3167ms] GC(5) Survivor regions: 9->8(15)
[2023-06-15T10:49:10.958-0400][3167ms] GC(5) Old regions: 9->13
[2023-06-15T10:49:10.958-0400][3167ms] GC(5) Humongous regions: 0->0
[2023-06-15T10:49:10.959-0400][3168ms] GC(5) Metaspace: 31972K->31972K(1081344K)
[2023-06-15T10:49:10.959-0400][3168ms] GC(5) Pause Young (Concurrent Start) (Metadata GC Threshold) 72M->20M(192M) 8.815ms
[2023-06-15T10:49:10.959-0400][3168ms] GC(5) User=0.00s Sys=0.00s Real=0.01s
[2023-06-15T10:49:10.959-0400][3168ms] GC(6) Concurrent Cycle
[2023-06-15T10:49:10.959-0400][3168ms] GC(6) Concurrent Clear Claimed Marks
[2023-06-15T10:49:10.959-0400][3168ms] GC(6) Concurrent Clear Claimed Marks 0.111ms
[2023-06-15T10:49:10.959-0400][3168ms] GC(6) Concurrent Scan Root Regions
[2023-06-15T10:49:10.963-0400][3172ms] GC(6) Concurrent Scan Root Regions 3.963ms
[2023-06-15T10:49:10.963-0400][3172ms] GC(6) Concurrent Mark (3.172s)
[2023-06-15T10:49:10.963-0400][3172ms] GC(6) Concurrent Mark From Roots
[2023-06-15T10:49:10.963-0400][3172ms] GC(6) Using 2 workers of 2 for marking
[2023-06-15T10:49:10.982-0400][3191ms] GC(6) Concurrent Mark From Roots 18.503ms
[2023-06-15T10:49:10.982-0400][3191ms] GC(6) Concurrent Preclean
[2023-06-15T10:49:10.982-0400][3191ms] GC(6) Concurrent Preclean 0.412ms
[2023-06-15T10:49:10.982-0400][3191ms] GC(6) Concurrent Mark (3.172s, 3.191s) 19.208ms
[2023-06-15T10:49:10.983-0400][3192ms] GC(6) Pause Remark
[2023-06-15T10:49:10.985-0400][3194ms] GC(6) Cleaned string and symbol table, strings: 15314 processed, 19 removed, symbols: 99241 processed, 26 removed
[2023-06-15T10:49:10.986-0400][3195ms] GC(6) Pause Remark 21M->21M(192M) 3.099ms
[2023-06-15T10:49:10.986-0400][3195ms] GC(6) User=0.00s Sys=0.00s Real=0.00s
[2023-06-15T10:49:10.986-0400][3195ms] GC(6) Concurrent Rebuild Remembered Sets
[2023-06-15T10:49:10.995-0400][3204ms] GC(6) Concurrent Rebuild Remembered Sets 9.059ms
[2023-06-15T10:49:10.995-0400][3204ms] GC(6) Pause Cleanup
[2023-06-15T10:49:10.995-0400][3204ms] GC(6) Pause Cleanup 21M->21M(192M) 0.149ms
[2023-06-15T10:49:10.995-0400][3204ms] GC(6) User=0.00s Sys=0.00s Real=0.00s
[2023-06-15T10:49:10.995-0400][3204ms] GC(6) Concurrent Cleanup for Next Mark
[2023-06-15T10:49:10.996-0400][3205ms] GC(6) Concurrent Cleanup for Next Mark 0.214ms
[2023-06-15T10:49:10.996-0400][3205ms] GC(6) Concurrent Cycle 37.059ms
[2023-06-15T10:49:11.735-0400][3944ms] GC(7) Pause Young (Normal) (GCLocker Initiated GC)
[2023-06-15T10:49:11.736-0400][3945ms] GC(7) Using 8 workers of 8 for evacuation
[2023-06-15T10:49:11.748-0400][3957ms] GC(7)   Pre Evacuate Collection Set: 0.0ms
[2023-06-15T10:49:11.748-0400][3957ms] GC(7)   Evacuate Collection Set: 9.6ms
[2023-06-15T10:49:11.748-0400][3957ms] GC(7)   Post Evacuate Collection Set: 2.9ms
[2023-06-15T10:49:11.748-0400][3957ms] GC(7)   Other: 0.3ms
[2023-06-15T10:49:11.749-0400][3958ms] GC(7) Eden regions: 92->0(114)
[2023-06-15T10:49:11.749-0400][3958ms] GC(7) Survivor regions: 8->9(13)
[2023-06-15T10:49:11.749-0400][3958ms] GC(7) Old regions: 13->17
[2023-06-15T10:49:11.749-0400][3958ms] GC(7) Humongous regions: 1->1
[2023-06-15T10:49:11.749-0400][3958ms] GC(7) Metaspace: 40460K->40460K(1087488K)
[2023-06-15T10:49:11.749-0400][3958ms] GC(7) Pause Young (Normal) (GCLocker Initiated GC) 112M->26M(231M) 13.255ms
[2023-06-15T10:49:11.749-0400][3958ms] GC(7) User=0.05s Sys=0.00s Real=0.01s
[2023-06-15T10:49:12.680-0400][4889ms] GC(8) Pause Young (Concurrent Start) (Metadata GC Threshold)
[2023-06-15T10:49:12.680-0400][4889ms] GC(8) Using 8 workers of 8 for evacuation
[2023-06-15T10:49:12.696-0400][4905ms] GC(8)   Pre Evacuate Collection Set: 0.1ms
[2023-06-15T10:49:12.696-0400][4905ms] GC(8)   Evacuate Collection Set: 12.1ms
[2023-06-15T10:49:12.696-0400][4905ms] GC(8)   Post Evacuate Collection Set: 3.1ms
[2023-06-15T10:49:12.696-0400][4905ms] GC(8)   Other: 0.5ms
[2023-06-15T10:49:12.696-0400][4905ms] GC(8) Eden regions: 105->0(122)
[2023-06-15T10:49:12.696-0400][4905ms] GC(8) Survivor regions: 9->16(16)
[2023-06-15T10:49:12.696-0400][4905ms] GC(8) Old regions: 17->17
[2023-06-15T10:49:12.696-0400][4905ms] GC(8) Humongous regions: 1->1
[2023-06-15T10:49:12.696-0400][4905ms] GC(8) Metaspace: 53169K->53169K(1099776K)
[2023-06-15T10:49:12.696-0400][4905ms] GC(8) Pause Young (Concurrent Start) (Metadata GC Threshold) 131M->33M(231M) 16.326ms
[2023-06-15T10:49:12.696-0400][4905ms] GC(8) User=0.13s Sys=0.00s Real=0.02s
[2023-06-15T10:49:12.696-0400][4905ms] GC(9) Concurrent Cycle
[2023-06-15T10:49:12.696-0400][4905ms] GC(9) Concurrent Clear Claimed Marks
[2023-06-15T10:49:12.697-0400][4906ms] GC(9) Concurrent Clear Claimed Marks 0.167ms
[2023-06-15T10:49:12.697-0400][4906ms] GC(9) Concurrent Scan Root Regions
[2023-06-15T10:49:12.710-0400][4919ms] GC(9) Concurrent Scan Root Regions 13.760ms
[2023-06-15T10:49:12.711-0400][4920ms] GC(9) Concurrent Mark (4.919s)
[2023-06-15T10:49:12.711-0400][4920ms] GC(9) Concurrent Mark From Roots
[2023-06-15T10:49:12.711-0400][4920ms] GC(9) Using 2 workers of 2 for marking
[2023-06-15T10:49:12.743-0400][4952ms] GC(9) Concurrent Mark From Roots 31.957ms
[2023-06-15T10:49:12.743-0400][4952ms] GC(9) Concurrent Preclean
[2023-06-15T10:49:12.743-0400][4952ms] GC(9) Concurrent Preclean 0.480ms
[2023-06-15T10:49:12.743-0400][4952ms] GC(9) Concurrent Mark (4.919s, 4.952s) 32.724ms
[2023-06-15T10:49:12.744-0400][4953ms] GC(9) Pause Remark
[2023-06-15T10:49:12.750-0400][4959ms] GC(9) Cleaned string and symbol table, strings: 25957 processed, 5 removed, symbols: 157706 processed, 94 removed
[2023-06-15T10:49:12.751-0400][4960ms] GC(9) Pause Remark 35M->35M(231M) 6.599ms
[2023-06-15T10:49:12.751-0400][4960ms] GC(9) User=0.06s Sys=0.02s Real=0.01s
[2023-06-15T10:49:12.751-0400][4960ms] GC(9) Concurrent Rebuild Remembered Sets
[2023-06-15T10:49:12.764-0400][4973ms] GC(9) Concurrent Rebuild Remembered Sets 12.951ms
[2023-06-15T10:49:12.765-0400][4974ms] GC(9) Pause Cleanup
[2023-06-15T10:49:12.766-0400][4975ms] GC(9) Pause Cleanup 36M->36M(231M) 0.239ms
[2023-06-15T10:49:12.766-0400][4975ms] GC(9) User=0.00s Sys=0.00s Real=0.00s
[2023-06-15T10:49:12.766-0400][4975ms] GC(9) Concurrent Cleanup for Next Mark
[2023-06-15T10:49:12.766-0400][4975ms] GC(9) Concurrent Cleanup for Next Mark 0.240ms
[2023-06-15T10:49:12.766-0400][4975ms] GC(9) Concurrent Cycle 69.799ms
[2023-06-15T10:49:15.821-0400][8030ms] GC(10) Pause Young (Concurrent Start) (G1 Evacuation Pause)
[2023-06-15T10:49:15.821-0400][8030ms] GC(10) Using 8 workers of 8 for evacuation
[2023-06-15T10:49:15.847-0400][8056ms] GC(10)   Pre Evacuate Collection Set: 0.1ms
[2023-06-15T10:49:15.847-0400][8056ms] GC(10)   Evacuate Collection Set: 22.3ms
[2023-06-15T10:49:15.847-0400][8056ms] GC(10)   Post Evacuate Collection Set: 3.5ms
[2023-06-15T10:49:15.847-0400][8056ms] GC(10)   Other: 0.4ms
[2023-06-15T10:49:15.847-0400][8056ms] GC(10) Eden regions: 122->0(120)
[2023-06-15T10:49:15.848-0400][8057ms] GC(10) Survivor regions: 16->18(18)
[2023-06-15T10:49:15.848-0400][8057ms] GC(10) Old regions: 17->26
[2023-06-15T10:49:15.848-0400][8057ms] GC(10) Humongous regions: 1->1
[2023-06-15T10:49:15.848-0400][8057ms] GC(10) Metaspace: 67133K->67133K(1114112K)
[2023-06-15T10:49:15.848-0400][8057ms] GC(10) Pause Young (Concurrent Start) (G1 Evacuation Pause) 155M->44M(231M) 26.812ms
[2023-06-15T10:49:15.848-0400][8057ms] GC(10) User=0.19s Sys=0.02s Real=0.03s
[2023-06-15T10:49:15.848-0400][8057ms] GC(11) Concurrent Cycle
[2023-06-15T10:49:15.848-0400][8057ms] GC(11) Concurrent Clear Claimed Marks
[2023-06-15T10:49:15.848-0400][8057ms] GC(11) Concurrent Clear Claimed Marks 0.149ms
[2023-06-15T10:49:15.848-0400][8057ms] GC(11) Concurrent Scan Root Regions
[2023-06-15T10:49:15.862-0400][8071ms] GC(11) Concurrent Scan Root Regions 13.895ms
[2023-06-15T10:49:15.862-0400][8071ms] GC(11) Concurrent Mark (8.071s)
[2023-06-15T10:49:15.862-0400][8071ms] GC(11) Concurrent Mark From Roots
[2023-06-15T10:49:15.862-0400][8071ms] GC(11) Using 2 workers of 2 for marking
[2023-06-15T10:49:15.911-0400][8120ms] GC(11) Concurrent Mark From Roots 48.859ms
[2023-06-15T10:49:15.911-0400][8120ms] GC(11) Concurrent Preclean
[2023-06-15T10:49:15.912-0400][8121ms] GC(11) Concurrent Preclean 0.548ms
[2023-06-15T10:49:15.912-0400][8121ms] GC(11) Concurrent Mark (8.071s, 8.121s) 49.699ms
[2023-06-15T10:49:15.913-0400][8122ms] GC(11) Pause Remark
[2023-06-15T10:49:15.920-0400][8129ms] GC(11) Cleaned string and symbol table, strings: 32405 processed, 0 removed, symbols: 197059 processed, 92 removed
[2023-06-15T10:49:15.920-0400][8129ms] GC(11) Pause Remark 50M->50M(231M) 7.138ms
[2023-06-15T10:49:15.920-0400][8129ms] GC(11) User=0.13s Sys=0.00s Real=0.01s
[2023-06-15T10:49:15.920-0400][8129ms] GC(11) Concurrent Rebuild Remembered Sets
[2023-06-15T10:49:15.943-0400][8152ms] GC(11) Concurrent Rebuild Remembered Sets 22.449ms
[2023-06-15T10:49:15.944-0400][8153ms] GC(11) Pause Cleanup
[2023-06-15T10:49:15.944-0400][8153ms] GC(11) Pause Cleanup 52M->52M(231M) 0.217ms
[2023-06-15T10:49:15.944-0400][8153ms] GC(11) User=0.00s Sys=0.00s Real=0.00s
[2023-06-15T10:49:15.944-0400][8153ms] GC(11) Concurrent Cleanup for Next Mark
[2023-06-15T10:49:15.944-0400][8153ms] GC(11) Concurrent Cleanup for Next Mark 0.349ms
[2023-06-15T10:49:15.944-0400][8153ms] GC(11) Concurrent Cycle 96.615ms
[2023-06-15T10:49:18.161-0400][10370ms] GC(12) Pause Young (Normal) (G1 Evacuation Pause)
[2023-06-15T10:49:18.161-0400][10370ms] GC(12) Using 8 workers of 8 for evacuation
[2023-06-15T10:49:18.187-0400][10396ms] GC(12)   Pre Evacuate Collection Set: 0.0ms
[2023-06-15T10:49:18.187-0400][10396ms] GC(12)   Evacuate Collection Set: 20.5ms
[2023-06-15T10:49:18.187-0400][10396ms] GC(12)   Post Evacuate Collection Set: 5.5ms
[2023-06-15T10:49:18.187-0400][10396ms] GC(12)   Other: 0.5ms
[2023-06-15T10:49:18.187-0400][10396ms] GC(12) Eden regions: 120->0(119)
[2023-06-15T10:49:18.187-0400][10396ms] GC(12) Survivor regions: 18->10(18)
[2023-06-15T10:49:18.187-0400][10396ms] GC(12) Old regions: 26->44
[2023-06-15T10:49:18.187-0400][10396ms] GC(12) Humongous regions: 1->1
[2023-06-15T10:49:18.187-0400][10397ms] GC(12) Metaspace: 86083K->86083K(1130496K)
[2023-06-15T10:49:18.188-0400][10397ms] GC(12) Pause Young (Normal) (G1 Evacuation Pause) 164M->53M(231M) 26.961ms
[2023-06-15T10:49:18.188-0400][10397ms] GC(12) User=0.13s Sys=0.06s Real=0.03s
[2023-06-15T10:49:24.132-0400][16341ms] GC(13) Pause Young (Normal) (G1 Evacuation Pause)
[2023-06-15T10:49:24.132-0400][16341ms] GC(13) Using 8 workers of 8 for evacuation
[2023-06-15T10:49:24.159-0400][16368ms] GC(13)   Pre Evacuate Collection Set: 0.0ms
[2023-06-15T10:49:24.159-0400][16368ms] GC(13)   Evacuate Collection Set: 23.1ms
[2023-06-15T10:49:24.159-0400][16368ms] GC(13)   Post Evacuate Collection Set: 4.2ms
[2023-06-15T10:49:24.159-0400][16368ms] GC(13)   Other: 0.4ms
[2023-06-15T10:49:24.159-0400][16368ms] GC(13) Eden regions: 119->0(114)
[2023-06-15T10:49:24.159-0400][16368ms] GC(13) Survivor regions: 10->17(17)
[2023-06-15T10:49:24.159-0400][16368ms] GC(13) Old regions: 44->68
[2023-06-15T10:49:24.159-0400][16368ms] GC(13) Humongous regions: 3->3
[2023-06-15T10:49:24.160-0400][16369ms] GC(13) Metaspace: 88958K->88958K(1132544K)
[2023-06-15T10:49:24.160-0400][16369ms] GC(13) Pause Young (Normal) (G1 Evacuation Pause) 174M->87M(278M) 28.077ms
[2023-06-15T10:49:24.160-0400][16369ms] GC(13) User=0.25s Sys=0.00s Real=0.03s
[2023-06-15T10:49:24.741-0400][16950ms] GC(14) Pause Young (Normal) (G1 Evacuation Pause)
[2023-06-15T10:49:24.742-0400][16951ms] GC(14) Using 8 workers of 8 for evacuation
[2023-06-15T10:49:24.760-0400][16969ms] GC(14)   Pre Evacuate Collection Set: 0.0ms
[2023-06-15T10:49:24.760-0400][16969ms] GC(14)   Evacuate Collection Set: 16.5ms
[2023-06-15T10:49:24.760-0400][16969ms] GC(14)   Post Evacuate Collection Set: 2.3ms
[2023-06-15T10:49:24.760-0400][16969ms] GC(14)   Other: 0.3ms
[2023-06-15T10:49:24.760-0400][16969ms] GC(14) Eden regions: 114->0(111)
[2023-06-15T10:49:24.760-0400][16969ms] GC(14) Survivor regions: 17->9(17)
[2023-06-15T10:49:24.760-0400][16969ms] GC(14) Old regions: 68->86
[2023-06-15T10:49:24.760-0400][16969ms] GC(14) Humongous regions: 3->3
[2023-06-15T10:49:24.760-0400][16969ms] GC(14) Metaspace: 89123K->89123K(1134592K)
[2023-06-15T10:49:24.760-0400][16969ms] GC(14) Pause Young (Normal) (G1 Evacuation Pause) 201M->97M(278M) 19.494ms
[2023-06-15T10:49:24.760-0400][16969ms] GC(14) User=0.13s Sys=0.00s Real=0.02s
[2023-06-15T10:49:25.302-0400][17511ms] GC(15) Pause Young (Normal) (G1 Evacuation Pause)
[2023-06-15T10:49:25.302-0400][17511ms] GC(15) Using 8 workers of 8 for evacuation
[2023-06-15T10:49:25.315-0400][17524ms] GC(15)   Pre Evacuate Collection Set: 0.0ms
[2023-06-15T10:49:25.315-0400][17524ms] GC(15)   Evacuate Collection Set: 11.0ms
[2023-06-15T10:49:25.315-0400][17524ms] GC(15)   Post Evacuate Collection Set: 1.9ms
[2023-06-15T10:49:25.315-0400][17524ms] GC(15)   Other: 0.3ms
[2023-06-15T10:49:25.315-0400][17524ms] GC(15) Eden regions: 111->0(113)
[2023-06-15T10:49:25.315-0400][17524ms] GC(15) Survivor regions: 9->13(15)
[2023-06-15T10:49:25.315-0400][17524ms] GC(15) Old regions: 86->86
[2023-06-15T10:49:25.315-0400][17524ms] GC(15) Humongous regions: 3->3
[2023-06-15T10:49:25.315-0400][17524ms] GC(15) Metaspace: 89132K->89132K(1134592K)
[2023-06-15T10:49:25.315-0400][17524ms] GC(15) Pause Young (Normal) (G1 Evacuation Pause) 208M->101M(278M) 13.534ms
[2023-06-15T10:49:25.315-0400][17524ms] GC(15) User=0.13s Sys=0.00s Real=0.01s
[2023-06-15T10:49:25.789-0400][17998ms] GC(16) Pause Young (Normal) (G1 Evacuation Pause)
[2023-06-15T10:49:25.789-0400][17998ms] GC(16) Using 8 workers of 8 for evacuation
[2023-06-15T10:49:25.807-0400][18016ms] GC(16)   Pre Evacuate Collection Set: 0.0ms
[2023-06-15T10:49:25.807-0400][18016ms] GC(16)   Evacuate Collection Set: 15.9ms
[2023-06-15T10:49:25.807-0400][18016ms] GC(16)   Post Evacuate Collection Set: 1.6ms
[2023-06-15T10:49:25.807-0400][18016ms] GC(16)   Other: 0.4ms
[2023-06-15T10:49:25.807-0400][18016ms] GC(16) Eden regions: 113->0(111)
[2023-06-15T10:49:25.807-0400][18016ms] GC(16) Survivor regions: 13->13(16)
[2023-06-15T10:49:25.807-0400][18016ms] GC(16) Old regions: 86->93
[2023-06-15T10:49:25.807-0400][18016ms] GC(16) Humongous regions: 3->3
[2023-06-15T10:49:25.807-0400][18016ms] GC(16) Metaspace: 89150K->89150K(1134592K)
[2023-06-15T10:49:25.808-0400][18017ms] GC(16) Pause Young (Normal) (G1 Evacuation Pause) 214M->108M(278M) 18.280ms
[2023-06-15T10:49:25.808-0400][18017ms] GC(16) User=0.13s Sys=0.00s Real=0.02s
[2023-06-15T10:49:26.294-0400][18503ms] GC(17) Pause Young (Normal) (G1 Evacuation Pause)
[2023-06-15T10:49:26.294-0400][18503ms] GC(17) Using 8 workers of 8 for evacuation
[2023-06-15T10:49:26.311-0400][18520ms] GC(17)   Pre Evacuate Collection Set: 0.0ms
[2023-06-15T10:49:26.311-0400][18520ms] GC(17)   Evacuate Collection Set: 15.2ms
[2023-06-15T10:49:26.311-0400][18520ms] GC(17)   Post Evacuate Collection Set: 1.9ms
[2023-06-15T10:49:26.312-0400][18521ms] GC(17)   Other: 0.4ms
[2023-06-15T10:49:26.312-0400][18521ms] GC(17) Eden regions: 111->0(108)
[2023-06-15T10:49:26.312-0400][18521ms] GC(17) Survivor regions: 13->14(16)
[2023-06-15T10:49:26.312-0400][18521ms] GC(17) Old regions: 93->99
[2023-06-15T10:49:26.312-0400][18521ms] GC(17) Humongous regions: 3->3
[2023-06-15T10:49:26.312-0400][18521ms] GC(17) Metaspace: 89151K->89151K(1134592K)
[2023-06-15T10:49:26.312-0400][18521ms] GC(17) Pause Young (Normal) (G1 Evacuation Pause) 219M->114M(278M) 18.031ms
[2023-06-15T10:49:26.312-0400][18521ms] GC(17) User=0.05s Sys=0.00s Real=0.02s
[2023-06-15T10:49:26.740-0400][18949ms] GC(18) Pause Young (Normal) (G1 Evacuation Pause)
[2023-06-15T10:49:26.740-0400][18949ms] GC(18) Using 8 workers of 8 for evacuation
[2023-06-15T10:49:26.757-0400][18966ms] GC(18)   Pre Evacuate Collection Set: 0.0ms
[2023-06-15T10:49:26.757-0400][18966ms] GC(18)   Evacuate Collection Set: 14.9ms
[2023-06-15T10:49:26.757-0400][18966ms] GC(18)   Post Evacuate Collection Set: 1.7ms
[2023-06-15T10:49:26.757-0400][18966ms] GC(18)   Other: 0.3ms
[2023-06-15T10:49:26.757-0400][18966ms] GC(18) Eden regions: 108->0(105)
[2023-06-15T10:49:26.757-0400][18966ms] GC(18) Survivor regions: 14->13(16)
[2023-06-15T10:49:26.757-0400][18966ms] GC(18) Old regions: 99->106
[2023-06-15T10:49:26.758-0400][18967ms] GC(18) Humongous regions: 3->3
[2023-06-15T10:49:26.758-0400][18967ms] GC(18) Metaspace: 89153K->89153K(1134592K)
[2023-06-15T10:49:26.758-0400][18967ms] GC(18) Pause Young (Normal) (G1 Evacuation Pause) 222M->120M(278M) 17.356ms
[2023-06-15T10:49:26.758-0400][18967ms] GC(18) User=0.13s Sys=0.00s Real=0.02s
[2023-06-15T10:49:27.174-0400][19383ms] GC(19) Pause Young (Normal) (G1 Evacuation Pause)
[2023-06-15T10:49:27.174-0400][19383ms] GC(19) Using 8 workers of 8 for evacuation
[2023-06-15T10:49:27.191-0400][19400ms] GC(19)   Pre Evacuate Collection Set: 0.0ms
[2023-06-15T10:49:27.191-0400][19400ms] GC(19)   Evacuate Collection Set: 14.1ms
[2023-06-15T10:49:27.191-0400][19400ms] GC(19)   Post Evacuate Collection Set: 2.3ms
[2023-06-15T10:49:27.191-0400][19400ms] GC(19)   Other: 0.3ms
[2023-06-15T10:49:27.191-0400][19400ms] GC(19) Eden regions: 105->0(101)
[2023-06-15T10:49:27.191-0400][19400ms] GC(19) Survivor regions: 13->13(15)
[2023-06-15T10:49:27.191-0400][19400ms] GC(19) Old regions: 106->112
[2023-06-15T10:49:27.191-0400][19400ms] GC(19) Humongous regions: 3->3
[2023-06-15T10:49:27.191-0400][19400ms] GC(19) Metaspace: 89169K->89169K(1134592K)
[2023-06-15T10:49:27.191-0400][19400ms] GC(19) Pause Young (Normal) (G1 Evacuation Pause) 225M->126M(278M) 17.268ms
[2023-06-15T10:49:27.191-0400][19400ms] GC(19) User=0.13s Sys=0.00s Real=0.02s
[2023-06-15T10:49:27.617-0400][19826ms] GC(20) Pause Young (Normal) (G1 Evacuation Pause)
[2023-06-15T10:49:27.617-0400][19826ms] GC(20) Using 8 workers of 8 for evacuation
[2023-06-15T10:49:27.633-0400][19842ms] GC(20)   Pre Evacuate Collection Set: 0.0ms
[2023-06-15T10:49:27.633-0400][19842ms] GC(20)   Evacuate Collection Set: 13.3ms
[2023-06-15T10:49:27.633-0400][19842ms] GC(20)   Post Evacuate Collection Set: 2.3ms
[2023-06-15T10:49:27.633-0400][19842ms] GC(20)   Other: 0.3ms
[2023-06-15T10:49:27.633-0400][19842ms] GC(20) Eden regions: 101->0(97)
[2023-06-15T10:49:27.633-0400][19842ms] GC(20) Survivor regions: 13->13(15)
[2023-06-15T10:49:27.633-0400][19842ms] GC(20) Old regions: 112->118
[2023-06-15T10:49:27.633-0400][19842ms] GC(20) Humongous regions: 3->3
[2023-06-15T10:49:27.633-0400][19842ms] GC(20) Metaspace: 89169K->89169K(1134592K)
[2023-06-15T10:49:27.633-0400][19842ms] GC(20) Pause Young (Normal) (G1 Evacuation Pause) 227M->133M(278M) 16.283ms
[2023-06-15T10:49:27.634-0400][19843ms] GC(20) User=0.13s Sys=0.00s Real=0.02s
[2023-06-15T10:49:28.038-0400][20247ms] GC(21) Pause Young (Normal) (G1 Evacuation Pause)
[2023-06-15T10:49:28.038-0400][20247ms] GC(21) Using 8 workers of 8 for evacuation
[2023-06-15T10:49:28.055-0400][20264ms] GC(21)   Pre Evacuate Collection Set: 0.0ms
[2023-06-15T10:49:28.055-0400][20264ms] GC(21)   Evacuate Collection Set: 15.1ms
[2023-06-15T10:49:28.055-0400][20264ms] GC(21)   Post Evacuate Collection Set: 2.2ms
[2023-06-15T10:49:28.055-0400][20264ms] GC(21)   Other: 0.3ms
[2023-06-15T10:49:28.055-0400][20264ms] GC(21) Eden regions: 97->0(92)
[2023-06-15T10:49:28.056-0400][20265ms] GC(21) Survivor regions: 13->13(14)
[2023-06-15T10:49:28.056-0400][20265ms] GC(21) Old regions: 118->124
[2023-06-15T10:49:28.056-0400][20265ms] GC(21) Humongous regions: 3->3
[2023-06-15T10:49:28.056-0400][20265ms] GC(21) Metaspace: 89169K->89169K(1134592K)
[2023-06-15T10:49:28.056-0400][20265ms] GC(21) Pause Young (Normal) (G1 Evacuation Pause) 230M->139M(278M) 18.257ms
[2023-06-15T10:49:28.056-0400][20265ms] GC(21) User=0.13s Sys=0.00s Real=0.02s
[2023-06-15T10:49:28.277-0400][20486ms] GC(22) Pause Young (Concurrent Start) (G1 Humongous Allocation)
[2023-06-15T10:49:28.277-0400][20486ms] GC(22) Using 8 workers of 8 for evacuation
[2023-06-15T10:49:28.297-0400][20506ms] GC(22)   Pre Evacuate Collection Set: 0.2ms
[2023-06-15T10:49:28.297-0400][20506ms] GC(22)   Evacuate Collection Set: 16.9ms
[2023-06-15T10:49:28.297-0400][20506ms] GC(22)   Post Evacuate Collection Set: 2.3ms
[2023-06-15T10:49:28.297-0400][20506ms] GC(22)   Other: 0.4ms
[2023-06-15T10:49:28.297-0400][20506ms] GC(22) Eden regions: 62->0(86)
[2023-06-15T10:49:28.297-0400][20506ms] GC(22) Survivor regions: 13->10(14)
[2023-06-15T10:49:28.297-0400][20506ms] GC(22) Old regions: 124->131
[2023-06-15T10:49:28.297-0400][20506ms] GC(22) Humongous regions: 3->3
[2023-06-15T10:49:28.298-0400][20507ms] GC(22) Metaspace: 89169K->89169K(1134592K)
[2023-06-15T10:49:28.298-0400][20507ms] GC(22) Pause Young (Concurrent Start) (G1 Humongous Allocation) 201M->143M(278M) 20.272ms
[2023-06-15T10:49:28.298-0400][20507ms] GC(22) User=0.25s Sys=0.00s Real=0.02s
[2023-06-15T10:49:28.298-0400][20507ms] GC(23) Concurrent Cycle
[2023-06-15T10:49:28.298-0400][20507ms] GC(23) Concurrent Clear Claimed Marks
[2023-06-15T10:49:28.298-0400][20507ms] GC(23) Concurrent Clear Claimed Marks 0.184ms
[2023-06-15T10:49:28.298-0400][20507ms] GC(23) Concurrent Scan Root Regions
[2023-06-15T10:49:28.306-0400][20515ms] GC(23) Concurrent Scan Root Regions 8.168ms
[2023-06-15T10:49:28.306-0400][20515ms] GC(23) Concurrent Mark (20.515s)
[2023-06-15T10:49:28.306-0400][20515ms] GC(23) Concurrent Mark From Roots
[2023-06-15T10:49:28.306-0400][20515ms] GC(23) Using 2 workers of 2 for marking
[2023-06-15T10:49:28.497-0400][20706ms] GC(23) Concurrent Mark From Roots 190.699ms
[2023-06-15T10:49:28.497-0400][20706ms] GC(23) Concurrent Preclean
[2023-06-15T10:49:28.497-0400][20706ms] GC(23) Concurrent Preclean 0.473ms
[2023-06-15T10:49:28.497-0400][20706ms] GC(23) Concurrent Mark (20.515s, 20.706s) 191.377ms
[2023-06-15T10:49:28.497-0400][20706ms] GC(23) Pause Remark
[2023-06-15T10:49:28.521-0400][20730ms] GC(23) Cleaned string and symbol table, strings: 41819 processed, 688 removed, symbols: 248705 processed, 109 removed
[2023-06-15T10:49:28.521-0400][20730ms] GC(23) Pause Remark 180M->180M(278M) 23.483ms
[2023-06-15T10:49:28.521-0400][20730ms] GC(23) User=0.13s Sys=0.00s Real=0.02s
[2023-06-15T10:49:28.521-0400][20730ms] GC(23) Concurrent Rebuild Remembered Sets
[2023-06-15T10:49:28.625-0400][20834ms] GC(23) Concurrent Rebuild Remembered Sets 104.186ms
[2023-06-15T10:49:28.626-0400][20835ms] GC(23) Pause Cleanup
[2023-06-15T10:49:28.626-0400][20835ms] GC(23) Pause Cleanup 202M->202M(278M) 0.240ms
[2023-06-15T10:49:28.626-0400][20835ms] GC(23) User=0.00s Sys=0.00s Real=0.00s
[2023-06-15T10:49:28.626-0400][20835ms] GC(23) Concurrent Cleanup for Next Mark
[2023-06-15T10:49:28.626-0400][20835ms] GC(23) Concurrent Cleanup for Next Mark 0.279ms
[2023-06-15T10:49:28.626-0400][20835ms] GC(23) Concurrent Cycle 329.189ms
[2023-06-15T10:49:28.730-0400][20939ms] GC(24) Pause Young (Normal) (G1 Evacuation Pause)
[2023-06-15T10:49:28.730-0400][20939ms] GC(24) Using 8 workers of 8 for evacuation
[2023-06-15T10:49:28.745-0400][20954ms] GC(24)   Pre Evacuate Collection Set: 0.0ms
[2023-06-15T10:49:28.745-0400][20954ms] GC(24)   Evacuate Collection Set: 13.4ms
[2023-06-15T10:49:28.745-0400][20954ms] GC(24)   Post Evacuate Collection Set: 2.0ms
[2023-06-15T10:49:28.746-0400][20955ms] GC(24)   Other: 0.3ms
[2023-06-15T10:49:28.746-0400][20955ms] GC(24) Eden regions: 86->0(83)
[2023-06-15T10:49:28.746-0400][20955ms] GC(24) Survivor regions: 10->9(12)
[2023-06-15T10:49:28.746-0400][20955ms] GC(24) Old regions: 131->136
[2023-06-15T10:49:28.746-0400][20955ms] GC(24) Humongous regions: 4->4
[2023-06-15T10:49:28.746-0400][20955ms] GC(24) Metaspace: 89099K->89099K(1134592K)
[2023-06-15T10:49:28.746-0400][20955ms] GC(24) Pause Young (Normal) (G1 Evacuation Pause) 230M->148M(278M) 16.096ms
[2023-06-15T10:49:28.746-0400][20955ms] GC(24) User=0.13s Sys=0.00s Real=0.02s
[2023-06-15T10:49:29.074-0400][21283ms] GC(25) Pause Young (Concurrent Start) (G1 Evacuation Pause)
[2023-06-15T10:49:29.074-0400][21283ms] GC(25) Using 8 workers of 8 for evacuation
[2023-06-15T10:49:29.093-0400][21302ms] GC(25)   Pre Evacuate Collection Set: 0.1ms
[2023-06-15T10:49:29.093-0400][21302ms] GC(25)   Evacuate Collection Set: 13.8ms
[2023-06-15T10:49:29.093-0400][21302ms] GC(25)   Post Evacuate Collection Set: 5.2ms
[2023-06-15T10:49:29.093-0400][21302ms] GC(25)   Other: 0.3ms
[2023-06-15T10:49:29.093-0400][21302ms] GC(25) Eden regions: 83->0(136)
[2023-06-15T10:49:29.094-0400][21303ms] GC(25) Survivor regions: 9->10(12)
[2023-06-15T10:49:29.094-0400][21303ms] GC(25) Old regions: 136->139
[2023-06-15T10:49:29.094-0400][21303ms] GC(25) Humongous regions: 4->4
[2023-06-15T10:49:29.094-0400][21303ms] GC(25) Metaspace: 89099K->89099K(1134592K)
[2023-06-15T10:49:29.094-0400][21303ms] GC(25) Pause Young (Concurrent Start) (G1 Evacuation Pause) 231M->152M(360M) 20.091ms
[2023-06-15T10:49:29.094-0400][21303ms] GC(25) User=0.14s Sys=0.02s Real=0.02s
[2023-06-15T10:49:29.094-0400][21303ms] GC(26) Concurrent Cycle
[2023-06-15T10:49:29.094-0400][21303ms] GC(26) Concurrent Clear Claimed Marks
[2023-06-15T10:49:29.094-0400][21303ms] GC(26) Concurrent Clear Claimed Marks 0.182ms
[2023-06-15T10:49:29.094-0400][21303ms] GC(26) Concurrent Scan Root Regions
[2023-06-15T10:49:29.101-0400][21310ms] GC(26) Concurrent Scan Root Regions 6.822ms
[2023-06-15T10:49:29.101-0400][21310ms] GC(26) Concurrent Mark (21.310s)
[2023-06-15T10:49:29.101-0400][21310ms] GC(26) Concurrent Mark From Roots
[2023-06-15T10:49:29.101-0400][21310ms] GC(26) Using 2 workers of 2 for marking
[2023-06-15T10:49:29.324-0400][21533ms] GC(26) Concurrent Mark From Roots 223.181ms
[2023-06-15T10:49:29.325-0400][21534ms] GC(26) Concurrent Preclean
[2023-06-15T10:49:29.325-0400][21534ms] GC(26) Concurrent Preclean 0.589ms
[2023-06-15T10:49:29.325-0400][21534ms] GC(26) Concurrent Mark (21.310s, 21.534s) 224.123ms
[2023-06-15T10:49:29.326-0400][21535ms] GC(26) Pause Remark
[2023-06-15T10:49:29.335-0400][21544ms] GC(26) Cleaned string and symbol table, strings: 41131 processed, 0 removed, symbols: 248596 processed, 43 removed
[2023-06-15T10:49:29.335-0400][21544ms] GC(26) Pause Remark 194M->193M(360M) 9.692ms
[2023-06-15T10:49:29.336-0400][21545ms] GC(26) User=0.00s Sys=0.00s Real=0.01s
[2023-06-15T10:49:29.336-0400][21545ms] GC(26) Concurrent Rebuild Remembered Sets
[2023-06-15T10:49:29.460-0400][21669ms] GC(26) Concurrent Rebuild Remembered Sets 124.524ms
[2023-06-15T10:49:29.461-0400][21670ms] GC(26) Pause Cleanup
[2023-06-15T10:49:29.461-0400][21670ms] GC(26) Pause Cleanup 213M->213M(360M) 0.239ms
[2023-06-15T10:49:29.461-0400][21670ms] GC(26) User=0.00s Sys=0.00s Real=0.00s
[2023-06-15T10:49:29.461-0400][21670ms] GC(26) Concurrent Cleanup for Next Mark
[2023-06-15T10:49:29.461-0400][21670ms] GC(26) Concurrent Cleanup for Next Mark 0.403ms
[2023-06-15T10:49:29.461-0400][21670ms] GC(26) Concurrent Cycle 367.535ms
[2023-06-15T10:49:29.729-0400][21938ms] GC(27) Pause Young (Normal) (G1 Evacuation Pause)
[2023-06-15T10:49:29.729-0400][21938ms] GC(27) Using 8 workers of 8 for evacuation
[2023-06-15T10:49:29.744-0400][21953ms] GC(27)   Pre Evacuate Collection Set: 0.0ms
[2023-06-15T10:49:29.745-0400][21954ms] GC(27)   Evacuate Collection Set: 13.1ms
[2023-06-15T10:49:29.745-0400][21954ms] GC(27)   Post Evacuate Collection Set: 1.7ms
[2023-06-15T10:49:29.745-0400][21954ms] GC(27)   Other: 0.3ms
[2023-06-15T10:49:29.745-0400][21954ms] GC(27) Eden regions: 136->0(135)
[2023-06-15T10:49:29.745-0400][21954ms] GC(27) Survivor regions: 10->18(19)
[2023-06-15T10:49:29.745-0400][21954ms] GC(27) Old regions: 139->139
[2023-06-15T10:49:29.745-0400][21954ms] GC(27) Humongous regions: 3->3
[2023-06-15T10:49:29.745-0400][21954ms] GC(27) Metaspace: 89100K->89100K(1134592K)
[2023-06-15T10:49:29.745-0400][21954ms] GC(27) Pause Young (Normal) (G1 Evacuation Pause) 287M->158M(360M) 15.485ms
[2023-06-15T10:49:29.745-0400][21954ms] GC(27) User=0.13s Sys=0.00s Real=0.02s
[2023-06-15T10:49:31.011-0400][23220ms] GC(28) Pause Young (Normal) (G1 Evacuation Pause)
[2023-06-15T10:49:31.011-0400][23220ms] GC(28) Using 8 workers of 8 for evacuation
[2023-06-15T10:49:31.029-0400][23238ms] GC(28)   Pre Evacuate Collection Set: 0.0ms
[2023-06-15T10:49:31.029-0400][23238ms] GC(28)   Evacuate Collection Set: 15.4ms
[2023-06-15T10:49:31.029-0400][23238ms] GC(28)   Post Evacuate Collection Set: 1.9ms
[2023-06-15T10:49:31.029-0400][23238ms] GC(28)   Other: 0.3ms
[2023-06-15T10:49:31.029-0400][23238ms] GC(28) Eden regions: 135->0(129)
[2023-06-15T10:49:31.029-0400][23238ms] GC(28) Survivor regions: 18->17(20)
[2023-06-15T10:49:31.029-0400][23238ms] GC(28) Old regions: 139->148
[2023-06-15T10:49:31.029-0400][23238ms] GC(28) Humongous regions: 3->3
[2023-06-15T10:49:31.029-0400][23238ms] GC(28) Metaspace: 90063K->90063K(1134592K)
[2023-06-15T10:49:31.029-0400][23238ms] GC(28) Pause Young (Normal) (G1 Evacuation Pause) 293M->167M(360M) 17.976ms
[2023-06-15T10:49:31.029-0400][23238ms] GC(28) User=0.13s Sys=0.00s Real=0.02s
[2023-06-15T10:49:32.546-0400][24755ms] GC(29) Pause Young (Normal) (G1 Evacuation Pause)
[2023-06-15T10:49:32.546-0400][24755ms] GC(29) Using 8 workers of 8 for evacuation
[2023-06-15T10:49:32.564-0400][24773ms] GC(29)   Pre Evacuate Collection Set: 0.0ms
[2023-06-15T10:49:32.564-0400][24773ms] GC(29)   Evacuate Collection Set: 15.0ms
[2023-06-15T10:49:32.564-0400][24773ms] GC(29)   Post Evacuate Collection Set: 2.2ms
[2023-06-15T10:49:32.564-0400][24773ms] GC(29)   Other: 0.3ms
[2023-06-15T10:49:32.564-0400][24773ms] GC(29) Eden regions: 129->0(127)
[2023-06-15T10:49:32.564-0400][24773ms] GC(29) Survivor regions: 17->14(19)
[2023-06-15T10:49:32.564-0400][24773ms] GC(29) Old regions: 148->156
[2023-06-15T10:49:32.564-0400][24773ms] GC(29) Humongous regions: 3->3
[2023-06-15T10:49:32.564-0400][24773ms] GC(29) Metaspace: 92470K->92470K(1136640K)
[2023-06-15T10:49:32.564-0400][24773ms] GC(29) Pause Young (Normal) (G1 Evacuation Pause) 296M->171M(360M) 18.103ms
[2023-06-15T10:49:32.564-0400][24773ms] GC(29) User=0.13s Sys=0.00s Real=0.02s
[2023-06-15T10:49:35.061-0400][27270ms] GC(30) Pause Young (Normal) (G1 Evacuation Pause)
[2023-06-15T10:49:35.061-0400][27270ms] GC(30) Using 8 workers of 8 for evacuation
[2023-06-15T10:49:35.074-0400][27283ms] GC(30)   Pre Evacuate Collection Set: 0.0ms
[2023-06-15T10:49:35.074-0400][27283ms] GC(30)   Evacuate Collection Set: 7.9ms
[2023-06-15T10:49:35.074-0400][27283ms] GC(30)   Post Evacuate Collection Set: 4.6ms
[2023-06-15T10:49:35.074-0400][27283ms] GC(30)   Other: 0.3ms
[2023-06-15T10:49:35.074-0400][27283ms] GC(30) Eden regions: 127->0(185)
[2023-06-15T10:49:35.074-0400][27283ms] GC(30) Survivor regions: 14->9(18)
[2023-06-15T10:49:35.074-0400][27283ms] GC(30) Old regions: 156->164
[2023-06-15T10:49:35.074-0400][27283ms] GC(30) Humongous regions: 3->3
[2023-06-15T10:49:35.074-0400][27283ms] GC(30) Metaspace: 96407K->96407K(1140736K)
[2023-06-15T10:49:35.074-0400][27283ms] GC(30) Pause Young (Normal) (G1 Evacuation Pause) 298M->175M(439M) 13.100ms
[2023-06-15T10:49:35.074-0400][27283ms] GC(30) User=0.00s Sys=0.00s Real=0.01s
[2023-06-15T10:49:35.412-0400][27621ms] GC(31) Pause Young (Normal) (G1 Evacuation Pause)
[2023-06-15T10:49:35.412-0400][27621ms] GC(31) Using 8 workers of 8 for evacuation
[2023-06-15T10:49:35.418-0400][27627ms] GC(31)   Pre Evacuate Collection Set: 0.0ms
[2023-06-15T10:49:35.418-0400][27627ms] GC(31)   Evacuate Collection Set: 4.0ms
[2023-06-15T10:49:35.418-0400][27627ms] GC(31)   Post Evacuate Collection Set: 1.9ms
[2023-06-15T10:49:35.418-0400][27627ms] GC(31)   Other: 0.3ms
[2023-06-15T10:49:35.418-0400][27627ms] GC(31) Eden regions: 185->0(202)
[2023-06-15T10:49:35.418-0400][27627ms] GC(31) Survivor regions: 9->8(25)
[2023-06-15T10:49:35.418-0400][27627ms] GC(31) Old regions: 164->164
[2023-06-15T10:49:35.418-0400][27627ms] GC(31) Humongous regions: 3->3
[2023-06-15T10:49:35.418-0400][27627ms] GC(31) Metaspace: 96407K->96407K(1140736K)
[2023-06-15T10:49:35.419-0400][27628ms] GC(31) Pause Young (Normal) (G1 Evacuation Pause) 360M->173M(439M) 6.544ms
[2023-06-15T10:49:35.419-0400][27628ms] GC(31) User=0.03s Sys=0.00s Real=0.01s
[2023-06-15T10:49:35.939-0400][28148ms] GC(32) Pause Young (Normal) (G1 Evacuation Pause)
[2023-06-15T10:49:35.940-0400][28149ms] GC(32) Using 8 workers of 8 for evacuation
[2023-06-15T10:49:35.946-0400][28155ms] GC(32)   Pre Evacuate Collection Set: 0.0ms
[2023-06-15T10:49:35.946-0400][28155ms] GC(32)   Evacuate Collection Set: 3.8ms
[2023-06-15T10:49:35.946-0400][28155ms] GC(32)   Post Evacuate Collection Set: 2.2ms
[2023-06-15T10:49:35.946-0400][28155ms] GC(32)   Other: 0.3ms
[2023-06-15T10:49:35.946-0400][28155ms] GC(32) Eden regions: 202->0(206)
[2023-06-15T10:49:35.946-0400][28155ms] GC(32) Survivor regions: 8->7(27)
[2023-06-15T10:49:35.946-0400][28155ms] GC(32) Old regions: 164->164
[2023-06-15T10:49:35.946-0400][28155ms] GC(32) Humongous regions: 3->3
[2023-06-15T10:49:35.946-0400][28155ms] GC(32) Metaspace: 96431K->96431K(1140736K)
[2023-06-15T10:49:35.946-0400][28155ms] GC(32) Pause Young (Normal) (G1 Evacuation Pause) 375M->173M(439M) 6.599ms
[2023-06-15T10:49:35.946-0400][28155ms] GC(32) User=0.00s Sys=0.00s Real=0.01s
[2023-06-15T10:49:37.759-0400][29968ms] GC(33) Pause Young (Normal) (G1 Evacuation Pause)
[2023-06-15T10:49:37.759-0400][29968ms] GC(33) Using 8 workers of 8 for evacuation
[2023-06-15T10:49:37.767-0400][29976ms] GC(33)   Pre Evacuate Collection Set: 0.0ms
[2023-06-15T10:49:37.768-0400][29977ms] GC(33)   Evacuate Collection Set: 6.1ms
[2023-06-15T10:49:37.768-0400][29977ms] GC(33)   Post Evacuate Collection Set: 2.4ms
[2023-06-15T10:49:37.768-0400][29977ms] GC(33)   Other: 0.3ms
[2023-06-15T10:49:37.768-0400][29977ms] GC(33) Eden regions: 206->0(206)
[2023-06-15T10:49:37.768-0400][29977ms] GC(33) Survivor regions: 7->8(27)
[2023-06-15T10:49:37.768-0400][29977ms] GC(33) Old regions: 164->164
[2023-06-15T10:49:37.768-0400][29977ms] GC(33) Humongous regions: 3->3
[2023-06-15T10:49:37.768-0400][29977ms] GC(33) Metaspace: 99736K->99736K(1142784K)
[2023-06-15T10:49:37.768-0400][29977ms] GC(33) Pause Young (Normal) (G1 Evacuation Pause) 379M->174M(439M) 9.210ms
[2023-06-15T10:49:37.768-0400][29977ms] GC(33) User=0.13s Sys=0.00s Real=0.01s
[2023-06-15T10:49:37.966-0400][30175ms] GC(34) Pause Young (Normal) (G1 Evacuation Pause)
[2023-06-15T10:49:37.966-0400][30175ms] GC(34) Using 8 workers of 8 for evacuation
[2023-06-15T10:49:37.972-0400][30181ms] GC(34)   Pre Evacuate Collection Set: 0.0ms
[2023-06-15T10:49:37.973-0400][30182ms] GC(34)   Evacuate Collection Set: 4.0ms
[2023-06-15T10:49:37.973-0400][30182ms] GC(34)   Post Evacuate Collection Set: 2.1ms
[2023-06-15T10:49:37.973-0400][30182ms] GC(34)   Other: 0.2ms
[2023-06-15T10:49:37.973-0400][30182ms] GC(34) Eden regions: 206->0(207)
[2023-06-15T10:49:37.973-0400][30182ms] GC(34) Survivor regions: 8->9(27)
[2023-06-15T10:49:37.973-0400][30182ms] GC(34) Old regions: 164->164
[2023-06-15T10:49:37.973-0400][30182ms] GC(34) Humongous regions: 3->3
[2023-06-15T10:49:37.973-0400][30182ms] GC(34) Metaspace: 99736K->99736K(1142784K)
[2023-06-15T10:49:37.973-0400][30182ms] GC(34) Pause Young (Normal) (G1 Evacuation Pause) 380M->174M(439M) 6.665ms
[2023-06-15T10:49:37.973-0400][30182ms] GC(34) User=0.00s Sys=0.00s Real=0.01s
[2023-06-15T10:49:38.362-0400][30571ms] GC(35) Pause Young (Normal) (G1 Evacuation Pause)
[2023-06-15T10:49:38.362-0400][30571ms] GC(35) Using 8 workers of 8 for evacuation
[2023-06-15T10:49:38.368-0400][30577ms] GC(35)   Pre Evacuate Collection Set: 0.0ms
[2023-06-15T10:49:38.368-0400][30577ms] GC(35)   Evacuate Collection Set: 3.9ms
[2023-06-15T10:49:38.368-0400][30577ms] GC(35)   Post Evacuate Collection Set: 2.0ms
[2023-06-15T10:49:38.368-0400][30577ms] GC(35)   Other: 0.2ms
[2023-06-15T10:49:38.368-0400][30577ms] GC(35) Eden regions: 207->0(211)
[2023-06-15T10:49:38.368-0400][30577ms] GC(35) Survivor regions: 9->8(27)
[2023-06-15T10:49:38.368-0400][30577ms] GC(35) Old regions: 164->164
[2023-06-15T10:49:38.368-0400][30577ms] GC(35) Humongous regions: 3->3
[2023-06-15T10:49:38.369-0400][30578ms] GC(35) Metaspace: 99737K->99737K(1142784K)
[2023-06-15T10:49:38.369-0400][30578ms] GC(35) Pause Young (Normal) (G1 Evacuation Pause) 381M->173M(439M) 6.431ms
[2023-06-15T10:49:38.369-0400][30578ms] GC(35) User=0.00s Sys=0.00s Real=0.01s
[2023-06-15T10:49:39.412-0400][31621ms] GC(36) Pause Young (Normal) (G1 Evacuation Pause)
[2023-06-15T10:49:39.412-0400][31621ms] GC(36) Using 8 workers of 8 for evacuation
[2023-06-15T10:49:39.423-0400][31632ms] GC(36)   Pre Evacuate Collection Set: 0.0ms
[2023-06-15T10:49:39.423-0400][31632ms] GC(36)   Evacuate Collection Set: 7.3ms
[2023-06-15T10:49:39.423-0400][31632ms] GC(36)   Post Evacuate Collection Set: 2.6ms
[2023-06-15T10:49:39.423-0400][31632ms] GC(36)   Other: 0.4ms
[2023-06-15T10:49:39.423-0400][31632ms] GC(36) Eden regions: 211->0(208)
[2023-06-15T10:49:39.423-0400][31632ms] GC(36) Survivor regions: 8->10(28)
[2023-06-15T10:49:39.423-0400][31632ms] GC(36) Old regions: 164->164
[2023-06-15T10:49:39.423-0400][31632ms] GC(36) Humongous regions: 3->3
[2023-06-15T10:49:39.423-0400][31632ms] GC(36) Metaspace: 102827K->102827K(1146880K)
[2023-06-15T10:49:39.423-0400][31632ms] GC(36) Pause Young (Normal) (G1 Evacuation Pause) 384M->176M(439M) 10.870ms
[2023-06-15T10:49:39.423-0400][31632ms] GC(36) User=0.13s Sys=0.00s Real=0.01s
[2023-06-15T10:49:42.281-0400][34490ms] GC(37) Pause Young (Normal) (G1 Evacuation Pause)
[2023-06-15T10:49:42.282-0400][34491ms] GC(37) Using 8 workers of 8 for evacuation
[2023-06-15T10:49:42.298-0400][34507ms] GC(37)   Pre Evacuate Collection Set: 0.0ms
[2023-06-15T10:49:42.298-0400][34507ms] GC(37)   Evacuate Collection Set: 12.5ms
[2023-06-15T10:49:42.298-0400][34507ms] GC(37)   Post Evacuate Collection Set: 3.8ms
[2023-06-15T10:49:42.298-0400][34507ms] GC(37)   Other: 0.3ms
[2023-06-15T10:49:42.298-0400][34507ms] GC(37) Eden regions: 208->0(198)
[2023-06-15T10:49:42.298-0400][34507ms] GC(37) Survivor regions: 10->15(28)
[2023-06-15T10:49:42.298-0400][34507ms] GC(37) Old regions: 164->164
[2023-06-15T10:49:42.298-0400][34507ms] GC(37) Humongous regions: 3->3
[2023-06-15T10:49:42.298-0400][34507ms] GC(37) Metaspace: 114041K->114041K(1157120K)
[2023-06-15T10:49:42.299-0400][34508ms] GC(37) Pause Young (Normal) (G1 Evacuation Pause) 384M->180M(439M) 17.087ms
[2023-06-15T10:49:42.299-0400][34508ms] GC(37) User=0.11s Sys=0.00s Real=0.02s
[2023-06-15T10:49:44.276-0400][36485ms] GC(38) Pause Young (Normal) (G1 Evacuation Pause)
[2023-06-15T10:49:44.276-0400][36485ms] GC(38) Using 8 workers of 8 for evacuation
[2023-06-15T10:49:44.295-0400][36504ms] GC(38)   Pre Evacuate Collection Set: 0.0ms
[2023-06-15T10:49:44.295-0400][36504ms] GC(38)   Evacuate Collection Set: 14.9ms
[2023-06-15T10:49:44.295-0400][36504ms] GC(38)   Post Evacuate Collection Set: 3.1ms
[2023-06-15T10:49:44.295-0400][36504ms] GC(38)   Other: 0.3ms
[2023-06-15T10:49:44.295-0400][36504ms] GC(38) Eden regions: 198->0(189)
[2023-06-15T10:49:44.295-0400][36504ms] GC(38) Survivor regions: 15->18(27)
[2023-06-15T10:49:44.295-0400][36504ms] GC(38) Old regions: 164->167
[2023-06-15T10:49:44.295-0400][36504ms] GC(38) Humongous regions: 3->3
[2023-06-15T10:49:44.295-0400][36504ms] GC(38) Metaspace: 120050K->120050K(1161216K)
[2023-06-15T10:49:44.295-0400][36504ms] GC(38) Pause Young (Normal) (G1 Evacuation Pause) 378M->186M(439M) 18.729ms
[2023-06-15T10:49:44.295-0400][36504ms] GC(38) User=0.14s Sys=0.00s Real=0.02s
[2023-06-15T10:49:45.849-0400][38058ms] GC(39) Pause Young (Normal) (G1 Evacuation Pause)
[2023-06-15T10:49:45.849-0400][38058ms] GC(39) Using 8 workers of 8 for evacuation
[2023-06-15T10:49:45.869-0400][38078ms] GC(39)   Pre Evacuate Collection Set: 0.0ms
[2023-06-15T10:49:45.869-0400][38078ms] GC(39)   Evacuate Collection Set: 16.7ms
[2023-06-15T10:49:45.869-0400][38078ms] GC(39)   Post Evacuate Collection Set: 3.1ms
[2023-06-15T10:49:45.869-0400][38078ms] GC(39)   Other: 0.4ms
[2023-06-15T10:49:45.869-0400][38078ms] GC(39) Eden regions: 189->0(186)
[2023-06-15T10:49:45.869-0400][38078ms] GC(39) Survivor regions: 18->17(26)
[2023-06-15T10:49:45.869-0400][38078ms] GC(39) Old regions: 167->172
[2023-06-15T10:49:45.869-0400][38078ms] GC(39) Humongous regions: 3->3
[2023-06-15T10:49:45.869-0400][38078ms] GC(39) Metaspace: 124588K->124588K(1165312K)
[2023-06-15T10:49:45.870-0400][38079ms] GC(39) Pause Young (Normal) (G1 Evacuation Pause) 375M->191M(439M) 20.662ms
[2023-06-15T10:49:45.870-0400][38079ms] GC(39) User=0.13s Sys=0.00s Real=0.02s
[2023-06-15T10:49:49.799-0400][42008ms] GC(40) Pause Young (Normal) (G1 Evacuation Pause)
[2023-06-15T10:49:49.799-0400][42008ms] GC(40) Using 8 workers of 8 for evacuation
[2023-06-15T10:49:49.861-0400][42070ms] GC(40)   Pre Evacuate Collection Set: 0.0ms
[2023-06-15T10:49:49.861-0400][42070ms] GC(40)   Evacuate Collection Set: 55.3ms
[2023-06-15T10:49:49.861-0400][42070ms] GC(40)   Post Evacuate Collection Set: 6.3ms
[2023-06-15T10:49:49.861-0400][42070ms] GC(40)   Other: 0.5ms
[2023-06-15T10:49:49.861-0400][42070ms] GC(40) Eden regions: 186->0(161)
[2023-06-15T10:49:49.862-0400][42071ms] GC(40) Survivor regions: 17->26(26)
[2023-06-15T10:49:49.862-0400][42071ms] GC(40) Old regions: 172->178
[2023-06-15T10:49:49.862-0400][42071ms] GC(40) Humongous regions: 4->4
[2023-06-15T10:49:49.862-0400][42071ms] GC(40) Metaspace: 135089K->135089K(1175552K)
[2023-06-15T10:49:49.862-0400][42071ms] GC(40) Pause Young (Normal) (G1 Evacuation Pause) 378M->207M(439M) 63.173ms
[2023-06-15T10:49:49.862-0400][42071ms] GC(40) User=0.14s Sys=0.03s Real=0.06s
[2023-06-15T10:49:52.682-0400][44891ms] GC(41) Pause Young (Normal) (G1 Evacuation Pause)
[2023-06-15T10:49:52.682-0400][44891ms] GC(41) Using 8 workers of 8 for evacuation
[2023-06-15T10:49:52.712-0400][44921ms] GC(41)   Pre Evacuate Collection Set: 0.0ms
[2023-06-15T10:49:52.712-0400][44921ms] GC(41)   Evacuate Collection Set: 27.6ms
[2023-06-15T10:49:52.712-0400][44921ms] GC(41)   Post Evacuate Collection Set: 2.9ms
[2023-06-15T10:49:52.712-0400][44921ms] GC(41)   Other: 0.3ms
[2023-06-15T10:49:52.713-0400][44922ms] GC(41) Eden regions: 161->0(130)
[2023-06-15T10:49:52.713-0400][44922ms] GC(41) Survivor regions: 26->24(24)
[2023-06-15T10:49:52.713-0400][44922ms] GC(41) Old regions: 178->209
[2023-06-15T10:49:52.713-0400][44922ms] GC(41) Humongous regions: 4->4
[2023-06-15T10:49:52.713-0400][44922ms] GC(41) Metaspace: 135133K->135133K(1175552K)
[2023-06-15T10:49:52.713-0400][44922ms] GC(41) Pause Young (Normal) (G1 Evacuation Pause) 368M->236M(439M) 31.217ms
[2023-06-15T10:49:52.713-0400][44922ms] GC(41) User=0.25s Sys=0.00s Real=0.03s
[2023-06-15T10:49:53.184-0400][45393ms] GC(42) Pause Young (Concurrent Start) (G1 Evacuation Pause)
[2023-06-15T10:49:53.184-0400][45393ms] GC(42) Using 8 workers of 8 for evacuation
[2023-06-15T10:49:53.201-0400][45410ms] GC(42)   Pre Evacuate Collection Set: 0.1ms
[2023-06-15T10:49:53.201-0400][45410ms] GC(42)   Evacuate Collection Set: 14.4ms
[2023-06-15T10:49:53.201-0400][45410ms] GC(42)   Post Evacuate Collection Set: 2.3ms
[2023-06-15T10:49:53.201-0400][45410ms] GC(42)   Other: 0.3ms
[2023-06-15T10:49:53.201-0400][45410ms] GC(42) Eden regions: 130->0(127)
[2023-06-15T10:49:53.201-0400][45410ms] GC(42) Survivor regions: 24->7(20)
[2023-06-15T10:49:53.201-0400][45410ms] GC(42) Old regions: 209->233
[2023-06-15T10:49:53.201-0400][45410ms] GC(42) Humongous regions: 4->4
[2023-06-15T10:49:53.201-0400][45410ms] GC(42) Metaspace: 135141K->135141K(1175552K)
[2023-06-15T10:49:53.201-0400][45410ms] GC(42) Pause Young (Concurrent Start) (G1 Evacuation Pause) 366M->243M(439M) 17.439ms
[2023-06-15T10:49:53.201-0400][45410ms] GC(42) User=0.02s Sys=0.00s Real=0.02s
[2023-06-15T10:49:53.202-0400][45411ms] GC(43) Concurrent Cycle
[2023-06-15T10:49:53.202-0400][45411ms] GC(43) Concurrent Clear Claimed Marks
[2023-06-15T10:49:53.202-0400][45411ms] GC(43) Concurrent Clear Claimed Marks 0.168ms
[2023-06-15T10:49:53.202-0400][45411ms] GC(43) Concurrent Scan Root Regions
[2023-06-15T10:49:53.207-0400][45416ms] GC(43) Concurrent Scan Root Regions 5.013ms
[2023-06-15T10:49:53.207-0400][45416ms] GC(43) Concurrent Mark (45.416s)
[2023-06-15T10:49:53.207-0400][45416ms] GC(43) Concurrent Mark From Roots
[2023-06-15T10:49:53.207-0400][45416ms] GC(43) Using 2 workers of 2 for marking
[2023-06-15T10:49:53.336-0400][45545ms] GC(43) Concurrent Mark From Roots 128.771ms
[2023-06-15T10:49:53.336-0400][45545ms] GC(43) Concurrent Preclean
[2023-06-15T10:49:53.337-0400][45546ms] GC(43) Concurrent Preclean 0.507ms
[2023-06-15T10:49:53.337-0400][45546ms] GC(43) Concurrent Mark (45.416s, 45.545s) 129.441ms
[2023-06-15T10:49:53.337-0400][45546ms] GC(43) Pause Remark
[2023-06-15T10:49:53.349-0400][45558ms] GC(43) Cleaned string and symbol table, strings: 68957 processed, 820 removed, symbols: 366832 processed, 971 removed
[2023-06-15T10:49:53.349-0400][45558ms] GC(43) Pause Remark 278M->270M(439M) 12.211ms
[2023-06-15T10:49:53.349-0400][45558ms] GC(43) User=0.13s Sys=0.00s Real=0.01s
[2023-06-15T10:49:53.349-0400][45558ms] GC(43) Concurrent Rebuild Remembered Sets
[2023-06-15T10:49:53.445-0400][45654ms] GC(43) Concurrent Rebuild Remembered Sets 95.831ms
[2023-06-15T10:49:53.445-0400][45654ms] GC(43) Pause Cleanup
[2023-06-15T10:49:53.445-0400][45654ms] GC(43) Pause Cleanup 300M->300M(439M) 0.258ms
[2023-06-15T10:49:53.445-0400][45654ms] GC(43) User=0.00s Sys=0.00s Real=0.00s
[2023-06-15T10:49:53.446-0400][45655ms] GC(43) Concurrent Cleanup for Next Mark
[2023-06-15T10:49:53.446-0400][45655ms] GC(43) Concurrent Cleanup for Next Mark 0.480ms
[2023-06-15T10:49:53.446-0400][45655ms] GC(43) Concurrent Cycle 244.604ms
[2023-06-15T10:49:53.628-0400][45837ms] GC(44) Pause Young (Prepare Mixed) (G1 Evacuation Pause)
[2023-06-15T10:49:53.628-0400][45837ms] GC(44) Using 8 workers of 8 for evacuation
[2023-06-15T10:49:53.642-0400][45851ms] GC(44)   Pre Evacuate Collection Set: 0.0ms
[2023-06-15T10:49:53.642-0400][45851ms] GC(44)   Evacuate Collection Set: 11.1ms
[2023-06-15T10:49:53.642-0400][45851ms] GC(44)   Post Evacuate Collection Set: 2.4ms
[2023-06-15T10:49:53.642-0400][45851ms] GC(44)   Other: 0.3ms
[2023-06-15T10:49:53.642-0400][45851ms] GC(44) Eden regions: 127->0(6)
[2023-06-15T10:49:53.642-0400][45851ms] GC(44) Survivor regions: 7->15(17)
[2023-06-15T10:49:53.642-0400][45851ms] GC(44) Old regions: 225->225
[2023-06-15T10:49:53.642-0400][45851ms] GC(44) Humongous regions: 4->4
[2023-06-15T10:49:53.642-0400][45851ms] GC(44) Metaspace: 135141K->135141K(1175552K)
[2023-06-15T10:49:53.642-0400][45851ms] GC(44) Pause Young (Prepare Mixed) (G1 Evacuation Pause) 362M->242M(439M) 14.124ms
[2023-06-15T10:49:53.642-0400][45851ms] GC(44) User=0.13s Sys=0.00s Real=0.01s
[2023-06-15T10:49:53.660-0400][45869ms] GC(45) Pause Young (Mixed) (G1 Evacuation Pause)
[2023-06-15T10:49:53.660-0400][45869ms] GC(45) Using 8 workers of 8 for evacuation
[2023-06-15T10:49:53.672-0400][45881ms] GC(45)   Pre Evacuate Collection Set: 0.0ms
[2023-06-15T10:49:53.672-0400][45881ms] GC(45)   Evacuate Collection Set: 10.1ms
[2023-06-15T10:49:53.672-0400][45881ms] GC(45)   Post Evacuate Collection Set: 2.3ms
[2023-06-15T10:49:53.672-0400][45881ms] GC(45)   Other: 0.2ms
[2023-06-15T10:49:53.672-0400][45881ms] GC(45) Eden regions: 6->0(19)
[2023-06-15T10:49:53.672-0400][45881ms] GC(45) Survivor regions: 15->2(3)
[2023-06-15T10:49:53.672-0400][45881ms] GC(45) Old regions: 225->195
[2023-06-15T10:49:53.672-0400][45881ms] GC(45) Humongous regions: 4->4
[2023-06-15T10:49:53.672-0400][45881ms] GC(45) Metaspace: 135141K->135141K(1175552K)
[2023-06-15T10:49:53.672-0400][45881ms] GC(45) Pause Young (Mixed) (G1 Evacuation Pause) 248M->200M(439M) 12.897ms
[2023-06-15T10:49:53.672-0400][45881ms] GC(45) User=0.13s Sys=0.00s Real=0.01s
[2023-06-15T10:49:53.722-0400][45931ms] GC(46) Pause Young (Mixed) (G1 Evacuation Pause)
[2023-06-15T10:49:53.722-0400][45931ms] GC(46) Using 8 workers of 8 for evacuation
[2023-06-15T10:49:53.728-0400][45937ms] GC(46)   Pre Evacuate Collection Set: 0.0ms
[2023-06-15T10:49:53.728-0400][45937ms] GC(46)   Evacuate Collection Set: 2.9ms
[2023-06-15T10:49:53.728-0400][45937ms] GC(46)   Post Evacuate Collection Set: 2.4ms
[2023-06-15T10:49:53.728-0400][45937ms] GC(46)   Other: 0.4ms
[2023-06-15T10:49:53.728-0400][45937ms] GC(46) Eden regions: 19->0(148)
[2023-06-15T10:49:53.728-0400][45937ms] GC(46) Survivor regions: 2->3(3)
[2023-06-15T10:49:53.728-0400][45937ms] GC(46) Old regions: 195->185
[2023-06-15T10:49:53.728-0400][45937ms] GC(46) Humongous regions: 4->4
[2023-06-15T10:49:53.728-0400][45937ms] GC(46) Metaspace: 135141K->135141K(1175552K)
[2023-06-15T10:49:53.728-0400][45937ms] GC(46) Pause Young (Mixed) (G1 Evacuation Pause) 219M->190M(439M) 6.205ms
[2023-06-15T10:49:53.728-0400][45937ms] GC(46) User=0.00s Sys=0.00s Real=0.01s
[2023-06-15T10:49:54.099-0400][46308ms] GC(47) Pause Young (Normal) (G1 Evacuation Pause)
[2023-06-15T10:49:54.099-0400][46308ms] GC(47) Using 8 workers of 8 for evacuation
[2023-06-15T10:49:54.110-0400][46319ms] GC(47)   Pre Evacuate Collection Set: 0.0ms
[2023-06-15T10:49:54.110-0400][46319ms] GC(47)   Evacuate Collection Set: 8.0ms
[2023-06-15T10:49:54.110-0400][46319ms] GC(47)   Post Evacuate Collection Set: 2.2ms
[2023-06-15T10:49:54.110-0400][46319ms] GC(47)   Other: 0.2ms
[2023-06-15T10:49:54.110-0400][46319ms] GC(47) Eden regions: 148->0(148)
[2023-06-15T10:49:54.110-0400][46319ms] GC(47) Survivor regions: 3->11(19)
[2023-06-15T10:49:54.110-0400][46319ms] GC(47) Old regions: 185->185
[2023-06-15T10:49:54.110-0400][46319ms] GC(47) Humongous regions: 4->4
[2023-06-15T10:49:54.110-0400][46319ms] GC(47) Metaspace: 135141K->135141K(1175552K)
[2023-06-15T10:49:54.110-0400][46319ms] GC(47) Pause Young (Normal) (G1 Evacuation Pause) 338M->199M(439M) 10.790ms
[2023-06-15T10:49:54.110-0400][46319ms] GC(47) User=0.13s Sys=0.00s Real=0.01s
[2023-06-15T10:49:54.544-0400][46753ms] GC(48) Pause Young (Normal) (G1 Evacuation Pause)
[2023-06-15T10:49:54.544-0400][46753ms] GC(48) Using 8 workers of 8 for evacuation
[2023-06-15T10:49:54.560-0400][46769ms] GC(48)   Pre Evacuate Collection Set: 0.0ms
[2023-06-15T10:49:54.560-0400][46769ms] GC(48)   Evacuate Collection Set: 13.1ms
[2023-06-15T10:49:54.560-0400][46769ms] GC(48)   Post Evacuate Collection Set: 2.6ms
[2023-06-15T10:49:54.560-0400][46769ms] GC(48)   Other: 0.2ms
[2023-06-15T10:49:54.560-0400][46769ms] GC(48) Eden regions: 148->0(147)
[2023-06-15T10:49:54.560-0400][46769ms] GC(48) Survivor regions: 11->18(20)
[2023-06-15T10:49:54.561-0400][46770ms] GC(48) Old regions: 185->185
[2023-06-15T10:49:54.561-0400][46770ms] GC(48) Humongous regions: 4->4
[2023-06-15T10:49:54.561-0400][46770ms] GC(48) Metaspace: 135141K->135141K(1175552K)
[2023-06-15T10:49:54.561-0400][46770ms] GC(48) Pause Young (Normal) (G1 Evacuation Pause) 347M->206M(439M) 16.296ms
[2023-06-15T10:49:54.561-0400][46770ms] GC(48) User=0.02s Sys=0.00s Real=0.02s
[2023-06-15T10:49:54.940-0400][47149ms] GC(49) Pause Young (Normal) (G1 Evacuation Pause)
[2023-06-15T10:49:54.940-0400][47149ms] GC(49) Using 8 workers of 8 for evacuation
[2023-06-15T10:49:54.960-0400][47169ms] GC(49)   Pre Evacuate Collection Set: 0.0ms
[2023-06-15T10:49:54.960-0400][47169ms] GC(49)   Evacuate Collection Set: 17.3ms
[2023-06-15T10:49:54.961-0400][47170ms] GC(49)   Post Evacuate Collection Set: 2.4ms
[2023-06-15T10:49:54.961-0400][47170ms] GC(49)   Other: 0.2ms
[2023-06-15T10:49:54.961-0400][47170ms] GC(49) Eden regions: 147->0(145)
[2023-06-15T10:49:54.961-0400][47170ms] GC(49) Survivor regions: 18->16(21)
[2023-06-15T10:49:54.961-0400][47170ms] GC(49) Old regions: 185->195
[2023-06-15T10:49:54.961-0400][47170ms] GC(49) Humongous regions: 4->4
[2023-06-15T10:49:54.961-0400][47170ms] GC(49) Metaspace: 135141K->135141K(1175552K)
[2023-06-15T10:49:54.961-0400][47170ms] GC(49) Pause Young (Normal) (G1 Evacuation Pause) 353M->214M(439M) 20.316ms
[2023-06-15T10:49:54.961-0400][47170ms] GC(49) User=0.13s Sys=0.00s Real=0.02s
[2023-06-15T10:49:55.221-0400][47430ms] GC(50) Pause Young (Concurrent Start) (G1 Humongous Allocation)
[2023-06-15T10:49:55.221-0400][47430ms] GC(50) Using 8 workers of 8 for evacuation
[2023-06-15T10:49:55.239-0400][47448ms] GC(50)   Pre Evacuate Collection Set: 0.2ms
[2023-06-15T10:49:55.239-0400][47448ms] GC(50)   Evacuate Collection Set: 15.0ms
[2023-06-15T10:49:55.239-0400][47448ms] GC(50)   Post Evacuate Collection Set: 2.1ms
[2023-06-15T10:49:55.239-0400][47448ms] GC(50)   Other: 0.3ms
[2023-06-15T10:49:55.239-0400][47448ms] GC(50) Eden regions: 95->0(137)
[2023-06-15T10:49:55.239-0400][47448ms] GC(50) Survivor regions: 16->17(21)
[2023-06-15T10:49:55.239-0400][47448ms] GC(50) Old regions: 195->203
[2023-06-15T10:49:55.239-0400][47448ms] GC(50) Humongous regions: 4->4
[2023-06-15T10:49:55.240-0400][47449ms] GC(50) Metaspace: 135142K->135142K(1175552K)
[2023-06-15T10:49:55.240-0400][47449ms] GC(50) Pause Young (Concurrent Start) (G1 Humongous Allocation) 309M->223M(439M) 17.988ms
[2023-06-15T10:49:55.240-0400][47449ms] GC(50) User=0.13s Sys=0.00s Real=0.02s
[2023-06-15T10:49:55.240-0400][47449ms] GC(51) Concurrent Cycle
[2023-06-15T10:49:55.240-0400][47449ms] GC(51) Concurrent Clear Claimed Marks
[2023-06-15T10:49:55.240-0400][47449ms] GC(51) Concurrent Clear Claimed Marks 0.182ms
[2023-06-15T10:49:55.240-0400][47449ms] GC(51) Concurrent Scan Root Regions
[2023-06-15T10:49:55.250-0400][47459ms] GC(51) Concurrent Scan Root Regions 10.209ms
[2023-06-15T10:49:55.250-0400][47459ms] GC(51) Concurrent Mark (47.459s)
[2023-06-15T10:49:55.250-0400][47459ms] GC(51) Concurrent Mark From Roots
[2023-06-15T10:49:55.250-0400][47459ms] GC(51) Using 2 workers of 2 for marking
[2023-06-15T10:49:55.432-0400][47641ms] GC(51) Concurrent Mark From Roots 181.300ms
[2023-06-15T10:49:55.432-0400][47641ms] GC(51) Concurrent Preclean
[2023-06-15T10:49:55.433-0400][47642ms] GC(51) Concurrent Preclean 0.519ms
[2023-06-15T10:49:55.433-0400][47642ms] GC(51) Concurrent Mark (47.459s, 47.641s) 182.010ms
[2023-06-15T10:49:55.433-0400][47642ms] GC(51) Pause Remark
[2023-06-15T10:49:55.445-0400][47654ms] GC(51) Cleaned string and symbol table, strings: 68137 processed, 2 removed, symbols: 365861 processed, 0 removed
[2023-06-15T10:49:55.445-0400][47654ms] GC(51) Pause Remark 282M->282M(439M) 11.891ms
[2023-06-15T10:49:55.445-0400][47654ms] GC(51) User=0.02s Sys=0.00s Real=0.01s
[2023-06-15T10:49:55.445-0400][47654ms] GC(51) Concurrent Rebuild Remembered Sets
[2023-06-15T10:49:55.550-0400][47759ms] GC(51) Concurrent Rebuild Remembered Sets 105.053ms
[2023-06-15T10:49:55.550-0400][47759ms] GC(51) Pause Cleanup
[2023-06-15T10:49:55.550-0400][47759ms] GC(51) Pause Cleanup 312M->312M(439M) 0.225ms
[2023-06-15T10:49:55.551-0400][47760ms] GC(51) User=0.00s Sys=0.00s Real=0.00s
[2023-06-15T10:49:55.551-0400][47760ms] GC(51) Concurrent Cleanup for Next Mark
[2023-06-15T10:49:55.551-0400][47760ms] GC(51) Concurrent Cleanup for Next Mark 0.431ms
[2023-06-15T10:49:55.551-0400][47760ms] GC(51) Concurrent Cycle 311.280ms
[2023-06-15T10:49:55.771-0400][47980ms] GC(52) Pause Young (Prepare Mixed) (G1 Evacuation Pause)
[2023-06-15T10:49:55.771-0400][47980ms] GC(52) Using 8 workers of 8 for evacuation
[2023-06-15T10:49:55.790-0400][47999ms] GC(52)   Pre Evacuate Collection Set: 0.0ms
[2023-06-15T10:49:55.790-0400][47999ms] GC(52)   Evacuate Collection Set: 15.7ms
[2023-06-15T10:49:55.790-0400][47999ms] GC(52)   Post Evacuate Collection Set: 2.4ms
[2023-06-15T10:49:55.790-0400][47999ms] GC(52)   Other: 0.3ms
[2023-06-15T10:49:55.790-0400][47999ms] GC(52) Eden regions: 137->0(5)
[2023-06-15T10:49:55.790-0400][47999ms] GC(52) Survivor regions: 17->16(20)
[2023-06-15T10:49:55.790-0400][47999ms] GC(52) Old regions: 203->212
[2023-06-15T10:49:55.790-0400][47999ms] GC(52) Humongous regions: 11->4
[2023-06-15T10:49:55.790-0400][47999ms] GC(52) Metaspace: 135148K->135148K(1175552K)
[2023-06-15T10:49:55.790-0400][47999ms] GC(52) Pause Young (Prepare Mixed) (G1 Evacuation Pause) 367M->231M(439M) 18.881ms
[2023-06-15T10:49:55.790-0400][47999ms] GC(52) User=0.13s Sys=0.00s Real=0.02s
[2023-06-15T10:49:55.808-0400][48017ms] GC(53) Pause Young (Mixed) (G1 Evacuation Pause)
[2023-06-15T10:49:55.808-0400][48017ms] GC(53) Using 8 workers of 8 for evacuation
[2023-06-15T10:49:55.824-0400][48033ms] GC(53)   Pre Evacuate Collection Set: 0.0ms
[2023-06-15T10:49:55.824-0400][48033ms] GC(53)   Evacuate Collection Set: 10.7ms
[2023-06-15T10:49:55.824-0400][48033ms] GC(53)   Post Evacuate Collection Set: 4.7ms
[2023-06-15T10:49:55.824-0400][48033ms] GC(53)   Other: 0.3ms
[2023-06-15T10:49:55.824-0400][48033ms] GC(53) Eden regions: 5->0(182)
[2023-06-15T10:49:55.824-0400][48033ms] GC(53) Survivor regions: 16->3(3)
[2023-06-15T10:49:55.824-0400][48033ms] GC(53) Old regions: 212->223
[2023-06-15T10:49:55.824-0400][48033ms] GC(53) Humongous regions: 4->4
[2023-06-15T10:49:55.824-0400][48033ms] GC(53) Metaspace: 135148K->135148K(1175552K)
[2023-06-15T10:49:55.824-0400][48033ms] GC(53) Pause Young (Mixed) (G1 Evacuation Pause) 236M->229M(527M) 16.151ms
[2023-06-15T10:49:55.824-0400][48033ms] GC(53) User=0.13s Sys=0.00s Real=0.02s
[2023-06-15T10:49:56.566-0400][48775ms] GC(54) Pause Young (Normal) (G1 Evacuation Pause)
[2023-06-15T10:49:56.566-0400][48775ms] GC(54) Using 8 workers of 8 for evacuation
[2023-06-15T10:49:56.578-0400][48787ms] GC(54)   Pre Evacuate Collection Set: 0.0ms
[2023-06-15T10:49:56.579-0400][48788ms] GC(54)   Evacuate Collection Set: 9.9ms
[2023-06-15T10:49:56.579-0400][48788ms] GC(54)   Post Evacuate Collection Set: 2.3ms
[2023-06-15T10:49:56.579-0400][48788ms] GC(54)   Other: 0.2ms
[2023-06-15T10:49:56.579-0400][48788ms] GC(54) Eden regions: 182->0(181)
[2023-06-15T10:49:56.579-0400][48788ms] GC(54) Survivor regions: 3->13(24)
[2023-06-15T10:49:56.579-0400][48788ms] GC(54) Old regions: 223->223
[2023-06-15T10:49:56.579-0400][48788ms] GC(54) Humongous regions: 4->4
[2023-06-15T10:49:56.579-0400][48788ms] GC(54) Metaspace: 135148K->135148K(1175552K)
[2023-06-15T10:49:56.579-0400][48788ms] GC(54) Pause Young (Normal) (G1 Evacuation Pause) 411M->239M(527M) 12.850ms
[2023-06-15T10:49:56.579-0400][48788ms] GC(54) User=0.13s Sys=0.00s Real=0.01s
[2023-06-15T10:49:57.015-0400][49224ms] GC(55) Pause Young (Normal) (G1 Evacuation Pause)
[2023-06-15T10:49:57.015-0400][49224ms] GC(55) Using 8 workers of 8 for evacuation
[2023-06-15T10:49:57.033-0400][49242ms] GC(55)   Pre Evacuate Collection Set: 0.0ms
[2023-06-15T10:49:57.033-0400][49242ms] GC(55)   Evacuate Collection Set: 15.3ms
[2023-06-15T10:49:57.033-0400][49242ms] GC(55)   Post Evacuate Collection Set: 2.3ms
[2023-06-15T10:49:57.033-0400][49242ms] GC(55)   Other: 0.2ms
[2023-06-15T10:49:57.033-0400][49242ms] GC(55) Eden regions: 181->0(178)
[2023-06-15T10:49:57.033-0400][49242ms] GC(55) Survivor regions: 13->23(25)
[2023-06-15T10:49:57.033-0400][49242ms] GC(55) Old regions: 223->223
[2023-06-15T10:49:57.033-0400][49242ms] GC(55) Humongous regions: 4->4
[2023-06-15T10:49:57.033-0400][49242ms] GC(55) Metaspace: 135148K->135148K(1175552K)
[2023-06-15T10:49:57.033-0400][49242ms] GC(55) Pause Young (Normal) (G1 Evacuation Pause) 420M->249M(527M) 18.068ms
[2023-06-15T10:49:57.033-0400][49242ms] GC(55) User=0.13s Sys=0.00s Real=0.02s
[2023-06-15T10:49:58.724-0400][50933ms] GC(56) Pause Young (Normal) (G1 Evacuation Pause)
[2023-06-15T10:49:58.724-0400][50933ms] GC(56) Using 8 workers of 8 for evacuation
[2023-06-15T10:49:58.733-0400][50942ms] GC(56)   Pre Evacuate Collection Set: 0.0ms
[2023-06-15T10:49:58.733-0400][50942ms] GC(56)   Evacuate Collection Set: 6.4ms
[2023-06-15T10:49:58.733-0400][50942ms] GC(56)   Post Evacuate Collection Set: 2.5ms
[2023-06-15T10:49:58.733-0400][50942ms] GC(56)   Other: 0.3ms
[2023-06-15T10:49:58.733-0400][50942ms] GC(56) Eden regions: 178->0(190)
[2023-06-15T10:49:58.734-0400][50943ms] GC(56) Survivor regions: 23->10(26)
[2023-06-15T10:49:58.734-0400][50943ms] GC(56) Old regions: 223->224
[2023-06-15T10:49:58.734-0400][50943ms] GC(56) Humongous regions: 4->4
[2023-06-15T10:49:58.734-0400][50943ms] GC(56) Metaspace: 138573K->138573K(1177600K)
[2023-06-15T10:49:58.734-0400][50943ms] GC(56) Pause Young (Normal) (G1 Evacuation Pause) 427M->237M(527M) 9.640ms
[2023-06-15T10:49:58.734-0400][50943ms] GC(56) User=0.03s Sys=0.00s Real=0.01s
[2023-06-15T10:49:59.584-0400][51793ms] GC(57) Pause Young (Normal) (G1 Evacuation Pause)
[2023-06-15T10:49:59.584-0400][51793ms] GC(57) Using 8 workers of 8 for evacuation
[2023-06-15T10:49:59.593-0400][51802ms] GC(57)   Pre Evacuate Collection Set: 0.0ms
[2023-06-15T10:49:59.594-0400][51803ms] GC(57)   Evacuate Collection Set: 5.9ms
[2023-06-15T10:49:59.594-0400][51803ms] GC(57)   Post Evacuate Collection Set: 2.7ms
[2023-06-15T10:49:59.594-0400][51803ms] GC(57)   Other: 0.3ms
[2023-06-15T10:49:59.594-0400][51803ms] GC(57) Eden regions: 190->0(196)
[2023-06-15T10:49:59.594-0400][51803ms] GC(57) Survivor regions: 10->12(25)
[2023-06-15T10:49:59.594-0400][51803ms] GC(57) Old regions: 224->224
[2023-06-15T10:49:59.594-0400][51803ms] GC(57) Humongous regions: 4->4
[2023-06-15T10:49:59.594-0400][51803ms] GC(57) Metaspace: 140608K->140608K(1179648K)
[2023-06-15T10:49:59.594-0400][51803ms] GC(57) Pause Young (Normal) (G1 Evacuation Pause) 427M->238M(527M) 9.214ms
[2023-06-15T10:49:59.594-0400][51803ms] GC(57) User=0.02s Sys=0.00s Real=0.01s
[2023-06-15T10:49:59.881-0400][52090ms] GC(58) Pause Young (Normal) (G1 Evacuation Pause)
[2023-06-15T10:49:59.881-0400][52090ms] GC(58) Using 8 workers of 8 for evacuation
[2023-06-15T10:49:59.888-0400][52097ms] GC(58)   Pre Evacuate Collection Set: 0.0ms
[2023-06-15T10:49:59.889-0400][52098ms] GC(58)   Evacuate Collection Set: 4.5ms
[2023-06-15T10:49:59.889-0400][52098ms] GC(58)   Post Evacuate Collection Set: 2.6ms
[2023-06-15T10:49:59.889-0400][52098ms] GC(58)   Other: 0.3ms
[2023-06-15T10:49:59.889-0400][52098ms] GC(58) Eden regions: 196->0(204)
[2023-06-15T10:49:59.889-0400][52098ms] GC(58) Survivor regions: 12->10(26)
[2023-06-15T10:49:59.889-0400][52098ms] GC(58) Old regions: 224->224
[2023-06-15T10:49:59.889-0400][52098ms] GC(58) Humongous regions: 4->4
[2023-06-15T10:49:59.889-0400][52098ms] GC(58) Metaspace: 140608K->140608K(1179648K)
[2023-06-15T10:49:59.889-0400][52098ms] GC(58) Pause Young (Normal) (G1 Evacuation Pause) 434M->237M(527M) 7.696ms
[2023-06-15T10:49:59.889-0400][52098ms] GC(58) User=0.03s Sys=0.00s Real=0.01s
[2023-06-15T10:50:00.125-0400][52334ms] GC(59) Pause Young (Normal) (G1 Evacuation Pause)
[2023-06-15T10:50:00.125-0400][52334ms] GC(59) Using 8 workers of 8 for evacuation
[2023-06-15T10:50:00.131-0400][52340ms] GC(59)   Pre Evacuate Collection Set: 0.0ms
[2023-06-15T10:50:00.131-0400][52340ms] GC(59)   Evacuate Collection Set: 4.3ms
[2023-06-15T10:50:00.131-0400][52340ms] GC(59)   Post Evacuate Collection Set: 2.5ms
[2023-06-15T10:50:00.131-0400][52340ms] GC(59)   Other: 0.2ms
[2023-06-15T10:50:00.131-0400][52340ms] GC(59) Eden regions: 204->0(210)
[2023-06-15T10:50:00.131-0400][52340ms] GC(59) Survivor regions: 10->10(27)
[2023-06-15T10:50:00.131-0400][52340ms] GC(59) Old regions: 224->224
[2023-06-15T10:50:00.133-0400][52342ms] GC(59) Humongous regions: 4->4
[2023-06-15T10:50:00.133-0400][52342ms] GC(59) Metaspace: 140608K->140608K(1179648K)
[2023-06-15T10:50:00.133-0400][52342ms] GC(59) Pause Young (Normal) (G1 Evacuation Pause) 441M->236M(527M) 7.505ms
[2023-06-15T10:50:00.133-0400][52342ms] GC(59) User=0.00s Sys=0.00s Real=0.01s
[2023-06-15T10:50:00.623-0400][52832ms] GC(60) Pause Young (Normal) (G1 Evacuation Pause)
[2023-06-15T10:50:00.623-0400][52832ms] GC(60) Using 8 workers of 8 for evacuation
[2023-06-15T10:50:00.632-0400][52841ms] GC(60)   Pre Evacuate Collection Set: 0.0ms
[2023-06-15T10:50:00.632-0400][52841ms] GC(60)   Evacuate Collection Set: 5.0ms
[2023-06-15T10:50:00.632-0400][52841ms] GC(60)   Post Evacuate Collection Set: 3.9ms
[2023-06-15T10:50:00.633-0400][52842ms] GC(60)   Other: 0.3ms
[2023-06-15T10:50:00.633-0400][52842ms] GC(60) Eden regions: 210->0(213)
[2023-06-15T10:50:00.633-0400][52842ms] GC(60) Survivor regions: 10->11(28)
[2023-06-15T10:50:00.633-0400][52842ms] GC(60) Old regions: 224->224
[2023-06-15T10:50:00.633-0400][52842ms] GC(60) Humongous regions: 4->4
[2023-06-15T10:50:00.633-0400][52842ms] GC(60) Metaspace: 140654K->140654K(1179648K)
[2023-06-15T10:50:00.633-0400][52842ms] GC(60) Pause Young (Normal) (G1 Evacuation Pause) 446M->238M(527M) 9.577ms
[2023-06-15T10:50:00.633-0400][52842ms] GC(60) User=0.00s Sys=0.00s Real=0.01s
[2023-06-15T10:50:00.941-0400][53150ms] GC(61) Pause Young (Normal) (G1 Evacuation Pause)
[2023-06-15T10:50:00.941-0400][53150ms] GC(61) Using 8 workers of 8 for evacuation
[2023-06-15T10:50:00.948-0400][53157ms] GC(61)   Pre Evacuate Collection Set: 0.0ms
[2023-06-15T10:50:00.948-0400][53157ms] GC(61)   Evacuate Collection Set: 4.6ms
[2023-06-15T10:50:00.948-0400][53157ms] GC(61)   Post Evacuate Collection Set: 2.4ms
[2023-06-15T10:50:00.948-0400][53157ms] GC(61)   Other: 0.2ms
[2023-06-15T10:50:00.949-0400][53158ms] GC(61) Eden regions: 213->0(215)
[2023-06-15T10:50:00.949-0400][53158ms] GC(61) Survivor regions: 11->10(28)
[2023-06-15T10:50:00.949-0400][53158ms] GC(61) Old regions: 224->224
[2023-06-15T10:50:00.949-0400][53158ms] GC(61) Humongous regions: 4->4
[2023-06-15T10:50:00.949-0400][53158ms] GC(61) Metaspace: 140656K->140656K(1179648K)
[2023-06-15T10:50:00.949-0400][53158ms] GC(61) Pause Young (Normal) (G1 Evacuation Pause) 451M->237M(527M) 7.521ms
[2023-06-15T10:50:00.949-0400][53158ms] GC(61) User=0.00s Sys=0.00s Real=0.01s
[2023-06-15T10:50:01.570-0400][53779ms] GC(62) Pause Young (Normal) (G1 Evacuation Pause)
[2023-06-15T10:50:01.570-0400][53779ms] GC(62) Using 8 workers of 8 for evacuation
[2023-06-15T10:50:01.595-0400][53804ms] GC(62)   Pre Evacuate Collection Set: 0.0ms
[2023-06-15T10:50:01.595-0400][53804ms] GC(62)   Evacuate Collection Set: 21.3ms
[2023-06-15T10:50:01.595-0400][53804ms] GC(62)   Post Evacuate Collection Set: 3.4ms
[2023-06-15T10:50:01.596-0400][53805ms] GC(62)   Other: 0.3ms
[2023-06-15T10:50:01.596-0400][53805ms] GC(62) Eden regions: 215->0(164)
[2023-06-15T10:50:01.596-0400][53805ms] GC(62) Survivor regions: 10->29(29)
[2023-06-15T10:50:01.596-0400][53805ms] GC(62) Old regions: 224->235
[2023-06-15T10:50:01.596-0400][53805ms] GC(62) Humongous regions: 4->4
[2023-06-15T10:50:01.596-0400][53805ms] GC(62) Metaspace: 141608K->141608K(1181696K)
[2023-06-15T10:50:01.596-0400][53805ms] GC(62) Pause Young (Normal) (G1 Evacuation Pause) 452M->267M(527M) 25.380ms
[2023-06-15T10:50:01.596-0400][53805ms] GC(62) User=0.25s Sys=0.00s Real=0.03s
[2023-06-15T10:50:02.427-0400][54636ms] GC(63) Pause Young (Concurrent Start) (G1 Evacuation Pause)
[2023-06-15T10:50:02.427-0400][54636ms] GC(63) Using 8 workers of 8 for evacuation
[2023-06-15T10:50:02.483-0400][54692ms] GC(63)   Pre Evacuate Collection Set: 0.2ms
[2023-06-15T10:50:02.483-0400][54692ms] GC(63)   Evacuate Collection Set: 47.9ms
[2023-06-15T10:50:02.483-0400][54692ms] GC(63)   Post Evacuate Collection Set: 7.7ms
[2023-06-15T10:50:02.483-0400][54692ms] GC(63)   Other: 0.3ms
[2023-06-15T10:50:02.483-0400][54692ms] GC(63) Eden regions: 164->0(153)
[2023-06-15T10:50:02.483-0400][54692ms] GC(63) Survivor regions: 29->25(25)
[2023-06-15T10:50:02.484-0400][54693ms] GC(63) Old regions: 235->312
[2023-06-15T10:50:02.484-0400][54693ms] GC(63) Humongous regions: 4->4
[2023-06-15T10:50:02.484-0400][54693ms] GC(63) Metaspace: 141689K->141689K(1181696K)
[2023-06-15T10:50:02.484-0400][54693ms] GC(63) Pause Young (Concurrent Start) (G1 Evacuation Pause) 431M->340M(654M) 56.471ms
[2023-06-15T10:50:02.484-0400][54693ms] GC(63) User=0.38s Sys=0.02s Real=0.06s
[2023-06-15T10:50:02.484-0400][54693ms] GC(64) Concurrent Cycle
[2023-06-15T10:50:02.484-0400][54693ms] GC(64) Concurrent Clear Claimed Marks
[2023-06-15T10:50:02.484-0400][54693ms] GC(64) Concurrent Clear Claimed Marks 0.256ms
[2023-06-15T10:50:02.484-0400][54693ms] GC(64) Concurrent Scan Root Regions
[2023-06-15T10:50:02.492-0400][54701ms] GC(64) Concurrent Scan Root Regions 8.217ms
[2023-06-15T10:50:02.493-0400][54702ms] GC(64) Concurrent Mark (54.701s)
[2023-06-15T10:50:02.493-0400][54702ms] GC(64) Concurrent Mark From Roots
[2023-06-15T10:50:02.493-0400][54702ms] GC(64) Using 2 workers of 2 for marking
[2023-06-15T10:50:02.802-0400][55011ms] GC(64) Concurrent Mark From Roots 309.296ms
[2023-06-15T10:50:02.802-0400][55011ms] GC(64) Concurrent Preclean
[2023-06-15T10:50:02.803-0400][55012ms] GC(64) Concurrent Preclean 1.151ms
[2023-06-15T10:50:02.803-0400][55012ms] GC(64) Concurrent Mark (54.701s, 55.012s) 310.675ms
[2023-06-15T10:50:02.803-0400][55012ms] GC(64) Pause Remark
[2023-06-15T10:50:02.817-0400][55026ms] GC(64) Cleaned string and symbol table, strings: 70704 processed, 0 removed, symbols: 380481 processed, 16 removed
[2023-06-15T10:50:02.817-0400][55026ms] GC(64) Pause Remark 386M->380M(654M) 14.030ms
[2023-06-15T10:50:02.818-0400][55027ms] GC(64) User=0.13s Sys=0.00s Real=0.02s
[2023-06-15T10:50:02.818-0400][55027ms] GC(64) Concurrent Rebuild Remembered Sets
[2023-06-15T10:50:02.973-0400][55182ms] GC(64) Concurrent Rebuild Remembered Sets 156.018ms
[2023-06-15T10:50:02.973-0400][55182ms] GC(64) Pause Cleanup
[2023-06-15T10:50:02.974-0400][55183ms] GC(64) Pause Cleanup 410M->410M(654M) 0.308ms
[2023-06-15T10:50:02.974-0400][55183ms] GC(64) User=0.00s Sys=0.00s Real=0.00s
[2023-06-15T10:50:02.974-0400][55183ms] GC(64) Concurrent Cleanup for Next Mark
[2023-06-15T10:50:02.974-0400][55183ms] GC(64) Concurrent Cleanup for Next Mark 0.536ms
[2023-06-15T10:50:02.974-0400][55183ms] GC(64) Concurrent Cycle 491.274ms
[2023-06-15T10:50:03.383-0400][55592ms] GC(65) Pause Young (Prepare Mixed) (G1 Evacuation Pause)
[2023-06-15T10:50:03.383-0400][55592ms] GC(65) Using 8 workers of 8 for evacuation
[2023-06-15T10:50:03.436-0400][55645ms] GC(65)   Pre Evacuate Collection Set: 0.0ms
[2023-06-15T10:50:03.436-0400][55645ms] GC(65)   Evacuate Collection Set: 49.2ms
[2023-06-15T10:50:03.436-0400][55645ms] GC(65)   Post Evacuate Collection Set: 3.1ms
[2023-06-15T10:50:03.436-0400][55645ms] GC(65)   Other: 0.3ms
[2023-06-15T10:50:03.436-0400][55645ms] GC(65) Eden regions: 153->0(9)
[2023-06-15T10:50:03.436-0400][55645ms] GC(65) Survivor regions: 25->23(23)
[2023-06-15T10:50:03.436-0400][55645ms] GC(65) Old regions: 306->374
[2023-06-15T10:50:03.436-0400][55645ms] GC(65) Humongous regions: 4->4
[2023-06-15T10:50:03.436-0400][55645ms] GC(65) Metaspace: 141922K->141922K(1181696K)
[2023-06-15T10:50:03.436-0400][55645ms] GC(65) Pause Young (Prepare Mixed) (G1 Evacuation Pause) 487M->400M(654M) 53.069ms
[2023-06-15T10:50:03.436-0400][55645ms] GC(65) User=0.42s Sys=0.00s Real=0.05s
[2023-06-15T10:50:03.517-0400][55726ms] GC(66) Pause Young (Mixed) (G1 Evacuation Pause)
[2023-06-15T10:50:03.517-0400][55726ms] GC(66) Using 8 workers of 8 for evacuation
[2023-06-15T10:50:03.530-0400][55739ms] GC(66)   Pre Evacuate Collection Set: 0.1ms
[2023-06-15T10:50:03.530-0400][55739ms] GC(66)   Evacuate Collection Set: 8.8ms
[2023-06-15T10:50:03.530-0400][55739ms] GC(66)   Post Evacuate Collection Set: 3.5ms
[2023-06-15T10:50:03.530-0400][55739ms] GC(66)   Other: 0.5ms
[2023-06-15T10:50:03.530-0400][55739ms] GC(66) Eden regions: 9->0(129)
[2023-06-15T10:50:03.530-0400][55739ms] GC(66) Survivor regions: 23->4(4)
[2023-06-15T10:50:03.530-0400][55739ms] GC(66) Old regions: 374->341
[2023-06-15T10:50:03.530-0400][55739ms] GC(66) Humongous regions: 4->4
[2023-06-15T10:50:03.530-0400][55739ms] GC(66) Metaspace: 141922K->141922K(1181696K)
[2023-06-15T10:50:03.530-0400][55739ms] GC(66) Pause Young (Mixed) (G1 Evacuation Pause) 409M->348M(654M) 13.192ms
[2023-06-15T10:50:03.530-0400][55739ms] GC(66) User=0.06s Sys=0.00s Real=0.01s
[2023-06-15T10:50:04.141-0400][56350ms] GC(67) Pause Young (Concurrent Start) (G1 Evacuation Pause)
[2023-06-15T10:50:04.141-0400][56350ms] GC(67) Using 8 workers of 8 for evacuation
[2023-06-15T10:50:04.174-0400][56383ms] GC(67)   Pre Evacuate Collection Set: 0.2ms
[2023-06-15T10:50:04.174-0400][56383ms] GC(67)   Evacuate Collection Set: 30.0ms
[2023-06-15T10:50:04.174-0400][56383ms] GC(67)   Post Evacuate Collection Set: 3.0ms
[2023-06-15T10:50:04.174-0400][56383ms] GC(67)   Other: 0.3ms
[2023-06-15T10:50:04.174-0400][56383ms] GC(67) Eden regions: 129->0(88)
[2023-06-15T10:50:04.174-0400][56383ms] GC(67) Survivor regions: 4->17(17)
[2023-06-15T10:50:04.174-0400][56383ms] GC(67) Old regions: 341->390
[2023-06-15T10:50:04.174-0400][56383ms] GC(67) Humongous regions: 5->5
[2023-06-15T10:50:04.174-0400][56383ms] GC(67) Metaspace: 142014K->142014K(1181696K)
[2023-06-15T10:50:04.174-0400][56383ms] GC(67) Pause Young (Concurrent Start) (G1 Evacuation Pause) 478M->411M(654M) 33.755ms
[2023-06-15T10:50:04.174-0400][56383ms] GC(67) User=0.22s Sys=0.00s Real=0.03s
[2023-06-15T10:50:04.174-0400][56384ms] GC(68) Concurrent Cycle
[2023-06-15T10:50:04.175-0400][56384ms] GC(68) Concurrent Clear Claimed Marks
[2023-06-15T10:50:04.175-0400][56384ms] GC(68) Concurrent Clear Claimed Marks 0.197ms
[2023-06-15T10:50:04.175-0400][56384ms] GC(68) Concurrent Scan Root Regions
[2023-06-15T10:50:04.183-0400][56392ms] GC(68) Concurrent Scan Root Regions 7.820ms
[2023-06-15T10:50:04.183-0400][56392ms] GC(68) Concurrent Mark (56.391s)
[2023-06-15T10:50:04.183-0400][56392ms] GC(68) Concurrent Mark From Roots
[2023-06-15T10:50:04.183-0400][56392ms] GC(68) Using 2 workers of 2 for marking
[2023-06-15T10:50:04.553-0400][56762ms] GC(68) Concurrent Mark From Roots 370.490ms
[2023-06-15T10:50:04.553-0400][56762ms] GC(68) Concurrent Preclean
[2023-06-15T10:50:04.554-0400][56763ms] GC(68) Concurrent Preclean 1.520ms
[2023-06-15T10:50:04.554-0400][56763ms] GC(68) Concurrent Mark (56.391s, 56.764s) 372.204ms
[2023-06-15T10:50:04.555-0400][56764ms] GC(68) Pause Remark
[2023-06-15T10:50:04.569-0400][56778ms] GC(68) Cleaned string and symbol table, strings: 70785 processed, 65 removed, symbols: 380629 processed, 4 removed
[2023-06-15T10:50:04.569-0400][56778ms] GC(68) Pause Remark 483M->483M(654M) 14.176ms
[2023-06-15T10:50:04.569-0400][56778ms] GC(68) User=0.11s Sys=0.00s Real=0.01s
[2023-06-15T10:50:04.569-0400][56778ms] GC(68) Concurrent Rebuild Remembered Sets
[2023-06-15T10:50:04.662-0400][56871ms] GC(69) Pause Young (Normal) (G1 Evacuation Pause)
[2023-06-15T10:50:04.662-0400][56871ms] GC(69) Using 8 workers of 8 for evacuation
[2023-06-15T10:50:04.704-0400][56913ms] GC(69)   Pre Evacuate Collection Set: 0.0ms
[2023-06-15T10:50:04.704-0400][56913ms] GC(69)   Evacuate Collection Set: 36.9ms
[2023-06-15T10:50:04.704-0400][56913ms] GC(69)   Post Evacuate Collection Set: 3.4ms
[2023-06-15T10:50:04.704-0400][56913ms] GC(69)   Other: 0.3ms
[2023-06-15T10:50:04.704-0400][56913ms] GC(69) Eden regions: 88->0(64)
[2023-06-15T10:50:04.704-0400][56913ms] GC(69) Survivor regions: 17->14(14)
[2023-06-15T10:50:04.704-0400][56913ms] GC(69) Old regions: 390->435
[2023-06-15T10:50:04.704-0400][56913ms] GC(69) Humongous regions: 5->5
[2023-06-15T10:50:04.704-0400][56913ms] GC(69) Metaspace: 142032K->142032K(1181696K)
[2023-06-15T10:50:04.704-0400][56913ms] GC(69) Pause Young (Normal) (G1 Evacuation Pause) 499M->453M(654M) 40.955ms
[2023-06-15T10:50:04.704-0400][56913ms] GC(69) User=0.27s Sys=0.00s Real=0.04s
[2023-06-15T10:50:04.817-0400][57026ms] GC(68) Concurrent Rebuild Remembered Sets 247.969ms
[2023-06-15T10:50:04.817-0400][57026ms] GC(68) Pause Cleanup
[2023-06-15T10:50:04.818-0400][57027ms] GC(68) Pause Cleanup 479M->479M(654M) 0.355ms
[2023-06-15T10:50:04.818-0400][57027ms] GC(68) User=0.00s Sys=0.00s Real=0.00s
[2023-06-15T10:50:04.818-0400][57027ms] GC(68) Concurrent Cleanup for Next Mark
[2023-06-15T10:50:04.818-0400][57027ms] GC(68) Concurrent Cleanup for Next Mark 0.548ms
[2023-06-15T10:50:04.818-0400][57027ms] GC(68) Concurrent Cycle 644.617ms
[2023-06-15T10:50:04.977-0400][57186ms] GC(70) Pause Young (Prepare Mixed) (G1 Evacuation Pause)
[2023-06-15T10:50:04.977-0400][57186ms] GC(70) Using 8 workers of 8 for evacuation
[2023-06-15T10:50:05.009-0400][57218ms] GC(70)   Pre Evacuate Collection Set: 0.0ms
[2023-06-15T10:50:05.009-0400][57218ms] GC(70)   Evacuate Collection Set: 21.4ms
[2023-06-15T10:50:05.009-0400][57218ms] GC(70)   Post Evacuate Collection Set: 10.3ms
[2023-06-15T10:50:05.009-0400][57218ms] GC(70)   Other: 0.3ms
[2023-06-15T10:50:05.009-0400][57218ms] GC(70) Eden regions: 64->0(35)
[2023-06-15T10:50:05.009-0400][57218ms] GC(70) Survivor regions: 14->10(10)
[2023-06-15T10:50:05.009-0400][57218ms] GC(70) Old regions: 435->476
[2023-06-15T10:50:05.009-0400][57218ms] GC(70) Humongous regions: 5->5
[2023-06-15T10:50:05.009-0400][57218ms] GC(70) Metaspace: 142032K->142032K(1181696K)
[2023-06-15T10:50:05.009-0400][57218ms] GC(70) Pause Young (Prepare Mixed) (G1 Evacuation Pause) 517M->491M(917M) 32.365ms
[2023-06-15T10:50:05.009-0400][57218ms] GC(70) User=0.25s Sys=0.00s Real=0.03s
[2023-06-15T10:50:05.168-0400][57377ms] GC(71) Pause Young (Mixed) (G1 Evacuation Pause)
[2023-06-15T10:50:05.168-0400][57377ms] GC(71) Using 8 workers of 8 for evacuation
[2023-06-15T10:50:05.183-0400][57392ms] GC(71)   Pre Evacuate Collection Set: 0.0ms
[2023-06-15T10:50:05.183-0400][57392ms] GC(71)   Evacuate Collection Set: 11.7ms
[2023-06-15T10:50:05.183-0400][57392ms] GC(71)   Post Evacuate Collection Set: 2.7ms
[2023-06-15T10:50:05.183-0400][57392ms] GC(71)   Other: 0.4ms
[2023-06-15T10:50:05.183-0400][57392ms] GC(71) Eden regions: 35->0(134)
[2023-06-15T10:50:05.183-0400][57392ms] GC(71) Survivor regions: 10->6(6)
[2023-06-15T10:50:05.183-0400][57392ms] GC(71) Old regions: 476->496
[2023-06-15T10:50:05.184-0400][57393ms] GC(71) Humongous regions: 5->5
[2023-06-15T10:50:05.184-0400][57393ms] GC(71) Metaspace: 142048K->142048K(1181696K)
[2023-06-15T10:50:05.184-0400][57393ms] GC(71) Pause Young (Mixed) (G1 Evacuation Pause) 526M->506M(917M) 15.204ms
[2023-06-15T10:50:05.184-0400][57393ms] GC(71) User=0.00s Sys=0.02s Real=0.02s
[2023-06-15T10:50:06.026-0400][58235ms] GC(72) Pause Young (Normal) (G1 Evacuation Pause)
[2023-06-15T10:50:06.026-0400][58235ms] GC(72) Using 8 workers of 8 for evacuation
[2023-06-15T10:50:06.060-0400][58269ms] GC(72)   Pre Evacuate Collection Set: 0.0ms
[2023-06-15T10:50:06.061-0400][58270ms] GC(72)   Evacuate Collection Set: 31.1ms
[2023-06-15T10:50:06.061-0400][58270ms] GC(72)   Post Evacuate Collection Set: 2.7ms
[2023-06-15T10:50:06.061-0400][58270ms] GC(72)   Other: 0.2ms
[2023-06-15T10:50:06.061-0400][58270ms] GC(72) Eden regions: 134->0(109)
[2023-06-15T10:50:06.061-0400][58270ms] GC(72) Survivor regions: 6->18(18)
[2023-06-15T10:50:06.061-0400][58270ms] GC(72) Old regions: 496->550
[2023-06-15T10:50:06.061-0400][58270ms] GC(72) Humongous regions: 5->5
[2023-06-15T10:50:06.061-0400][58270ms] GC(72) Metaspace: 142084K->142084K(1181696K)
[2023-06-15T10:50:06.061-0400][58270ms] GC(72) Pause Young (Normal) (G1 Evacuation Pause) 640M->573M(917M) 34.343ms
[2023-06-15T10:50:06.061-0400][58270ms] GC(72) User=0.27s Sys=0.00s Real=0.04s
[2023-06-15T10:50:06.517-0400][58726ms] GC(73) Pause Young (Normal) (G1 Evacuation Pause)
[2023-06-15T10:50:06.518-0400][58727ms] GC(73) Using 8 workers of 8 for evacuation
[2023-06-15T10:50:06.552-0400][58761ms] GC(73)   Pre Evacuate Collection Set: 0.0ms
[2023-06-15T10:50:06.552-0400][58761ms] GC(73)   Evacuate Collection Set: 31.0ms
[2023-06-15T10:50:06.552-0400][58761ms] GC(73)   Post Evacuate Collection Set: 2.9ms
[2023-06-15T10:50:06.552-0400][58761ms] GC(73)   Other: 0.2ms
[2023-06-15T10:50:06.552-0400][58761ms] GC(73) Eden regions: 109->0(89)
[2023-06-15T10:50:06.552-0400][58761ms] GC(73) Survivor regions: 18->16(16)
[2023-06-15T10:50:06.552-0400][58761ms] GC(73) Old regions: 550->604
[2023-06-15T10:50:06.553-0400][58762ms] GC(73) Humongous regions: 5->5
[2023-06-15T10:50:06.553-0400][58762ms] GC(73) Metaspace: 142135K->142135K(1181696K)
[2023-06-15T10:50:06.553-0400][58762ms] GC(73) Pause Young (Normal) (G1 Evacuation Pause) 682M->625M(917M) 34.471ms
[2023-06-15T10:50:06.553-0400][58762ms] GC(73) User=0.25s Sys=0.00s Real=0.04s
[2023-06-15T10:50:06.903-0400][59112ms] GC(74) Pause Young (Normal) (G1 Evacuation Pause)
[2023-06-15T10:50:06.903-0400][59112ms] GC(74) Using 8 workers of 8 for evacuation
[2023-06-15T10:50:06.929-0400][59138ms] GC(74)   Pre Evacuate Collection Set: 0.0ms
[2023-06-15T10:50:06.929-0400][59138ms] GC(74)   Evacuate Collection Set: 22.6ms
[2023-06-15T10:50:06.929-0400][59138ms] GC(74)   Post Evacuate Collection Set: 2.7ms
[2023-06-15T10:50:06.929-0400][59138ms] GC(74)   Other: 0.2ms
[2023-06-15T10:50:06.929-0400][59138ms] GC(74) Eden regions: 89->0(73)
[2023-06-15T10:50:06.929-0400][59138ms] GC(74) Survivor regions: 16->14(14)
[2023-06-15T10:50:06.929-0400][59138ms] GC(74) Old regions: 604->645
[2023-06-15T10:50:06.929-0400][59138ms] GC(74) Humongous regions: 5->5
[2023-06-15T10:50:06.929-0400][59138ms] GC(74) Metaspace: 142159K->142159K(1181696K)
[2023-06-15T10:50:06.929-0400][59138ms] GC(74) Pause Young (Normal) (G1 Evacuation Pause) 714M->664M(917M) 25.835ms
[2023-06-15T10:50:06.929-0400][59138ms] GC(74) User=0.13s Sys=0.00s Real=0.03s
[2023-06-15T10:50:07.215-0400][59424ms] GC(75) Pause Young (Normal) (G1 Evacuation Pause)
[2023-06-15T10:50:07.215-0400][59424ms] GC(75) Using 8 workers of 8 for evacuation
[2023-06-15T10:50:07.247-0400][59456ms] GC(75)   Pre Evacuate Collection Set: 0.0ms
[2023-06-15T10:50:07.247-0400][59456ms] GC(75)   Evacuate Collection Set: 26.3ms
[2023-06-15T10:50:07.247-0400][59456ms] GC(75)   Post Evacuate Collection Set: 5.6ms
[2023-06-15T10:50:07.247-0400][59456ms] GC(75)   Other: 0.2ms
[2023-06-15T10:50:07.247-0400][59456ms] GC(75) Eden regions: 73->0(90)
[2023-06-15T10:50:07.247-0400][59456ms] GC(75) Survivor regions: 14->11(11)
[2023-06-15T10:50:07.247-0400][59456ms] GC(75) Old regions: 645->679
[2023-06-15T10:50:07.247-0400][59456ms] GC(75) Humongous regions: 5->5
[2023-06-15T10:50:07.247-0400][59456ms] GC(75) Metaspace: 142164K->142164K(1181696K)
[2023-06-15T10:50:07.247-0400][59456ms] GC(75) Pause Young (Normal) (G1 Evacuation Pause) 737M->694M(1003M) 32.493ms
[2023-06-15T10:50:07.247-0400][59456ms] GC(75) User=0.08s Sys=0.06s Real=0.03s
[2023-06-15T10:50:07.721-0400][59930ms] GC(76) Pause Young (Normal) (G1 Evacuation Pause)
[2023-06-15T10:50:07.721-0400][59930ms] GC(76) Using 8 workers of 8 for evacuation
[2023-06-15T10:50:07.753-0400][59962ms] GC(76)   Pre Evacuate Collection Set: 0.0ms
[2023-06-15T10:50:07.753-0400][59962ms] GC(76)   Evacuate Collection Set: 29.4ms
[2023-06-15T10:50:07.754-0400][59963ms] GC(76)   Post Evacuate Collection Set: 3.1ms
[2023-06-15T10:50:07.754-0400][59963ms] GC(76)   Other: 0.2ms
[2023-06-15T10:50:07.754-0400][59963ms] GC(76) Eden regions: 90->0(77)
[2023-06-15T10:50:07.754-0400][59963ms] GC(76) Survivor regions: 11->13(13)
[2023-06-15T10:50:07.754-0400][59963ms] GC(76) Old regions: 679->714
[2023-06-15T10:50:07.754-0400][59963ms] GC(76) Humongous regions: 5->5
[2023-06-15T10:50:07.754-0400][59963ms] GC(76) Metaspace: 142335K->142335K(1181696K)
[2023-06-15T10:50:07.754-0400][59963ms] GC(76) Pause Young (Normal) (G1 Evacuation Pause) 784M->732M(1003M) 33.015ms
[2023-06-15T10:50:07.754-0400][59963ms] GC(76) User=0.19s Sys=0.06s Real=0.03s
[2023-06-15T10:50:08.086-0400][60295ms] GC(77) Pause Young (Normal) (G1 Evacuation Pause)
[2023-06-15T10:50:08.086-0400][60295ms] GC(77) Using 8 workers of 8 for evacuation
[2023-06-15T10:50:08.117-0400][60326ms] GC(77)   Pre Evacuate Collection Set: 0.0ms
[2023-06-15T10:50:08.117-0400][60326ms] GC(77)   Evacuate Collection Set: 28.3ms
[2023-06-15T10:50:08.117-0400][60326ms] GC(77)   Post Evacuate Collection Set: 2.6ms
[2023-06-15T10:50:08.117-0400][60326ms] GC(77)   Other: 0.2ms
[2023-06-15T10:50:08.117-0400][60326ms] GC(77) Eden regions: 77->0(62)
[2023-06-15T10:50:08.117-0400][60326ms] GC(77) Survivor regions: 13->12(12)
[2023-06-15T10:50:08.117-0400][60326ms] GC(77) Old regions: 714->750
[2023-06-15T10:50:08.117-0400][60326ms] GC(77) Humongous regions: 5->5
[2023-06-15T10:50:08.117-0400][60326ms] GC(77) Metaspace: 142335K->142335K(1181696K)
[2023-06-15T10:50:08.118-0400][60327ms] GC(77) Pause Young (Normal) (G1 Evacuation Pause) 809M->767M(1003M) 31.415ms
[2023-06-15T10:50:08.118-0400][60327ms] GC(77) User=0.17s Sys=0.05s Real=0.03s
[2023-06-15T10:50:08.386-0400][60595ms] GC(78) Pause Young (Normal) (G1 Evacuation Pause)
[2023-06-15T10:50:08.386-0400][60595ms] GC(78) Using 8 workers of 8 for evacuation
[2023-06-15T10:50:08.407-0400][60616ms] GC(78)   Pre Evacuate Collection Set: 0.0ms
[2023-06-15T10:50:08.407-0400][60616ms] GC(78)   Evacuate Collection Set: 17.8ms
[2023-06-15T10:50:08.407-0400][60616ms] GC(78)   Post Evacuate Collection Set: 2.9ms
[2023-06-15T10:50:08.407-0400][60616ms] GC(78)   Other: 0.2ms
[2023-06-15T10:50:08.407-0400][60616ms] GC(78) Eden regions: 62->0(49)
[2023-06-15T10:50:08.407-0400][60616ms] GC(78) Survivor regions: 12->10(10)
[2023-06-15T10:50:08.407-0400][60616ms] GC(78) Old regions: 750->779
[2023-06-15T10:50:08.407-0400][60616ms] GC(78) Humongous regions: 5->5
[2023-06-15T10:50:08.407-0400][60616ms] GC(78) Metaspace: 142371K->142371K(1181696K)
[2023-06-15T10:50:08.407-0400][60616ms] GC(78) Pause Young (Normal) (G1 Evacuation Pause) 829M->793M(1003M) 21.291ms
[2023-06-15T10:50:08.407-0400][60616ms] GC(78) User=0.25s Sys=0.00s Real=0.02s
[2023-06-15T10:50:08.627-0400][60836ms] GC(79) Pause Young (Normal) (G1 Evacuation Pause)
[2023-06-15T10:50:08.627-0400][60836ms] GC(79) Using 8 workers of 8 for evacuation
[2023-06-15T10:50:08.664-0400][60873ms] GC(79)   Pre Evacuate Collection Set: 0.0ms
[2023-06-15T10:50:08.664-0400][60873ms] GC(79)   Evacuate Collection Set: 33.9ms
[2023-06-15T10:50:08.664-0400][60873ms] GC(79)   Post Evacuate Collection Set: 3.0ms
[2023-06-15T10:50:08.664-0400][60873ms] GC(79)   Other: 0.2ms
[2023-06-15T10:50:08.664-0400][60873ms] GC(79) Eden regions: 49->0(42)
[2023-06-15T10:50:08.664-0400][60873ms] GC(79) Survivor regions: 10->8(8)
[2023-06-15T10:50:08.664-0400][60873ms] GC(79) Old regions: 779->802
[2023-06-15T10:50:08.664-0400][60873ms] GC(79) Humongous regions: 5->5
[2023-06-15T10:50:08.664-0400][60873ms] GC(79) Metaspace: 142405K->142405K(1181696K)
[2023-06-15T10:50:08.664-0400][60873ms] GC(79) Pause Young (Normal) (G1 Evacuation Pause) 842M->815M(1003M) 37.428ms
[2023-06-15T10:50:08.664-0400][60873ms] GC(79) User=0.25s Sys=0.00s Real=0.04s
[2023-06-15T10:50:08.809-0400][61018ms] GC(80) Pause Young (Normal) (G1 Evacuation Pause)
[2023-06-15T10:50:08.809-0400][61018ms] GC(80) Using 8 workers of 8 for evacuation
[2023-06-15T10:50:08.829-0400][61038ms] GC(80)   Pre Evacuate Collection Set: 0.0ms
[2023-06-15T10:50:08.829-0400][61038ms] GC(80)   Evacuate Collection Set: 14.0ms
[2023-06-15T10:50:08.829-0400][61038ms] GC(80)   Post Evacuate Collection Set: 6.2ms
[2023-06-15T10:50:08.829-0400][61038ms] GC(80)   Other: 0.2ms
[2023-06-15T10:50:08.829-0400][61038ms] GC(80) Eden regions: 42->0(76)
[2023-06-15T10:50:08.829-0400][61038ms] GC(80) Survivor regions: 8->7(7)
[2023-06-15T10:50:08.829-0400][61038ms] GC(80) Old regions: 802->826
[2023-06-15T10:50:08.829-0400][61038ms] GC(80) Humongous regions: 5->5
[2023-06-15T10:50:08.830-0400][61039ms] GC(80) Metaspace: 142478K->142478K(1181696K)
[2023-06-15T10:50:08.830-0400][61039ms] GC(80) Pause Young (Normal) (G1 Evacuation Pause) 857M->837M(1138M) 20.643ms
[2023-06-15T10:50:08.830-0400][61039ms] GC(80) User=0.02s Sys=0.00s Real=0.02s
[2023-06-15T10:50:09.199-0400][61408ms] GC(81) Pause Young (Normal) (G1 Evacuation Pause)
[2023-06-15T10:50:09.199-0400][61408ms] GC(81) Using 8 workers of 8 for evacuation
[2023-06-15T10:50:09.224-0400][61433ms] GC(81)   Pre Evacuate Collection Set: 0.0ms
[2023-06-15T10:50:09.224-0400][61433ms] GC(81)   Evacuate Collection Set: 21.7ms
[2023-06-15T10:50:09.224-0400][61433ms] GC(81)   Post Evacuate Collection Set: 2.8ms
[2023-06-15T10:50:09.224-0400][61433ms] GC(81)   Other: 0.2ms
[2023-06-15T10:50:09.224-0400][61433ms] GC(81) Eden regions: 76->0(60)
[2023-06-15T10:50:09.224-0400][61433ms] GC(81) Survivor regions: 7->11(11)
[2023-06-15T10:50:09.224-0400][61433ms] GC(81) Old regions: 826->864
[2023-06-15T10:50:09.224-0400][61433ms] GC(81) Humongous regions: 5->5
[2023-06-15T10:50:09.224-0400][61433ms] GC(81) Metaspace: 142479K->142479K(1181696K)
[2023-06-15T10:50:09.224-0400][61433ms] GC(81) Pause Young (Normal) (G1 Evacuation Pause) 913M->879M(1138M) 25.008ms
[2023-06-15T10:50:09.224-0400][61433ms] GC(81) User=0.14s Sys=0.00s Real=0.03s
[2023-06-15T10:50:09.451-0400][61660ms] GC(82) Pause Young (Normal) (G1 Evacuation Pause)
[2023-06-15T10:50:09.451-0400][61660ms] GC(82) Using 8 workers of 8 for evacuation
[2023-06-15T10:50:09.472-0400][61681ms] GC(82)   Pre Evacuate Collection Set: 0.0ms
[2023-06-15T10:50:09.472-0400][61681ms] GC(82)   Evacuate Collection Set: 16.4ms
[2023-06-15T10:50:09.472-0400][61681ms] GC(82)   Post Evacuate Collection Set: 3.0ms
[2023-06-15T10:50:09.472-0400][61681ms] GC(82)   Other: 0.2ms
[2023-06-15T10:50:09.472-0400][61681ms] GC(82) Eden regions: 60->0(49)
[2023-06-15T10:50:09.472-0400][61681ms] GC(82) Survivor regions: 11->9(9)
[2023-06-15T10:50:09.472-0400][61681ms] GC(82) Old regions: 864->895
[2023-06-15T10:50:09.472-0400][61681ms] GC(82) Humongous regions: 5->5
[2023-06-15T10:50:09.472-0400][61681ms] GC(82) Metaspace: 142484K->142484K(1181696K)
[2023-06-15T10:50:09.472-0400][61681ms] GC(82) Pause Young (Normal) (G1 Evacuation Pause) 939M->908M(1138M) 19.872ms
[2023-06-15T10:50:09.472-0400][61681ms] GC(82) User=0.13s Sys=0.00s Real=0.02s
[2023-06-15T10:50:09.723-0400][61932ms] GC(83) Pause Young (Normal) (G1 Evacuation Pause)
[2023-06-15T10:50:09.723-0400][61932ms] GC(83) Using 8 workers of 8 for evacuation
[2023-06-15T10:50:09.740-0400][61949ms] GC(83)   Pre Evacuate Collection Set: 0.0ms
[2023-06-15T10:50:09.740-0400][61949ms] GC(83)   Evacuate Collection Set: 13.6ms
[2023-06-15T10:50:09.740-0400][61949ms] GC(83)   Post Evacuate Collection Set: 2.9ms
[2023-06-15T10:50:09.740-0400][61949ms] GC(83)   Other: 0.2ms
[2023-06-15T10:50:09.740-0400][61949ms] GC(83) Eden regions: 49->0(48)
[2023-06-15T10:50:09.740-0400][61949ms] GC(83) Survivor regions: 9->8(8)
[2023-06-15T10:50:09.740-0400][61949ms] GC(83) Old regions: 895->918
[2023-06-15T10:50:09.740-0400][61949ms] GC(83) Humongous regions: 5->5
[2023-06-15T10:50:09.740-0400][61949ms] GC(83) Metaspace: 142502K->142502K(1181696K)
[2023-06-15T10:50:09.740-0400][61949ms] GC(83) Pause Young (Normal) (G1 Evacuation Pause) 957M->931M(1138M) 17.033ms
[2023-06-15T10:50:09.740-0400][61949ms] GC(83) User=0.13s Sys=0.00s Real=0.02s
[2023-06-15T10:50:09.995-0400][62204ms] GC(84) Pause Young (Normal) (G1 Evacuation Pause)
[2023-06-15T10:50:09.995-0400][62204ms] GC(84) Using 8 workers of 8 for evacuation
[2023-06-15T10:50:10.009-0400][62218ms] GC(84)   Pre Evacuate Collection Set: 0.0ms
[2023-06-15T10:50:10.009-0400][62218ms] GC(84)   Evacuate Collection Set: 11.9ms
[2023-06-15T10:50:10.009-0400][62218ms] GC(84)   Post Evacuate Collection Set: 2.6ms
[2023-06-15T10:50:10.009-0400][62218ms] GC(84)   Other: 0.2ms
[2023-06-15T10:50:10.009-0400][62218ms] GC(84) Eden regions: 48->0(49)
[2023-06-15T10:50:10.009-0400][62218ms] GC(84) Survivor regions: 8->7(7)
[2023-06-15T10:50:10.009-0400][62218ms] GC(84) Old regions: 918->939
[2023-06-15T10:50:10.009-0400][62218ms] GC(84) Humongous regions: 5->5
[2023-06-15T10:50:10.009-0400][62218ms] GC(84) Metaspace: 142513K->142513K(1181696K)
[2023-06-15T10:50:10.009-0400][62218ms] GC(84) Pause Young (Normal) (G1 Evacuation Pause) 979M->951M(1138M) 15.066ms
[2023-06-15T10:50:10.009-0400][62218ms] GC(84) User=0.13s Sys=0.00s Real=0.01s
[2023-06-15T10:50:10.267-0400][62476ms] GC(85) Pause Young (Normal) (G1 Evacuation Pause)
[2023-06-15T10:50:10.267-0400][62476ms] GC(85) Using 8 workers of 8 for evacuation
[2023-06-15T10:50:10.282-0400][62491ms] GC(85)   Pre Evacuate Collection Set: 0.0ms
[2023-06-15T10:50:10.282-0400][62491ms] GC(85)   Evacuate Collection Set: 12.1ms
[2023-06-15T10:50:10.282-0400][62491ms] GC(85)   Post Evacuate Collection Set: 2.8ms
[2023-06-15T10:50:10.282-0400][62491ms] GC(85)   Other: 0.2ms
[2023-06-15T10:50:10.282-0400][62491ms] GC(85) Eden regions: 49->0(49)
[2023-06-15T10:50:10.282-0400][62491ms] GC(85) Survivor regions: 7->7(7)
[2023-06-15T10:50:10.282-0400][62491ms] GC(85) Old regions: 939->962
[2023-06-15T10:50:10.282-0400][62491ms] GC(85) Humongous regions: 5->5
[2023-06-15T10:50:10.282-0400][62491ms] GC(85) Metaspace: 142513K->142513K(1181696K)
[2023-06-15T10:50:10.282-0400][62491ms] GC(85) Pause Young (Normal) (G1 Evacuation Pause) 1000M->974M(1138M) 15.464ms
[2023-06-15T10:50:10.282-0400][62491ms] GC(85) User=0.13s Sys=0.00s Real=0.02s
[2023-06-15T10:50:10.542-0400][62751ms] GC(86) Pause Young (Normal) (G1 Evacuation Pause)
[2023-06-15T10:50:10.543-0400][62752ms] GC(86) Using 8 workers of 8 for evacuation
[2023-06-15T10:50:10.557-0400][62766ms] GC(86)   Pre Evacuate Collection Set: 0.0ms
[2023-06-15T10:50:10.557-0400][62766ms] GC(86)   Evacuate Collection Set: 11.6ms
[2023-06-15T10:50:10.557-0400][62766ms] GC(86)   Post Evacuate Collection Set: 2.9ms
[2023-06-15T10:50:10.557-0400][62766ms] GC(86)   Other: 0.2ms
[2023-06-15T10:50:10.557-0400][62766ms] GC(86) Eden regions: 49->0(49)
[2023-06-15T10:50:10.557-0400][62766ms] GC(86) Survivor regions: 7->7(7)
[2023-06-15T10:50:10.557-0400][62766ms] GC(86) Old regions: 962->984
[2023-06-15T10:50:10.557-0400][62766ms] GC(86) Humongous regions: 5->5
[2023-06-15T10:50:10.557-0400][62766ms] GC(86) Metaspace: 142513K->142513K(1181696K)
[2023-06-15T10:50:10.557-0400][62766ms] GC(86) Pause Young (Normal) (G1 Evacuation Pause) 1023M->995M(1138M) 15.074ms
[2023-06-15T10:50:10.558-0400][62767ms] GC(86) User=0.13s Sys=0.00s Real=0.02s
[2023-06-15T10:50:10.868-0400][63077ms] GC(87) Pause Young (Concurrent Start) (G1 Evacuation Pause)
[2023-06-15T10:50:10.868-0400][63077ms] GC(87) Using 8 workers of 8 for evacuation
[2023-06-15T10:50:10.881-0400][63090ms] GC(87)   Pre Evacuate Collection Set: 0.1ms
[2023-06-15T10:50:10.881-0400][63090ms] GC(87)   Evacuate Collection Set: 10.0ms
[2023-06-15T10:50:10.881-0400][63090ms] GC(87)   Post Evacuate Collection Set: 2.5ms
[2023-06-15T10:50:10.881-0400][63090ms] GC(87)   Other: 0.3ms
[2023-06-15T10:50:10.881-0400][63090ms] GC(87) Eden regions: 49->0(49)
[2023-06-15T10:50:10.881-0400][63090ms] GC(87) Survivor regions: 7->7(7)
[2023-06-15T10:50:10.881-0400][63090ms] GC(87) Old regions: 984->1001
[2023-06-15T10:50:10.881-0400][63090ms] GC(87) Humongous regions: 5->5
[2023-06-15T10:50:10.881-0400][63090ms] GC(87) Metaspace: 142519K->142519K(1181696K)
[2023-06-15T10:50:10.882-0400][63091ms] GC(87) Pause Young (Concurrent Start) (G1 Evacuation Pause) 1044M->1012M(1138M) 13.112ms
[2023-06-15T10:50:10.882-0400][63091ms] GC(87) User=0.13s Sys=0.00s Real=0.01s
[2023-06-15T10:50:10.882-0400][63091ms] GC(88) Concurrent Cycle
[2023-06-15T10:50:10.882-0400][63091ms] GC(88) Concurrent Clear Claimed Marks
[2023-06-15T10:50:10.882-0400][63091ms] GC(88) Concurrent Clear Claimed Marks 0.166ms
[2023-06-15T10:50:10.882-0400][63091ms] GC(88) Concurrent Scan Root Regions
[2023-06-15T10:50:10.883-0400][63092ms] GC(88) Concurrent Scan Root Regions 0.997ms
[2023-06-15T10:50:10.883-0400][63092ms] GC(88) Concurrent Mark (63.092s)
[2023-06-15T10:50:10.883-0400][63092ms] GC(88) Concurrent Mark From Roots
[2023-06-15T10:50:10.883-0400][63092ms] GC(88) Using 2 workers of 2 for marking
[2023-06-15T10:50:11.292-0400][63501ms] GC(89) Pause Young (Normal) (G1 Evacuation Pause)
[2023-06-15T10:50:11.292-0400][63501ms] GC(89) Using 8 workers of 8 for evacuation
[2023-06-15T10:50:11.310-0400][63519ms] GC(89)   Pre Evacuate Collection Set: 0.0ms
[2023-06-15T10:50:11.310-0400][63519ms] GC(89)   Evacuate Collection Set: 14.9ms
[2023-06-15T10:50:11.310-0400][63519ms] GC(89)   Post Evacuate Collection Set: 2.7ms
[2023-06-15T10:50:11.310-0400][63519ms] GC(89)   Other: 0.3ms
[2023-06-15T10:50:11.310-0400][63519ms] GC(89) Eden regions: 49->0(49)
[2023-06-15T10:50:11.310-0400][63519ms] GC(89) Survivor regions: 7->7(7)
[2023-06-15T10:50:11.310-0400][63519ms] GC(89) Old regions: 1001->1018
[2023-06-15T10:50:11.310-0400][63519ms] GC(89) Humongous regions: 5->5
[2023-06-15T10:50:11.310-0400][63519ms] GC(89) Metaspace: 142528K->142528K(1181696K)
[2023-06-15T10:50:11.310-0400][63519ms] GC(89) Pause Young (Normal) (G1 Evacuation Pause) 1061M->1030M(1138M) 18.171ms
[2023-06-15T10:50:11.310-0400][63519ms] GC(89) User=0.13s Sys=0.00s Real=0.02s
[2023-06-15T10:50:11.680-0400][63889ms] GC(90) Pause Young (Normal) (G1 Evacuation Pause)
[2023-06-15T10:50:11.680-0400][63889ms] GC(90) Using 8 workers of 8 for evacuation
[2023-06-15T10:50:11.722-0400][63931ms] GC(90)   Pre Evacuate Collection Set: 0.0ms
[2023-06-15T10:50:11.722-0400][63931ms] GC(90)   Evacuate Collection Set: 39.3ms
[2023-06-15T10:50:11.722-0400][63931ms] GC(90)   Post Evacuate Collection Set: 2.7ms
[2023-06-15T10:50:11.722-0400][63931ms] GC(90)   Other: 0.3ms
[2023-06-15T10:50:11.722-0400][63931ms] GC(90) Eden regions: 49->0(49)
[2023-06-15T10:50:11.722-0400][63931ms] GC(90) Survivor regions: 7->7(7)
[2023-06-15T10:50:11.722-0400][63931ms] GC(90) Old regions: 1018->1042
[2023-06-15T10:50:11.722-0400][63932ms] GC(90) Humongous regions: 5->5
[2023-06-15T10:50:11.723-0400][63932ms] GC(90) Metaspace: 142528K->142528K(1181696K)
[2023-06-15T10:50:11.723-0400][63932ms] GC(90) Pause Young (Normal) (G1 Evacuation Pause) 1079M->1054M(1138M) 42.709ms
[2023-06-15T10:50:11.723-0400][63932ms] GC(90) User=0.31s Sys=0.06s Real=0.04s
[2023-06-15T10:50:11.745-0400][63954ms] GC(88) Concurrent Mark From Roots 862.353ms
[2023-06-15T10:50:11.746-0400][63955ms] GC(88) Concurrent Preclean
[2023-06-15T10:50:11.751-0400][63960ms] GC(88) Concurrent Preclean 5.843ms
[2023-06-15T10:50:11.751-0400][63960ms] GC(88) Concurrent Mark (63.092s, 63.960s) 868.405ms
[2023-06-15T10:50:11.752-0400][63961ms] GC(88) Pause Remark
[2023-06-15T10:50:11.777-0400][63986ms] GC(88) Cleaned string and symbol table, strings: 70888 processed, 0 removed, symbols: 381018 processed, 6 removed
[2023-06-15T10:50:11.778-0400][63987ms] GC(88) Pause Remark 1055M->1055M(1138M) 26.106ms
[2023-06-15T10:50:11.778-0400][63987ms] GC(88) User=0.08s Sys=0.03s Real=0.03s
[2023-06-15T10:50:11.778-0400][63987ms] GC(88) Concurrent Rebuild Remembered Sets
[2023-06-15T10:50:12.265-0400][64474ms] GC(88) Concurrent Rebuild Remembered Sets 487.005ms
[2023-06-15T10:50:12.265-0400][64474ms] GC(88) Pause Cleanup
[2023-06-15T10:50:12.266-0400][64475ms] GC(88) Pause Cleanup 1068M->1068M(1138M) 0.637ms
[2023-06-15T10:50:12.266-0400][64475ms] GC(88) User=0.00s Sys=0.00s Real=0.00s
[2023-06-15T10:50:12.266-0400][64475ms] GC(88) Concurrent Cleanup for Next Mark
[2023-06-15T10:50:12.269-0400][64478ms] GC(88) Concurrent Cleanup for Next Mark 2.855ms
[2023-06-15T10:50:12.269-0400][64478ms] GC(88) Concurrent Cycle 1387.344ms
[2023-06-15T10:50:12.634-0400][64843ms] GC(91) Pause Young (Prepare Mixed) (G1 Evacuation Pause)
[2023-06-15T10:50:12.635-0400][64844ms] GC(91) Using 8 workers of 8 for evacuation
[2023-06-15T10:50:12.651-0400][64860ms] GC(91)   Pre Evacuate Collection Set: 0.1ms
[2023-06-15T10:50:12.651-0400][64860ms] GC(91)   Evacuate Collection Set: 13.0ms
[2023-06-15T10:50:12.651-0400][64860ms] GC(91)   Post Evacuate Collection Set: 2.9ms
[2023-06-15T10:50:12.651-0400][64860ms] GC(91)   Other: 0.6ms
[2023-06-15T10:50:12.651-0400][64860ms] GC(91) Eden regions: 49->0(49)
[2023-06-15T10:50:12.651-0400][64860ms] GC(91) Survivor regions: 7->7(7)
[2023-06-15T10:50:12.651-0400][64860ms] GC(91) Old regions: 1042->1058
[2023-06-15T10:50:12.651-0400][64860ms] GC(91) Humongous regions: 5->4
[2023-06-15T10:50:12.651-0400][64860ms] GC(91) Metaspace: 144923K->144923K(1183744K)
[2023-06-15T10:50:12.651-0400][64860ms] GC(91) Pause Young (Prepare Mixed) (G1 Evacuation Pause) 1103M->1069M(1138M) 16.891ms
[2023-06-15T10:50:12.651-0400][64860ms] GC(91) User=0.13s Sys=0.00s Real=0.02s
[2023-06-15T10:50:35.742-0400][87951ms] GC(92) Pause Young (Mixed) (G1 Evacuation Pause)
[2023-06-15T10:50:35.742-0400][87951ms] GC(92) Using 8 workers of 8 for evacuation
[2023-06-15T10:50:35.780-0400][87989ms] GC(92)   Pre Evacuate Collection Set: 0.2ms
[2023-06-15T10:50:35.780-0400][87989ms] GC(92)   Evacuate Collection Set: 34.9ms
[2023-06-15T10:50:35.780-0400][87989ms] GC(92)   Post Evacuate Collection Set: 2.7ms
[2023-06-15T10:50:35.780-0400][87989ms] GC(92)   Other: 0.4ms
[2023-06-15T10:50:35.780-0400][87989ms] GC(92) Eden regions: 49->0(52)
[2023-06-15T10:50:35.780-0400][87989ms] GC(92) Survivor regions: 7->5(7)
[2023-06-15T10:50:35.780-0400][87989ms] GC(92) Old regions: 1058->977
[2023-06-15T10:50:35.781-0400][87990ms] GC(92) Humongous regions: 4->4
[2023-06-15T10:50:35.781-0400][87990ms] GC(92) Metaspace: 148596K->148596K(1187840K)
[2023-06-15T10:50:35.781-0400][87990ms] GC(92) Pause Young (Mixed) (G1 Evacuation Pause) 1118M->985M(1156M) 38.492ms
[2023-06-15T10:50:35.781-0400][87990ms] GC(92) User=0.34s Sys=0.00s Real=0.04s
