[2023-06-19T19:28:48.980-0400][44ms] Heap region size: 1M
[2023-06-19T19:28:48.989-0400][53ms] Using G1
[2023-06-19T19:28:48.989-0400][53ms] Heap address: 0x0000000741600000, size: 3050 MB, Compressed Oops mode: Zero based, Oop shift amount: 3
[2023-06-19T19:28:49.879-0400][943ms] GC(0) Pause Young (Normal) (G1 Evacuation Pause)
[2023-06-19T19:28:49.880-0400][944ms] GC(0) Using 4 workers of 8 for evacuation
[2023-06-19T19:28:49.884-0400][948ms] GC(0)   Pre Evacuate Collection Set: 0.0ms
[2023-06-19T19:28:49.884-0400][948ms] GC(0)   Evacuate Collection Set: 3.3ms
[2023-06-19T19:28:49.884-0400][948ms] GC(0)   Post Evacuate Collection Set: 0.6ms
[2023-06-19T19:28:49.884-0400][948ms] GC(0)   Other: 1.2ms
[2023-06-19T19:28:49.884-0400][948ms] GC(0) Eden regions: 24->0(112)
[2023-06-19T19:28:49.885-0400][949ms] GC(0) Survivor regions: 0->3(3)
[2023-06-19T19:28:49.885-0400][949ms] GC(0) Old regions: 0->1
[2023-06-19T19:28:49.885-0400][949ms] GC(0) Humongous regions: 0->0
[2023-06-19T19:28:49.885-0400][949ms] GC(0) Metaspace: 12144K->12144K(1060864K)
[2023-06-19T19:28:49.885-0400][949ms] GC(0) Pause Young (Normal) (G1 Evacuation Pause) 24M->3M(192M) 5.736ms
[2023-06-19T19:28:49.885-0400][949ms] GC(0) User=0.00s Sys=0.00s Real=0.01s
[2023-06-19T19:28:50.621-0400][1685ms] GC(1) Pause Young (Concurrent Start) (Metadata GC Threshold)
[2023-06-19T19:28:50.623-0400][1687ms] GC(1) Using 8 workers of 8 for evacuation
[2023-06-19T19:28:50.631-0400][1695ms] GC(1)   Pre Evacuate Collection Set: 0.0ms
[2023-06-19T19:28:50.631-0400][1695ms] GC(1)   Evacuate Collection Set: 6.9ms
[2023-06-19T19:28:50.631-0400][1695ms] GC(1)   Post Evacuate Collection Set: 1.1ms
[2023-06-19T19:28:50.631-0400][1695ms] GC(1)   Other: 1.8ms
[2023-06-19T19:28:50.631-0400][1695ms] GC(1) Eden regions: 38->0(48)
[2023-06-19T19:28:50.631-0400][1695ms] GC(1) Survivor regions: 3->8(15)
[2023-06-19T19:28:50.631-0400][1695ms] GC(1) Old regions: 1->1
[2023-06-19T19:28:50.631-0400][1695ms] GC(1) Humongous regions: 0->0
[2023-06-19T19:28:50.631-0400][1695ms] GC(1) Metaspace: 19864K->19864K(1069056K)
[2023-06-19T19:28:50.632-0400][1696ms] GC(1) Pause Young (Concurrent Start) (Metadata GC Threshold) 41M->8M(192M) 10.189ms
[2023-06-19T19:28:50.632-0400][1696ms] GC(1) User=0.09s Sys=0.02s Real=0.01s
[2023-06-19T19:28:50.632-0400][1696ms] GC(2) Concurrent Cycle
[2023-06-19T19:28:50.632-0400][1696ms] GC(2) Concurrent Clear Claimed Marks
[2023-06-19T19:28:50.632-0400][1696ms] GC(2) Concurrent Clear Claimed Marks 0.061ms
[2023-06-19T19:28:50.632-0400][1696ms] GC(2) Concurrent Scan Root Regions
[2023-06-19T19:28:50.635-0400][1699ms] GC(2) Concurrent Scan Root Regions 3.394ms
[2023-06-19T19:28:50.635-0400][1699ms] GC(2) Concurrent Mark (1.699s)
[2023-06-19T19:28:50.635-0400][1699ms] GC(2) Concurrent Mark From Roots
[2023-06-19T19:28:50.635-0400][1699ms] GC(2) Using 2 workers of 2 for marking
[2023-06-19T19:28:50.638-0400][1702ms] GC(2) Concurrent Mark From Roots 3.014ms
[2023-06-19T19:28:50.638-0400][1702ms] GC(2) Concurrent Preclean
[2023-06-19T19:28:50.639-0400][1703ms] GC(2) Concurrent Preclean 0.174ms
[2023-06-19T19:28:50.639-0400][1703ms] GC(2) Concurrent Mark (1.699s, 1.702s) 3.341ms
[2023-06-19T19:28:50.639-0400][1703ms] GC(2) Pause Remark
[2023-06-19T19:28:50.641-0400][1705ms] GC(2) Cleaned string and symbol table, strings: 9989 processed, 0 removed, symbols: 66267 processed, 31 removed
[2023-06-19T19:28:50.641-0400][1705ms] GC(2) Pause Remark 8M->8M(192M) 1.850ms
[2023-06-19T19:28:50.641-0400][1705ms] GC(2) User=0.03s Sys=0.00s Real=0.00s
[2023-06-19T19:28:50.641-0400][1705ms] GC(2) Concurrent Rebuild Remembered Sets
[2023-06-19T19:28:50.642-0400][1706ms] GC(2) Concurrent Rebuild Remembered Sets 0.821ms
[2023-06-19T19:28:50.642-0400][1706ms] GC(2) Pause Cleanup
[2023-06-19T19:28:50.642-0400][1706ms] GC(2) Pause Cleanup 8M->8M(192M) 0.142ms
[2023-06-19T19:28:50.642-0400][1706ms] GC(2) User=0.00s Sys=0.00s Real=0.00s
[2023-06-19T19:28:50.642-0400][1706ms] GC(2) Concurrent Cleanup for Next Mark
[2023-06-19T19:28:50.643-0400][1707ms] GC(2) Concurrent Cleanup for Next Mark 0.212ms
[2023-06-19T19:28:50.643-0400][1707ms] GC(2) Concurrent Cycle 11.024ms
[2023-06-19T19:28:51.208-0400][2272ms] GC(3) Pause Young (Normal) (G1 Evacuation Pause)
[2023-06-19T19:28:51.208-0400][2272ms] GC(3) Using 8 workers of 8 for evacuation
[2023-06-19T19:28:51.217-0400][2281ms] GC(3)   Pre Evacuate Collection Set: 0.0ms
[2023-06-19T19:28:51.217-0400][2281ms] GC(3)   Evacuate Collection Set: 8.3ms
[2023-06-19T19:28:51.217-0400][2281ms] GC(3)   Post Evacuate Collection Set: 0.9ms
[2023-06-19T19:28:51.217-0400][2281ms] GC(3)   Other: 0.2ms
[2023-06-19T19:28:51.217-0400][2281ms] GC(3) Eden regions: 40->0(59)
[2023-06-19T19:28:51.217-0400][2281ms] GC(3) Survivor regions: 8->5(6)
[2023-06-19T19:28:51.217-0400][2281ms] GC(3) Old regions: 1->9
[2023-06-19T19:28:51.217-0400][2281ms] GC(3) Humongous regions: 0->0
[2023-06-19T19:28:51.217-0400][2281ms] GC(3) Metaspace: 26515K->26515K(1075200K)
[2023-06-19T19:28:51.217-0400][2281ms] GC(3) Pause Young (Normal) (G1 Evacuation Pause) 48M->13M(192M) 9.814ms
[2023-06-19T19:28:51.217-0400][2281ms] GC(3) User=0.00s Sys=0.00s Real=0.01s
[2023-06-19T19:28:51.338-0400][2402ms] GC(4) Pause Young (Normal) (G1 Evacuation Pause)
[2023-06-19T19:28:51.338-0400][2402ms] GC(4) Using 8 workers of 8 for evacuation
[2023-06-19T19:28:51.344-0400][2408ms] GC(4)   Pre Evacuate Collection Set: 0.0ms
[2023-06-19T19:28:51.344-0400][2408ms] GC(4)   Evacuate Collection Set: 5.1ms
[2023-06-19T19:28:51.344-0400][2408ms] GC(4)   Post Evacuate Collection Set: 0.8ms
[2023-06-19T19:28:51.345-0400][2409ms] GC(4)   Other: 0.2ms
[2023-06-19T19:28:51.345-0400][2409ms] GC(4) Eden regions: 59->0(83)
[2023-06-19T19:28:51.345-0400][2409ms] GC(4) Survivor regions: 5->6(8)
[2023-06-19T19:28:51.345-0400][2409ms] GC(4) Old regions: 9->13
[2023-06-19T19:28:51.345-0400][2409ms] GC(4) Humongous regions: 0->0
[2023-06-19T19:28:51.345-0400][2409ms] GC(4) Metaspace: 27594K->27594K(1075200K)
[2023-06-19T19:28:51.345-0400][2409ms] GC(4) Pause Young (Normal) (G1 Evacuation Pause) 72M->17M(192M) 6.444ms
[2023-06-19T19:28:51.345-0400][2409ms] GC(4) User=0.09s Sys=0.03s Real=0.01s
[2023-06-19T19:28:51.571-0400][2635ms] GC(5) Pause Young (Concurrent Start) (Metadata GC Threshold)
[2023-06-19T19:28:51.571-0400][2635ms] GC(5) Using 8 workers of 8 for evacuation
[2023-06-19T19:28:51.576-0400][2640ms] GC(5)   Pre Evacuate Collection Set: 0.0ms
[2023-06-19T19:28:51.576-0400][2640ms] GC(5)   Evacuate Collection Set: 3.6ms
[2023-06-19T19:28:51.576-0400][2640ms] GC(5)   Post Evacuate Collection Set: 0.8ms
[2023-06-19T19:28:51.576-0400][2640ms] GC(5)   Other: 0.2ms
[2023-06-19T19:28:51.576-0400][2640ms] GC(5) Eden regions: 57->0(89)
[2023-06-19T19:28:51.576-0400][2640ms] GC(5) Survivor regions: 6->9(12)
[2023-06-19T19:28:51.576-0400][2640ms] GC(5) Old regions: 13->13
[2023-06-19T19:28:51.576-0400][2640ms] GC(5) Humongous regions: 0->0
[2023-06-19T19:28:51.576-0400][2640ms] GC(5) Metaspace: 32063K->32063K(1081344K)
[2023-06-19T19:28:51.576-0400][2640ms] GC(5) Pause Young (Concurrent Start) (Metadata GC Threshold) 74M->20M(192M) 5.100ms
[2023-06-19T19:28:51.576-0400][2640ms] GC(5) User=0.00s Sys=0.00s Real=0.00s
[2023-06-19T19:28:51.576-0400][2640ms] GC(6) Concurrent Cycle
[2023-06-19T19:28:51.576-0400][2640ms] GC(6) Concurrent Clear Claimed Marks
[2023-06-19T19:28:51.576-0400][2640ms] GC(6) Concurrent Clear Claimed Marks 0.094ms
[2023-06-19T19:28:51.576-0400][2640ms] GC(6) Concurrent Scan Root Regions
[2023-06-19T19:28:51.580-0400][2644ms] GC(6) Concurrent Scan Root Regions 4.053ms
[2023-06-19T19:28:51.580-0400][2644ms] GC(6) Concurrent Mark (2.644s)
[2023-06-19T19:28:51.581-0400][2645ms] GC(6) Concurrent Mark From Roots
[2023-06-19T19:28:51.581-0400][2645ms] GC(6) Using 2 workers of 2 for marking
[2023-06-19T19:28:51.594-0400][2658ms] GC(6) Concurrent Mark From Roots 13.153ms
[2023-06-19T19:28:51.594-0400][2658ms] GC(6) Concurrent Preclean
[2023-06-19T19:28:51.594-0400][2658ms] GC(6) Concurrent Preclean 0.280ms
[2023-06-19T19:28:51.594-0400][2658ms] GC(6) Concurrent Mark (2.644s, 2.658s) 13.620ms
[2023-06-19T19:28:51.594-0400][2658ms] GC(6) Pause Remark
[2023-06-19T19:28:51.597-0400][2661ms] GC(6) Cleaned string and symbol table, strings: 15340 processed, 29 removed, symbols: 99520 processed, 26 removed
[2023-06-19T19:28:51.597-0400][2661ms] GC(6) Pause Remark 21M->21M(192M) 2.920ms
[2023-06-19T19:28:51.597-0400][2661ms] GC(6) User=0.00s Sys=0.00s Real=0.00s
[2023-06-19T19:28:51.597-0400][2661ms] GC(6) Concurrent Rebuild Remembered Sets
[2023-06-19T19:28:51.605-0400][2669ms] GC(6) Concurrent Rebuild Remembered Sets 7.252ms
[2023-06-19T19:28:51.605-0400][2669ms] GC(6) Pause Cleanup
[2023-06-19T19:28:51.605-0400][2669ms] GC(6) Pause Cleanup 22M->22M(192M) 0.110ms
[2023-06-19T19:28:51.605-0400][2669ms] GC(6) User=0.00s Sys=0.00s Real=0.00s
[2023-06-19T19:28:51.605-0400][2669ms] GC(6) Concurrent Cleanup for Next Mark
[2023-06-19T19:28:51.605-0400][2669ms] GC(6) Concurrent Cleanup for Next Mark 0.250ms
[2023-06-19T19:28:51.605-0400][2669ms] GC(6) Concurrent Cycle 29.354ms
[2023-06-19T19:28:52.142-0400][3206ms] GC(7) Pause Young (Normal) (G1 Evacuation Pause)
[2023-06-19T19:28:52.142-0400][3206ms] GC(7) Using 8 workers of 8 for evacuation
[2023-06-19T19:28:52.152-0400][3216ms] GC(7)   Pre Evacuate Collection Set: 0.0ms
[2023-06-19T19:28:52.153-0400][3217ms] GC(7)   Evacuate Collection Set: 7.7ms
[2023-06-19T19:28:52.153-0400][3217ms] GC(7)   Post Evacuate Collection Set: 2.4ms
[2023-06-19T19:28:52.153-0400][3217ms] GC(7)   Other: 0.3ms
[2023-06-19T19:28:52.153-0400][3217ms] GC(7) Eden regions: 89->0(129)
[2023-06-19T19:28:52.153-0400][3217ms] GC(7) Survivor regions: 9->9(13)
[2023-06-19T19:28:52.153-0400][3217ms] GC(7) Old regions: 13->17
[2023-06-19T19:28:52.153-0400][3217ms] GC(7) Humongous regions: 1->1
[2023-06-19T19:28:52.153-0400][3217ms] GC(7) Metaspace: 39247K->39247K(1087488K)
[2023-06-19T19:28:52.153-0400][3217ms] GC(7) Pause Young (Normal) (G1 Evacuation Pause) 110M->26M(231M) 10.861ms
[2023-06-19T19:28:52.153-0400][3217ms] GC(7) User=0.00s Sys=0.00s Real=0.01s
[2023-06-19T19:28:54.742-0400][5806ms] GC(8) Pause Young (Concurrent Start) (Metadata GC Threshold)
[2023-06-19T19:28:54.742-0400][5806ms] GC(8) Using 8 workers of 8 for evacuation
[2023-06-19T19:28:54.759-0400][5823ms] GC(8)   Pre Evacuate Collection Set: 0.1ms
[2023-06-19T19:28:54.759-0400][5823ms] GC(8)   Evacuate Collection Set: 12.2ms
[2023-06-19T19:28:54.759-0400][5823ms] GC(8)   Post Evacuate Collection Set: 3.7ms
[2023-06-19T19:28:54.759-0400][5823ms] GC(8)   Other: 0.9ms
[2023-06-19T19:28:54.759-0400][5823ms] GC(8) Eden regions: 112->0(121)
[2023-06-19T19:28:54.759-0400][5823ms] GC(8) Survivor regions: 9->17(18)
[2023-06-19T19:28:54.759-0400][5823ms] GC(8) Old regions: 17->17
[2023-06-19T19:28:54.759-0400][5823ms] GC(8) Humongous regions: 1->1
[2023-06-19T19:28:54.759-0400][5823ms] GC(8) Metaspace: 53131K->53131K(1099776K)
[2023-06-19T19:28:54.759-0400][5823ms] GC(8) Pause Young (Concurrent Start) (Metadata GC Threshold) 137M->34M(231M) 17.280ms
[2023-06-19T19:28:54.759-0400][5823ms] GC(8) User=0.13s Sys=0.00s Real=0.02s
[2023-06-19T19:28:54.759-0400][5823ms] GC(9) Concurrent Cycle
[2023-06-19T19:28:54.759-0400][5823ms] GC(9) Concurrent Clear Claimed Marks
[2023-06-19T19:28:54.760-0400][5824ms] GC(9) Concurrent Clear Claimed Marks 0.129ms
[2023-06-19T19:28:54.760-0400][5824ms] GC(9) Concurrent Scan Root Regions
[2023-06-19T19:28:54.771-0400][5835ms] GC(9) Concurrent Scan Root Regions 11.789ms
[2023-06-19T19:28:54.772-0400][5836ms] GC(9) Concurrent Mark (5.835s)
[2023-06-19T19:28:54.772-0400][5836ms] GC(9) Concurrent Mark From Roots
[2023-06-19T19:28:54.772-0400][5836ms] GC(9) Using 2 workers of 2 for marking
[2023-06-19T19:28:54.793-0400][5857ms] GC(9) Concurrent Mark From Roots 21.845ms
[2023-06-19T19:28:54.794-0400][5858ms] GC(9) Concurrent Preclean
[2023-06-19T19:28:54.794-0400][5858ms] GC(9) Concurrent Preclean 0.480ms
[2023-06-19T19:28:54.794-0400][5858ms] GC(9) Concurrent Mark (5.835s, 5.858s) 22.614ms
[2023-06-19T19:28:54.799-0400][5863ms] GC(9) Pause Remark
[2023-06-19T19:28:54.804-0400][5868ms] GC(9) Cleaned string and symbol table, strings: 25923 processed, 0 removed, symbols: 157453 processed, 93 removed
[2023-06-19T19:28:54.804-0400][5868ms] GC(9) Pause Remark 38M->38M(231M) 5.018ms
[2023-06-19T19:28:54.805-0400][5869ms] GC(9) User=0.00s Sys=0.00s Real=0.01s
[2023-06-19T19:28:54.805-0400][5869ms] GC(9) Concurrent Rebuild Remembered Sets
[2023-06-19T19:28:54.816-0400][5880ms] GC(9) Concurrent Rebuild Remembered Sets 11.236ms
[2023-06-19T19:28:54.817-0400][5881ms] GC(9) Pause Cleanup
[2023-06-19T19:28:54.817-0400][5881ms] GC(9) Pause Cleanup 39M->39M(231M) 0.178ms
[2023-06-19T19:28:54.817-0400][5881ms] GC(9) User=0.00s Sys=0.00s Real=0.00s
[2023-06-19T19:28:54.817-0400][5881ms] GC(9) Concurrent Cleanup for Next Mark
[2023-06-19T19:28:54.817-0400][5881ms] GC(9) Concurrent Cleanup for Next Mark 0.281ms
[2023-06-19T19:28:54.818-0400][5882ms] GC(9) Concurrent Cycle 58.150ms
[2023-06-19T19:28:56.193-0400][7257ms] GC(10) Pause Young (Normal) (G1 Evacuation Pause)
[2023-06-19T19:28:56.193-0400][7257ms] GC(10) Using 8 workers of 8 for evacuation
[2023-06-19T19:28:56.215-0400][7279ms] GC(10)   Pre Evacuate Collection Set: 0.0ms
[2023-06-19T19:28:56.215-0400][7279ms] GC(10)   Evacuate Collection Set: 18.0ms
[2023-06-19T19:28:56.215-0400][7279ms] GC(10)   Post Evacuate Collection Set: 3.5ms
[2023-06-19T19:28:56.215-0400][7279ms] GC(10)   Other: 0.4ms
[2023-06-19T19:28:56.216-0400][7280ms] GC(10) Eden regions: 121->0(120)
[2023-06-19T19:28:56.216-0400][7280ms] GC(10) Survivor regions: 17->18(18)
[2023-06-19T19:28:56.216-0400][7280ms] GC(10) Old regions: 17->29
[2023-06-19T19:28:56.216-0400][7280ms] GC(10) Humongous regions: 1->1
[2023-06-19T19:28:56.216-0400][7280ms] GC(10) Metaspace: 64289K->64289K(1112064K)
[2023-06-19T19:28:56.216-0400][7280ms] GC(10) Pause Young (Normal) (G1 Evacuation Pause) 155M->47M(231M) 22.417ms
[2023-06-19T19:28:56.216-0400][7280ms] GC(10) User=0.11s Sys=0.02s Real=0.02s
[2023-06-19T19:28:57.988-0400][9053ms] GC(11) Pause Young (Normal) (G1 Evacuation Pause)
[2023-06-19T19:28:57.989-0400][9053ms] GC(11) Using 8 workers of 8 for evacuation
[2023-06-19T19:28:58.018-0400][9082ms] GC(11)   Pre Evacuate Collection Set: 0.0ms
[2023-06-19T19:28:58.018-0400][9082ms] GC(11)   Evacuate Collection Set: 25.6ms
[2023-06-19T19:28:58.018-0400][9082ms] GC(11)   Post Evacuate Collection Set: 3.2ms
[2023-06-19T19:28:58.018-0400][9082ms] GC(11)   Other: 0.4ms
[2023-06-19T19:28:58.018-0400][9082ms] GC(11) Eden regions: 120->0(97)
[2023-06-19T19:28:58.018-0400][9082ms] GC(11) Survivor regions: 18->18(18)
[2023-06-19T19:28:58.018-0400][9082ms] GC(11) Old regions: 29->52
[2023-06-19T19:28:58.018-0400][9082ms] GC(11) Humongous regions: 3->3
[2023-06-19T19:28:58.018-0400][9082ms] GC(11) Metaspace: 71258K->71258K(1118208K)
[2023-06-19T19:28:58.018-0400][9082ms] GC(11) Pause Young (Normal) (G1 Evacuation Pause) 169M->72M(231M) 29.680ms
[2023-06-19T19:28:58.018-0400][9082ms] GC(11) User=0.16s Sys=0.02s Real=0.03s
[2023-06-19T19:28:59.458-0400][10522ms] GC(12) Pause Young (Normal) (G1 Evacuation Pause)
[2023-06-19T19:28:59.458-0400][10522ms] GC(12) Using 8 workers of 8 for evacuation
[2023-06-19T19:28:59.484-0400][10548ms] GC(12)   Pre Evacuate Collection Set: 0.0ms
[2023-06-19T19:28:59.484-0400][10548ms] GC(12)   Evacuate Collection Set: 21.0ms
[2023-06-19T19:28:59.484-0400][10548ms] GC(12)   Post Evacuate Collection Set: 4.5ms
[2023-06-19T19:28:59.484-0400][10548ms] GC(12)   Other: 0.3ms
[2023-06-19T19:28:59.484-0400][10548ms] GC(12) Eden regions: 97->0(109)
[2023-06-19T19:28:59.484-0400][10548ms] GC(12) Survivor regions: 18->15(15)
[2023-06-19T19:28:59.484-0400][10548ms] GC(12) Old regions: 52->72
[2023-06-19T19:28:59.484-0400][10548ms] GC(12) Humongous regions: 3->3
[2023-06-19T19:28:59.484-0400][10548ms] GC(12) Metaspace: 86814K->86814K(1130496K)
[2023-06-19T19:28:59.484-0400][10548ms] GC(12) Pause Young (Normal) (G1 Evacuation Pause) 169M->89M(278M) 26.232ms
[2023-06-19T19:28:59.484-0400][10548ms] GC(12) User=0.14s Sys=0.00s Real=0.03s
[2023-06-19T19:29:00.202-0400][11266ms] GC(13) Pause Young (Normal) (G1 Evacuation Pause)
[2023-06-19T19:29:00.202-0400][11266ms] GC(13) Using 8 workers of 8 for evacuation
[2023-06-19T19:29:00.218-0400][11282ms] GC(13)   Pre Evacuate Collection Set: 0.0ms
[2023-06-19T19:29:00.218-0400][11282ms] GC(13)   Evacuate Collection Set: 13.1ms
[2023-06-19T19:29:00.218-0400][11282ms] GC(13)   Post Evacuate Collection Set: 2.1ms
[2023-06-19T19:29:00.218-0400][11282ms] GC(13)   Other: 0.3ms
[2023-06-19T19:29:00.218-0400][11282ms] GC(13) Eden regions: 109->0(109)
[2023-06-19T19:29:00.218-0400][11282ms] GC(13) Survivor regions: 15->8(16)
[2023-06-19T19:29:00.218-0400][11282ms] GC(13) Old regions: 72->86
[2023-06-19T19:29:00.218-0400][11282ms] GC(13) Humongous regions: 3->3
[2023-06-19T19:29:00.218-0400][11282ms] GC(13) Metaspace: 90930K->90930K(1134592K)
[2023-06-19T19:29:00.218-0400][11282ms] GC(13) Pause Young (Normal) (G1 Evacuation Pause) 198M->97M(278M) 15.965ms
[2023-06-19T19:29:00.218-0400][11282ms] GC(13) User=0.02s Sys=0.00s Real=0.02s
[2023-06-19T19:29:00.862-0400][11926ms] GC(14) Pause Young (Normal) (G1 Evacuation Pause)
[2023-06-19T19:29:00.862-0400][11926ms] GC(14) Using 8 workers of 8 for evacuation
[2023-06-19T19:29:00.876-0400][11940ms] GC(14)   Pre Evacuate Collection Set: 0.0ms
[2023-06-19T19:29:00.876-0400][11940ms] GC(14)   Evacuate Collection Set: 11.8ms
[2023-06-19T19:29:00.876-0400][11940ms] GC(14)   Post Evacuate Collection Set: 1.9ms
[2023-06-19T19:29:00.876-0400][11940ms] GC(14)   Other: 0.3ms
[2023-06-19T19:29:00.876-0400][11940ms] GC(14) Eden regions: 109->0(110)
[2023-06-19T19:29:00.876-0400][11940ms] GC(14) Survivor regions: 8->13(15)
[2023-06-19T19:29:00.876-0400][11940ms] GC(14) Old regions: 86->86
[2023-06-19T19:29:00.876-0400][11940ms] GC(14) Humongous regions: 3->3
[2023-06-19T19:29:00.876-0400][11940ms] GC(14) Metaspace: 90972K->90972K(1134592K)
[2023-06-19T19:29:00.876-0400][11940ms] GC(14) Pause Young (Normal) (G1 Evacuation Pause) 206M->101M(278M) 14.366ms
[2023-06-19T19:29:00.876-0400][11940ms] GC(14) User=0.13s Sys=0.00s Real=0.01s
[2023-06-19T19:29:01.441-0400][12505ms] GC(15) Pause Young (Normal) (G1 Evacuation Pause)
[2023-06-19T19:29:01.441-0400][12505ms] GC(15) Using 8 workers of 8 for evacuation
[2023-06-19T19:29:01.462-0400][12526ms] GC(15)   Pre Evacuate Collection Set: 0.0ms
[2023-06-19T19:29:01.462-0400][12526ms] GC(15)   Evacuate Collection Set: 17.3ms
[2023-06-19T19:29:01.462-0400][12526ms] GC(15)   Post Evacuate Collection Set: 2.7ms
[2023-06-19T19:29:01.462-0400][12526ms] GC(15)   Other: 0.3ms
[2023-06-19T19:29:01.462-0400][12526ms] GC(15) Eden regions: 110->0(109)
[2023-06-19T19:29:01.462-0400][12526ms] GC(15) Survivor regions: 13->13(16)
[2023-06-19T19:29:01.462-0400][12526ms] GC(15) Old regions: 86->93
[2023-06-19T19:29:01.462-0400][12526ms] GC(15) Humongous regions: 3->3
[2023-06-19T19:29:01.462-0400][12526ms] GC(15) Metaspace: 90986K->90986K(1134592K)
[2023-06-19T19:29:01.462-0400][12526ms] GC(15) Pause Young (Normal) (G1 Evacuation Pause) 211M->107M(278M) 20.934ms
[2023-06-19T19:29:01.462-0400][12526ms] GC(15) User=0.13s Sys=0.00s Real=0.02s
[2023-06-19T19:29:02.065-0400][13129ms] GC(16) Pause Young (Normal) (G1 Evacuation Pause)
[2023-06-19T19:29:02.065-0400][13129ms] GC(16) Using 8 workers of 8 for evacuation
[2023-06-19T19:29:02.082-0400][13146ms] GC(16)   Pre Evacuate Collection Set: 0.0ms
[2023-06-19T19:29:02.082-0400][13146ms] GC(16)   Evacuate Collection Set: 14.1ms
[2023-06-19T19:29:02.082-0400][13146ms] GC(16)   Post Evacuate Collection Set: 2.3ms
[2023-06-19T19:29:02.082-0400][13146ms] GC(16)   Other: 0.3ms
[2023-06-19T19:29:02.082-0400][13146ms] GC(16) Eden regions: 109->0(107)
[2023-06-19T19:29:02.082-0400][13146ms] GC(16) Survivor regions: 13->13(16)
[2023-06-19T19:29:02.082-0400][13146ms] GC(16) Old regions: 93->99
[2023-06-19T19:29:02.082-0400][13146ms] GC(16) Humongous regions: 3->3
[2023-06-19T19:29:02.082-0400][13146ms] GC(16) Metaspace: 90986K->90986K(1134592K)
[2023-06-19T19:29:02.082-0400][13146ms] GC(16) Pause Young (Normal) (G1 Evacuation Pause) 216M->114M(278M) 17.160ms
[2023-06-19T19:29:02.083-0400][13147ms] GC(16) User=0.13s Sys=0.00s Real=0.02s
[2023-06-19T19:29:02.590-0400][13654ms] GC(17) Pause Young (Normal) (G1 Evacuation Pause)
[2023-06-19T19:29:02.590-0400][13654ms] GC(17) Using 8 workers of 8 for evacuation
[2023-06-19T19:29:02.608-0400][13672ms] GC(17)   Pre Evacuate Collection Set: 0.0ms
[2023-06-19T19:29:02.608-0400][13673ms] GC(17)   Evacuate Collection Set: 14.7ms
[2023-06-19T19:29:02.609-0400][13673ms] GC(17)   Post Evacuate Collection Set: 3.7ms
[2023-06-19T19:29:02.609-0400][13673ms] GC(17)   Other: 0.3ms
[2023-06-19T19:29:02.609-0400][13673ms] GC(17) Eden regions: 107->0(134)
[2023-06-19T19:29:02.609-0400][13673ms] GC(17) Survivor regions: 13->13(15)
[2023-06-19T19:29:02.609-0400][13673ms] GC(17) Old regions: 99->105
[2023-06-19T19:29:02.609-0400][13673ms] GC(17) Humongous regions: 3->3
[2023-06-19T19:29:02.609-0400][13673ms] GC(17) Metaspace: 90988K->90988K(1134592K)
[2023-06-19T19:29:02.609-0400][13673ms] GC(17) Pause Young (Normal) (G1 Evacuation Pause) 221M->120M(334M) 19.047ms
[2023-06-19T19:29:02.609-0400][13673ms] GC(17) User=0.17s Sys=0.00s Real=0.02s
[2023-06-19T19:29:03.302-0400][14366ms] GC(18) Pause Young (Normal) (G1 Evacuation Pause)
[2023-06-19T19:29:03.302-0400][14366ms] GC(18) Using 8 workers of 8 for evacuation
[2023-06-19T19:29:03.319-0400][14383ms] GC(18)   Pre Evacuate Collection Set: 0.0ms
[2023-06-19T19:29:03.319-0400][14383ms] GC(18)   Evacuate Collection Set: 14.9ms
[2023-06-19T19:29:03.319-0400][14383ms] GC(18)   Post Evacuate Collection Set: 2.0ms
[2023-06-19T19:29:03.319-0400][14383ms] GC(18)   Other: 0.3ms
[2023-06-19T19:29:03.319-0400][14383ms] GC(18) Eden regions: 134->0(137)
[2023-06-19T19:29:03.319-0400][14383ms] GC(18) Survivor regions: 13->15(19)
[2023-06-19T19:29:03.319-0400][14383ms] GC(18) Old regions: 105->111
[2023-06-19T19:29:03.319-0400][14383ms] GC(18) Humongous regions: 3->3
[2023-06-19T19:29:03.319-0400][14383ms] GC(18) Metaspace: 91002K->91002K(1134592K)
[2023-06-19T19:29:03.319-0400][14383ms] GC(18) Pause Young (Normal) (G1 Evacuation Pause) 254M->128M(334M) 17.542ms
[2023-06-19T19:29:03.319-0400][14383ms] GC(18) User=0.13s Sys=0.00s Real=0.02s
[2023-06-19T19:29:03.998-0400][15062ms] GC(19) Pause Young (Normal) (G1 Evacuation Pause)
[2023-06-19T19:29:03.998-0400][15062ms] GC(19) Using 8 workers of 8 for evacuation
[2023-06-19T19:29:04.016-0400][15080ms] GC(19)   Pre Evacuate Collection Set: 0.0ms
[2023-06-19T19:29:04.017-0400][15081ms] GC(19)   Evacuate Collection Set: 15.9ms
[2023-06-19T19:29:04.017-0400][15081ms] GC(19)   Post Evacuate Collection Set: 2.0ms
[2023-06-19T19:29:04.017-0400][15081ms] GC(19)   Other: 0.3ms
[2023-06-19T19:29:04.017-0400][15081ms] GC(19) Eden regions: 137->0(132)
[2023-06-19T19:29:04.017-0400][15081ms] GC(19) Survivor regions: 15->17(19)
[2023-06-19T19:29:04.017-0400][15081ms] GC(19) Old regions: 111->118
[2023-06-19T19:29:04.017-0400][15081ms] GC(19) Humongous regions: 3->3
[2023-06-19T19:29:04.017-0400][15081ms] GC(19) Metaspace: 91006K->91006K(1134592K)
[2023-06-19T19:29:04.017-0400][15081ms] GC(19) Pause Young (Normal) (G1 Evacuation Pause) 265M->137M(334M) 18.669ms
[2023-06-19T19:29:04.017-0400][15081ms] GC(19) User=0.19s Sys=0.00s Real=0.02s
[2023-06-19T19:29:04.409-0400][15473ms] GC(20) Pause Young (Concurrent Start) (Metadata GC Threshold)
[2023-06-19T19:29:04.409-0400][15473ms] GC(20) Using 8 workers of 8 for evacuation
[2023-06-19T19:29:04.434-0400][15498ms] GC(20)   Pre Evacuate Collection Set: 0.1ms
[2023-06-19T19:29:04.435-0400][15499ms] GC(20)   Evacuate Collection Set: 21.5ms
[2023-06-19T19:29:04.435-0400][15499ms] GC(20)   Post Evacuate Collection Set: 2.9ms
[2023-06-19T19:29:04.435-0400][15499ms] GC(20)   Other: 0.5ms
[2023-06-19T19:29:04.435-0400][15499ms] GC(20) Eden regions: 76->0(130)
[2023-06-19T19:29:04.435-0400][15499ms] GC(20) Survivor regions: 17->15(19)
[2023-06-19T19:29:04.435-0400][15499ms] GC(20) Old regions: 118->125
[2023-06-19T19:29:04.435-0400][15499ms] GC(20) Humongous regions: 3->3
[2023-06-19T19:29:04.435-0400][15499ms] GC(20) Metaspace: 91275K->91275K(1134592K)
[2023-06-19T19:29:04.435-0400][15499ms] GC(20) Pause Young (Concurrent Start) (Metadata GC Threshold) 212M->142M(334M) 25.923ms
[2023-06-19T19:29:04.435-0400][15499ms] GC(20) User=0.13s Sys=0.00s Real=0.03s
[2023-06-19T19:29:04.436-0400][15500ms] GC(21) Concurrent Cycle
[2023-06-19T19:29:04.436-0400][15500ms] GC(21) Concurrent Clear Claimed Marks
[2023-06-19T19:29:04.436-0400][15500ms] GC(21) Concurrent Clear Claimed Marks 0.271ms
[2023-06-19T19:29:04.436-0400][15500ms] GC(21) Concurrent Scan Root Regions
[2023-06-19T19:29:04.445-0400][15509ms] GC(21) Concurrent Scan Root Regions 9.278ms
[2023-06-19T19:29:04.445-0400][15509ms] GC(21) Concurrent Mark (15.509s)
[2023-06-19T19:29:04.445-0400][15509ms] GC(21) Concurrent Mark From Roots
[2023-06-19T19:29:04.445-0400][15509ms] GC(21) Using 2 workers of 2 for marking
[2023-06-19T19:29:04.657-0400][15721ms] GC(21) Concurrent Mark From Roots 211.773ms
[2023-06-19T19:29:04.657-0400][15721ms] GC(21) Concurrent Preclean
[2023-06-19T19:29:04.658-0400][15722ms] GC(21) Concurrent Preclean 0.720ms
[2023-06-19T19:29:04.658-0400][15722ms] GC(21) Concurrent Mark (15.509s, 15.722s) 212.770ms
[2023-06-19T19:29:04.659-0400][15723ms] GC(21) Pause Remark
[2023-06-19T19:29:04.672-0400][15736ms] GC(21) Cleaned string and symbol table, strings: 42359 processed, 134 removed, symbols: 258477 processed, 156 removed
[2023-06-19T19:29:04.672-0400][15736ms] GC(21) Pause Remark 184M->184M(334M) 13.563ms
[2023-06-19T19:29:04.672-0400][15736ms] GC(21) User=0.13s Sys=0.00s Real=0.01s
[2023-06-19T19:29:04.673-0400][15737ms] GC(21) Concurrent Rebuild Remembered Sets
[2023-06-19T19:29:04.800-0400][15864ms] GC(21) Concurrent Rebuild Remembered Sets 127.766ms
[2023-06-19T19:29:04.801-0400][15865ms] GC(21) Pause Cleanup
[2023-06-19T19:29:04.802-0400][15866ms] GC(21) Pause Cleanup 208M->208M(334M) 0.273ms
[2023-06-19T19:29:04.802-0400][15866ms] GC(21) User=0.00s Sys=0.00s Real=0.00s
[2023-06-19T19:29:04.802-0400][15866ms] GC(21) Concurrent Cleanup for Next Mark
[2023-06-19T19:29:04.802-0400][15866ms] GC(21) Concurrent Cleanup for Next Mark 0.423ms
[2023-06-19T19:29:04.802-0400][15866ms] GC(21) Concurrent Cycle 366.805ms
[2023-06-19T19:29:05.082-0400][16146ms] GC(22) Pause Young (Concurrent Start) (G1 Evacuation Pause)
[2023-06-19T19:29:05.082-0400][16146ms] GC(22) Using 8 workers of 8 for evacuation
[2023-06-19T19:29:05.107-0400][16171ms] GC(22)   Pre Evacuate Collection Set: 0.1ms
[2023-06-19T19:29:05.107-0400][16171ms] GC(22)   Evacuate Collection Set: 23.0ms
[2023-06-19T19:29:05.107-0400][16171ms] GC(22)   Post Evacuate Collection Set: 2.0ms
[2023-06-19T19:29:05.107-0400][16171ms] GC(22)   Other: 0.4ms
[2023-06-19T19:29:05.107-0400][16171ms] GC(22) Eden regions: 130->0(128)
[2023-06-19T19:29:05.107-0400][16171ms] GC(22) Survivor regions: 15->10(19)
[2023-06-19T19:29:05.107-0400][16171ms] GC(22) Old regions: 125->134
[2023-06-19T19:29:05.107-0400][16171ms] GC(22) Humongous regions: 4->4
[2023-06-19T19:29:05.108-0400][16172ms] GC(22) Metaspace: 92837K->92837K(1136640K)
[2023-06-19T19:29:05.108-0400][16172ms] GC(22) Pause Young (Concurrent Start) (G1 Evacuation Pause) 273M->147M(334M) 25.887ms
[2023-06-19T19:29:05.108-0400][16172ms] GC(22) User=0.13s Sys=0.00s Real=0.03s
[2023-06-19T19:29:05.108-0400][16172ms] GC(23) Concurrent Cycle
[2023-06-19T19:29:05.108-0400][16172ms] GC(23) Concurrent Clear Claimed Marks
[2023-06-19T19:29:05.108-0400][16172ms] GC(23) Concurrent Clear Claimed Marks 0.161ms
[2023-06-19T19:29:05.108-0400][16172ms] GC(23) Concurrent Scan Root Regions
[2023-06-19T19:29:05.116-0400][16180ms] GC(23) Concurrent Scan Root Regions 7.478ms
[2023-06-19T19:29:05.116-0400][16180ms] GC(23) Concurrent Mark (16.179s)
[2023-06-19T19:29:05.116-0400][16180ms] GC(23) Concurrent Mark From Roots
[2023-06-19T19:29:05.116-0400][16180ms] GC(23) Using 2 workers of 2 for marking
[2023-06-19T19:29:05.299-0400][16363ms] GC(23) Concurrent Mark From Roots 183.198ms
[2023-06-19T19:29:05.299-0400][16363ms] GC(23) Concurrent Preclean
[2023-06-19T19:29:05.299-0400][16363ms] GC(23) Concurrent Preclean 0.474ms
[2023-06-19T19:29:05.300-0400][16364ms] GC(23) Concurrent Mark (16.179s, 16.363s) 183.882ms
[2023-06-19T19:29:05.300-0400][16364ms] GC(23) Pause Remark
[2023-06-19T19:29:05.315-0400][16379ms] GC(23) Cleaned string and symbol table, strings: 42598 processed, 4 removed, symbols: 261165 processed, 7 removed
[2023-06-19T19:29:05.315-0400][16379ms] GC(23) Pause Remark 185M->184M(334M) 15.247ms
[2023-06-19T19:29:05.315-0400][16379ms] GC(23) User=0.11s Sys=0.00s Real=0.02s
[2023-06-19T19:29:05.315-0400][16379ms] GC(23) Concurrent Rebuild Remembered Sets
[2023-06-19T19:29:05.420-0400][16484ms] GC(23) Concurrent Rebuild Remembered Sets 104.745ms
[2023-06-19T19:29:05.421-0400][16485ms] GC(23) Pause Cleanup
[2023-06-19T19:29:05.421-0400][16485ms] GC(23) Pause Cleanup 214M->214M(334M) 0.234ms
[2023-06-19T19:29:05.421-0400][16485ms] GC(23) User=0.00s Sys=0.00s Real=0.00s
[2023-06-19T19:29:05.421-0400][16485ms] GC(23) Concurrent Cleanup for Next Mark
[2023-06-19T19:29:05.421-0400][16485ms] GC(23) Concurrent Cleanup for Next Mark 0.334ms
[2023-06-19T19:29:05.422-0400][16486ms] GC(23) Concurrent Cycle 313.827ms
[2023-06-19T19:29:05.628-0400][16692ms] GC(24) Pause Young (Normal) (G1 Evacuation Pause)
[2023-06-19T19:29:05.628-0400][16692ms] GC(24) Using 8 workers of 8 for evacuation
[2023-06-19T19:29:05.642-0400][16706ms] GC(24)   Pre Evacuate Collection Set: 0.0ms
[2023-06-19T19:29:05.643-0400][16707ms] GC(24)   Evacuate Collection Set: 12.5ms
[2023-06-19T19:29:05.643-0400][16707ms] GC(24)   Post Evacuate Collection Set: 1.8ms
[2023-06-19T19:29:05.643-0400][16707ms] GC(24)   Other: 0.3ms
[2023-06-19T19:29:05.643-0400][16707ms] GC(24) Eden regions: 128->0(123)
[2023-06-19T19:29:05.643-0400][16707ms] GC(24) Survivor regions: 10->14(18)
[2023-06-19T19:29:05.643-0400][16707ms] GC(24) Old regions: 134->138
[2023-06-19T19:29:05.643-0400][16707ms] GC(24) Humongous regions: 3->3
[2023-06-19T19:29:05.643-0400][16707ms] GC(24) Metaspace: 92780K->92780K(1136640K)
[2023-06-19T19:29:05.643-0400][16707ms] GC(24) Pause Young (Normal) (G1 Evacuation Pause) 274M->154M(334M) 14.984ms
[2023-06-19T19:29:05.643-0400][16707ms] GC(24) User=0.13s Sys=0.00s Real=0.01s
[2023-06-19T19:29:05.963-0400][17027ms] GC(25) Pause Young (Normal) (G1 Evacuation Pause)
[2023-06-19T19:29:05.963-0400][17027ms] GC(25) Using 8 workers of 8 for evacuation
[2023-06-19T19:29:05.980-0400][17044ms] GC(25)   Pre Evacuate Collection Set: 0.0ms
[2023-06-19T19:29:05.981-0400][17045ms] GC(25)   Evacuate Collection Set: 14.0ms
[2023-06-19T19:29:05.981-0400][17045ms] GC(25)   Post Evacuate Collection Set: 3.5ms
[2023-06-19T19:29:05.981-0400][17045ms] GC(25)   Other: 0.2ms
[2023-06-19T19:29:05.981-0400][17045ms] GC(25) Eden regions: 123->0(162)
[2023-06-19T19:29:05.981-0400][17045ms] GC(25) Survivor regions: 14->14(18)
[2023-06-19T19:29:05.981-0400][17045ms] GC(25) Old regions: 138->145
[2023-06-19T19:29:05.981-0400][17045ms] GC(25) Humongous regions: 3->3
[2023-06-19T19:29:05.981-0400][17045ms] GC(25) Metaspace: 92780K->92780K(1136640K)
[2023-06-19T19:29:05.981-0400][17045ms] GC(25) Pause Young (Normal) (G1 Evacuation Pause) 277M->161M(401M) 18.090ms
[2023-06-19T19:29:05.981-0400][17045ms] GC(25) User=0.13s Sys=0.00s Real=0.02s
[2023-06-19T19:29:07.866-0400][18930ms] GC(26) Pause Young (Normal) (G1 Evacuation Pause)
[2023-06-19T19:29:07.866-0400][18930ms] GC(26) Using 8 workers of 8 for evacuation
[2023-06-19T19:29:07.882-0400][18946ms] GC(26)   Pre Evacuate Collection Set: 0.0ms
[2023-06-19T19:29:07.882-0400][18946ms] GC(26)   Evacuate Collection Set: 14.4ms
[2023-06-19T19:29:07.882-0400][18946ms] GC(26)   Post Evacuate Collection Set: 1.9ms
[2023-06-19T19:29:07.882-0400][18946ms] GC(26)   Other: 0.3ms
[2023-06-19T19:29:07.883-0400][18947ms] GC(26) Eden regions: 162->0(157)
[2023-06-19T19:29:07.883-0400][18947ms] GC(26) Survivor regions: 14->17(22)
[2023-06-19T19:29:07.883-0400][18947ms] GC(26) Old regions: 145->152
[2023-06-19T19:29:07.883-0400][18947ms] GC(26) Humongous regions: 3->3
[2023-06-19T19:29:07.883-0400][18947ms] GC(26) Metaspace: 94254K->94254K(1138688K)
[2023-06-19T19:29:07.883-0400][18947ms] GC(26) Pause Young (Normal) (G1 Evacuation Pause) 323M->171M(401M) 17.064ms
[2023-06-19T19:29:07.883-0400][18947ms] GC(26) User=0.13s Sys=0.00s Real=0.02s
[2023-06-19T19:29:09.906-0400][20970ms] GC(27) Pause Young (Normal) (G1 Evacuation Pause)
[2023-06-19T19:29:09.906-0400][20970ms] GC(27) Using 8 workers of 8 for evacuation
[2023-06-19T19:29:09.916-0400][20980ms] GC(27)   Pre Evacuate Collection Set: 0.0ms
[2023-06-19T19:29:09.917-0400][20981ms] GC(27)   Evacuate Collection Set: 8.1ms
[2023-06-19T19:29:09.917-0400][20981ms] GC(27)   Post Evacuate Collection Set: 2.4ms
[2023-06-19T19:29:09.917-0400][20981ms] GC(27)   Other: 0.3ms
[2023-06-19T19:29:09.917-0400][20981ms] GC(27) Eden regions: 157->0(161)
[2023-06-19T19:29:09.917-0400][20981ms] GC(27) Survivor regions: 17->14(22)
[2023-06-19T19:29:09.917-0400][20981ms] GC(27) Old regions: 152->153
[2023-06-19T19:29:09.917-0400][20981ms] GC(27) Humongous regions: 3->3
[2023-06-19T19:29:09.917-0400][20981ms] GC(27) Metaspace: 99849K->99849K(1142784K)
[2023-06-19T19:29:09.917-0400][20981ms] GC(27) Pause Young (Normal) (G1 Evacuation Pause) 328M->169M(401M) 11.083ms
[2023-06-19T19:29:09.917-0400][20981ms] GC(27) User=0.00s Sys=0.00s Real=0.01s
[2023-06-19T19:29:10.968-0400][22032ms] GC(28) Pause Young (Normal) (G1 Evacuation Pause)
[2023-06-19T19:29:10.969-0400][22033ms] GC(28) Using 8 workers of 8 for evacuation
[2023-06-19T19:29:10.980-0400][22044ms] GC(28)   Pre Evacuate Collection Set: 0.0ms
[2023-06-19T19:29:10.980-0400][22044ms] GC(28)   Evacuate Collection Set: 8.1ms
[2023-06-19T19:29:10.980-0400][22044ms] GC(28)   Post Evacuate Collection Set: 2.2ms
[2023-06-19T19:29:10.980-0400][22044ms] GC(28)   Other: 0.3ms
[2023-06-19T19:29:10.980-0400][22044ms] GC(28) Eden regions: 161->0(163)
[2023-06-19T19:29:10.980-0400][22044ms] GC(28) Survivor regions: 14->8(22)
[2023-06-19T19:29:10.980-0400][22044ms] GC(28) Old regions: 153->161
[2023-06-19T19:29:10.980-0400][22044ms] GC(28) Humongous regions: 3->3
[2023-06-19T19:29:10.980-0400][22044ms] GC(28) Metaspace: 99852K->99852K(1142784K)
[2023-06-19T19:29:10.980-0400][22044ms] GC(28) Pause Young (Normal) (G1 Evacuation Pause) 330M->170M(401M) 10.932ms
[2023-06-19T19:29:10.980-0400][22044ms] GC(28) User=0.00s Sys=0.00s Real=0.01s
[2023-06-19T19:29:11.301-0400][22365ms] GC(29) Pause Young (Normal) (G1 Evacuation Pause)
[2023-06-19T19:29:11.301-0400][22365ms] GC(29) Using 8 workers of 8 for evacuation
[2023-06-19T19:29:11.307-0400][22371ms] GC(29)   Pre Evacuate Collection Set: 0.0ms
[2023-06-19T19:29:11.307-0400][22371ms] GC(29)   Evacuate Collection Set: 3.7ms
[2023-06-19T19:29:11.307-0400][22371ms] GC(29)   Post Evacuate Collection Set: 2.1ms
[2023-06-19T19:29:11.307-0400][22371ms] GC(29)   Other: 0.3ms
[2023-06-19T19:29:11.307-0400][22371ms] GC(29) Eden regions: 163->0(170)
[2023-06-19T19:29:11.307-0400][22371ms] GC(29) Survivor regions: 8->7(22)
[2023-06-19T19:29:11.307-0400][22371ms] GC(29) Old regions: 161->161
[2023-06-19T19:29:11.307-0400][22371ms] GC(29) Humongous regions: 3->3
[2023-06-19T19:29:11.307-0400][22371ms] GC(29) Metaspace: 99857K->99857K(1142784K)
[2023-06-19T19:29:11.307-0400][22371ms] GC(29) Pause Young (Normal) (G1 Evacuation Pause) 333M->169M(401M) 6.428ms
[2023-06-19T19:29:11.307-0400][22371ms] GC(29) User=0.00s Sys=0.00s Real=0.01s
[2023-06-19T19:29:11.501-0400][22565ms] GC(30) Pause Young (Normal) (G1 Evacuation Pause)
[2023-06-19T19:29:11.501-0400][22565ms] GC(30) Using 8 workers of 8 for evacuation
[2023-06-19T19:29:11.507-0400][22571ms] GC(30)   Pre Evacuate Collection Set: 0.0ms
[2023-06-19T19:29:11.507-0400][22571ms] GC(30)   Evacuate Collection Set: 3.1ms
[2023-06-19T19:29:11.507-0400][22571ms] GC(30)   Post Evacuate Collection Set: 2.1ms
[2023-06-19T19:29:11.507-0400][22571ms] GC(30)   Other: 0.3ms
[2023-06-19T19:29:11.507-0400][22571ms] GC(30) Eden regions: 170->0(175)
[2023-06-19T19:29:11.507-0400][22571ms] GC(30) Survivor regions: 7->6(23)
[2023-06-19T19:29:11.507-0400][22571ms] GC(30) Old regions: 161->161
[2023-06-19T19:29:11.507-0400][22571ms] GC(30) Humongous regions: 3->3
[2023-06-19T19:29:11.507-0400][22571ms] GC(30) Metaspace: 99869K->99869K(1142784K)
[2023-06-19T19:29:11.507-0400][22571ms] GC(30) Pause Young (Normal) (G1 Evacuation Pause) 339M->168M(401M) 5.786ms
[2023-06-19T19:29:11.507-0400][22571ms] GC(30) User=0.00s Sys=0.00s Real=0.01s
[2023-06-19T19:29:12.955-0400][24019ms] GC(31) Pause Young (Normal) (G1 Evacuation Pause)
[2023-06-19T19:29:12.955-0400][24019ms] GC(31) Using 8 workers of 8 for evacuation
[2023-06-19T19:29:12.962-0400][24026ms] GC(31)   Pre Evacuate Collection Set: 0.0ms
[2023-06-19T19:29:12.962-0400][24026ms] GC(31)   Evacuate Collection Set: 4.2ms
[2023-06-19T19:29:12.962-0400][24026ms] GC(31)   Post Evacuate Collection Set: 2.1ms
[2023-06-19T19:29:12.962-0400][24026ms] GC(31)   Other: 0.2ms
[2023-06-19T19:29:12.962-0400][24026ms] GC(31) Eden regions: 175->0(174)
[2023-06-19T19:29:12.962-0400][24026ms] GC(31) Survivor regions: 6->8(23)
[2023-06-19T19:29:12.962-0400][24026ms] GC(31) Old regions: 161->161
[2023-06-19T19:29:12.962-0400][24026ms] GC(31) Humongous regions: 3->3
[2023-06-19T19:29:12.962-0400][24026ms] GC(31) Metaspace: 103138K->103138K(1146880K)
[2023-06-19T19:29:12.962-0400][24026ms] GC(31) Pause Young (Normal) (G1 Evacuation Pause) 343M->170M(401M) 6.828ms
[2023-06-19T19:29:12.962-0400][24026ms] GC(31) User=0.00s Sys=0.00s Real=0.01s
[2023-06-19T19:29:13.134-0400][24198ms] GC(32) Pause Young (Normal) (G1 Evacuation Pause)
[2023-06-19T19:29:13.134-0400][24198ms] GC(32) Using 8 workers of 8 for evacuation
[2023-06-19T19:29:13.140-0400][24204ms] GC(32)   Pre Evacuate Collection Set: 0.0ms
[2023-06-19T19:29:13.140-0400][24204ms] GC(32)   Evacuate Collection Set: 3.9ms
[2023-06-19T19:29:13.140-0400][24204ms] GC(32)   Post Evacuate Collection Set: 2.0ms
[2023-06-19T19:29:13.140-0400][24204ms] GC(32)   Other: 0.2ms
[2023-06-19T19:29:13.140-0400][24204ms] GC(32) Eden regions: 174->0(176)
[2023-06-19T19:29:13.140-0400][24204ms] GC(32) Survivor regions: 8->8(23)
[2023-06-19T19:29:13.140-0400][24204ms] GC(32) Old regions: 161->161
[2023-06-19T19:29:13.140-0400][24204ms] GC(32) Humongous regions: 3->3
[2023-06-19T19:29:13.140-0400][24204ms] GC(32) Metaspace: 103138K->103138K(1146880K)
[2023-06-19T19:29:13.140-0400][24204ms] GC(32) Pause Young (Normal) (G1 Evacuation Pause) 344M->170M(401M) 6.441ms
[2023-06-19T19:29:13.140-0400][24204ms] GC(32) User=0.02s Sys=0.00s Real=0.01s
[2023-06-19T19:29:13.452-0400][24516ms] GC(33) Pause Young (Normal) (G1 Evacuation Pause)
[2023-06-19T19:29:13.452-0400][24516ms] GC(33) Using 8 workers of 8 for evacuation
[2023-06-19T19:29:13.458-0400][24522ms] GC(33)   Pre Evacuate Collection Set: 0.0ms
[2023-06-19T19:29:13.458-0400][24522ms] GC(33)   Evacuate Collection Set: 3.3ms
[2023-06-19T19:29:13.458-0400][24522ms] GC(33)   Post Evacuate Collection Set: 2.3ms
[2023-06-19T19:29:13.458-0400][24522ms] GC(33)   Other: 0.2ms
[2023-06-19T19:29:13.458-0400][24522ms] GC(33) Eden regions: 176->0(181)
[2023-06-19T19:29:13.458-0400][24522ms] GC(33) Survivor regions: 8->6(23)
[2023-06-19T19:29:13.458-0400][24522ms] GC(33) Old regions: 161->161
[2023-06-19T19:29:13.458-0400][24522ms] GC(33) Humongous regions: 3->3
[2023-06-19T19:29:13.458-0400][24522ms] GC(33) Metaspace: 103140K->103140K(1146880K)
[2023-06-19T19:29:13.458-0400][24522ms] GC(33) Pause Young (Normal) (G1 Evacuation Pause) 346M->169M(401M) 6.054ms
[2023-06-19T19:29:13.458-0400][24522ms] GC(33) User=0.00s Sys=0.00s Real=0.01s
[2023-06-19T19:29:13.630-0400][24694ms] GC(34) Pause Young (Normal) (G1 Evacuation Pause)
[2023-06-19T19:29:13.631-0400][24695ms] GC(34) Using 8 workers of 8 for evacuation
[2023-06-19T19:29:13.636-0400][24700ms] GC(34)   Pre Evacuate Collection Set: 0.0ms
[2023-06-19T19:29:13.636-0400][24700ms] GC(34)   Evacuate Collection Set: 3.0ms
[2023-06-19T19:29:13.636-0400][24700ms] GC(34)   Post Evacuate Collection Set: 2.3ms
[2023-06-19T19:29:13.636-0400][24700ms] GC(34)   Other: 0.2ms
[2023-06-19T19:29:13.636-0400][24700ms] GC(34) Eden regions: 181->0(181)
[2023-06-19T19:29:13.636-0400][24700ms] GC(34) Survivor regions: 6->6(24)
[2023-06-19T19:29:13.636-0400][24700ms] GC(34) Old regions: 161->161
[2023-06-19T19:29:13.636-0400][24700ms] GC(34) Humongous regions: 3->3
[2023-06-19T19:29:13.636-0400][24700ms] GC(34) Metaspace: 103140K->103140K(1146880K)
[2023-06-19T19:29:13.636-0400][24700ms] GC(34) Pause Young (Normal) (G1 Evacuation Pause) 350M->168M(401M) 5.883ms
[2023-06-19T19:29:13.636-0400][24700ms] GC(34) User=0.00s Sys=0.00s Real=0.01s
[2023-06-19T19:29:16.014-0400][27078ms] GC(35) Pause Young (Normal) (G1 Evacuation Pause)
[2023-06-19T19:29:16.014-0400][27078ms] GC(35) Using 8 workers of 8 for evacuation
[2023-06-19T19:29:16.026-0400][27090ms] GC(35)   Pre Evacuate Collection Set: 0.0ms
[2023-06-19T19:29:16.026-0400][27090ms] GC(35)   Evacuate Collection Set: 8.2ms
[2023-06-19T19:29:16.026-0400][27090ms] GC(35)   Post Evacuate Collection Set: 3.4ms
[2023-06-19T19:29:16.026-0400][27090ms] GC(35)   Other: 0.3ms
[2023-06-19T19:29:16.026-0400][27090ms] GC(35) Eden regions: 181->0(176)
[2023-06-19T19:29:16.026-0400][27090ms] GC(35) Survivor regions: 6->10(24)
[2023-06-19T19:29:16.026-0400][27090ms] GC(35) Old regions: 161->161
[2023-06-19T19:29:16.026-0400][27090ms] GC(35) Humongous regions: 3->3
[2023-06-19T19:29:16.027-0400][27091ms] GC(35) Metaspace: 113163K->113163K(1155072K)
[2023-06-19T19:29:16.027-0400][27091ms] GC(35) Pause Young (Normal) (G1 Evacuation Pause) 349M->173M(401M) 12.336ms
[2023-06-19T19:29:16.027-0400][27091ms] GC(35) User=0.05s Sys=0.02s Real=0.01s
[2023-06-19T19:29:17.905-0400][28969ms] GC(36) Pause Young (Normal) (G1 Evacuation Pause)
[2023-06-19T19:29:17.905-0400][28969ms] GC(36) Using 8 workers of 8 for evacuation
[2023-06-19T19:29:17.922-0400][28986ms] GC(36)   Pre Evacuate Collection Set: 0.0ms
[2023-06-19T19:29:17.922-0400][28986ms] GC(36)   Evacuate Collection Set: 13.2ms
[2023-06-19T19:29:17.922-0400][28986ms] GC(36)   Post Evacuate Collection Set: 4.0ms
[2023-06-19T19:29:17.922-0400][28987ms] GC(36)   Other: 0.3ms
[2023-06-19T19:29:17.923-0400][28987ms] GC(36) Eden regions: 176->0(164)
[2023-06-19T19:29:17.923-0400][28987ms] GC(36) Survivor regions: 10->16(24)
[2023-06-19T19:29:17.923-0400][28987ms] GC(36) Old regions: 161->161
[2023-06-19T19:29:17.923-0400][28987ms] GC(36) Humongous regions: 3->3
[2023-06-19T19:29:17.923-0400][28987ms] GC(36) Metaspace: 118938K->118938K(1161216K)
[2023-06-19T19:29:17.923-0400][28987ms] GC(36) Pause Young (Normal) (G1 Evacuation Pause) 349M->178M(401M) 18.077ms
[2023-06-19T19:29:17.923-0400][28987ms] GC(36) User=0.17s Sys=0.02s Real=0.02s
[2023-06-19T19:29:19.601-0400][30665ms] GC(37) Pause Young (Normal) (G1 Evacuation Pause)
[2023-06-19T19:29:19.601-0400][30665ms] GC(37) Using 8 workers of 8 for evacuation
[2023-06-19T19:29:19.619-0400][30683ms] GC(37)   Pre Evacuate Collection Set: 0.0ms
[2023-06-19T19:29:19.619-0400][30683ms] GC(37)   Evacuate Collection Set: 14.3ms
[2023-06-19T19:29:19.620-0400][30684ms] GC(37)   Post Evacuate Collection Set: 3.7ms
[2023-06-19T19:29:19.620-0400][30684ms] GC(37)   Other: 0.3ms
[2023-06-19T19:29:19.620-0400][30684ms] GC(37) Eden regions: 164->0(160)
[2023-06-19T19:29:19.620-0400][30684ms] GC(37) Survivor regions: 16->16(23)
[2023-06-19T19:29:19.620-0400][30684ms] GC(37) Old regions: 161->165
[2023-06-19T19:29:19.620-0400][30684ms] GC(37) Humongous regions: 3->3
[2023-06-19T19:29:19.620-0400][30684ms] GC(37) Metaspace: 124040K->124040K(1165312K)
[2023-06-19T19:29:19.620-0400][30684ms] GC(37) Pause Young (Normal) (G1 Evacuation Pause) 342M->183M(401M) 18.870ms
[2023-06-19T19:29:19.620-0400][30684ms] GC(37) User=0.13s Sys=0.00s Real=0.02s
[2023-06-19T19:29:20.958-0400][32022ms] GC(38) Pause Young (Normal) (G1 Evacuation Pause)
[2023-06-19T19:29:20.958-0400][32022ms] GC(38) Using 8 workers of 8 for evacuation
[2023-06-19T19:29:20.976-0400][32040ms] GC(38)   Pre Evacuate Collection Set: 0.0ms
[2023-06-19T19:29:20.976-0400][32040ms] GC(38)   Evacuate Collection Set: 14.5ms
[2023-06-19T19:29:20.976-0400][32040ms] GC(38)   Post Evacuate Collection Set: 3.6ms
[2023-06-19T19:29:20.976-0400][32040ms] GC(38)   Other: 0.3ms
[2023-06-19T19:29:20.976-0400][32040ms] GC(38) Eden regions: 160->0(157)
[2023-06-19T19:29:20.976-0400][32040ms] GC(38) Survivor regions: 16->15(22)
[2023-06-19T19:29:20.976-0400][32040ms] GC(38) Old regions: 165->170
[2023-06-19T19:29:20.976-0400][32040ms] GC(38) Humongous regions: 3->3
[2023-06-19T19:29:20.976-0400][32040ms] GC(38) Metaspace: 128147K->128147K(1169408K)
[2023-06-19T19:29:20.976-0400][32040ms] GC(38) Pause Young (Normal) (G1 Evacuation Pause) 343M->186M(401M) 18.905ms
[2023-06-19T19:29:20.976-0400][32040ms] GC(38) User=0.13s Sys=0.00s Real=0.02s
[2023-06-19T19:29:23.551-0400][34615ms] GC(39) Pause Young (Normal) (G1 Evacuation Pause)
[2023-06-19T19:29:23.551-0400][34615ms] GC(39) Using 8 workers of 8 for evacuation
[2023-06-19T19:29:23.567-0400][34631ms] GC(39)   Pre Evacuate Collection Set: 0.0ms
[2023-06-19T19:29:23.567-0400][34631ms] GC(39)   Evacuate Collection Set: 12.3ms
[2023-06-19T19:29:23.567-0400][34631ms] GC(39)   Post Evacuate Collection Set: 3.6ms
[2023-06-19T19:29:23.568-0400][34632ms] GC(39)   Other: 0.4ms
[2023-06-19T19:29:23.568-0400][34632ms] GC(39) Eden regions: 157->0(147)
[2023-06-19T19:29:23.568-0400][34632ms] GC(39) Survivor regions: 15->18(22)
[2023-06-19T19:29:23.568-0400][34632ms] GC(39) Old regions: 170->174
[2023-06-19T19:29:23.568-0400][34632ms] GC(39) Humongous regions: 3->3
[2023-06-19T19:29:23.568-0400][34632ms] GC(39) Metaspace: 138463K->138463K(1177600K)
[2023-06-19T19:29:23.568-0400][34632ms] GC(39) Pause Young (Normal) (G1 Evacuation Pause) 343M->195M(401M) 16.848ms
[2023-06-19T19:29:23.568-0400][34632ms] GC(39) User=0.13s Sys=0.00s Real=0.02s
[2023-06-19T19:29:27.651-0400][38715ms] GC(40) Pause Young (Normal) (G1 Evacuation Pause)
[2023-06-19T19:29:27.651-0400][38715ms] GC(40) Using 8 workers of 8 for evacuation
[2023-06-19T19:29:27.678-0400][38742ms] GC(40)   Pre Evacuate Collection Set: 0.0ms
[2023-06-19T19:29:27.678-0400][38742ms] GC(40)   Evacuate Collection Set: 22.4ms
[2023-06-19T19:29:27.678-0400][38742ms] GC(40)   Post Evacuate Collection Set: 4.0ms
[2023-06-19T19:29:27.678-0400][38742ms] GC(40)   Other: 0.4ms
[2023-06-19T19:29:27.678-0400][38742ms] GC(40) Eden regions: 147->0(97)
[2023-06-19T19:29:27.679-0400][38743ms] GC(40) Survivor regions: 18->21(21)
[2023-06-19T19:29:27.679-0400][38743ms] GC(40) Old regions: 174->203
[2023-06-19T19:29:27.679-0400][38743ms] GC(40) Humongous regions: 5->3
[2023-06-19T19:29:27.679-0400][38743ms] GC(40) Metaspace: 139572K->139572K(1179648K)
[2023-06-19T19:29:27.679-0400][38743ms] GC(40) Pause Young (Normal) (G1 Evacuation Pause) 343M->226M(401M) 27.357ms
[2023-06-19T19:29:27.679-0400][38743ms] GC(40) User=0.25s Sys=0.00s Real=0.03s
[2023-06-19T19:29:28.040-0400][39104ms] GC(41) Pause Young (Concurrent Start) (G1 Evacuation Pause)
[2023-06-19T19:29:28.041-0400][39105ms] GC(41) Using 8 workers of 8 for evacuation
[2023-06-19T19:29:28.063-0400][39127ms] GC(41)   Pre Evacuate Collection Set: 0.2ms
[2023-06-19T19:29:28.063-0400][39127ms] GC(41)   Evacuate Collection Set: 19.2ms
[2023-06-19T19:29:28.063-0400][39127ms] GC(41)   Post Evacuate Collection Set: 2.6ms
[2023-06-19T19:29:28.063-0400][39127ms] GC(41)   Other: 0.4ms
[2023-06-19T19:29:28.063-0400][39127ms] GC(41) Eden regions: 97->0(93)
[2023-06-19T19:29:28.063-0400][39127ms] GC(41) Survivor regions: 21->8(15)
[2023-06-19T19:29:28.063-0400][39127ms] GC(41) Old regions: 203->226
[2023-06-19T19:29:28.063-0400][39127ms] GC(41) Humongous regions: 3->3
[2023-06-19T19:29:28.063-0400][39127ms] GC(41) Metaspace: 139586K->139586K(1179648K)
[2023-06-19T19:29:28.063-0400][39127ms] GC(41) Pause Young (Concurrent Start) (G1 Evacuation Pause) 323M->236M(401M) 22.704ms
[2023-06-19T19:29:28.063-0400][39127ms] GC(41) User=0.17s Sys=0.00s Real=0.02s
[2023-06-19T19:29:28.063-0400][39127ms] GC(42) Concurrent Cycle
[2023-06-19T19:29:28.063-0400][39127ms] GC(42) Concurrent Clear Claimed Marks
[2023-06-19T19:29:28.064-0400][39128ms] GC(42) Concurrent Clear Claimed Marks 0.171ms
[2023-06-19T19:29:28.064-0400][39128ms] GC(42) Concurrent Scan Root Regions
[2023-06-19T19:29:28.068-0400][39132ms] GC(42) Concurrent Scan Root Regions 4.016ms
[2023-06-19T19:29:28.068-0400][39132ms] GC(42) Concurrent Mark (39.131s)
[2023-06-19T19:29:28.068-0400][39132ms] GC(42) Concurrent Mark From Roots
[2023-06-19T19:29:28.068-0400][39132ms] GC(42) Using 2 workers of 2 for marking
[2023-06-19T19:29:28.187-0400][39251ms] GC(42) Concurrent Mark From Roots 119.698ms
[2023-06-19T19:29:28.188-0400][39252ms] GC(42) Concurrent Preclean
[2023-06-19T19:29:28.188-0400][39252ms] GC(42) Concurrent Preclean 0.524ms
[2023-06-19T19:29:28.188-0400][39252ms] GC(42) Concurrent Mark (39.131s, 39.251s) 120.444ms
[2023-06-19T19:29:28.189-0400][39253ms] GC(42) Pause Remark
[2023-06-19T19:29:28.212-0400][39276ms] GC(42) Cleaned string and symbol table, strings: 71289 processed, 808 removed, symbols: 380477 processed, 1037 removed
[2023-06-19T19:29:28.213-0400][39277ms] GC(42) Pause Remark 260M->252M(401M) 24.253ms
[2023-06-19T19:29:28.213-0400][39277ms] GC(42) User=0.13s Sys=0.00s Real=0.02s
[2023-06-19T19:29:28.213-0400][39277ms] GC(42) Concurrent Rebuild Remembered Sets
[2023-06-19T19:29:28.297-0400][39361ms] GC(42) Concurrent Rebuild Remembered Sets 83.584ms
[2023-06-19T19:29:28.297-0400][39361ms] GC(42) Pause Cleanup
[2023-06-19T19:29:28.297-0400][39361ms] GC(42) Pause Cleanup 272M->272M(401M) 0.252ms
[2023-06-19T19:29:28.297-0400][39361ms] GC(42) User=0.00s Sys=0.00s Real=0.00s
[2023-06-19T19:29:28.297-0400][39361ms] GC(42) Concurrent Cleanup for Next Mark
[2023-06-19T19:29:28.298-0400][39362ms] GC(42) Concurrent Cleanup for Next Mark 0.370ms
[2023-06-19T19:29:28.298-0400][39362ms] GC(42) Concurrent Cycle 234.475ms
[2023-06-19T19:29:28.474-0400][39538ms] GC(43) Pause Young (Prepare Mixed) (G1 Evacuation Pause)
[2023-06-19T19:29:28.474-0400][39538ms] GC(43) Using 8 workers of 8 for evacuation
[2023-06-19T19:29:28.486-0400][39550ms] GC(43)   Pre Evacuate Collection Set: 0.0ms
[2023-06-19T19:29:28.486-0400][39550ms] GC(43)   Evacuate Collection Set: 8.9ms
[2023-06-19T19:29:28.486-0400][39550ms] GC(43)   Post Evacuate Collection Set: 2.4ms
[2023-06-19T19:29:28.486-0400][39550ms] GC(43)   Other: 0.3ms
[2023-06-19T19:29:28.486-0400][39550ms] GC(43) Eden regions: 93->0(9)
[2023-06-19T19:29:28.486-0400][39550ms] GC(43) Survivor regions: 8->11(13)
[2023-06-19T19:29:28.486-0400][39550ms] GC(43) Old regions: 218->218
[2023-06-19T19:29:28.486-0400][39550ms] GC(43) Humongous regions: 3->3
[2023-06-19T19:29:28.486-0400][39550ms] GC(43) Metaspace: 139588K->139588K(1179648K)
[2023-06-19T19:29:28.486-0400][39550ms] GC(43) Pause Young (Prepare Mixed) (G1 Evacuation Pause) 321M->232M(401M) 11.923ms
[2023-06-19T19:29:28.486-0400][39550ms] GC(43) User=0.02s Sys=0.00s Real=0.01s
[2023-06-19T19:29:28.514-0400][39578ms] GC(44) Pause Young (Mixed) (G1 Evacuation Pause)
[2023-06-19T19:29:28.514-0400][39578ms] GC(44) Using 8 workers of 8 for evacuation
[2023-06-19T19:29:28.525-0400][39589ms] GC(44)   Pre Evacuate Collection Set: 0.0ms
[2023-06-19T19:29:28.525-0400][39589ms] GC(44)   Evacuate Collection Set: 7.5ms
[2023-06-19T19:29:28.525-0400][39589ms] GC(44)   Post Evacuate Collection Set: 2.2ms
[2023-06-19T19:29:28.525-0400][39589ms] GC(44)   Other: 0.3ms
[2023-06-19T19:29:28.525-0400][39589ms] GC(44) Eden regions: 9->0(17)
[2023-06-19T19:29:28.525-0400][39589ms] GC(44) Survivor regions: 11->3(3)
[2023-06-19T19:29:28.525-0400][39589ms] GC(44) Old regions: 218->187
[2023-06-19T19:29:28.525-0400][39589ms] GC(44) Humongous regions: 3->3
[2023-06-19T19:29:28.525-0400][39589ms] GC(44) Metaspace: 139588K->139588K(1179648K)
[2023-06-19T19:29:28.525-0400][39589ms] GC(44) Pause Young (Mixed) (G1 Evacuation Pause) 241M->192M(401M) 10.359ms
[2023-06-19T19:29:28.525-0400][39589ms] GC(44) User=0.11s Sys=0.02s Real=0.01s
[2023-06-19T19:29:28.573-0400][39637ms] GC(45) Pause Young (Mixed) (G1 Evacuation Pause)
[2023-06-19T19:29:28.573-0400][39637ms] GC(45) Using 8 workers of 8 for evacuation
[2023-06-19T19:29:28.582-0400][39646ms] GC(45)   Pre Evacuate Collection Set: 0.1ms
[2023-06-19T19:29:28.582-0400][39646ms] GC(45)   Evacuate Collection Set: 6.3ms
[2023-06-19T19:29:28.582-0400][39646ms] GC(45)   Post Evacuate Collection Set: 2.5ms
[2023-06-19T19:29:28.582-0400][39646ms] GC(45)   Other: 0.3ms
[2023-06-19T19:29:28.582-0400][39646ms] GC(45) Eden regions: 17->0(130)
[2023-06-19T19:29:28.582-0400][39646ms] GC(45) Survivor regions: 3->2(3)
[2023-06-19T19:29:28.582-0400][39646ms] GC(45) Old regions: 187->167
[2023-06-19T19:29:28.582-0400][39646ms] GC(45) Humongous regions: 3->3
[2023-06-19T19:29:28.582-0400][39646ms] GC(45) Metaspace: 139588K->139588K(1179648K)
[2023-06-19T19:29:28.582-0400][39646ms] GC(45) Pause Young (Mixed) (G1 Evacuation Pause) 209M->170M(401M) 9.472ms
[2023-06-19T19:29:28.582-0400][39646ms] GC(45) User=0.13s Sys=0.00s Real=0.01s
[2023-06-19T19:29:28.953-0400][40017ms] GC(46) Pause Young (Normal) (G1 Evacuation Pause)
[2023-06-19T19:29:28.953-0400][40017ms] GC(46) Using 8 workers of 8 for evacuation
[2023-06-19T19:29:28.964-0400][40028ms] GC(46)   Pre Evacuate Collection Set: 0.0ms
[2023-06-19T19:29:28.964-0400][40028ms] GC(46)   Evacuate Collection Set: 7.6ms
[2023-06-19T19:29:28.964-0400][40028ms] GC(46)   Post Evacuate Collection Set: 2.6ms
[2023-06-19T19:29:28.964-0400][40028ms] GC(46)   Other: 0.2ms
[2023-06-19T19:29:28.964-0400][40028ms] GC(46) Eden regions: 130->0(131)
[2023-06-19T19:29:28.964-0400][40028ms] GC(46) Survivor regions: 2->9(17)
[2023-06-19T19:29:28.964-0400][40028ms] GC(46) Old regions: 167->167
[2023-06-19T19:29:28.964-0400][40028ms] GC(46) Humongous regions: 3->3
[2023-06-19T19:29:28.964-0400][40028ms] GC(46) Metaspace: 139599K->139599K(1179648K)
[2023-06-19T19:29:28.964-0400][40028ms] GC(46) Pause Young (Normal) (G1 Evacuation Pause) 300M->178M(401M) 10.769ms
[2023-06-19T19:29:28.964-0400][40028ms] GC(46) User=0.00s Sys=0.00s Real=0.01s
[2023-06-19T19:29:29.307-0400][40371ms] GC(47) Pause Young (Normal) (G1 Evacuation Pause)
[2023-06-19T19:29:29.307-0400][40371ms] GC(47) Using 8 workers of 8 for evacuation
[2023-06-19T19:29:29.328-0400][40392ms] GC(47)   Pre Evacuate Collection Set: 0.0ms
[2023-06-19T19:29:29.328-0400][40392ms] GC(47)   Evacuate Collection Set: 17.8ms
[2023-06-19T19:29:29.328-0400][40392ms] GC(47)   Post Evacuate Collection Set: 2.1ms
[2023-06-19T19:29:29.328-0400][40392ms] GC(47)   Other: 0.5ms
[2023-06-19T19:29:29.328-0400][40392ms] GC(47) Eden regions: 131->0(130)
[2023-06-19T19:29:29.328-0400][40392ms] GC(47) Survivor regions: 9->17(18)
[2023-06-19T19:29:29.328-0400][40392ms] GC(47) Old regions: 167->167
[2023-06-19T19:29:29.328-0400][40392ms] GC(47) Humongous regions: 3->3
[2023-06-19T19:29:29.328-0400][40392ms] GC(47) Metaspace: 139599K->139599K(1179648K)
[2023-06-19T19:29:29.328-0400][40392ms] GC(47) Pause Young (Normal) (G1 Evacuation Pause) 309M->185M(401M) 20.712ms
[2023-06-19T19:29:29.328-0400][40392ms] GC(47) User=0.14s Sys=0.00s Real=0.02s
[2023-06-19T19:29:29.598-0400][40662ms] GC(48) Pause Young (Normal) (G1 Evacuation Pause)
[2023-06-19T19:29:29.598-0400][40662ms] GC(48) Using 8 workers of 8 for evacuation
[2023-06-19T19:29:29.616-0400][40680ms] GC(48)   Pre Evacuate Collection Set: 0.0ms
[2023-06-19T19:29:29.616-0400][40680ms] GC(48)   Evacuate Collection Set: 15.4ms
[2023-06-19T19:29:29.616-0400][40680ms] GC(48)   Post Evacuate Collection Set: 2.4ms
[2023-06-19T19:29:29.616-0400][40680ms] GC(48)   Other: 0.2ms
[2023-06-19T19:29:29.616-0400][40680ms] GC(48) Eden regions: 130->0(130)
[2023-06-19T19:29:29.616-0400][40680ms] GC(48) Survivor regions: 17->15(19)
[2023-06-19T19:29:29.616-0400][40680ms] GC(48) Old regions: 167->175
[2023-06-19T19:29:29.617-0400][40681ms] GC(48) Humongous regions: 3->3
[2023-06-19T19:29:29.617-0400][40681ms] GC(48) Metaspace: 139599K->139599K(1179648K)
[2023-06-19T19:29:29.617-0400][40681ms] GC(48) Pause Young (Normal) (G1 Evacuation Pause) 315M->192M(401M) 18.340ms
[2023-06-19T19:29:29.617-0400][40681ms] GC(48) User=0.13s Sys=0.00s Real=0.02s
[2023-06-19T19:29:29.925-0400][40989ms] GC(49) Pause Young (Normal) (G1 Evacuation Pause)
[2023-06-19T19:29:29.925-0400][40989ms] GC(49) Using 8 workers of 8 for evacuation
[2023-06-19T19:29:29.941-0400][41005ms] GC(49)   Pre Evacuate Collection Set: 0.0ms
[2023-06-19T19:29:29.941-0400][41005ms] GC(49)   Evacuate Collection Set: 13.8ms
[2023-06-19T19:29:29.941-0400][41005ms] GC(49)   Post Evacuate Collection Set: 2.2ms
[2023-06-19T19:29:29.941-0400][41005ms] GC(49)   Other: 0.2ms
[2023-06-19T19:29:29.941-0400][41005ms] GC(49) Eden regions: 130->0(127)
[2023-06-19T19:29:29.942-0400][41006ms] GC(49) Survivor regions: 15->16(19)
[2023-06-19T19:29:29.942-0400][41006ms] GC(49) Old regions: 175->183
[2023-06-19T19:29:29.942-0400][41006ms] GC(49) Humongous regions: 3->3
[2023-06-19T19:29:29.942-0400][41006ms] GC(49) Metaspace: 139599K->139599K(1179648K)
[2023-06-19T19:29:29.942-0400][41006ms] GC(49) Pause Young (Normal) (G1 Evacuation Pause) 322M->200M(401M) 16.517ms
[2023-06-19T19:29:29.942-0400][41006ms] GC(49) User=0.13s Sys=0.00s Real=0.02s
[2023-06-19T19:29:30.225-0400][41289ms] GC(50) Pause Young (Concurrent Start) (G1 Evacuation Pause)
[2023-06-19T19:29:30.225-0400][41289ms] GC(50) Using 8 workers of 8 for evacuation
[2023-06-19T19:29:30.243-0400][41307ms] GC(50)   Pre Evacuate Collection Set: 0.1ms
[2023-06-19T19:29:30.243-0400][41307ms] GC(50)   Evacuate Collection Set: 15.1ms
[2023-06-19T19:29:30.243-0400][41307ms] GC(50)   Post Evacuate Collection Set: 2.2ms
[2023-06-19T19:29:30.243-0400][41307ms] GC(50)   Other: 0.3ms
[2023-06-19T19:29:30.243-0400][41307ms] GC(50) Eden regions: 127->0(123)
[2023-06-19T19:29:30.243-0400][41307ms] GC(50) Survivor regions: 16->17(18)
[2023-06-19T19:29:30.243-0400][41307ms] GC(50) Old regions: 183->190
[2023-06-19T19:29:30.243-0400][41307ms] GC(50) Humongous regions: 3->3
[2023-06-19T19:29:30.243-0400][41307ms] GC(50) Metaspace: 139599K->139599K(1179648K)
[2023-06-19T19:29:30.243-0400][41307ms] GC(50) Pause Young (Concurrent Start) (G1 Evacuation Pause) 327M->208M(401M) 17.985ms
[2023-06-19T19:29:30.243-0400][41307ms] GC(50) User=0.13s Sys=0.00s Real=0.02s
[2023-06-19T19:29:30.243-0400][41307ms] GC(51) Concurrent Cycle
[2023-06-19T19:29:30.243-0400][41307ms] GC(51) Concurrent Clear Claimed Marks
[2023-06-19T19:29:30.244-0400][41308ms] GC(51) Concurrent Clear Claimed Marks 0.194ms
[2023-06-19T19:29:30.244-0400][41308ms] GC(51) Concurrent Scan Root Regions
[2023-06-19T19:29:30.251-0400][41315ms] GC(51) Concurrent Scan Root Regions 7.795ms
[2023-06-19T19:29:30.251-0400][41315ms] GC(51) Concurrent Mark (41.315s)
[2023-06-19T19:29:30.251-0400][41315ms] GC(51) Concurrent Mark From Roots
[2023-06-19T19:29:30.252-0400][41316ms] GC(51) Using 2 workers of 2 for marking
[2023-06-19T19:29:30.383-0400][41447ms] GC(51) Concurrent Mark From Roots 131.825ms
[2023-06-19T19:29:30.383-0400][41447ms] GC(51) Concurrent Preclean
[2023-06-19T19:29:30.384-0400][41448ms] GC(51) Concurrent Preclean 0.472ms
[2023-06-19T19:29:30.384-0400][41448ms] GC(51) Concurrent Mark (41.315s, 41.447s) 132.458ms
[2023-06-19T19:29:30.384-0400][41448ms] GC(51) Pause Remark
[2023-06-19T19:29:30.395-0400][41459ms] GC(51) Cleaned string and symbol table, strings: 70500 processed, 581 removed, symbols: 379440 processed, 0 removed
[2023-06-19T19:29:30.396-0400][41460ms] GC(51) Pause Remark 259M->253M(401M) 11.639ms
[2023-06-19T19:29:30.396-0400][41460ms] GC(51) User=0.13s Sys=0.00s Real=0.01s
[2023-06-19T19:29:30.396-0400][41460ms] GC(51) Concurrent Rebuild Remembered Sets
[2023-06-19T19:29:30.483-0400][41547ms] GC(51) Concurrent Rebuild Remembered Sets 87.087ms
[2023-06-19T19:29:30.484-0400][41548ms] GC(51) Pause Cleanup
[2023-06-19T19:29:30.484-0400][41548ms] GC(51) Pause Cleanup 286M->286M(401M) 0.207ms
[2023-06-19T19:29:30.484-0400][41548ms] GC(51) User=0.00s Sys=0.00s Real=0.00s
[2023-06-19T19:29:30.484-0400][41548ms] GC(51) Concurrent Cleanup for Next Mark
[2023-06-19T19:29:30.484-0400][41548ms] GC(51) Concurrent Cleanup for Next Mark 0.324ms
[2023-06-19T19:29:30.484-0400][41548ms] GC(51) Concurrent Cycle 241.035ms
[2023-06-19T19:29:30.589-0400][41653ms] GC(52) Pause Young (Prepare Mixed) (G1 Evacuation Pause)
[2023-06-19T19:29:30.589-0400][41653ms] GC(52) Using 8 workers of 8 for evacuation
[2023-06-19T19:29:30.607-0400][41671ms] GC(52)   Pre Evacuate Collection Set: 0.0ms
[2023-06-19T19:29:30.607-0400][41671ms] GC(52)   Evacuate Collection Set: 15.4ms
[2023-06-19T19:29:30.607-0400][41671ms] GC(52)   Post Evacuate Collection Set: 2.2ms
[2023-06-19T19:29:30.607-0400][41671ms] GC(52)   Other: 0.3ms
[2023-06-19T19:29:30.607-0400][41671ms] GC(52) Eden regions: 123->0(6)
[2023-06-19T19:29:30.607-0400][41671ms] GC(52) Survivor regions: 17->14(18)
[2023-06-19T19:29:30.607-0400][41671ms] GC(52) Old regions: 184->192
[2023-06-19T19:29:30.607-0400][41671ms] GC(52) Humongous regions: 4->4
[2023-06-19T19:29:30.607-0400][41671ms] GC(52) Metaspace: 139599K->139599K(1179648K)
[2023-06-19T19:29:30.607-0400][41671ms] GC(52) Pause Young (Prepare Mixed) (G1 Evacuation Pause) 326M->209M(401M) 18.188ms
[2023-06-19T19:29:30.607-0400][41671ms] GC(52) User=0.13s Sys=0.00s Real=0.02s
[2023-06-19T19:29:30.622-0400][41686ms] GC(53) Pause Young (Mixed) (G1 Evacuation Pause)
[2023-06-19T19:29:30.622-0400][41686ms] GC(53) Using 8 workers of 8 for evacuation
[2023-06-19T19:29:30.639-0400][41703ms] GC(53)   Pre Evacuate Collection Set: 0.0ms
[2023-06-19T19:29:30.639-0400][41703ms] GC(53)   Evacuate Collection Set: 13.9ms
[2023-06-19T19:29:30.639-0400][41703ms] GC(53)   Post Evacuate Collection Set: 2.5ms
[2023-06-19T19:29:30.639-0400][41703ms] GC(53)   Other: 0.3ms
[2023-06-19T19:29:30.639-0400][41703ms] GC(53) Eden regions: 6->0(139)
[2023-06-19T19:29:30.639-0400][41703ms] GC(53) Survivor regions: 14->2(3)
[2023-06-19T19:29:30.639-0400][41703ms] GC(53) Old regions: 192->183
[2023-06-19T19:29:30.639-0400][41703ms] GC(53) Humongous regions: 4->4
[2023-06-19T19:29:30.639-0400][41703ms] GC(53) Metaspace: 139599K->139599K(1179648K)
[2023-06-19T19:29:30.639-0400][41703ms] GC(53) Pause Young (Mixed) (G1 Evacuation Pause) 215M->188M(401M) 16.997ms
[2023-06-19T19:29:30.639-0400][41703ms] GC(53) User=0.13s Sys=0.00s Real=0.02s
[2023-06-19T19:29:30.956-0400][42020ms] GC(54) Pause Young (Concurrent Start) (G1 Evacuation Pause)
[2023-06-19T19:29:30.956-0400][42020ms] GC(54) Using 8 workers of 8 for evacuation
[2023-06-19T19:29:30.966-0400][42030ms] GC(54)   Pre Evacuate Collection Set: 0.2ms
[2023-06-19T19:29:30.966-0400][42030ms] GC(54)   Evacuate Collection Set: 7.9ms
[2023-06-19T19:29:30.966-0400][42030ms] GC(54)   Post Evacuate Collection Set: 2.3ms
[2023-06-19T19:29:30.966-0400][42030ms] GC(54)   Other: 0.2ms
[2023-06-19T19:29:30.966-0400][42030ms] GC(54) Eden regions: 139->0(137)
[2023-06-19T19:29:30.966-0400][42030ms] GC(54) Survivor regions: 2->8(18)
[2023-06-19T19:29:30.966-0400][42030ms] GC(54) Old regions: 183->183
[2023-06-19T19:29:30.966-0400][42030ms] GC(54) Humongous regions: 4->4
[2023-06-19T19:29:30.966-0400][42030ms] GC(54) Metaspace: 139599K->139599K(1179648K)
[2023-06-19T19:29:30.967-0400][42031ms] GC(54) Pause Young (Concurrent Start) (G1 Evacuation Pause) 327M->193M(401M) 10.790ms
[2023-06-19T19:29:30.967-0400][42031ms] GC(54) User=0.00s Sys=0.00s Real=0.01s
[2023-06-19T19:29:30.967-0400][42031ms] GC(55) Concurrent Cycle
[2023-06-19T19:29:30.967-0400][42031ms] GC(55) Concurrent Clear Claimed Marks
[2023-06-19T19:29:30.967-0400][42031ms] GC(55) Concurrent Clear Claimed Marks 0.141ms
[2023-06-19T19:29:30.967-0400][42031ms] GC(55) Concurrent Scan Root Regions
[2023-06-19T19:29:30.970-0400][42034ms] GC(55) Concurrent Scan Root Regions 3.579ms
[2023-06-19T19:29:30.971-0400][42035ms] GC(55) Concurrent Mark (42.033s)
[2023-06-19T19:29:30.971-0400][42035ms] GC(55) Concurrent Mark From Roots
[2023-06-19T19:29:30.971-0400][42035ms] GC(55) Using 2 workers of 2 for marking
[2023-06-19T19:29:31.105-0400][42169ms] GC(55) Concurrent Mark From Roots 134.781ms
[2023-06-19T19:29:31.106-0400][42170ms] GC(55) Concurrent Preclean
[2023-06-19T19:29:31.106-0400][42170ms] GC(55) Concurrent Preclean 0.497ms
[2023-06-19T19:29:31.106-0400][42170ms] GC(55) Concurrent Mark (42.033s, 42.169s) 135.534ms
[2023-06-19T19:29:31.106-0400][42170ms] GC(55) Pause Remark
[2023-06-19T19:29:31.118-0400][42182ms] GC(55) Cleaned string and symbol table, strings: 69919 processed, 0 removed, symbols: 379440 processed, 0 removed
[2023-06-19T19:29:31.118-0400][42182ms] GC(55) Pause Remark 244M->243M(401M) 11.450ms
[2023-06-19T19:29:31.118-0400][42182ms] GC(55) User=0.02s Sys=0.00s Real=0.01s
[2023-06-19T19:29:31.118-0400][42182ms] GC(55) Concurrent Rebuild Remembered Sets
[2023-06-19T19:29:31.208-0400][42272ms] GC(55) Concurrent Rebuild Remembered Sets 89.717ms
[2023-06-19T19:29:31.208-0400][42272ms] GC(55) Pause Cleanup
[2023-06-19T19:29:31.209-0400][42273ms] GC(55) Pause Cleanup 272M->272M(401M) 0.247ms
[2023-06-19T19:29:31.209-0400][42273ms] GC(55) User=0.00s Sys=0.00s Real=0.00s
[2023-06-19T19:29:31.209-0400][42273ms] GC(55) Concurrent Cleanup for Next Mark
[2023-06-19T19:29:31.209-0400][42273ms] GC(55) Concurrent Cleanup for Next Mark 0.375ms
[2023-06-19T19:29:31.209-0400][42273ms] GC(55) Concurrent Cycle 242.505ms
[2023-06-19T19:29:31.443-0400][42507ms] GC(56) Pause Young (Normal) (G1 Evacuation Pause)
[2023-06-19T19:29:31.443-0400][42507ms] GC(56) Using 8 workers of 8 for evacuation
[2023-06-19T19:29:31.460-0400][42524ms] GC(56)   Pre Evacuate Collection Set: 0.0ms
[2023-06-19T19:29:31.460-0400][42524ms] GC(56)   Evacuate Collection Set: 11.3ms
[2023-06-19T19:29:31.460-0400][42524ms] GC(56)   Post Evacuate Collection Set: 5.7ms
[2023-06-19T19:29:31.460-0400][42524ms] GC(56)   Other: 0.2ms
[2023-06-19T19:29:31.460-0400][42524ms] GC(56) Eden regions: 137->0(222)
[2023-06-19T19:29:31.460-0400][42524ms] GC(56) Survivor regions: 8->16(19)
[2023-06-19T19:29:31.460-0400][42524ms] GC(56) Old regions: 183->183
[2023-06-19T19:29:31.460-0400][42524ms] GC(56) Humongous regions: 3->3
[2023-06-19T19:29:31.460-0400][42524ms] GC(56) Metaspace: 139602K->139602K(1179648K)
[2023-06-19T19:29:31.460-0400][42524ms] GC(56) Pause Young (Normal) (G1 Evacuation Pause) 329M->201M(546M) 17.508ms
[2023-06-19T19:29:31.460-0400][42524ms] GC(56) User=0.13s Sys=0.00s Real=0.02s
[2023-06-19T19:29:33.586-0400][44650ms] GC(57) Pause Young (Normal) (G1 Evacuation Pause)
[2023-06-19T19:29:33.586-0400][44650ms] GC(57) Using 8 workers of 8 for evacuation
[2023-06-19T19:29:33.596-0400][44660ms] GC(57)   Pre Evacuate Collection Set: 0.2ms
[2023-06-19T19:29:33.596-0400][44660ms] GC(57)   Evacuate Collection Set: 5.8ms
[2023-06-19T19:29:33.596-0400][44660ms] GC(57)   Post Evacuate Collection Set: 3.3ms
[2023-06-19T19:29:33.596-0400][44660ms] GC(57)   Other: 0.6ms
[2023-06-19T19:29:33.596-0400][44660ms] GC(57) Eden regions: 222->0(249)
[2023-06-19T19:29:33.596-0400][44660ms] GC(57) Survivor regions: 16->10(30)
[2023-06-19T19:29:33.596-0400][44660ms] GC(57) Old regions: 183->183
[2023-06-19T19:29:33.596-0400][44660ms] GC(57) Humongous regions: 3->3
[2023-06-19T19:29:33.596-0400][44660ms] GC(57) Metaspace: 140814K->140814K(1179648K)
[2023-06-19T19:29:33.596-0400][44660ms] GC(57) Pause Young (Normal) (G1 Evacuation Pause) 423M->195M(546M) 10.140ms
[2023-06-19T19:29:33.597-0400][44661ms] GC(57) User=0.03s Sys=0.02s Real=0.01s
[2023-06-19T19:29:35.034-0400][46098ms] GC(58) Pause Young (Normal) (G1 Evacuation Pause)
[2023-06-19T19:29:35.034-0400][46098ms] GC(58) Using 8 workers of 8 for evacuation
[2023-06-19T19:29:35.043-0400][46107ms] GC(58)   Pre Evacuate Collection Set: 0.0ms
[2023-06-19T19:29:35.043-0400][46107ms] GC(58)   Evacuate Collection Set: 5.9ms
[2023-06-19T19:29:35.043-0400][46107ms] GC(58)   Post Evacuate Collection Set: 2.9ms
[2023-06-19T19:29:35.043-0400][46107ms] GC(58)   Other: 0.3ms
[2023-06-19T19:29:35.043-0400][46107ms] GC(58) Eden regions: 249->0(253)
[2023-06-19T19:29:35.043-0400][46107ms] GC(58) Survivor regions: 10->11(33)
[2023-06-19T19:29:35.043-0400][46108ms] GC(58) Old regions: 183->183
[2023-06-19T19:29:35.044-0400][46108ms] GC(58) Humongous regions: 3->3
[2023-06-19T19:29:35.044-0400][46108ms] GC(58) Metaspace: 141830K->141830K(1181696K)
[2023-06-19T19:29:35.044-0400][46108ms] GC(58) Pause Young (Normal) (G1 Evacuation Pause) 444M->196M(546M) 9.569ms
[2023-06-19T19:29:35.044-0400][46108ms] GC(58) User=0.00s Sys=0.00s Real=0.01s
[2023-06-19T19:29:35.422-0400][46486ms] GC(59) Pause Young (Normal) (G1 Evacuation Pause)
[2023-06-19T19:29:35.422-0400][46486ms] GC(59) Using 8 workers of 8 for evacuation
[2023-06-19T19:29:35.430-0400][46494ms] GC(59)   Pre Evacuate Collection Set: 0.0ms
[2023-06-19T19:29:35.430-0400][46494ms] GC(59)   Evacuate Collection Set: 4.8ms
[2023-06-19T19:29:35.430-0400][46494ms] GC(59)   Post Evacuate Collection Set: 2.4ms
[2023-06-19T19:29:35.430-0400][46494ms] GC(59)   Other: 0.2ms
[2023-06-19T19:29:35.430-0400][46494ms] GC(59) Eden regions: 253->0(262)
[2023-06-19T19:29:35.430-0400][46494ms] GC(59) Survivor regions: 11->10(33)
[2023-06-19T19:29:35.430-0400][46494ms] GC(59) Old regions: 183->183
[2023-06-19T19:29:35.430-0400][46494ms] GC(59) Humongous regions: 3->3
[2023-06-19T19:29:35.430-0400][46494ms] GC(59) Metaspace: 141830K->141830K(1181696K)
[2023-06-19T19:29:35.430-0400][46494ms] GC(59) Pause Young (Normal) (G1 Evacuation Pause) 449M->195M(546M) 7.745ms
[2023-06-19T19:29:35.430-0400][46494ms] GC(59) User=0.00s Sys=0.00s Real=0.01s
[2023-06-19T19:29:36.760-0400][47824ms] GC(60) Pause Young (Normal) (G1 Evacuation Pause)
[2023-06-19T19:29:36.760-0400][47824ms] GC(60) Using 8 workers of 8 for evacuation
[2023-06-19T19:29:36.769-0400][47833ms] GC(60)   Pre Evacuate Collection Set: 0.0ms
[2023-06-19T19:29:36.769-0400][47833ms] GC(60)   Evacuate Collection Set: 5.9ms
[2023-06-19T19:29:36.769-0400][47833ms] GC(60)   Post Evacuate Collection Set: 2.5ms
[2023-06-19T19:29:36.769-0400][47833ms] GC(60)   Other: 0.3ms
[2023-06-19T19:29:36.769-0400][47833ms] GC(60) Eden regions: 262->0(265)
[2023-06-19T19:29:36.769-0400][47833ms] GC(60) Survivor regions: 10->12(34)
[2023-06-19T19:29:36.769-0400][47833ms] GC(60) Old regions: 183->183
[2023-06-19T19:29:36.769-0400][47833ms] GC(60) Humongous regions: 3->3
[2023-06-19T19:29:36.769-0400][47833ms] GC(60) Metaspace: 141844K->141844K(1181696K)
[2023-06-19T19:29:36.769-0400][47833ms] GC(60) Pause Young (Normal) (G1 Evacuation Pause) 457M->197M(546M) 8.969ms
[2023-06-19T19:29:36.769-0400][47833ms] GC(60) User=0.13s Sys=0.00s Real=0.01s
[2023-06-19T19:29:37.120-0400][48184ms] GC(61) Pause Young (Normal) (G1 Evacuation Pause)
[2023-06-19T19:29:37.120-0400][48184ms] GC(61) Using 8 workers of 8 for evacuation
[2023-06-19T19:29:37.127-0400][48191ms] GC(61)   Pre Evacuate Collection Set: 0.0ms
[2023-06-19T19:29:37.127-0400][48191ms] GC(61)   Evacuate Collection Set: 4.8ms
[2023-06-19T19:29:37.127-0400][48191ms] GC(61)   Post Evacuate Collection Set: 2.4ms
[2023-06-19T19:29:37.127-0400][48191ms] GC(61)   Other: 0.3ms
[2023-06-19T19:29:37.127-0400][48191ms] GC(61) Eden regions: 265->0(274)
[2023-06-19T19:29:37.127-0400][48191ms] GC(61) Survivor regions: 12->10(35)
[2023-06-19T19:29:37.127-0400][48191ms] GC(61) Old regions: 183->183
[2023-06-19T19:29:37.127-0400][48191ms] GC(61) Humongous regions: 3->3
[2023-06-19T19:29:37.127-0400][48191ms] GC(61) Metaspace: 141844K->141844K(1181696K)
[2023-06-19T19:29:37.127-0400][48191ms] GC(61) Pause Young (Normal) (G1 Evacuation Pause) 462M->195M(546M) 7.660ms
[2023-06-19T19:29:37.127-0400][48191ms] GC(61) User=0.13s Sys=0.00s Real=0.01s
[2023-06-19T19:29:38.043-0400][49107ms] GC(62) Pause Young (Normal) (G1 Evacuation Pause)
[2023-06-19T19:29:38.043-0400][49107ms] GC(62) Using 8 workers of 8 for evacuation
[2023-06-19T19:29:38.053-0400][49117ms] GC(62)   Pre Evacuate Collection Set: 0.0ms
[2023-06-19T19:29:38.053-0400][49117ms] GC(62)   Evacuate Collection Set: 7.6ms
[2023-06-19T19:29:38.053-0400][49117ms] GC(62)   Post Evacuate Collection Set: 2.8ms
[2023-06-19T19:29:38.053-0400][49117ms] GC(62)   Other: 0.3ms
[2023-06-19T19:29:38.053-0400][49117ms] GC(62) Eden regions: 274->0(274)
[2023-06-19T19:29:38.054-0400][49118ms] GC(62) Survivor regions: 10->12(36)
[2023-06-19T19:29:38.054-0400][49118ms] GC(62) Old regions: 183->183
[2023-06-19T19:29:38.054-0400][49118ms] GC(62) Humongous regions: 3->3
[2023-06-19T19:29:38.054-0400][49118ms] GC(62) Metaspace: 143941K->143941K(1183744K)
[2023-06-19T19:29:38.054-0400][49118ms] GC(62) Pause Young (Normal) (G1 Evacuation Pause) 469M->197M(546M) 11.092ms
[2023-06-19T19:29:38.054-0400][49118ms] GC(62) User=0.13s Sys=0.00s Real=0.01s
[2023-06-19T19:29:41.208-0400][52272ms] GC(63) Pause Young (Normal) (G1 Evacuation Pause)
[2023-06-19T19:29:41.208-0400][52272ms] GC(63) Using 8 workers of 8 for evacuation
[2023-06-19T19:29:41.225-0400][52289ms] GC(63)   Pre Evacuate Collection Set: 0.0ms
[2023-06-19T19:29:41.225-0400][52289ms] GC(63)   Evacuate Collection Set: 12.3ms
[2023-06-19T19:29:41.225-0400][52289ms] GC(63)   Post Evacuate Collection Set: 3.9ms
[2023-06-19T19:29:41.225-0400][52289ms] GC(63)   Other: 0.3ms
[2023-06-19T19:29:41.225-0400][52289ms] GC(63) Eden regions: 274->0(268)
[2023-06-19T19:29:41.225-0400][52289ms] GC(63) Survivor regions: 12->18(36)
[2023-06-19T19:29:41.225-0400][52289ms] GC(63) Old regions: 183->183
[2023-06-19T19:29:41.225-0400][52289ms] GC(63) Humongous regions: 3->3
[2023-06-19T19:29:41.225-0400][52289ms] GC(63) Metaspace: 155935K->155935K(1193984K)
[2023-06-19T19:29:41.225-0400][52289ms] GC(63) Pause Young (Normal) (G1 Evacuation Pause) 471M->203M(546M) 16.918ms
[2023-06-19T19:29:41.225-0400][52289ms] GC(63) User=0.13s Sys=0.00s Real=0.02s
[2023-06-19T19:29:43.377-0400][54441ms] GC(64) Pause Young (Normal) (G1 Evacuation Pause)
[2023-06-19T19:29:43.377-0400][54441ms] GC(64) Using 8 workers of 8 for evacuation
[2023-06-19T19:29:43.400-0400][54464ms] GC(64)   Pre Evacuate Collection Set: 0.0ms
[2023-06-19T19:29:43.400-0400][54464ms] GC(64)   Evacuate Collection Set: 18.1ms
[2023-06-19T19:29:43.400-0400][54464ms] GC(64)   Post Evacuate Collection Set: 4.9ms
[2023-06-19T19:29:43.400-0400][54464ms] GC(64)   Other: 0.3ms
[2023-06-19T19:29:43.400-0400][54464ms] GC(64) Eden regions: 268->0(255)
[2023-06-19T19:29:43.400-0400][54464ms] GC(64) Survivor regions: 18->25(36)
[2023-06-19T19:29:43.400-0400][54464ms] GC(64) Old regions: 183->183
[2023-06-19T19:29:43.400-0400][54464ms] GC(64) Humongous regions: 3->3
[2023-06-19T19:29:43.401-0400][54465ms] GC(64) Metaspace: 162943K->162943K(1200128K)
[2023-06-19T19:29:43.401-0400][54465ms] GC(64) Pause Young (Normal) (G1 Evacuation Pause) 471M->210M(546M) 23.778ms
[2023-06-19T19:29:43.401-0400][54465ms] GC(64) User=0.13s Sys=0.00s Real=0.02s
[2023-06-19T19:29:48.056-0400][59120ms] GC(65) Pause Young (Normal) (G1 Evacuation Pause)
[2023-06-19T19:29:48.056-0400][59120ms] GC(65) Using 8 workers of 8 for evacuation
[2023-06-19T19:29:48.090-0400][59154ms] GC(65)   Pre Evacuate Collection Set: 0.0ms
[2023-06-19T19:29:48.090-0400][59154ms] GC(65)   Evacuate Collection Set: 28.6ms
[2023-06-19T19:29:48.090-0400][59154ms] GC(65)   Post Evacuate Collection Set: 4.9ms
[2023-06-19T19:29:48.090-0400][59154ms] GC(65)   Other: 0.2ms
[2023-06-19T19:29:48.090-0400][59154ms] GC(65) Eden regions: 255->0(201)
[2023-06-19T19:29:48.090-0400][59154ms] GC(65) Survivor regions: 25->35(35)
[2023-06-19T19:29:48.090-0400][59154ms] GC(65) Old regions: 183->206
[2023-06-19T19:29:48.090-0400][59154ms] GC(65) Humongous regions: 4->4
[2023-06-19T19:29:48.090-0400][59154ms] GC(65) Metaspace: 167346K->167346K(1204224K)
[2023-06-19T19:29:48.090-0400][59154ms] GC(65) Pause Young (Normal) (G1 Evacuation Pause) 466M->244M(546M) 33.923ms
[2023-06-19T19:29:48.090-0400][59154ms] GC(65) User=0.19s Sys=0.00s Real=0.03s
[2023-06-19T19:29:49.083-0400][60147ms] GC(66) Pause Young (Normal) (G1 Evacuation Pause)
[2023-06-19T19:29:49.083-0400][60147ms] GC(66) Using 8 workers of 8 for evacuation
[2023-06-19T19:29:49.110-0400][60174ms] GC(66)   Pre Evacuate Collection Set: 0.0ms
[2023-06-19T19:29:49.110-0400][60174ms] GC(66)   Evacuate Collection Set: 24.0ms
[2023-06-19T19:29:49.110-0400][60174ms] GC(66)   Post Evacuate Collection Set: 3.0ms
[2023-06-19T19:29:49.111-0400][60175ms] GC(66)   Other: 0.2ms
[2023-06-19T19:29:49.111-0400][60175ms] GC(66) Eden regions: 201->0(190)
[2023-06-19T19:29:49.111-0400][60175ms] GC(66) Survivor regions: 35->14(30)
[2023-06-19T19:29:49.111-0400][60175ms] GC(66) Old regions: 206->242
[2023-06-19T19:29:49.111-0400][60175ms] GC(66) Humongous regions: 4->4
[2023-06-19T19:29:49.111-0400][60175ms] GC(66) Metaspace: 167411K->167411K(1204224K)
[2023-06-19T19:29:49.111-0400][60175ms] GC(66) Pause Young (Normal) (G1 Evacuation Pause) 445M->259M(546M) 27.526ms
[2023-06-19T19:29:49.111-0400][60175ms] GC(66) User=0.14s Sys=0.00s Real=0.03s
[2023-06-19T19:29:49.555-0400][60619ms] GC(67) Pause Young (Concurrent Start) (G1 Evacuation Pause)
[2023-06-19T19:29:49.555-0400][60619ms] GC(67) Using 8 workers of 8 for evacuation
[2023-06-19T19:29:49.575-0400][60639ms] GC(67)   Pre Evacuate Collection Set: 0.2ms
[2023-06-19T19:29:49.576-0400][60640ms] GC(67)   Evacuate Collection Set: 17.8ms
[2023-06-19T19:29:49.576-0400][60640ms] GC(67)   Post Evacuate Collection Set: 2.3ms
[2023-06-19T19:29:49.576-0400][60640ms] GC(67)   Other: 0.3ms
[2023-06-19T19:29:49.576-0400][60640ms] GC(67) Eden regions: 190->0(183)
[2023-06-19T19:29:49.576-0400][60640ms] GC(67) Survivor regions: 14->23(26)
[2023-06-19T19:29:49.576-0400][60640ms] GC(67) Old regions: 242->242
[2023-06-19T19:29:49.576-0400][60640ms] GC(67) Humongous regions: 4->4
[2023-06-19T19:29:49.576-0400][60640ms] GC(67) Metaspace: 167411K->167411K(1204224K)
[2023-06-19T19:29:49.576-0400][60640ms] GC(67) Pause Young (Concurrent Start) (G1 Evacuation Pause) 449M->268M(546M) 20.793ms
[2023-06-19T19:29:49.576-0400][60640ms] GC(67) User=0.13s Sys=0.00s Real=0.02s
[2023-06-19T19:29:49.576-0400][60640ms] GC(68) Concurrent Cycle
[2023-06-19T19:29:49.576-0400][60640ms] GC(68) Concurrent Clear Claimed Marks
[2023-06-19T19:29:49.576-0400][60640ms] GC(68) Concurrent Clear Claimed Marks 0.151ms
[2023-06-19T19:29:49.576-0400][60640ms] GC(68) Concurrent Scan Root Regions
[2023-06-19T19:29:49.585-0400][60649ms] GC(68) Concurrent Scan Root Regions 8.764ms
[2023-06-19T19:29:49.585-0400][60649ms] GC(68) Concurrent Mark (60.648s)
[2023-06-19T19:29:49.585-0400][60649ms] GC(68) Concurrent Mark From Roots
[2023-06-19T19:29:49.585-0400][60649ms] GC(68) Using 2 workers of 2 for marking
[2023-06-19T19:29:49.713-0400][60777ms] GC(68) Concurrent Mark From Roots 128.321ms
[2023-06-19T19:29:49.713-0400][60777ms] GC(68) Concurrent Preclean
[2023-06-19T19:29:49.714-0400][60778ms] GC(68) Concurrent Preclean 0.627ms
[2023-06-19T19:29:49.714-0400][60778ms] GC(68) Concurrent Mark (60.648s, 60.777s) 129.104ms
[2023-06-19T19:29:49.714-0400][60778ms] GC(68) Pause Remark
[2023-06-19T19:29:49.727-0400][60791ms] GC(68) Cleaned string and symbol table, strings: 71450 processed, 818 removed, symbols: 381323 processed, 882 removed
[2023-06-19T19:29:49.728-0400][60792ms] GC(68) Pause Remark 313M->307M(546M) 13.419ms
[2023-06-19T19:29:49.728-0400][60792ms] GC(68) User=0.08s Sys=0.03s Real=0.01s
[2023-06-19T19:29:49.728-0400][60792ms] GC(68) Concurrent Rebuild Remembered Sets
[2023-06-19T19:29:49.812-0400][60876ms] GC(68) Concurrent Rebuild Remembered Sets 84.379ms
[2023-06-19T19:29:49.813-0400][60877ms] GC(68) Pause Cleanup
[2023-06-19T19:29:49.813-0400][60877ms] GC(68) Pause Cleanup 335M->335M(546M) 0.264ms
[2023-06-19T19:29:49.813-0400][60877ms] GC(68) User=0.00s Sys=0.00s Real=0.00s
[2023-06-19T19:29:49.813-0400][60877ms] GC(68) Concurrent Cleanup for Next Mark
[2023-06-19T19:29:49.814-0400][60878ms] GC(68) Concurrent Cleanup for Next Mark 0.684ms
[2023-06-19T19:29:49.814-0400][60878ms] GC(68) Concurrent Cycle 238.115ms
[2023-06-19T19:29:50.091-0400][61155ms] GC(69) Pause Young (Prepare Mixed) (G1 Evacuation Pause)
[2023-06-19T19:29:50.091-0400][61155ms] GC(69) Using 8 workers of 8 for evacuation
[2023-06-19T19:29:50.116-0400][61180ms] GC(69)   Pre Evacuate Collection Set: 0.0ms
[2023-06-19T19:29:50.116-0400][61180ms] GC(69)   Evacuate Collection Set: 21.8ms
[2023-06-19T19:29:50.116-0400][61180ms] GC(69)   Post Evacuate Collection Set: 2.7ms
[2023-06-19T19:29:50.116-0400][61180ms] GC(69)   Other: 0.3ms
[2023-06-19T19:29:50.116-0400][61180ms] GC(69) Eden regions: 183->0(5)
[2023-06-19T19:29:50.116-0400][61180ms] GC(69) Survivor regions: 23->22(26)
[2023-06-19T19:29:50.116-0400][61180ms] GC(69) Old regions: 236->248
[2023-06-19T19:29:50.116-0400][61180ms] GC(69) Humongous regions: 4->4
[2023-06-19T19:29:50.116-0400][61180ms] GC(69) Metaspace: 167411K->167411K(1204224K)
[2023-06-19T19:29:50.116-0400][61180ms] GC(69) Pause Young (Prepare Mixed) (G1 Evacuation Pause) 445M->273M(546M) 25.061ms
[2023-06-19T19:29:50.116-0400][61180ms] GC(69) User=0.25s Sys=0.00s Real=0.02s
[2023-06-19T19:29:50.128-0400][61192ms] GC(70) Pause Young (Mixed) (G1 Evacuation Pause)
[2023-06-19T19:29:50.128-0400][61192ms] GC(70) Using 8 workers of 8 for evacuation
[2023-06-19T19:29:50.149-0400][61214ms] GC(70)   Pre Evacuate Collection Set: 0.1ms
[2023-06-19T19:29:50.150-0400][61214ms] GC(70)   Evacuate Collection Set: 18.3ms
[2023-06-19T19:29:50.150-0400][61214ms] GC(70)   Post Evacuate Collection Set: 3.2ms
[2023-06-19T19:29:50.150-0400][61214ms] GC(70)   Other: 0.3ms
[2023-06-19T19:29:50.150-0400][61214ms] GC(70) Eden regions: 5->0(207)
[2023-06-19T19:29:50.150-0400][61214ms] GC(70) Survivor regions: 22->2(4)
[2023-06-19T19:29:50.150-0400][61214ms] GC(70) Old regions: 248->228
[2023-06-19T19:29:50.150-0400][61214ms] GC(70) Humongous regions: 4->4
[2023-06-19T19:29:50.150-0400][61214ms] GC(70) Metaspace: 167411K->167411K(1204224K)
[2023-06-19T19:29:50.150-0400][61214ms] GC(70) Pause Young (Mixed) (G1 Evacuation Pause) 278M->233M(546M) 22.202ms
[2023-06-19T19:29:50.150-0400][61214ms] GC(70) User=0.13s Sys=0.00s Real=0.02s
[2023-06-19T19:29:50.664-0400][61728ms] GC(71) Pause Young (Normal) (G1 Evacuation Pause)
[2023-06-19T19:29:50.664-0400][61728ms] GC(71) Using 8 workers of 8 for evacuation
[2023-06-19T19:29:50.679-0400][61743ms] GC(71)   Pre Evacuate Collection Set: 0.0ms
[2023-06-19T19:29:50.679-0400][61743ms] GC(71)   Evacuate Collection Set: 11.9ms
[2023-06-19T19:29:50.679-0400][61743ms] GC(71)   Post Evacuate Collection Set: 2.4ms
[2023-06-19T19:29:50.679-0400][61743ms] GC(71)   Other: 0.2ms
[2023-06-19T19:29:50.679-0400][61743ms] GC(71) Eden regions: 207->0(204)
[2023-06-19T19:29:50.679-0400][61743ms] GC(71) Survivor regions: 2->13(27)
[2023-06-19T19:29:50.679-0400][61743ms] GC(71) Old regions: 228->228
[2023-06-19T19:29:50.679-0400][61743ms] GC(71) Humongous regions: 4->4
[2023-06-19T19:29:50.679-0400][61743ms] GC(71) Metaspace: 167411K->167411K(1204224K)
[2023-06-19T19:29:50.679-0400][61743ms] GC(71) Pause Young (Normal) (G1 Evacuation Pause) 440M->243M(546M) 14.844ms
[2023-06-19T19:29:50.679-0400][61743ms] GC(71) User=0.13s Sys=0.00s Real=0.01s
[2023-06-19T19:29:51.168-0400][62232ms] GC(72) Pause Young (Normal) (G1 Evacuation Pause)
[2023-06-19T19:29:51.168-0400][62232ms] GC(72) Using 8 workers of 8 for evacuation
[2023-06-19T19:29:51.187-0400][62251ms] GC(72)   Pre Evacuate Collection Set: 0.0ms
[2023-06-19T19:29:51.187-0400][62251ms] GC(72)   Evacuate Collection Set: 16.0ms
[2023-06-19T19:29:51.187-0400][62251ms] GC(72)   Post Evacuate Collection Set: 2.6ms
[2023-06-19T19:29:51.187-0400][62251ms] GC(72)   Other: 0.2ms
[2023-06-19T19:29:51.187-0400][62251ms] GC(72) Eden regions: 204->0(197)
[2023-06-19T19:29:51.187-0400][62251ms] GC(72) Survivor regions: 13->25(28)
[2023-06-19T19:29:51.187-0400][62251ms] GC(72) Old regions: 228->228
[2023-06-19T19:29:51.187-0400][62251ms] GC(72) Humongous regions: 11->4
[2023-06-19T19:29:51.187-0400][62251ms] GC(72) Metaspace: 167416K->167416K(1204224K)
[2023-06-19T19:29:51.187-0400][62251ms] GC(72) Pause Young (Normal) (G1 Evacuation Pause) 454M->255M(546M) 19.080ms
[2023-06-19T19:29:51.187-0400][62251ms] GC(72) User=0.14s Sys=0.00s Real=0.02s
[2023-06-19T19:29:51.703-0400][62767ms] GC(73) Pause Young (Normal) (G1 Evacuation Pause)
[2023-06-19T19:29:51.703-0400][62767ms] GC(73) Using 8 workers of 8 for evacuation
[2023-06-19T19:29:51.730-0400][62794ms] GC(73)   Pre Evacuate Collection Set: 0.0ms
[2023-06-19T19:29:51.730-0400][62794ms] GC(73)   Evacuate Collection Set: 23.6ms
[2023-06-19T19:29:51.730-0400][62794ms] GC(73)   Post Evacuate Collection Set: 2.7ms
[2023-06-19T19:29:51.730-0400][62794ms] GC(73)   Other: 0.3ms
[2023-06-19T19:29:51.730-0400][62794ms] GC(73) Eden regions: 197->0(187)
[2023-06-19T19:29:51.730-0400][62794ms] GC(73) Survivor regions: 25->27(28)
[2023-06-19T19:29:51.730-0400][62794ms] GC(73) Old regions: 228->239
[2023-06-19T19:29:51.730-0400][62794ms] GC(73) Humongous regions: 4->4
[2023-06-19T19:29:51.730-0400][62794ms] GC(73) Metaspace: 167416K->167416K(1204224K)
[2023-06-19T19:29:51.730-0400][62794ms] GC(73) Pause Young (Normal) (G1 Evacuation Pause) 452M->269M(546M) 26.790ms
[2023-06-19T19:29:51.730-0400][62794ms] GC(73) User=0.13s Sys=0.00s Real=0.03s
[2023-06-19T19:29:52.162-0400][63226ms] GC(74) Pause Young (Normal) (G1 Evacuation Pause)
[2023-06-19T19:29:52.163-0400][63227ms] GC(74) Using 8 workers of 8 for evacuation
[2023-06-19T19:29:52.187-0400][63251ms] GC(74)   Pre Evacuate Collection Set: 0.0ms
[2023-06-19T19:29:52.187-0400][63251ms] GC(74)   Evacuate Collection Set: 22.0ms
[2023-06-19T19:29:52.187-0400][63251ms] GC(74)   Post Evacuate Collection Set: 2.8ms
[2023-06-19T19:29:52.188-0400][63252ms] GC(74)   Other: 0.3ms
[2023-06-19T19:29:52.188-0400][63252ms] GC(74) Eden regions: 187->0(179)
[2023-06-19T19:29:52.188-0400][63252ms] GC(74) Survivor regions: 27->25(27)
[2023-06-19T19:29:52.188-0400][63252ms] GC(74) Old regions: 239->252
[2023-06-19T19:29:52.188-0400][63252ms] GC(74) Humongous regions: 4->4
[2023-06-19T19:29:52.188-0400][63252ms] GC(74) Metaspace: 167416K->167416K(1204224K)
[2023-06-19T19:29:52.188-0400][63252ms] GC(74) Pause Young (Normal) (G1 Evacuation Pause) 456M->280M(546M) 25.523ms
[2023-06-19T19:29:52.188-0400][63252ms] GC(74) User=0.14s Sys=0.00s Real=0.03s
[2023-06-19T19:29:52.769-0400][63833ms] GC(75) Pause Young (Normal) (G1 Evacuation Pause)
[2023-06-19T19:29:52.769-0400][63833ms] GC(75) Using 8 workers of 8 for evacuation
[2023-06-19T19:29:52.794-0400][63858ms] GC(75)   Pre Evacuate Collection Set: 0.0ms
[2023-06-19T19:29:52.794-0400][63858ms] GC(75)   Evacuate Collection Set: 21.5ms
[2023-06-19T19:29:52.794-0400][63858ms] GC(75)   Post Evacuate Collection Set: 2.8ms
[2023-06-19T19:29:52.794-0400][63858ms] GC(75)   Other: 0.2ms
[2023-06-19T19:29:52.794-0400][63858ms] GC(75) Eden regions: 179->0(167)
[2023-06-19T19:29:52.794-0400][63858ms] GC(75) Survivor regions: 25->24(26)
[2023-06-19T19:29:52.794-0400][63858ms] GC(75) Old regions: 252->266
[2023-06-19T19:29:52.794-0400][63858ms] GC(75) Humongous regions: 4->4
[2023-06-19T19:29:52.794-0400][63858ms] GC(75) Metaspace: 167436K->167436K(1204224K)
[2023-06-19T19:29:52.794-0400][63858ms] GC(75) Pause Young (Normal) (G1 Evacuation Pause) 459M->293M(546M) 24.773ms
[2023-06-19T19:29:52.794-0400][63858ms] GC(75) User=0.13s Sys=0.00s Real=0.02s
[2023-06-19T19:29:54.289-0400][65353ms] GC(76) Pause Young (Normal) (G1 Evacuation Pause)
[2023-06-19T19:29:54.289-0400][65353ms] GC(76) Using 8 workers of 8 for evacuation
[2023-06-19T19:29:54.299-0400][65363ms] GC(76)   Pre Evacuate Collection Set: 0.0ms
[2023-06-19T19:29:54.299-0400][65363ms] GC(76)   Evacuate Collection Set: 6.9ms
[2023-06-19T19:29:54.299-0400][65363ms] GC(76)   Post Evacuate Collection Set: 2.8ms
[2023-06-19T19:29:54.299-0400][65363ms] GC(76)   Other: 0.2ms
[2023-06-19T19:29:54.299-0400][65363ms] GC(76) Eden regions: 167->0(177)
[2023-06-19T19:29:54.299-0400][65363ms] GC(76) Survivor regions: 24->11(24)
[2023-06-19T19:29:54.299-0400][65363ms] GC(76) Old regions: 266->270
[2023-06-19T19:29:54.299-0400][65363ms] GC(76) Humongous regions: 4->4
[2023-06-19T19:29:54.300-0400][65364ms] GC(76) Metaspace: 172850K->172850K(1208320K)
[2023-06-19T19:29:54.300-0400][65364ms] GC(76) Pause Young (Normal) (G1 Evacuation Pause) 460M->284M(546M) 10.324ms
[2023-06-19T19:29:54.300-0400][65364ms] GC(76) User=0.09s Sys=0.00s Real=0.01s
[2023-06-19T19:29:54.818-0400][65882ms] GC(77) Pause Young (Normal) (G1 Evacuation Pause)
[2023-06-19T19:29:54.818-0400][65882ms] GC(77) Using 8 workers of 8 for evacuation
[2023-06-19T19:29:54.826-0400][65890ms] GC(77)   Pre Evacuate Collection Set: 0.0ms
[2023-06-19T19:29:54.826-0400][65890ms] GC(77)   Evacuate Collection Set: 5.4ms
[2023-06-19T19:29:54.826-0400][65890ms] GC(77)   Post Evacuate Collection Set: 2.7ms
[2023-06-19T19:29:54.826-0400][65890ms] GC(77)   Other: 0.2ms
[2023-06-19T19:29:54.826-0400][65890ms] GC(77) Eden regions: 177->0(181)
[2023-06-19T19:29:54.826-0400][65890ms] GC(77) Survivor regions: 11->12(24)
[2023-06-19T19:29:54.826-0400][65890ms] GC(77) Old regions: 270->270
[2023-06-19T19:29:54.826-0400][65890ms] GC(77) Humongous regions: 4->4
[2023-06-19T19:29:54.826-0400][65890ms] GC(77) Metaspace: 172921K->172921K(1208320K)
[2023-06-19T19:29:54.826-0400][65890ms] GC(77) Pause Young (Normal) (G1 Evacuation Pause) 461M->284M(546M) 8.754ms
[2023-06-19T19:29:54.827-0400][65891ms] GC(77) User=0.00s Sys=0.00s Real=0.01s
[2023-06-19T19:29:55.079-0400][66143ms] GC(78) Pause Young (Normal) (G1 Evacuation Pause)
[2023-06-19T19:29:55.079-0400][66143ms] GC(78) Using 8 workers of 8 for evacuation
[2023-06-19T19:29:55.087-0400][66151ms] GC(78)   Pre Evacuate Collection Set: 0.0ms
[2023-06-19T19:29:55.087-0400][66151ms] GC(78)   Evacuate Collection Set: 4.6ms
[2023-06-19T19:29:55.087-0400][66151ms] GC(78)   Post Evacuate Collection Set: 2.9ms
[2023-06-19T19:29:55.087-0400][66151ms] GC(78)   Other: 0.2ms
[2023-06-19T19:29:55.087-0400][66151ms] GC(78) Eden regions: 181->0(187)
[2023-06-19T19:29:55.087-0400][66151ms] GC(78) Survivor regions: 12->10(25)
[2023-06-19T19:29:55.087-0400][66151ms] GC(78) Old regions: 270->270
[2023-06-19T19:29:55.087-0400][66151ms] GC(78) Humongous regions: 4->4
[2023-06-19T19:29:55.087-0400][66151ms] GC(78) Metaspace: 172921K->172921K(1208320K)
[2023-06-19T19:29:55.087-0400][66151ms] GC(78) Pause Young (Normal) (G1 Evacuation Pause) 465M->283M(546M) 8.053ms
[2023-06-19T19:29:55.087-0400][66151ms] GC(78) User=0.00s Sys=0.00s Real=0.01s
[2023-06-19T19:29:55.250-0400][66314ms] GC(79) Pause Young (Normal) (G1 Evacuation Pause)
[2023-06-19T19:29:55.250-0400][66314ms] GC(79) Using 8 workers of 8 for evacuation
[2023-06-19T19:29:55.258-0400][66322ms] GC(79)   Pre Evacuate Collection Set: 0.0ms
[2023-06-19T19:29:55.258-0400][66322ms] GC(79)   Evacuate Collection Set: 4.7ms
[2023-06-19T19:29:55.259-0400][66323ms] GC(79)   Post Evacuate Collection Set: 3.0ms
[2023-06-19T19:29:55.259-0400][66323ms] GC(79)   Other: 0.2ms
[2023-06-19T19:29:55.259-0400][66323ms] GC(79) Eden regions: 187->0(190)
[2023-06-19T19:29:55.259-0400][66323ms] GC(79) Survivor regions: 10->10(25)
[2023-06-19T19:29:55.259-0400][66323ms] GC(79) Old regions: 270->270
[2023-06-19T19:29:55.259-0400][66323ms] GC(79) Humongous regions: 4->4
[2023-06-19T19:29:55.259-0400][66323ms] GC(79) Metaspace: 172921K->172921K(1208320K)
[2023-06-19T19:29:55.259-0400][66323ms] GC(79) Pause Young (Normal) (G1 Evacuation Pause) 470M->282M(546M) 8.382ms
[2023-06-19T19:29:55.259-0400][66323ms] GC(79) User=0.00s Sys=0.00s Real=0.01s
[2023-06-19T19:29:55.629-0400][66693ms] GC(80) Pause Young (Normal) (G1 Evacuation Pause)
[2023-06-19T19:29:55.629-0400][66693ms] GC(80) Using 8 workers of 8 for evacuation
[2023-06-19T19:29:55.637-0400][66701ms] GC(80)   Pre Evacuate Collection Set: 0.0ms
[2023-06-19T19:29:55.637-0400][66701ms] GC(80)   Evacuate Collection Set: 5.8ms
[2023-06-19T19:29:55.637-0400][66701ms] GC(80)   Post Evacuate Collection Set: 2.6ms
[2023-06-19T19:29:55.637-0400][66701ms] GC(80)   Other: 0.3ms
[2023-06-19T19:29:55.637-0400][66701ms] GC(80) Eden regions: 190->0(190)
[2023-06-19T19:29:55.637-0400][66701ms] GC(80) Survivor regions: 10->12(25)
[2023-06-19T19:29:55.638-0400][66702ms] GC(80) Old regions: 270->270
[2023-06-19T19:29:55.638-0400][66702ms] GC(80) Humongous regions: 4->4
[2023-06-19T19:29:55.638-0400][66702ms] GC(80) Metaspace: 172933K->172933K(1208320K)
[2023-06-19T19:29:55.638-0400][66702ms] GC(80) Pause Young (Normal) (G1 Evacuation Pause) 472M->285M(546M) 9.027ms
[2023-06-19T19:29:55.638-0400][66702ms] GC(80) User=0.00s Sys=0.00s Real=0.01s
[2023-06-19T19:29:55.986-0400][67050ms] GC(81) Pause Young (Normal) (G1 Evacuation Pause)
[2023-06-19T19:29:55.986-0400][67050ms] GC(81) Using 8 workers of 8 for evacuation
[2023-06-19T19:29:55.994-0400][67058ms] GC(81)   Pre Evacuate Collection Set: 0.0ms
[2023-06-19T19:29:55.994-0400][67058ms] GC(81)   Evacuate Collection Set: 5.1ms
[2023-06-19T19:29:55.994-0400][67058ms] GC(81)   Post Evacuate Collection Set: 2.6ms
[2023-06-19T19:29:55.994-0400][67058ms] GC(81)   Other: 0.2ms
[2023-06-19T19:29:55.994-0400][67058ms] GC(81) Eden regions: 190->0(192)
[2023-06-19T19:29:55.994-0400][67058ms] GC(81) Survivor regions: 12->11(26)
[2023-06-19T19:29:55.994-0400][67058ms] GC(81) Old regions: 270->270
[2023-06-19T19:29:55.994-0400][67058ms] GC(81) Humongous regions: 4->4
[2023-06-19T19:29:55.994-0400][67058ms] GC(81) Metaspace: 172933K->172933K(1208320K)
[2023-06-19T19:29:55.994-0400][67058ms] GC(81) Pause Young (Normal) (G1 Evacuation Pause) 475M->284M(546M) 8.238ms
[2023-06-19T19:29:55.994-0400][67058ms] GC(81) User=0.00s Sys=0.00s Real=0.01s
[2023-06-19T19:29:56.171-0400][67235ms] GC(82) Pause Young (Normal) (G1 Evacuation Pause)
[2023-06-19T19:29:56.171-0400][67235ms] GC(82) Using 8 workers of 8 for evacuation
[2023-06-19T19:29:56.179-0400][67243ms] GC(82)   Pre Evacuate Collection Set: 0.0ms
[2023-06-19T19:29:56.179-0400][67243ms] GC(82)   Evacuate Collection Set: 4.9ms
[2023-06-19T19:29:56.179-0400][67243ms] GC(82)   Post Evacuate Collection Set: 2.8ms
[2023-06-19T19:29:56.179-0400][67243ms] GC(82)   Other: 0.2ms
[2023-06-19T19:29:56.179-0400][67243ms] GC(82) Eden regions: 192->0(195)
[2023-06-19T19:29:56.179-0400][67243ms] GC(82) Survivor regions: 11->10(26)
[2023-06-19T19:29:56.179-0400][67243ms] GC(82) Old regions: 270->270
[2023-06-19T19:29:56.179-0400][67243ms] GC(82) Humongous regions: 4->4
[2023-06-19T19:29:56.179-0400][67243ms] GC(82) Metaspace: 172933K->172933K(1208320K)
[2023-06-19T19:29:56.179-0400][67243ms] GC(82) Pause Young (Normal) (G1 Evacuation Pause) 476M->283M(546M) 8.211ms
[2023-06-19T19:29:56.179-0400][67243ms] GC(82) User=0.13s Sys=0.00s Real=0.01s
[2023-06-19T19:29:56.912-0400][67976ms] GC(83) Pause Young (Normal) (G1 Evacuation Pause)
[2023-06-19T19:29:56.912-0400][67976ms] GC(83) Using 8 workers of 8 for evacuation
[2023-06-19T19:29:56.947-0400][68011ms] GC(83)   Pre Evacuate Collection Set: 0.0ms
[2023-06-19T19:29:56.947-0400][68011ms] GC(83)   Evacuate Collection Set: 29.9ms
[2023-06-19T19:29:56.947-0400][68011ms] GC(83)   Post Evacuate Collection Set: 5.0ms
[2023-06-19T19:29:56.947-0400][68011ms] GC(83)   Other: 0.3ms
[2023-06-19T19:29:56.947-0400][68011ms] GC(83) Eden regions: 195->0(99)
[2023-06-19T19:29:56.947-0400][68011ms] GC(83) Survivor regions: 10->26(26)
[2023-06-19T19:29:56.947-0400][68011ms] GC(83) Old regions: 270->305
[2023-06-19T19:29:56.947-0400][68011ms] GC(83) Humongous regions: 4->4
[2023-06-19T19:29:56.947-0400][68011ms] GC(83) Metaspace: 173868K->173868K(1210368K)
[2023-06-19T19:29:56.947-0400][68011ms] GC(83) Pause Young (Normal) (G1 Evacuation Pause) 478M->334M(546M) 35.671ms
[2023-06-19T19:29:56.947-0400][68011ms] GC(83) User=0.22s Sys=0.02s Real=0.04s
[2023-06-19T19:29:57.523-0400][68587ms] GC(84) Pause Young (Concurrent Start) (G1 Evacuation Pause)
[2023-06-19T19:29:57.523-0400][68587ms] GC(84) Using 8 workers of 8 for evacuation
[2023-06-19T19:29:57.561-0400][68625ms] GC(84)   Pre Evacuate Collection Set: 0.2ms
[2023-06-19T19:29:57.561-0400][68625ms] GC(84)   Evacuate Collection Set: 33.6ms
[2023-06-19T19:29:57.561-0400][68625ms] GC(84)   Post Evacuate Collection Set: 3.7ms
[2023-06-19T19:29:57.561-0400][68625ms] GC(84)   Other: 0.3ms
[2023-06-19T19:29:57.561-0400][68625ms] GC(84) Eden regions: 99->0(67)
[2023-06-19T19:29:57.561-0400][68625ms] GC(84) Survivor regions: 26->16(16)
[2023-06-19T19:29:57.561-0400][68625ms] GC(84) Old regions: 305->353
[2023-06-19T19:29:57.561-0400][68625ms] GC(84) Humongous regions: 4->4
[2023-06-19T19:29:57.561-0400][68625ms] GC(84) Metaspace: 173934K->173934K(1210368K)
[2023-06-19T19:29:57.561-0400][68625ms] GC(84) Pause Young (Concurrent Start) (G1 Evacuation Pause) 433M->373M(546M) 38.154ms
[2023-06-19T19:29:57.561-0400][68625ms] GC(84) User=0.25s Sys=0.00s Real=0.04s
[2023-06-19T19:29:57.561-0400][68625ms] GC(85) Concurrent Cycle
[2023-06-19T19:29:57.561-0400][68625ms] GC(85) Concurrent Clear Claimed Marks
[2023-06-19T19:29:57.562-0400][68626ms] GC(85) Concurrent Clear Claimed Marks 0.328ms
[2023-06-19T19:29:57.562-0400][68626ms] GC(85) Concurrent Scan Root Regions
[2023-06-19T19:29:57.567-0400][68631ms] GC(85) Concurrent Scan Root Regions 5.196ms
[2023-06-19T19:29:57.567-0400][68631ms] GC(85) Concurrent Mark (68.630s)
[2023-06-19T19:29:57.567-0400][68631ms] GC(85) Concurrent Mark From Roots
[2023-06-19T19:29:57.567-0400][68631ms] GC(85) Using 2 workers of 2 for marking
[2023-06-19T19:29:57.927-0400][68991ms] GC(85) Concurrent Mark From Roots 359.584ms
[2023-06-19T19:29:57.927-0400][68991ms] GC(85) Concurrent Preclean
[2023-06-19T19:29:57.928-0400][68992ms] GC(85) Concurrent Preclean 1.176ms
[2023-06-19T19:29:57.928-0400][68992ms] GC(85) Concurrent Mark (68.630s, 68.991s) 360.995ms
[2023-06-19T19:29:57.928-0400][68992ms] GC(85) Pause Remark
[2023-06-19T19:29:57.945-0400][69009ms] GC(85) Cleaned string and symbol table, strings: 73020 processed, 2 removed, symbols: 393345 processed, 15 removed
[2023-06-19T19:29:57.945-0400][69009ms] GC(85) Pause Remark 428M->416M(546M) 17.160ms
[2023-06-19T19:29:57.945-0400][69009ms] GC(85) User=0.11s Sys=0.02s Real=0.02s
[2023-06-19T19:29:57.946-0400][69010ms] GC(85) Concurrent Rebuild Remembered Sets
[2023-06-19T19:29:58.013-0400][69077ms] GC(86) Pause Young (Normal) (G1 Evacuation Pause)
[2023-06-19T19:29:58.013-0400][69077ms] GC(86) Using 8 workers of 8 for evacuation
[2023-06-19T19:29:58.044-0400][69108ms] GC(86)   Pre Evacuate Collection Set: 0.0ms
[2023-06-19T19:29:58.044-0400][69108ms] GC(86)   Evacuate Collection Set: 25.7ms
[2023-06-19T19:29:58.044-0400][69108ms] GC(86)   Post Evacuate Collection Set: 4.8ms
[2023-06-19T19:29:58.044-0400][69108ms] GC(86)   Other: 0.3ms
[2023-06-19T19:29:58.044-0400][69108ms] GC(86) Eden regions: 67->0(56)
[2023-06-19T19:29:58.044-0400][69108ms] GC(86) Survivor regions: 16->11(11)
[2023-06-19T19:29:58.044-0400][69108ms] GC(86) Old regions: 341->369
[2023-06-19T19:29:58.044-0400][69108ms] GC(86) Humongous regions: 4->4
[2023-06-19T19:29:58.044-0400][69108ms] GC(86) Metaspace: 174036K->174036K(1210368K)
[2023-06-19T19:29:58.044-0400][69108ms] GC(86) Pause Young (Normal) (G1 Evacuation Pause) 428M->383M(546M) 31.346ms
[2023-06-19T19:29:58.045-0400][69109ms] GC(86) User=0.25s Sys=0.00s Real=0.03s
[2023-06-19T19:29:58.195-0400][69259ms] GC(85) Concurrent Rebuild Remembered Sets 249.624ms
[2023-06-19T19:29:58.196-0400][69260ms] GC(85) Pause Cleanup
[2023-06-19T19:29:58.196-0400][69260ms] GC(85) Pause Cleanup 411M->411M(546M) 0.417ms
[2023-06-19T19:29:58.196-0400][69260ms] GC(85) User=0.00s Sys=0.00s Real=0.00s
[2023-06-19T19:29:58.196-0400][69260ms] GC(85) Concurrent Cleanup for Next Mark
[2023-06-19T19:29:58.197-0400][69261ms] GC(85) Concurrent Cleanup for Next Mark 0.636ms
[2023-06-19T19:29:58.197-0400][69261ms] GC(85) Concurrent Cycle 635.893ms
[2023-06-19T19:29:58.322-0400][69386ms] GC(87) Pause Young (Prepare Mixed) (G1 Evacuation Pause)
[2023-06-19T19:29:58.323-0400][69387ms] GC(87) Using 8 workers of 8 for evacuation
[2023-06-19T19:29:58.345-0400][69409ms] GC(87)   Pre Evacuate Collection Set: 0.0ms
[2023-06-19T19:29:58.345-0400][69409ms] GC(87)   Evacuate Collection Set: 18.9ms
[2023-06-19T19:29:58.345-0400][69409ms] GC(87)   Post Evacuate Collection Set: 3.4ms
[2023-06-19T19:29:58.345-0400][69409ms] GC(87)   Other: 0.3ms
[2023-06-19T19:29:58.345-0400][69409ms] GC(87) Eden regions: 56->0(18)
[2023-06-19T19:29:58.345-0400][69409ms] GC(87) Survivor regions: 11->9(9)
[2023-06-19T19:29:58.345-0400][69409ms] GC(87) Old regions: 369->393
[2023-06-19T19:29:58.345-0400][69409ms] GC(87) Humongous regions: 4->4
[2023-06-19T19:29:58.345-0400][69409ms] GC(87) Metaspace: 174050K->174050K(1210368K)
[2023-06-19T19:29:58.345-0400][69409ms] GC(87) Pause Young (Prepare Mixed) (G1 Evacuation Pause) 439M->406M(546M) 23.030ms
[2023-06-19T19:29:58.346-0400][69410ms] GC(87) User=0.14s Sys=0.00s Real=0.02s
[2023-06-19T19:29:58.411-0400][69475ms] GC(88) Pause Young (Mixed) (G1 Evacuation Pause)
[2023-06-19T19:29:58.411-0400][69475ms] GC(88) Using 8 workers of 8 for evacuation
[2023-06-19T19:29:58.436-0400][69500ms] GC(88)   Pre Evacuate Collection Set: 0.1ms
[2023-06-19T19:29:58.436-0400][69500ms] GC(88)   Evacuate Collection Set: 13.2ms
[2023-06-19T19:29:58.436-0400][69500ms] GC(88)   Post Evacuate Collection Set: 11.0ms
[2023-06-19T19:29:58.436-0400][69500ms] GC(88)   Other: 0.4ms
[2023-06-19T19:29:58.436-0400][69500ms] GC(88) Eden regions: 18->0(142)
[2023-06-19T19:29:58.436-0400][69500ms] GC(88) Survivor regions: 9->4(4)
[2023-06-19T19:29:58.436-0400][69500ms] GC(88) Old regions: 393->358
[2023-06-19T19:29:58.436-0400][69500ms] GC(88) Humongous regions: 4->4
[2023-06-19T19:29:58.436-0400][69500ms] GC(88) Metaspace: 174050K->174050K(1210368K)
[2023-06-19T19:29:58.436-0400][69500ms] GC(88) Pause Young (Mixed) (G1 Evacuation Pause) 424M->365M(775M) 25.102ms
[2023-06-19T19:29:58.436-0400][69500ms] GC(88) User=0.13s Sys=0.00s Real=0.03s
[2023-06-19T19:29:59.348-0400][70412ms] GC(89) Pause Young (Normal) (G1 Evacuation Pause)
[2023-06-19T19:29:59.348-0400][70412ms] GC(89) Using 8 workers of 8 for evacuation
[2023-06-19T19:29:59.382-0400][70446ms] GC(89)   Pre Evacuate Collection Set: 0.0ms
[2023-06-19T19:29:59.383-0400][70447ms] GC(89)   Evacuate Collection Set: 31.0ms
[2023-06-19T19:29:59.383-0400][70447ms] GC(89)   Post Evacuate Collection Set: 3.6ms
[2023-06-19T19:29:59.383-0400][70447ms] GC(89)   Other: 0.2ms
[2023-06-19T19:29:59.383-0400][70447ms] GC(89) Eden regions: 142->0(119)
[2023-06-19T19:29:59.383-0400][70447ms] GC(89) Survivor regions: 4->19(19)
[2023-06-19T19:29:59.383-0400][70447ms] GC(89) Old regions: 358->406
[2023-06-19T19:29:59.383-0400][70447ms] GC(89) Humongous regions: 5->5
[2023-06-19T19:29:59.383-0400][70447ms] GC(89) Metaspace: 174222K->174222K(1210368K)
[2023-06-19T19:29:59.383-0400][70447ms] GC(89) Pause Young (Normal) (G1 Evacuation Pause) 508M->430M(775M) 35.261ms
[2023-06-19T19:29:59.383-0400][70447ms] GC(89) User=0.23s Sys=0.02s Real=0.03s
[2023-06-19T19:29:59.788-0400][70852ms] GC(90) Pause Young (Normal) (G1 Evacuation Pause)
[2023-06-19T19:29:59.788-0400][70852ms] GC(90) Using 8 workers of 8 for evacuation
[2023-06-19T19:29:59.824-0400][70888ms] GC(90)   Pre Evacuate Collection Set: 0.0ms
[2023-06-19T19:29:59.824-0400][70888ms] GC(90)   Evacuate Collection Set: 32.9ms
[2023-06-19T19:29:59.824-0400][70888ms] GC(90)   Post Evacuate Collection Set: 3.2ms
[2023-06-19T19:29:59.824-0400][70888ms] GC(90)   Other: 0.2ms
[2023-06-19T19:29:59.824-0400][70888ms] GC(90) Eden regions: 119->0(98)
[2023-06-19T19:29:59.824-0400][70888ms] GC(90) Survivor regions: 19->18(18)
[2023-06-19T19:29:59.824-0400][70888ms] GC(90) Old regions: 406->459
[2023-06-19T19:29:59.824-0400][70888ms] GC(90) Humongous regions: 5->5
[2023-06-19T19:29:59.824-0400][70888ms] GC(90) Metaspace: 174265K->174265K(1210368K)
[2023-06-19T19:29:59.824-0400][70888ms] GC(90) Pause Young (Normal) (G1 Evacuation Pause) 549M->481M(775M) 36.707ms
[2023-06-19T19:29:59.824-0400][70888ms] GC(90) User=0.25s Sys=0.00s Real=0.04s
[2023-06-19T19:30:00.147-0400][71211ms] GC(91) Pause Young (Normal) (G1 Evacuation Pause)
[2023-06-19T19:30:00.147-0400][71211ms] GC(91) Using 8 workers of 8 for evacuation
[2023-06-19T19:30:00.184-0400][71248ms] GC(91)   Pre Evacuate Collection Set: 0.0ms
[2023-06-19T19:30:00.184-0400][71248ms] GC(91)   Evacuate Collection Set: 32.8ms
[2023-06-19T19:30:00.184-0400][71248ms] GC(91)   Post Evacuate Collection Set: 3.2ms
[2023-06-19T19:30:00.184-0400][71248ms] GC(91)   Other: 0.2ms
[2023-06-19T19:30:00.184-0400][71248ms] GC(91) Eden regions: 98->0(77)
[2023-06-19T19:30:00.184-0400][71248ms] GC(91) Survivor regions: 18->15(15)
[2023-06-19T19:30:00.184-0400][71248ms] GC(91) Old regions: 459->507
[2023-06-19T19:30:00.184-0400][71248ms] GC(91) Humongous regions: 5->5
[2023-06-19T19:30:00.184-0400][71248ms] GC(91) Metaspace: 174278K->174278K(1210368K)
[2023-06-19T19:30:00.184-0400][71248ms] GC(91) Pause Young (Normal) (G1 Evacuation Pause) 579M->526M(775M) 36.590ms
[2023-06-19T19:30:00.184-0400][71248ms] GC(91) User=0.25s Sys=0.00s Real=0.04s
[2023-06-19T19:30:00.548-0400][71612ms] GC(92) Pause Young (Normal) (G1 Evacuation Pause)
[2023-06-19T19:30:00.548-0400][71612ms] GC(92) Using 8 workers of 8 for evacuation
[2023-06-19T19:30:00.577-0400][71641ms] GC(92)   Pre Evacuate Collection Set: 0.0ms
[2023-06-19T19:30:00.577-0400][71641ms] GC(92)   Evacuate Collection Set: 19.1ms
[2023-06-19T19:30:00.577-0400][71641ms] GC(92)   Post Evacuate Collection Set: 9.4ms
[2023-06-19T19:30:00.577-0400][71641ms] GC(92)   Other: 0.3ms
[2023-06-19T19:30:00.577-0400][71641ms] GC(92) Eden regions: 77->0(146)
[2023-06-19T19:30:00.577-0400][71641ms] GC(92) Survivor regions: 15->12(12)
[2023-06-19T19:30:00.577-0400][71641ms] GC(92) Old regions: 507->541
[2023-06-19T19:30:00.577-0400][71641ms] GC(92) Humongous regions: 5->5
[2023-06-19T19:30:00.577-0400][71641ms] GC(92) Metaspace: 174303K->174303K(1210368K)
[2023-06-19T19:30:00.577-0400][71641ms] GC(92) Pause Young (Normal) (G1 Evacuation Pause) 603M->558M(998M) 29.049ms
[2023-06-19T19:30:00.577-0400][71641ms] GC(92) User=0.13s Sys=0.00s Real=0.03s
[2023-06-19T19:30:01.295-0400][72359ms] GC(93) Pause Young (Normal) (G1 Evacuation Pause)
[2023-06-19T19:30:01.295-0400][72359ms] GC(93) Using 8 workers of 8 for evacuation
[2023-06-19T19:30:01.347-0400][72411ms] GC(93)   Pre Evacuate Collection Set: 0.0ms
[2023-06-19T19:30:01.347-0400][72411ms] GC(93)   Evacuate Collection Set: 48.4ms
[2023-06-19T19:30:01.347-0400][72411ms] GC(93)   Post Evacuate Collection Set: 3.2ms
[2023-06-19T19:30:01.347-0400][72411ms] GC(93)   Other: 0.3ms
[2023-06-19T19:30:01.347-0400][72411ms] GC(93) Eden regions: 146->0(120)
[2023-06-19T19:30:01.347-0400][72411ms] GC(93) Survivor regions: 12->20(20)
[2023-06-19T19:30:01.348-0400][72412ms] GC(93) Old regions: 541->602
[2023-06-19T19:30:01.348-0400][72412ms] GC(93) Humongous regions: 5->5
[2023-06-19T19:30:01.348-0400][72412ms] GC(93) Metaspace: 174340K->174340K(1210368K)
[2023-06-19T19:30:01.348-0400][72412ms] GC(93) Pause Young (Normal) (G1 Evacuation Pause) 704M->626M(998M) 52.366ms
[2023-06-19T19:30:01.348-0400][72412ms] GC(93) User=0.41s Sys=0.08s Real=0.05s
[2023-06-19T19:30:01.883-0400][72947ms] GC(94) Pause Young (Normal) (G1 Evacuation Pause)
[2023-06-19T19:30:01.883-0400][72947ms] GC(94) Using 8 workers of 8 for evacuation
[2023-06-19T19:30:01.918-0400][72982ms] GC(94)   Pre Evacuate Collection Set: 0.0ms
[2023-06-19T19:30:01.918-0400][72982ms] GC(94)   Evacuate Collection Set: 31.8ms
[2023-06-19T19:30:01.918-0400][72982ms] GC(94)   Post Evacuate Collection Set: 3.1ms
[2023-06-19T19:30:01.918-0400][72982ms] GC(94)   Other: 0.2ms
[2023-06-19T19:30:01.918-0400][72982ms] GC(94) Eden regions: 120->0(99)
[2023-06-19T19:30:01.918-0400][72982ms] GC(94) Survivor regions: 20->18(18)
[2023-06-19T19:30:01.918-0400][72982ms] GC(94) Old regions: 602->657
[2023-06-19T19:30:01.918-0400][72982ms] GC(94) Humongous regions: 5->5
[2023-06-19T19:30:01.918-0400][72982ms] GC(94) Metaspace: 174378K->174378K(1210368K)
[2023-06-19T19:30:01.918-0400][72982ms] GC(94) Pause Young (Normal) (G1 Evacuation Pause) 746M->680M(998M) 35.430ms
[2023-06-19T19:30:01.918-0400][72982ms] GC(94) User=0.19s Sys=0.05s Real=0.04s
[2023-06-19T19:30:02.333-0400][73397ms] GC(95) Pause Young (Normal) (G1 Evacuation Pause)
[2023-06-19T19:30:02.333-0400][73397ms] GC(95) Using 8 workers of 8 for evacuation
[2023-06-19T19:30:02.365-0400][73429ms] GC(95)   Pre Evacuate Collection Set: 0.0ms
[2023-06-19T19:30:02.365-0400][73429ms] GC(95)   Evacuate Collection Set: 28.2ms
[2023-06-19T19:30:02.365-0400][73429ms] GC(95)   Post Evacuate Collection Set: 2.9ms
[2023-06-19T19:30:02.365-0400][73429ms] GC(95)   Other: 0.3ms
[2023-06-19T19:30:02.365-0400][73429ms] GC(95) Eden regions: 99->0(81)
[2023-06-19T19:30:02.365-0400][73429ms] GC(95) Survivor regions: 18->15(15)
[2023-06-19T19:30:02.365-0400][73429ms] GC(95) Old regions: 657->700
[2023-06-19T19:30:02.365-0400][73429ms] GC(95) Humongous regions: 5->5
[2023-06-19T19:30:02.365-0400][73429ms] GC(95) Metaspace: 174500K->174500K(1210368K)
[2023-06-19T19:30:02.365-0400][73429ms] GC(95) Pause Young (Normal) (G1 Evacuation Pause) 779M->720M(998M) 31.697ms
[2023-06-19T19:30:02.365-0400][73429ms] GC(95) User=0.25s Sys=0.00s Real=0.03s
[2023-06-19T19:30:02.753-0400][73817ms] GC(96) Pause Young (Normal) (G1 Evacuation Pause)
[2023-06-19T19:30:02.753-0400][73817ms] GC(96) Using 8 workers of 8 for evacuation
[2023-06-19T19:30:02.780-0400][73844ms] GC(96)   Pre Evacuate Collection Set: 0.0ms
[2023-06-19T19:30:02.780-0400][73844ms] GC(96)   Evacuate Collection Set: 20.3ms
[2023-06-19T19:30:02.780-0400][73844ms] GC(96)   Post Evacuate Collection Set: 6.9ms
[2023-06-19T19:30:02.780-0400][73844ms] GC(96)   Other: 0.2ms
[2023-06-19T19:30:02.780-0400][73844ms] GC(96) Eden regions: 81->0(120)
[2023-06-19T19:30:02.780-0400][73844ms] GC(96) Survivor regions: 15->12(12)
[2023-06-19T19:30:02.780-0400][73844ms] GC(96) Old regions: 700->737
[2023-06-19T19:30:02.780-0400][73844ms] GC(96) Humongous regions: 5->5
[2023-06-19T19:30:02.780-0400][73844ms] GC(96) Metaspace: 174562K->174562K(1210368K)
[2023-06-19T19:30:02.780-0400][73844ms] GC(96) Pause Young (Normal) (G1 Evacuation Pause) 801M->754M(1127M) 27.755ms
[2023-06-19T19:30:02.780-0400][73844ms] GC(96) User=0.13s Sys=0.00s Real=0.03s
[2023-06-19T19:30:03.381-0400][74445ms] GC(97) Pause Young (Normal) (G1 Evacuation Pause)
[2023-06-19T19:30:03.381-0400][74445ms] GC(97) Using 8 workers of 8 for evacuation
[2023-06-19T19:30:03.416-0400][74480ms] GC(97)   Pre Evacuate Collection Set: 0.0ms
[2023-06-19T19:30:03.416-0400][74480ms] GC(97)   Evacuate Collection Set: 31.6ms
[2023-06-19T19:30:03.416-0400][74480ms] GC(97)   Post Evacuate Collection Set: 2.9ms
[2023-06-19T19:30:03.416-0400][74480ms] GC(97)   Other: 0.2ms
[2023-06-19T19:30:03.416-0400][74480ms] GC(97) Eden regions: 120->0(93)
[2023-06-19T19:30:03.416-0400][74480ms] GC(97) Survivor regions: 12->17(17)
[2023-06-19T19:30:03.416-0400][74480ms] GC(97) Old regions: 737->788
[2023-06-19T19:30:03.416-0400][74480ms] GC(97) Humongous regions: 5->5
[2023-06-19T19:30:03.416-0400][74480ms] GC(97) Metaspace: 174566K->174566K(1210368K)
[2023-06-19T19:30:03.416-0400][74480ms] GC(97) Pause Young (Normal) (G1 Evacuation Pause) 874M->809M(1127M) 35.028ms
[2023-06-19T19:30:03.416-0400][74480ms] GC(97) User=0.20s Sys=0.05s Real=0.03s
[2023-06-19T19:30:03.843-0400][74907ms] GC(98) Pause Young (Normal) (G1 Evacuation Pause)
[2023-06-19T19:30:03.843-0400][74907ms] GC(98) Using 8 workers of 8 for evacuation
[2023-06-19T19:30:03.904-0400][74968ms] GC(98)   Pre Evacuate Collection Set: 0.0ms
[2023-06-19T19:30:03.904-0400][74968ms] GC(98)   Evacuate Collection Set: 58.0ms
[2023-06-19T19:30:03.905-0400][74969ms] GC(98)   Post Evacuate Collection Set: 3.5ms
[2023-06-19T19:30:03.905-0400][74969ms] GC(98)   Other: 0.2ms
[2023-06-19T19:30:03.905-0400][74969ms] GC(98) Eden regions: 93->0(73)
[2023-06-19T19:30:03.905-0400][74969ms] GC(98) Survivor regions: 17->14(14)
[2023-06-19T19:30:03.905-0400][74969ms] GC(98) Old regions: 788->832
[2023-06-19T19:30:03.905-0400][74969ms] GC(98) Humongous regions: 5->5
[2023-06-19T19:30:03.905-0400][74969ms] GC(98) Metaspace: 174698K->174698K(1210368K)
[2023-06-19T19:30:03.905-0400][74969ms] GC(98) Pause Young (Normal) (G1 Evacuation Pause) 902M->850M(1127M) 62.126ms
[2023-06-19T19:30:03.905-0400][74969ms] GC(98) User=0.47s Sys=0.03s Real=0.06s
[2023-06-19T19:30:04.161-0400][75225ms] GC(99) Pause Young (Normal) (G1 Evacuation Pause)
[2023-06-19T19:30:04.161-0400][75225ms] GC(99) Using 8 workers of 8 for evacuation
[2023-06-19T19:30:04.183-0400][75247ms] GC(99)   Pre Evacuate Collection Set: 0.0ms
[2023-06-19T19:30:04.183-0400][75247ms] GC(99)   Evacuate Collection Set: 18.7ms
[2023-06-19T19:30:04.183-0400][75247ms] GC(99)   Post Evacuate Collection Set: 3.0ms
[2023-06-19T19:30:04.183-0400][75247ms] GC(99)   Other: 0.2ms
[2023-06-19T19:30:04.183-0400][75247ms] GC(99) Eden regions: 73->0(63)
[2023-06-19T19:30:04.183-0400][75247ms] GC(99) Survivor regions: 14->11(11)
[2023-06-19T19:30:04.183-0400][75247ms] GC(99) Old regions: 832->857
[2023-06-19T19:30:04.183-0400][75247ms] GC(99) Humongous regions: 5->5
[2023-06-19T19:30:04.183-0400][75247ms] GC(99) Metaspace: 174707K->174707K(1210368K)
[2023-06-19T19:30:04.183-0400][75247ms] GC(99) Pause Young (Normal) (G1 Evacuation Pause) 923M->872M(1127M) 22.327ms
[2023-06-19T19:30:04.183-0400][75247ms] GC(99) User=0.13s Sys=0.00s Real=0.02s
[2023-06-19T19:30:04.454-0400][75518ms] GC(100) Pause Young (Normal) (G1 Evacuation Pause)
[2023-06-19T19:30:04.454-0400][75518ms] GC(100) Using 8 workers of 8 for evacuation
[2023-06-19T19:30:04.474-0400][75538ms] GC(100)   Pre Evacuate Collection Set: 0.0ms
[2023-06-19T19:30:04.474-0400][75538ms] GC(100)   Evacuate Collection Set: 16.5ms
[2023-06-19T19:30:04.474-0400][75538ms] GC(100)   Post Evacuate Collection Set: 3.1ms
[2023-06-19T19:30:04.474-0400][75538ms] GC(100)   Other: 0.2ms
[2023-06-19T19:30:04.474-0400][75538ms] GC(100) Eden regions: 63->0(50)
[2023-06-19T19:30:04.474-0400][75538ms] GC(100) Survivor regions: 11->10(10)
[2023-06-19T19:30:04.474-0400][75538ms] GC(100) Old regions: 857->886
[2023-06-19T19:30:04.474-0400][75538ms] GC(100) Humongous regions: 5->5
[2023-06-19T19:30:04.474-0400][75538ms] GC(100) Metaspace: 174723K->174723K(1210368K)
[2023-06-19T19:30:04.474-0400][75538ms] GC(100) Pause Young (Normal) (G1 Evacuation Pause) 935M->901M(1127M) 20.109ms
[2023-06-19T19:30:04.474-0400][75538ms] GC(100) User=0.13s Sys=0.00s Real=0.02s
[2023-06-19T19:30:04.677-0400][75741ms] GC(101) Pause Young (Normal) (G1 Evacuation Pause)
[2023-06-19T19:30:04.677-0400][75741ms] GC(101) Using 8 workers of 8 for evacuation
[2023-06-19T19:30:04.695-0400][75759ms] GC(101)   Pre Evacuate Collection Set: 0.0ms
[2023-06-19T19:30:04.695-0400][75759ms] GC(101)   Evacuate Collection Set: 14.5ms
[2023-06-19T19:30:04.695-0400][75759ms] GC(101)   Post Evacuate Collection Set: 3.1ms
[2023-06-19T19:30:04.695-0400][75759ms] GC(101)   Other: 0.2ms
[2023-06-19T19:30:04.695-0400][75759ms] GC(101) Eden regions: 50->0(48)
[2023-06-19T19:30:04.695-0400][75759ms] GC(101) Survivor regions: 10->8(8)
[2023-06-19T19:30:04.695-0400][75759ms] GC(101) Old regions: 886->914
[2023-06-19T19:30:04.695-0400][75759ms] GC(101) Humongous regions: 5->5
[2023-06-19T19:30:04.695-0400][75759ms] GC(101) Metaspace: 174723K->174723K(1210368K)
[2023-06-19T19:30:04.695-0400][75759ms] GC(101) Pause Young (Normal) (G1 Evacuation Pause) 951M->927M(1127M) 18.143ms
[2023-06-19T19:30:04.695-0400][75759ms] GC(101) User=0.13s Sys=0.00s Real=0.02s
[2023-06-19T19:30:04.864-0400][75928ms] GC(102) Pause Young (Normal) (G1 Evacuation Pause)
[2023-06-19T19:30:04.864-0400][75928ms] GC(102) Using 8 workers of 8 for evacuation
[2023-06-19T19:30:04.879-0400][75943ms] GC(102)   Pre Evacuate Collection Set: 0.0ms
[2023-06-19T19:30:04.879-0400][75943ms] GC(102)   Evacuate Collection Set: 12.7ms
[2023-06-19T19:30:04.879-0400][75943ms] GC(102)   Post Evacuate Collection Set: 2.8ms
[2023-06-19T19:30:04.879-0400][75943ms] GC(102)   Other: 0.2ms
[2023-06-19T19:30:04.879-0400][75943ms] GC(102) Eden regions: 48->0(49)
[2023-06-19T19:30:04.879-0400][75943ms] GC(102) Survivor regions: 8->7(7)
[2023-06-19T19:30:04.879-0400][75943ms] GC(102) Old regions: 914->941
[2023-06-19T19:30:04.879-0400][75943ms] GC(102) Humongous regions: 5->5
[2023-06-19T19:30:04.879-0400][75943ms] GC(102) Metaspace: 174729K->174729K(1210368K)
[2023-06-19T19:30:04.879-0400][75943ms] GC(102) Pause Young (Normal) (G1 Evacuation Pause) 975M->953M(1127M) 16.009ms
[2023-06-19T19:30:04.879-0400][75943ms] GC(102) User=0.13s Sys=0.00s Real=0.01s
[2023-06-19T19:30:05.100-0400][76164ms] GC(103) Pause Young (Normal) (G1 Evacuation Pause)
[2023-06-19T19:30:05.100-0400][76164ms] GC(103) Using 8 workers of 8 for evacuation
[2023-06-19T19:30:05.118-0400][76182ms] GC(103)   Pre Evacuate Collection Set: 0.0ms
[2023-06-19T19:30:05.118-0400][76182ms] GC(103)   Evacuate Collection Set: 14.8ms
[2023-06-19T19:30:05.118-0400][76182ms] GC(103)   Post Evacuate Collection Set: 3.0ms
[2023-06-19T19:30:05.118-0400][76182ms] GC(103)   Other: 0.2ms
[2023-06-19T19:30:05.118-0400][76182ms] GC(103) Eden regions: 49->0(49)
[2023-06-19T19:30:05.118-0400][76182ms] GC(103) Survivor regions: 7->7(7)
[2023-06-19T19:30:05.118-0400][76182ms] GC(103) Old regions: 941->970
[2023-06-19T19:30:05.118-0400][76182ms] GC(103) Humongous regions: 5->5
[2023-06-19T19:30:05.118-0400][76182ms] GC(103) Metaspace: 174753K->174753K(1210368K)
[2023-06-19T19:30:05.118-0400][76182ms] GC(103) Pause Young (Normal) (G1 Evacuation Pause) 1002M->981M(1127M) 18.322ms
[2023-06-19T19:30:05.118-0400][76182ms] GC(103) User=0.13s Sys=0.00s Real=0.02s
[2023-06-19T19:30:05.413-0400][76477ms] GC(104) Pause Young (Concurrent Start) (G1 Evacuation Pause)
[2023-06-19T19:30:05.413-0400][76477ms] GC(104) Using 8 workers of 8 for evacuation
[2023-06-19T19:30:05.429-0400][76493ms] GC(104)   Pre Evacuate Collection Set: 0.1ms
[2023-06-19T19:30:05.429-0400][76493ms] GC(104)   Evacuate Collection Set: 12.8ms
[2023-06-19T19:30:05.429-0400][76493ms] GC(104)   Post Evacuate Collection Set: 3.2ms
[2023-06-19T19:30:05.429-0400][76493ms] GC(104)   Other: 0.2ms
[2023-06-19T19:30:05.429-0400][76493ms] GC(104) Eden regions: 49->0(49)
[2023-06-19T19:30:05.429-0400][76493ms] GC(104) Survivor regions: 7->7(7)
[2023-06-19T19:30:05.429-0400][76493ms] GC(104) Old regions: 970->990
[2023-06-19T19:30:05.429-0400][76493ms] GC(104) Humongous regions: 5->5
[2023-06-19T19:30:05.429-0400][76493ms] GC(104) Metaspace: 174765K->174765K(1210368K)
[2023-06-19T19:30:05.430-0400][76494ms] GC(104) Pause Young (Concurrent Start) (G1 Evacuation Pause) 1030M->1002M(1127M) 16.670ms
[2023-06-19T19:30:05.430-0400][76494ms] GC(104) User=0.11s Sys=0.00s Real=0.02s
[2023-06-19T19:30:05.430-0400][76494ms] GC(105) Concurrent Cycle
[2023-06-19T19:30:05.430-0400][76494ms] GC(105) Concurrent Clear Claimed Marks
[2023-06-19T19:30:05.430-0400][76494ms] GC(105) Concurrent Clear Claimed Marks 0.160ms
[2023-06-19T19:30:05.430-0400][76494ms] GC(105) Concurrent Scan Root Regions
[2023-06-19T19:30:05.431-0400][76495ms] GC(105) Concurrent Scan Root Regions 1.382ms
[2023-06-19T19:30:05.431-0400][76495ms] GC(105) Concurrent Mark (76.495s)
[2023-06-19T19:30:05.431-0400][76495ms] GC(105) Concurrent Mark From Roots
[2023-06-19T19:30:05.431-0400][76495ms] GC(105) Using 2 workers of 2 for marking
[2023-06-19T19:30:05.811-0400][76875ms] GC(106) Pause Young (Normal) (G1 Evacuation Pause)
[2023-06-19T19:30:05.812-0400][76876ms] GC(106) Using 8 workers of 8 for evacuation
[2023-06-19T19:30:05.832-0400][76896ms] GC(106)   Pre Evacuate Collection Set: 0.0ms
[2023-06-19T19:30:05.832-0400][76896ms] GC(106)   Evacuate Collection Set: 17.0ms
[2023-06-19T19:30:05.832-0400][76896ms] GC(106)   Post Evacuate Collection Set: 3.3ms
[2023-06-19T19:30:05.832-0400][76896ms] GC(106)   Other: 0.3ms
[2023-06-19T19:30:05.832-0400][76896ms] GC(106) Eden regions: 49->0(49)
[2023-06-19T19:30:05.832-0400][76896ms] GC(106) Survivor regions: 7->7(7)
[2023-06-19T19:30:05.832-0400][76896ms] GC(106) Old regions: 990->1014
[2023-06-19T19:30:05.832-0400][76896ms] GC(106) Humongous regions: 5->5
[2023-06-19T19:30:05.832-0400][76896ms] GC(106) Metaspace: 174765K->174765K(1210368K)
[2023-06-19T19:30:05.832-0400][76896ms] GC(106) Pause Young (Normal) (G1 Evacuation Pause) 1051M->1025M(1127M) 20.912ms
[2023-06-19T19:30:05.832-0400][76896ms] GC(106) User=0.13s Sys=0.02s Real=0.02s
[2023-06-19T19:30:06.223-0400][77287ms] GC(107) Pause Young (Normal) (G1 Evacuation Pause)
[2023-06-19T19:30:06.223-0400][77287ms] GC(107) Using 8 workers of 8 for evacuation
[2023-06-19T19:30:06.257-0400][77321ms] GC(107)   Pre Evacuate Collection Set: 0.0ms
[2023-06-19T19:30:06.257-0400][77321ms] GC(107)   Evacuate Collection Set: 26.6ms
[2023-06-19T19:30:06.257-0400][77321ms] GC(107)   Post Evacuate Collection Set: 6.8ms
[2023-06-19T19:30:06.257-0400][77321ms] GC(107)   Other: 0.3ms
[2023-06-19T19:30:06.257-0400][77321ms] GC(107) Eden regions: 49->0(53)
[2023-06-19T19:30:06.257-0400][77321ms] GC(107) Survivor regions: 7->7(7)
[2023-06-19T19:30:06.257-0400][77321ms] GC(107) Old regions: 1014->1034
[2023-06-19T19:30:06.257-0400][77321ms] GC(107) Humongous regions: 5->5
[2023-06-19T19:30:06.257-0400][77321ms] GC(107) Metaspace: 174765K->174765K(1210368K)
[2023-06-19T19:30:06.257-0400][77321ms] GC(107) Pause Young (Normal) (G1 Evacuation Pause) 1074M->1045M(1215M) 33.993ms
[2023-06-19T19:30:06.257-0400][77321ms] GC(107) User=0.25s Sys=0.00s Real=0.03s
[2023-06-19T19:30:06.312-0400][77376ms] GC(105) Concurrent Mark From Roots 880.245ms
[2023-06-19T19:30:06.312-0400][77376ms] GC(105) Concurrent Preclean
[2023-06-19T19:30:06.317-0400][77381ms] GC(105) Concurrent Preclean 5.417ms
[2023-06-19T19:30:06.317-0400][77381ms] GC(105) Concurrent Mark (76.495s, 77.381s) 885.846ms
[2023-06-19T19:30:06.318-0400][77382ms] GC(105) Pause Remark
[2023-06-19T19:30:06.342-0400][77406ms] GC(105) Cleaned string and symbol table, strings: 73287 processed, 64 removed, symbols: 393894 processed, 8 removed
[2023-06-19T19:30:06.343-0400][77407ms] GC(105) Pause Remark 1050M->1049M(1215M) 24.827ms
[2023-06-19T19:30:06.343-0400][77407ms] GC(105) User=0.08s Sys=0.00s Real=0.02s
[2023-06-19T19:30:06.343-0400][77407ms] GC(105) Concurrent Rebuild Remembered Sets
[2023-06-19T19:30:06.901-0400][77965ms] GC(105) Concurrent Rebuild Remembered Sets 557.855ms
[2023-06-19T19:30:06.901-0400][77965ms] GC(105) Pause Cleanup
[2023-06-19T19:30:06.902-0400][77966ms] GC(105) Pause Cleanup 1060M->1060M(1215M) 0.667ms
[2023-06-19T19:30:06.902-0400][77966ms] GC(105) User=0.00s Sys=0.00s Real=0.00s
[2023-06-19T19:30:06.902-0400][77966ms] GC(105) Concurrent Cleanup for Next Mark
[2023-06-19T19:30:06.906-0400][77970ms] GC(105) Concurrent Cleanup for Next Mark 4.021ms
[2023-06-19T19:30:06.906-0400][77970ms] GC(105) Concurrent Cycle 1476.163ms
[2023-06-19T19:30:07.192-0400][78256ms] GC(108) Pause Young (Prepare Mixed) (G1 Evacuation Pause)
[2023-06-19T19:30:07.192-0400][78256ms] GC(108) Using 8 workers of 8 for evacuation
[2023-06-19T19:30:07.209-0400][78273ms] GC(108)   Pre Evacuate Collection Set: 0.0ms
[2023-06-19T19:30:07.209-0400][78273ms] GC(108)   Evacuate Collection Set: 13.5ms
[2023-06-19T19:30:07.209-0400][78273ms] GC(108)   Post Evacuate Collection Set: 3.0ms
[2023-06-19T19:30:07.209-0400][78273ms] GC(108)   Other: 0.4ms
[2023-06-19T19:30:07.209-0400][78273ms] GC(108) Eden regions: 53->0(52)
[2023-06-19T19:30:07.209-0400][78273ms] GC(108) Survivor regions: 7->8(8)
[2023-06-19T19:30:07.209-0400][78273ms] GC(108) Old regions: 1033->1051
[2023-06-19T19:30:07.209-0400][78273ms] GC(108) Humongous regions: 5->4
[2023-06-19T19:30:07.209-0400][78273ms] GC(108) Metaspace: 174765K->174765K(1210368K)
[2023-06-19T19:30:07.209-0400][78273ms] GC(108) Pause Young (Prepare Mixed) (G1 Evacuation Pause) 1097M->1063M(1215M) 17.175ms
[2023-06-19T19:30:07.209-0400][78273ms] GC(108) User=0.13s Sys=0.00s Real=0.02s
[2023-06-19T19:30:07.503-0400][78567ms] GC(109) Pause Young (Mixed) (G1 Evacuation Pause)
[2023-06-19T19:30:07.503-0400][78567ms] GC(109) Using 8 workers of 8 for evacuation
[2023-06-19T19:30:07.547-0400][78611ms] GC(109)   Pre Evacuate Collection Set: 0.2ms
[2023-06-19T19:30:07.547-0400][78611ms] GC(109)   Evacuate Collection Set: 40.8ms
[2023-06-19T19:30:07.547-0400][78611ms] GC(109)   Post Evacuate Collection Set: 3.4ms
[2023-06-19T19:30:07.547-0400][78611ms] GC(109)   Other: 0.2ms
[2023-06-19T19:30:07.547-0400][78611ms] GC(109) Eden regions: 52->0(52)
[2023-06-19T19:30:07.547-0400][78611ms] GC(109) Survivor regions: 8->8(8)
[2023-06-19T19:30:07.547-0400][78611ms] GC(109) Old regions: 1051->986
[2023-06-19T19:30:07.547-0400][78611ms] GC(109) Humongous regions: 4->4
[2023-06-19T19:30:07.548-0400][78612ms] GC(109) Metaspace: 174778K->174778K(1210368K)
[2023-06-19T19:30:07.548-0400][78612ms] GC(109) Pause Young (Mixed) (G1 Evacuation Pause) 1115M->998M(1215M) 44.900ms
[2023-06-19T19:30:07.548-0400][78612ms] GC(109) User=0.27s Sys=0.00s Real=0.05s
[2023-06-19T19:30:07.827-0400][78891ms] GC(110) Pause Young (Mixed) (G1 Evacuation Pause)
[2023-06-19T19:30:07.827-0400][78891ms] GC(110) Using 8 workers of 8 for evacuation
[2023-06-19T19:30:07.857-0400][78921ms] GC(110)   Pre Evacuate Collection Set: 0.1ms
[2023-06-19T19:30:07.857-0400][78921ms] GC(110)   Evacuate Collection Set: 25.9ms
[2023-06-19T19:30:07.857-0400][78921ms] GC(110)   Post Evacuate Collection Set: 3.3ms
[2023-06-19T19:30:07.857-0400][78921ms] GC(110)   Other: 0.7ms
[2023-06-19T19:30:07.857-0400][78921ms] GC(110) Eden regions: 52->0(52)
[2023-06-19T19:30:07.857-0400][78921ms] GC(110) Survivor regions: 8->8(8)
[2023-06-19T19:30:07.857-0400][78921ms] GC(110) Old regions: 986->998
[2023-06-19T19:30:07.858-0400][78922ms] GC(110) Humongous regions: 4->4
[2023-06-19T19:30:07.858-0400][78922ms] GC(110) Metaspace: 174778K->174778K(1210368K)
[2023-06-19T19:30:07.858-0400][78922ms] GC(110) Pause Young (Mixed) (G1 Evacuation Pause) 1050M->1009M(1215M) 30.282ms
[2023-06-19T19:30:07.858-0400][78922ms] GC(110) User=0.13s Sys=0.02s Real=0.03s
[2023-06-19T19:30:08.394-0400][79458ms] GC(111) Pause Young (Normal) (G1 Evacuation Pause)
[2023-06-19T19:30:08.394-0400][79458ms] GC(111) Using 8 workers of 8 for evacuation
[2023-06-19T19:30:08.411-0400][79475ms] GC(111)   Pre Evacuate Collection Set: 0.0ms
[2023-06-19T19:30:08.411-0400][79475ms] GC(111)   Evacuate Collection Set: 13.6ms
[2023-06-19T19:30:08.411-0400][79475ms] GC(111)   Post Evacuate Collection Set: 3.3ms
[2023-06-19T19:30:08.412-0400][79476ms] GC(111)   Other: 0.2ms
[2023-06-19T19:30:08.412-0400][79476ms] GC(111) Eden regions: 52->0(52)
[2023-06-19T19:30:08.412-0400][79476ms] GC(111) Survivor regions: 8->8(8)
[2023-06-19T19:30:08.412-0400][79476ms] GC(111) Old regions: 998->1013
[2023-06-19T19:30:08.412-0400][79476ms] GC(111) Humongous regions: 4->4
[2023-06-19T19:30:08.412-0400][79476ms] GC(111) Metaspace: 177175K->177175K(1212416K)
[2023-06-19T19:30:08.412-0400][79476ms] GC(111) Pause Young (Normal) (G1 Evacuation Pause) 1061M->1025M(1215M) 17.460ms
[2023-06-19T19:30:08.412-0400][79476ms] GC(111) User=0.13s Sys=0.00s Real=0.02s
[2023-06-19T19:30:30.605-0400][101669ms] GC(112) Pause Young (Normal) (G1 Evacuation Pause)
[2023-06-19T19:30:30.605-0400][101669ms] GC(112) Using 8 workers of 8 for evacuation
[2023-06-19T19:30:30.619-0400][101683ms] GC(112)   Pre Evacuate Collection Set: 0.0ms
[2023-06-19T19:30:30.619-0400][101683ms] GC(112)   Evacuate Collection Set: 10.9ms
[2023-06-19T19:30:30.619-0400][101683ms] GC(112)   Post Evacuate Collection Set: 3.1ms
[2023-06-19T19:30:30.619-0400][101683ms] GC(112)   Other: 0.3ms
[2023-06-19T19:30:30.619-0400][101683ms] GC(112) Eden regions: 52->0(55)
[2023-06-19T19:30:30.619-0400][101683ms] GC(112) Survivor regions: 8->5(8)
[2023-06-19T19:30:30.619-0400][101683ms] GC(112) Old regions: 1013->1020
[2023-06-19T19:30:30.619-0400][101683ms] GC(112) Humongous regions: 6->4
[2023-06-19T19:30:30.619-0400][101683ms] GC(112) Metaspace: 184442K->184442K(1218560K)
[2023-06-19T19:30:30.619-0400][101683ms] GC(112) Pause Young (Normal) (G1 Evacuation Pause) 1079M->1027M(1215M) 14.815ms
[2023-06-19T19:30:30.619-0400][101683ms] GC(112) User=0.13s Sys=0.00s Real=0.01s
[2023-06-19T19:30:31.979-0400][103043ms] GC(113) Pause Young (Normal) (G1 Evacuation Pause)
[2023-06-19T19:30:31.979-0400][103043ms] GC(113) Using 8 workers of 8 for evacuation
[2023-06-19T19:30:31.992-0400][103056ms] GC(113)   Pre Evacuate Collection Set: 0.1ms
[2023-06-19T19:30:31.992-0400][103056ms] GC(113)   Evacuate Collection Set: 8.6ms
[2023-06-19T19:30:31.992-0400][103056ms] GC(113)   Post Evacuate Collection Set: 3.8ms
[2023-06-19T19:30:31.992-0400][103056ms] GC(113)   Other: 0.3ms
[2023-06-19T19:30:31.992-0400][103056ms] GC(113) Eden regions: 55->0(54)
[2023-06-19T19:30:31.993-0400][103057ms] GC(113) Survivor regions: 5->6(8)
[2023-06-19T19:30:31.993-0400][103057ms] GC(113) Old regions: 1020->1020
[2023-06-19T19:30:31.993-0400][103057ms] GC(113) Humongous regions: 4->4
[2023-06-19T19:30:31.993-0400][103057ms] GC(113) Metaspace: 194713K->194713K(1228800K)
[2023-06-19T19:30:31.993-0400][103057ms] GC(113) Pause Young (Normal) (G1 Evacuation Pause) 1082M->1029M(1215M) 13.273ms
[2023-06-19T19:30:31.993-0400][103057ms] GC(113) User=0.13s Sys=0.00s Real=0.01s
[2023-06-19T19:30:32.993-0400][104057ms] GC(114) Pause Young (Normal) (G1 Evacuation Pause)
[2023-06-19T19:30:32.993-0400][104057ms] GC(114) Using 8 workers of 8 for evacuation
[2023-06-19T19:30:33.004-0400][104068ms] GC(114)   Pre Evacuate Collection Set: 0.1ms
[2023-06-19T19:30:33.004-0400][104068ms] GC(114)   Evacuate Collection Set: 5.8ms
[2023-06-19T19:30:33.004-0400][104068ms] GC(114)   Post Evacuate Collection Set: 4.9ms
[2023-06-19T19:30:33.004-0400][104068ms] GC(114)   Other: 0.4ms
[2023-06-19T19:30:33.004-0400][104068ms] GC(114) Eden regions: 54->0(55)
[2023-06-19T19:30:33.004-0400][104068ms] GC(114) Survivor regions: 6->5(8)
[2023-06-19T19:30:33.004-0400][104068ms] GC(114) Old regions: 1020->1023
[2023-06-19T19:30:33.004-0400][104068ms] GC(114) Humongous regions: 4->4
[2023-06-19T19:30:33.004-0400][104068ms] GC(114) Metaspace: 195858K->195858K(1230848K)
[2023-06-19T19:30:33.004-0400][104068ms] GC(114) Pause Young (Normal) (G1 Evacuation Pause) 1083M->1031M(1215M) 11.437ms
[2023-06-19T19:30:33.004-0400][104068ms] GC(114) User=0.06s Sys=0.00s Real=0.01s
[2023-06-19T19:30:33.893-0400][104957ms] GC(115) Pause Young (Normal) (G1 Evacuation Pause)
[2023-06-19T19:30:33.893-0400][104957ms] GC(115) Using 8 workers of 8 for evacuation
[2023-06-19T19:30:33.903-0400][104967ms] GC(115)   Pre Evacuate Collection Set: 0.1ms
[2023-06-19T19:30:33.904-0400][104968ms] GC(115)   Evacuate Collection Set: 4.7ms
[2023-06-19T19:30:33.904-0400][104968ms] GC(115)   Post Evacuate Collection Set: 5.2ms
[2023-06-19T19:30:33.904-0400][104968ms] GC(115)   Other: 0.4ms
[2023-06-19T19:30:33.904-0400][104968ms] GC(115) Eden regions: 55->0(56)
[2023-06-19T19:30:33.904-0400][104968ms] GC(115) Survivor regions: 5->4(8)
[2023-06-19T19:30:33.904-0400][104968ms] GC(115) Old regions: 1023->1025
[2023-06-19T19:30:33.904-0400][104968ms] GC(115) Humongous regions: 4->4
[2023-06-19T19:30:33.904-0400][104968ms] GC(115) Metaspace: 196781K->196781K(1230848K)
[2023-06-19T19:30:33.904-0400][104968ms] GC(115) Pause Young (Normal) (G1 Evacuation Pause) 1086M->1032M(1215M) 10.946ms
[2023-06-19T19:30:33.904-0400][104968ms] GC(115) User=0.00s Sys=0.00s Real=0.01s
[2023-06-19T19:32:19.463-0400][210527ms] GC(116) Pause Young (Normal) (G1 Evacuation Pause)
[2023-06-19T19:32:19.463-0400][210527ms] GC(116) Using 8 workers of 8 for evacuation
[2023-06-19T19:32:19.479-0400][210543ms] GC(116)   Pre Evacuate Collection Set: 0.1ms
[2023-06-19T19:32:19.479-0400][210543ms] GC(116)   Evacuate Collection Set: 6.6ms
[2023-06-19T19:32:19.479-0400][210543ms] GC(116)   Post Evacuate Collection Set: 8.4ms
[2023-06-19T19:32:19.479-0400][210543ms] GC(116)   Other: 0.8ms
[2023-06-19T19:32:19.480-0400][210544ms] GC(116) Eden regions: 56->0(56)
[2023-06-19T19:32:19.480-0400][210544ms] GC(116) Survivor regions: 4->4(8)
[2023-06-19T19:32:19.480-0400][210544ms] GC(116) Old regions: 1025->1025
[2023-06-19T19:32:19.480-0400][210544ms] GC(116) Humongous regions: 4->4
[2023-06-19T19:32:19.480-0400][210544ms] GC(116) Metaspace: 196950K->196950K(1230848K)
[2023-06-19T19:32:19.480-0400][210544ms] GC(116) Pause Young (Normal) (G1 Evacuation Pause) 1088M->1031M(1215M) 17.105ms
[2023-06-19T19:32:19.480-0400][210544ms] GC(116) User=0.13s Sys=0.00s Real=0.02s
[2023-06-19T19:36:15.261-0400][446325ms] GC(117) Pause Young (Normal) (G1 Evacuation Pause)
[2023-06-19T19:36:15.261-0400][446325ms] GC(117) Using 8 workers of 8 for evacuation
[2023-06-19T19:36:15.278-0400][446342ms] GC(117)   Pre Evacuate Collection Set: 0.2ms
[2023-06-19T19:36:15.278-0400][446342ms] GC(117)   Evacuate Collection Set: 6.3ms
[2023-06-19T19:36:15.279-0400][446343ms] GC(117)   Post Evacuate Collection Set: 9.6ms
[2023-06-19T19:36:15.279-0400][446343ms] GC(117)   Other: 0.7ms
[2023-06-19T19:36:15.279-0400][446343ms] GC(117) Eden regions: 56->0(57)
[2023-06-19T19:36:15.279-0400][446343ms] GC(117) Survivor regions: 4->3(8)
[2023-06-19T19:36:15.279-0400][446343ms] GC(117) Old regions: 1025->1025
[2023-06-19T19:36:15.279-0400][446343ms] GC(117) Humongous regions: 4->4
[2023-06-19T19:36:15.279-0400][446343ms] GC(117) Metaspace: 197025K->197025K(1230848K)
[2023-06-19T19:36:15.279-0400][446343ms] GC(117) Pause Young (Normal) (G1 Evacuation Pause) 1087M->1031M(1215M) 17.932ms
[2023-06-19T19:36:15.280-0400][446344ms] GC(117) User=0.13s Sys=0.00s Real=0.02s
[2023-06-19T19:40:16.029-0400][687093ms] GC(118) Pause Young (Normal) (G1 Evacuation Pause)
[2023-06-19T19:40:16.029-0400][687093ms] GC(118) Using 8 workers of 8 for evacuation
[2023-06-19T19:40:16.037-0400][687101ms] GC(118)   Pre Evacuate Collection Set: 0.1ms
[2023-06-19T19:40:16.038-0400][687102ms] GC(118)   Evacuate Collection Set: 3.2ms
[2023-06-19T19:40:16.038-0400][687102ms] GC(118)   Post Evacuate Collection Set: 4.6ms
[2023-06-19T19:40:16.038-0400][687102ms] GC(118)   Other: 0.7ms
[2023-06-19T19:40:16.038-0400][687102ms] GC(118) Eden regions: 57->0(57)
[2023-06-19T19:40:16.038-0400][687102ms] GC(118) Survivor regions: 3->3(8)
[2023-06-19T19:40:16.038-0400][687102ms] GC(118) Old regions: 1025->1025
[2023-06-19T19:40:16.038-0400][687102ms] GC(118) Humongous regions: 4->4
[2023-06-19T19:40:16.038-0400][687102ms] GC(118) Metaspace: 197091K->197091K(1230848K)
[2023-06-19T19:40:16.038-0400][687102ms] GC(118) Pause Young (Normal) (G1 Evacuation Pause) 1088M->1031M(1215M) 8.956ms
[2023-06-19T19:40:16.038-0400][687102ms] GC(118) User=0.13s Sys=0.00s Real=0.01s
[2023-06-19T19:44:16.747-0400][927811ms] GC(119) Pause Young (Normal) (G1 Evacuation Pause)
[2023-06-19T19:44:16.747-0400][927811ms] GC(119) Using 8 workers of 8 for evacuation
[2023-06-19T19:44:16.754-0400][927818ms] GC(119)   Pre Evacuate Collection Set: 0.1ms
[2023-06-19T19:44:16.754-0400][927818ms] GC(119)   Evacuate Collection Set: 1.9ms
[2023-06-19T19:44:16.754-0400][927818ms] GC(119)   Post Evacuate Collection Set: 4.0ms
[2023-06-19T19:44:16.754-0400][927818ms] GC(119)   Other: 0.3ms
[2023-06-19T19:44:16.754-0400][927818ms] GC(119) Eden regions: 57->0(57)
[2023-06-19T19:44:16.754-0400][927818ms] GC(119) Survivor regions: 3->3(8)
[2023-06-19T19:44:16.754-0400][927818ms] GC(119) Old regions: 1025->1025
[2023-06-19T19:44:16.754-0400][927818ms] GC(119) Humongous regions: 4->4
[2023-06-19T19:44:16.754-0400][927818ms] GC(119) Metaspace: 197120K->197120K(1230848K)
[2023-06-19T19:44:16.754-0400][927818ms] GC(119) Pause Young (Normal) (G1 Evacuation Pause) 1088M->1031M(1215M) 6.791ms
[2023-06-19T19:44:16.754-0400][927818ms] GC(119) User=0.13s Sys=0.00s Real=0.01s
[2023-06-19T19:48:12.403-0400][1163467ms] GC(120) Pause Young (Normal) (G1 Evacuation Pause)
[2023-06-19T19:48:12.404-0400][1163468ms] GC(120) Using 8 workers of 8 for evacuation
[2023-06-19T19:48:12.417-0400][1163481ms] GC(120)   Pre Evacuate Collection Set: 0.1ms
[2023-06-19T19:48:12.417-0400][1163481ms] GC(120)   Evacuate Collection Set: 5.1ms
[2023-06-19T19:48:12.417-0400][1163481ms] GC(120)   Post Evacuate Collection Set: 7.7ms
[2023-06-19T19:48:12.417-0400][1163481ms] GC(120)   Other: 0.7ms
[2023-06-19T19:48:12.417-0400][1163481ms] GC(120) Eden regions: 57->0(57)
[2023-06-19T19:48:12.418-0400][1163482ms] GC(120) Survivor regions: 3->3(8)
[2023-06-19T19:48:12.418-0400][1163482ms] GC(120) Old regions: 1025->1025
[2023-06-19T19:48:12.418-0400][1163482ms] GC(120) Humongous regions: 4->4
[2023-06-19T19:48:12.418-0400][1163482ms] GC(120) Metaspace: 197146K->197146K(1230848K)
[2023-06-19T19:48:12.418-0400][1163482ms] GC(120) Pause Young (Normal) (G1 Evacuation Pause) 1088M->1031M(1215M) 14.659ms
[2023-06-19T19:48:12.418-0400][1163482ms] GC(120) User=0.13s Sys=0.00s Real=0.01s
[2023-06-19T19:52:08.625-0400][1399689ms] GC(121) Pause Young (Normal) (G1 Evacuation Pause)
[2023-06-19T19:52:08.626-0400][1399690ms] GC(121) Using 8 workers of 8 for evacuation
[2023-06-19T19:52:08.638-0400][1399702ms] GC(121)   Pre Evacuate Collection Set: 0.1ms
[2023-06-19T19:52:08.638-0400][1399702ms] GC(121)   Evacuate Collection Set: 5.4ms
[2023-06-19T19:52:08.638-0400][1399702ms] GC(121)   Post Evacuate Collection Set: 6.4ms
[2023-06-19T19:52:08.638-0400][1399702ms] GC(121)   Other: 0.8ms
[2023-06-19T19:52:08.638-0400][1399702ms] GC(121) Eden regions: 57->0(57)
[2023-06-19T19:52:08.639-0400][1399703ms] GC(121) Survivor regions: 3->3(8)
[2023-06-19T19:52:08.639-0400][1399703ms] GC(121) Old regions: 1025->1025
[2023-06-19T19:52:08.639-0400][1399703ms] GC(121) Humongous regions: 4->4
[2023-06-19T19:52:08.639-0400][1399703ms] GC(121) Metaspace: 197343K->197343K(1230848K)
[2023-06-19T19:52:08.639-0400][1399703ms] GC(121) Pause Young (Normal) (G1 Evacuation Pause) 1088M->1031M(1215M) 13.912ms
[2023-06-19T19:52:08.639-0400][1399703ms] GC(121) User=0.00s Sys=0.00s Real=0.01s
[2023-06-19T19:56:10.154-0400][1641218ms] GC(122) Pause Young (Normal) (G1 Evacuation Pause)
[2023-06-19T19:56:10.154-0400][1641218ms] GC(122) Using 8 workers of 8 for evacuation
[2023-06-19T19:56:10.159-0400][1641223ms] GC(122)   Pre Evacuate Collection Set: 0.0ms
[2023-06-19T19:56:10.159-0400][1641223ms] GC(122)   Evacuate Collection Set: 1.5ms
[2023-06-19T19:56:10.159-0400][1641223ms] GC(122)   Post Evacuate Collection Set: 2.9ms
[2023-06-19T19:56:10.159-0400][1641223ms] GC(122)   Other: 0.2ms
[2023-06-19T19:56:10.159-0400][1641223ms] GC(122) Eden regions: 57->0(57)
[2023-06-19T19:56:10.159-0400][1641223ms] GC(122) Survivor regions: 3->3(8)
[2023-06-19T19:56:10.159-0400][1641223ms] GC(122) Old regions: 1025->1025
[2023-06-19T19:56:10.159-0400][1641223ms] GC(122) Humongous regions: 4->4
[2023-06-19T19:56:10.159-0400][1641223ms] GC(122) Metaspace: 197351K->197351K(1230848K)
[2023-06-19T19:56:10.159-0400][1641223ms] GC(122) Pause Young (Normal) (G1 Evacuation Pause) 1088M->1031M(1215M) 4.938ms
[2023-06-19T19:56:10.159-0400][1641223ms] GC(122) User=0.13s Sys=0.00s Real=0.00s
[2023-06-19T20:00:10.144-0400][1881208ms] GC(123) Pause Young (Normal) (G1 Evacuation Pause)
[2023-06-19T20:00:10.144-0400][1881208ms] GC(123) Using 8 workers of 8 for evacuation
[2023-06-19T20:00:10.156-0400][1881220ms] GC(123)   Pre Evacuate Collection Set: 0.1ms
[2023-06-19T20:00:10.156-0400][1881220ms] GC(123)   Evacuate Collection Set: 5.0ms
[2023-06-19T20:00:10.156-0400][1881220ms] GC(123)   Post Evacuate Collection Set: 7.0ms
[2023-06-19T20:00:10.157-0400][1881221ms] GC(123)   Other: 0.7ms
[2023-06-19T20:00:10.157-0400][1881221ms] GC(123) Eden regions: 57->0(56)
[2023-06-19T20:00:10.157-0400][1881221ms] GC(123) Survivor regions: 3->4(8)
[2023-06-19T20:00:10.157-0400][1881221ms] GC(123) Old regions: 1025->1025
[2023-06-19T20:00:10.157-0400][1881221ms] GC(123) Humongous regions: 4->4
[2023-06-19T20:00:10.157-0400][1881221ms] GC(123) Metaspace: 197351K->197351K(1230848K)
[2023-06-19T20:00:10.157-0400][1881221ms] GC(123) Pause Young (Normal) (G1 Evacuation Pause) 1088M->1031M(1215M) 13.699ms
[2023-06-19T20:00:10.157-0400][1881221ms] GC(123) User=0.00s Sys=0.02s Real=0.01s
[2023-06-19T20:04:10.143-0400][2121207ms] GC(124) Pause Young (Normal) (G1 Evacuation Pause)
[2023-06-19T20:04:10.143-0400][2121207ms] GC(124) Using 8 workers of 8 for evacuation
[2023-06-19T20:04:10.148-0400][2121212ms] GC(124)   Pre Evacuate Collection Set: 0.0ms
[2023-06-19T20:04:10.148-0400][2121212ms] GC(124)   Evacuate Collection Set: 2.1ms
[2023-06-19T20:04:10.148-0400][2121212ms] GC(124)   Post Evacuate Collection Set: 3.2ms
[2023-06-19T20:04:10.148-0400][2121212ms] GC(124)   Other: 0.2ms
[2023-06-19T20:04:10.148-0400][2121212ms] GC(124) Eden regions: 56->0(57)
[2023-06-19T20:04:10.148-0400][2121212ms] GC(124) Survivor regions: 4->3(8)
[2023-06-19T20:04:10.148-0400][2121212ms] GC(124) Old regions: 1025->1025
[2023-06-19T20:04:10.148-0400][2121212ms] GC(124) Humongous regions: 4->4
[2023-06-19T20:04:10.148-0400][2121212ms] GC(124) Metaspace: 197383K->197383K(1230848K)
[2023-06-19T20:04:10.148-0400][2121212ms] GC(124) Pause Young (Normal) (G1 Evacuation Pause) 1087M->1031M(1215M) 5.754ms
[2023-06-19T20:04:10.148-0400][2121212ms] GC(124) User=0.00s Sys=0.00s Real=0.01s
[2023-06-19T20:08:12.156-0400][2363220ms] GC(125) Pause Young (Normal) (G1 Evacuation Pause)
[2023-06-19T20:08:12.156-0400][2363220ms] GC(125) Using 8 workers of 8 for evacuation
[2023-06-19T20:08:12.166-0400][2363230ms] GC(125)   Pre Evacuate Collection Set: 0.1ms
[2023-06-19T20:08:12.166-0400][2363230ms] GC(125)   Evacuate Collection Set: 3.8ms
[2023-06-19T20:08:12.166-0400][2363230ms] GC(125)   Post Evacuate Collection Set: 5.5ms
[2023-06-19T20:08:12.166-0400][2363230ms] GC(125)   Other: 0.6ms
[2023-06-19T20:08:12.166-0400][2363230ms] GC(125) Eden regions: 57->0(57)
[2023-06-19T20:08:12.166-0400][2363230ms] GC(125) Survivor regions: 3->3(8)
[2023-06-19T20:08:12.166-0400][2363230ms] GC(125) Old regions: 1025->1025
[2023-06-19T20:08:12.166-0400][2363230ms] GC(125) Humongous regions: 4->4
[2023-06-19T20:08:12.166-0400][2363230ms] GC(125) Metaspace: 197383K->197383K(1230848K)
[2023-06-19T20:08:12.166-0400][2363230ms] GC(125) Pause Young (Normal) (G1 Evacuation Pause) 1088M->1031M(1215M) 10.605ms
[2023-06-19T20:08:12.167-0400][2363231ms] GC(125) User=0.00s Sys=0.00s Real=0.01s
[2023-06-19T20:12:16.427-0400][2607491ms] GC(126) Pause Young (Normal) (G1 Evacuation Pause)
[2023-06-19T20:12:16.427-0400][2607491ms] GC(126) Using 8 workers of 8 for evacuation
[2023-06-19T20:12:16.438-0400][2607502ms] GC(126)   Pre Evacuate Collection Set: 0.1ms
[2023-06-19T20:12:16.438-0400][2607502ms] GC(126)   Evacuate Collection Set: 4.4ms
[2023-06-19T20:12:16.439-0400][2607503ms] GC(126)   Post Evacuate Collection Set: 6.5ms
[2023-06-19T20:12:16.439-0400][2607503ms] GC(126)   Other: 0.6ms
[2023-06-19T20:12:16.439-0400][2607503ms] GC(126) Eden regions: 57->0(57)
[2023-06-19T20:12:16.439-0400][2607503ms] GC(126) Survivor regions: 3->3(8)
[2023-06-19T20:12:16.439-0400][2607503ms] GC(126) Old regions: 1025->1025
[2023-06-19T20:12:16.439-0400][2607503ms] GC(126) Humongous regions: 4->4
[2023-06-19T20:12:16.439-0400][2607503ms] GC(126) Metaspace: 197393K->197393K(1230848K)
[2023-06-19T20:12:16.439-0400][2607503ms] GC(126) Pause Young (Normal) (G1 Evacuation Pause) 1088M->1031M(1215M) 12.706ms
[2023-06-19T20:12:16.440-0400][2607504ms] GC(126) User=0.02s Sys=0.00s Real=0.01s
[2023-06-19T20:16:17.173-0400][2848237ms] GC(127) Pause Young (Normal) (G1 Evacuation Pause)
[2023-06-19T20:16:17.173-0400][2848237ms] GC(127) Using 8 workers of 8 for evacuation
[2023-06-19T20:16:17.188-0400][2848252ms] GC(127)   Pre Evacuate Collection Set: 0.1ms
[2023-06-19T20:16:17.189-0400][2848253ms] GC(127)   Evacuate Collection Set: 6.2ms
[2023-06-19T20:16:17.189-0400][2848253ms] GC(127)   Post Evacuate Collection Set: 8.3ms
[2023-06-19T20:16:17.189-0400][2848253ms] GC(127)   Other: 0.8ms
[2023-06-19T20:16:17.189-0400][2848253ms] GC(127) Eden regions: 57->0(57)
[2023-06-19T20:16:17.189-0400][2848253ms] GC(127) Survivor regions: 3->3(8)
[2023-06-19T20:16:17.189-0400][2848253ms] GC(127) Old regions: 1025->1025
[2023-06-19T20:16:17.189-0400][2848253ms] GC(127) Humongous regions: 4->4
[2023-06-19T20:16:17.189-0400][2848253ms] GC(127) Metaspace: 197395K->197395K(1230848K)
[2023-06-19T20:16:17.190-0400][2848254ms] GC(127) Pause Young (Normal) (G1 Evacuation Pause) 1088M->1031M(1215M) 16.709ms
[2023-06-19T20:16:17.190-0400][2848254ms] GC(127) User=0.02s Sys=0.00s Real=0.02s
[2023-06-19T20:20:22.867-0400][3093931ms] GC(128) Pause Young (Normal) (G1 Evacuation Pause)
[2023-06-19T20:20:22.867-0400][3093931ms] GC(128) Using 8 workers of 8 for evacuation
[2023-06-19T20:20:22.878-0400][3093942ms] GC(128)   Pre Evacuate Collection Set: 0.0ms
[2023-06-19T20:20:22.879-0400][3093943ms] GC(128)   Evacuate Collection Set: 3.1ms
[2023-06-19T20:20:22.879-0400][3093943ms] GC(128)   Post Evacuate Collection Set: 7.9ms
[2023-06-19T20:20:22.879-0400][3093943ms] GC(128)   Other: 0.6ms
[2023-06-19T20:20:22.879-0400][3093943ms] GC(128) Eden regions: 57->0(57)
[2023-06-19T20:20:22.879-0400][3093943ms] GC(128) Survivor regions: 3->3(8)
[2023-06-19T20:20:22.879-0400][3093943ms] GC(128) Old regions: 1025->1025
[2023-06-19T20:20:22.879-0400][3093943ms] GC(128) Humongous regions: 4->4
[2023-06-19T20:20:22.880-0400][3093944ms] GC(128) Metaspace: 197398K->197398K(1230848K)
[2023-06-19T20:20:22.880-0400][3093944ms] GC(128) Pause Young (Normal) (G1 Evacuation Pause) 1088M->1031M(1215M) 13.184ms
[2023-06-19T20:20:22.880-0400][3093944ms] GC(128) User=0.02s Sys=0.00s Real=0.01s
[2023-06-19T20:24:24.147-0400][3335211ms] GC(129) Pause Young (Normal) (G1 Evacuation Pause)
[2023-06-19T20:24:24.147-0400][3335211ms] GC(129) Using 8 workers of 8 for evacuation
[2023-06-19T20:24:24.157-0400][3335221ms] GC(129)   Pre Evacuate Collection Set: 0.1ms
[2023-06-19T20:24:24.157-0400][3335221ms] GC(129)   Evacuate Collection Set: 4.2ms
[2023-06-19T20:24:24.157-0400][3335221ms] GC(129)   Post Evacuate Collection Set: 5.6ms
[2023-06-19T20:24:24.157-0400][3335221ms] GC(129)   Other: 0.6ms
[2023-06-19T20:24:24.158-0400][3335222ms] GC(129) Eden regions: 57->0(59)
[2023-06-19T20:24:24.158-0400][3335222ms] GC(129) Survivor regions: 3->1(8)
[2023-06-19T20:24:24.158-0400][3335222ms] GC(129) Old regions: 1025->1027
[2023-06-19T20:24:24.158-0400][3335222ms] GC(129) Humongous regions: 4->4
[2023-06-19T20:24:24.158-0400][3335222ms] GC(129) Metaspace: 197401K->197401K(1230848K)
[2023-06-19T20:24:24.158-0400][3335222ms] GC(129) Pause Young (Normal) (G1 Evacuation Pause) 1088M->1031M(1215M) 11.335ms
[2023-06-19T20:24:24.158-0400][3335222ms] GC(129) User=0.02s Sys=0.00s Real=0.01s
[2023-06-19T20:28:37.148-0400][3588212ms] GC(130) Pause Young (Normal) (G1 Evacuation Pause)
[2023-06-19T20:28:37.148-0400][3588212ms] GC(130) Using 8 workers of 8 for evacuation
[2023-06-19T20:28:37.165-0400][3588229ms] GC(130)   Pre Evacuate Collection Set: 0.2ms
[2023-06-19T20:28:37.165-0400][3588229ms] GC(130)   Evacuate Collection Set: 5.8ms
[2023-06-19T20:28:37.165-0400][3588229ms] GC(130)   Post Evacuate Collection Set: 10.1ms
[2023-06-19T20:28:37.165-0400][3588230ms] GC(130)   Other: 1.0ms
[2023-06-19T20:28:37.166-0400][3588230ms] GC(130) Eden regions: 59->0(59)
[2023-06-19T20:28:37.166-0400][3588230ms] GC(130) Survivor regions: 1->1(8)
[2023-06-19T20:28:37.166-0400][3588230ms] GC(130) Old regions: 1027->1028
[2023-06-19T20:28:37.166-0400][3588230ms] GC(130) Humongous regions: 4->4
[2023-06-19T20:28:37.166-0400][3588230ms] GC(130) Metaspace: 197467K->197467K(1232896K)
[2023-06-19T20:28:37.166-0400][3588230ms] GC(130) Pause Young (Normal) (G1 Evacuation Pause) 1090M->1031M(1215M) 18.448ms
[2023-06-19T20:28:37.167-0400][3588231ms] GC(130) User=0.02s Sys=0.00s Real=0.02s
[2023-06-19T20:32:48.157-0400][3839221ms] GC(131) Pause Young (Normal) (G1 Evacuation Pause)
[2023-06-19T20:32:48.157-0400][3839221ms] GC(131) Using 8 workers of 8 for evacuation
[2023-06-19T20:32:48.170-0400][3839234ms] GC(131)   Pre Evacuate Collection Set: 0.1ms
[2023-06-19T20:32:48.170-0400][3839234ms] GC(131)   Evacuate Collection Set: 3.4ms
[2023-06-19T20:32:48.170-0400][3839234ms] GC(131)   Post Evacuate Collection Set: 8.6ms
[2023-06-19T20:32:48.170-0400][3839234ms] GC(131)   Other: 0.7ms
[2023-06-19T20:32:48.171-0400][3839235ms] GC(131) Eden regions: 59->0(59)
[2023-06-19T20:32:48.171-0400][3839235ms] GC(131) Survivor regions: 1->1(8)
[2023-06-19T20:32:48.171-0400][3839235ms] GC(131) Old regions: 1028->1028
[2023-06-19T20:32:48.171-0400][3839235ms] GC(131) Humongous regions: 4->4
[2023-06-19T20:32:48.171-0400][3839235ms] GC(131) Metaspace: 197468K->197468K(1232896K)
[2023-06-19T20:32:48.171-0400][3839235ms] GC(131) Pause Young (Normal) (G1 Evacuation Pause) 1090M->1031M(1215M) 14.201ms
[2023-06-19T20:32:48.171-0400][3839235ms] GC(131) User=0.00s Sys=0.02s Real=0.01s
[2023-06-19T20:36:35.543-0400][4066607ms] GC(132) Pause Young (Normal) (G1 Evacuation Pause)
[2023-06-19T20:36:35.543-0400][4066607ms] GC(132) Using 8 workers of 8 for evacuation
[2023-06-19T20:36:35.551-0400][4066615ms] GC(132)   Pre Evacuate Collection Set: 0.1ms
[2023-06-19T20:36:35.551-0400][4066615ms] GC(132)   Evacuate Collection Set: 2.2ms
[2023-06-19T20:36:35.551-0400][4066615ms] GC(132)   Post Evacuate Collection Set: 5.2ms
[2023-06-19T20:36:35.551-0400][4066615ms] GC(132)   Other: 0.6ms
[2023-06-19T20:36:35.551-0400][4066615ms] GC(132) Eden regions: 59->0(59)
[2023-06-19T20:36:35.551-0400][4066615ms] GC(132) Survivor regions: 1->1(8)
[2023-06-19T20:36:35.551-0400][4066615ms] GC(132) Old regions: 1028->1028
[2023-06-19T20:36:35.551-0400][4066615ms] GC(132) Humongous regions: 4->4
[2023-06-19T20:36:35.551-0400][4066615ms] GC(132) Metaspace: 197476K->197476K(1232896K)
[2023-06-19T20:36:35.551-0400][4066615ms] GC(132) Pause Young (Normal) (G1 Evacuation Pause) 1090M->1031M(1215M) 8.775ms
[2023-06-19T20:36:35.551-0400][4066615ms] GC(132) User=0.02s Sys=0.00s Real=0.01s
[2023-06-19T20:40:46.215-0400][4317279ms] GC(133) Pause Young (Normal) (G1 Evacuation Pause)
[2023-06-19T20:40:46.215-0400][4317279ms] GC(133) Using 8 workers of 8 for evacuation
[2023-06-19T20:40:46.230-0400][4317294ms] GC(133)   Pre Evacuate Collection Set: 0.1ms
[2023-06-19T20:40:46.230-0400][4317294ms] GC(133)   Evacuate Collection Set: 3.5ms
[2023-06-19T20:40:46.230-0400][4317294ms] GC(133)   Post Evacuate Collection Set: 10.3ms
[2023-06-19T20:40:46.231-0400][4317295ms] GC(133)   Other: 0.9ms
[2023-06-19T20:40:46.231-0400][4317295ms] GC(133) Eden regions: 59->0(59)
[2023-06-19T20:40:46.231-0400][4317295ms] GC(133) Survivor regions: 1->1(8)
[2023-06-19T20:40:46.231-0400][4317295ms] GC(133) Old regions: 1028->1028
[2023-06-19T20:40:46.231-0400][4317295ms] GC(133) Humongous regions: 4->4
[2023-06-19T20:40:46.231-0400][4317295ms] GC(133) Metaspace: 197478K->197478K(1232896K)
[2023-06-19T20:40:46.231-0400][4317295ms] GC(133) Pause Young (Normal) (G1 Evacuation Pause) 1090M->1031M(1215M) 16.239ms
[2023-06-19T20:40:46.232-0400][4317296ms] GC(133) User=0.13s Sys=0.00s Real=0.02s
[2023-06-19T20:44:56.886-0400][4567950ms] GC(134) Pause Young (Normal) (G1 Evacuation Pause)
[2023-06-19T20:44:56.886-0400][4567950ms] GC(134) Using 8 workers of 8 for evacuation
[2023-06-19T20:44:56.895-0400][4567959ms] GC(134)   Pre Evacuate Collection Set: 0.1ms
[2023-06-19T20:44:56.895-0400][4567959ms] GC(134)   Evacuate Collection Set: 1.8ms
[2023-06-19T20:44:56.895-0400][4567959ms] GC(134)   Post Evacuate Collection Set: 6.8ms
[2023-06-19T20:44:56.895-0400][4567959ms] GC(134)   Other: 0.6ms
[2023-06-19T20:44:56.896-0400][4567960ms] GC(134) Eden regions: 59->0(59)
[2023-06-19T20:44:56.896-0400][4567960ms] GC(134) Survivor regions: 1->1(8)
[2023-06-19T20:44:56.896-0400][4567960ms] GC(134) Old regions: 1028->1028
[2023-06-19T20:44:56.896-0400][4567960ms] GC(134) Humongous regions: 4->4
[2023-06-19T20:44:56.896-0400][4567960ms] GC(134) Metaspace: 197480K->197480K(1232896K)
[2023-06-19T20:44:56.896-0400][4567960ms] GC(134) Pause Young (Normal) (G1 Evacuation Pause) 1090M->1031M(1215M) 10.535ms
[2023-06-19T20:44:56.896-0400][4567960ms] GC(134) User=0.02s Sys=0.00s Real=0.01s
[2023-06-19T20:49:07.576-0400][4818640ms] GC(135) Pause Young (Normal) (G1 Evacuation Pause)
[2023-06-19T20:49:07.576-0400][4818640ms] GC(135) Using 8 workers of 8 for evacuation
[2023-06-19T20:49:07.582-0400][4818646ms] GC(135)   Pre Evacuate Collection Set: 0.1ms
[2023-06-19T20:49:07.582-0400][4818646ms] GC(135)   Evacuate Collection Set: 1.2ms
[2023-06-19T20:49:07.582-0400][4818646ms] GC(135)   Post Evacuate Collection Set: 4.2ms
[2023-06-19T20:49:07.582-0400][4818646ms] GC(135)   Other: 0.5ms
[2023-06-19T20:49:07.582-0400][4818646ms] GC(135) Eden regions: 59->0(59)
[2023-06-19T20:49:07.582-0400][4818646ms] GC(135) Survivor regions: 1->1(8)
[2023-06-19T20:49:07.582-0400][4818646ms] GC(135) Old regions: 1028->1028
[2023-06-19T20:49:07.582-0400][4818646ms] GC(135) Humongous regions: 4->4
[2023-06-19T20:49:07.582-0400][4818646ms] GC(135) Metaspace: 197487K->197487K(1232896K)
[2023-06-19T20:49:07.582-0400][4818646ms] GC(135) Pause Young (Normal) (G1 Evacuation Pause) 1090M->1031M(1215M) 6.470ms
[2023-06-19T20:49:07.582-0400][4818646ms] GC(135) User=0.13s Sys=0.00s Real=0.01s
[2023-06-19T20:53:18.279-0400][5069343ms] GC(136) Pause Young (Normal) (G1 Evacuation Pause)
[2023-06-19T20:53:18.279-0400][5069343ms] GC(136) Using 8 workers of 8 for evacuation
[2023-06-19T20:53:18.291-0400][5069355ms] GC(136)   Pre Evacuate Collection Set: 0.1ms
[2023-06-19T20:53:18.291-0400][5069355ms] GC(136)   Evacuate Collection Set: 2.4ms
[2023-06-19T20:53:18.291-0400][5069355ms] GC(136)   Post Evacuate Collection Set: 8.6ms
[2023-06-19T20:53:18.291-0400][5069355ms] GC(136)   Other: 1.0ms
[2023-06-19T20:53:18.291-0400][5069355ms] GC(136) Eden regions: 59->0(59)
[2023-06-19T20:53:18.291-0400][5069355ms] GC(136) Survivor regions: 1->1(8)
[2023-06-19T20:53:18.292-0400][5069356ms] GC(136) Old regions: 1028->1028
[2023-06-19T20:53:18.292-0400][5069356ms] GC(136) Humongous regions: 4->4
[2023-06-19T20:53:18.292-0400][5069356ms] GC(136) Metaspace: 197487K->197487K(1232896K)
[2023-06-19T20:53:18.292-0400][5069356ms] GC(136) Pause Young (Normal) (G1 Evacuation Pause) 1090M->1031M(1215M) 13.383ms
[2023-06-19T20:53:18.292-0400][5069356ms] GC(136) User=0.00s Sys=0.02s Real=0.01s
[2023-06-19T20:57:28.975-0400][5320039ms] GC(137) Pause Young (Normal) (G1 Evacuation Pause)
[2023-06-19T20:57:28.975-0400][5320039ms] GC(137) Using 8 workers of 8 for evacuation
[2023-06-19T20:57:28.979-0400][5320043ms] GC(137)   Pre Evacuate Collection Set: 0.0ms
[2023-06-19T20:57:28.979-0400][5320043ms] GC(137)   Evacuate Collection Set: 0.6ms
[2023-06-19T20:57:28.979-0400][5320043ms] GC(137)   Post Evacuate Collection Set: 2.6ms
[2023-06-19T20:57:28.979-0400][5320043ms] GC(137)   Other: 0.2ms
[2023-06-19T20:57:28.979-0400][5320043ms] GC(137) Eden regions: 59->0(59)
[2023-06-19T20:57:28.979-0400][5320043ms] GC(137) Survivor regions: 1->1(8)
[2023-06-19T20:57:28.979-0400][5320043ms] GC(137) Old regions: 1028->1028
[2023-06-19T20:57:28.979-0400][5320043ms] GC(137) Humongous regions: 4->4
[2023-06-19T20:57:28.979-0400][5320043ms] GC(137) Metaspace: 197487K->197487K(1232896K)
[2023-06-19T20:57:28.979-0400][5320043ms] GC(137) Pause Young (Normal) (G1 Evacuation Pause) 1090M->1031M(1215M) 3.647ms
[2023-06-19T20:57:28.979-0400][5320043ms] GC(137) User=0.00s Sys=0.00s Real=0.00s
[2023-06-19T21:01:39.566-0400][5570630ms] GC(138) Pause Young (Normal) (G1 Evacuation Pause)
[2023-06-19T21:01:39.567-0400][5570631ms] GC(138) Using 8 workers of 8 for evacuation
[2023-06-19T21:01:39.574-0400][5570638ms] GC(138)   Pre Evacuate Collection Set: 0.1ms
[2023-06-19T21:01:39.574-0400][5570638ms] GC(138)   Evacuate Collection Set: 1.6ms
[2023-06-19T21:01:39.574-0400][5570638ms] GC(138)   Post Evacuate Collection Set: 5.7ms
[2023-06-19T21:01:39.574-0400][5570638ms] GC(138)   Other: 0.5ms
[2023-06-19T21:01:39.574-0400][5570638ms] GC(138) Eden regions: 59->0(59)
[2023-06-19T21:01:39.575-0400][5570639ms] GC(138) Survivor regions: 1->1(8)
[2023-06-19T21:01:39.575-0400][5570639ms] GC(138) Old regions: 1028->1028
[2023-06-19T21:01:39.575-0400][5570639ms] GC(138) Humongous regions: 4->4
[2023-06-19T21:01:39.575-0400][5570639ms] GC(138) Metaspace: 197490K->197490K(1232896K)
[2023-06-19T21:01:39.575-0400][5570639ms] GC(138) Pause Young (Normal) (G1 Evacuation Pause) 1090M->1031M(1215M) 8.659ms
[2023-06-19T21:01:39.575-0400][5570639ms] GC(138) User=0.00s Sys=0.00s Real=0.01s
[2023-06-19T21:05:50.300-0400][5821365ms] GC(139) Pause Young (Normal) (G1 Evacuation Pause)
[2023-06-19T21:05:50.301-0400][5821365ms] GC(139) Using 8 workers of 8 for evacuation
[2023-06-19T21:05:50.310-0400][5821374ms] GC(139)   Pre Evacuate Collection Set: 0.1ms
[2023-06-19T21:05:50.311-0400][5821375ms] GC(139)   Evacuate Collection Set: 1.9ms
[2023-06-19T21:05:50.311-0400][5821375ms] GC(139)   Post Evacuate Collection Set: 7.3ms
[2023-06-19T21:05:50.311-0400][5821375ms] GC(139)   Other: 0.7ms
[2023-06-19T21:05:50.311-0400][5821375ms] GC(139) Eden regions: 59->0(59)
[2023-06-19T21:05:50.311-0400][5821375ms] GC(139) Survivor regions: 1->1(8)
[2023-06-19T21:05:50.311-0400][5821375ms] GC(139) Old regions: 1028->1028
[2023-06-19T21:05:50.311-0400][5821375ms] GC(139) Humongous regions: 4->4
[2023-06-19T21:05:50.311-0400][5821376ms] GC(139) Metaspace: 197490K->197490K(1232896K)
[2023-06-19T21:05:50.312-0400][5821376ms] GC(139) Pause Young (Normal) (G1 Evacuation Pause) 1090M->1031M(1215M) 11.207ms
[2023-06-19T21:05:50.312-0400][5821376ms] GC(139) User=0.00s Sys=0.02s Real=0.01s
[2023-06-19T21:10:03.149-0400][6074213ms] GC(140) Pause Young (Normal) (G1 Evacuation Pause)
[2023-06-19T21:10:03.150-0400][6074214ms] GC(140) Using 8 workers of 8 for evacuation
[2023-06-19T21:10:03.157-0400][6074221ms] GC(140)   Pre Evacuate Collection Set: 0.1ms
[2023-06-19T21:10:03.157-0400][6074221ms] GC(140)   Evacuate Collection Set: 1.1ms
[2023-06-19T21:10:03.157-0400][6074221ms] GC(140)   Post Evacuate Collection Set: 5.6ms
[2023-06-19T21:10:03.157-0400][6074221ms] GC(140)   Other: 0.6ms
[2023-06-19T21:10:03.157-0400][6074221ms] GC(140) Eden regions: 59->0(59)
[2023-06-19T21:10:03.157-0400][6074221ms] GC(140) Survivor regions: 1->1(8)
[2023-06-19T21:10:03.157-0400][6074221ms] GC(140) Old regions: 1028->1028
[2023-06-19T21:10:03.157-0400][6074221ms] GC(140) Humongous regions: 4->4
[2023-06-19T21:10:03.157-0400][6074221ms] GC(140) Metaspace: 197491K->197491K(1232896K)
[2023-06-19T21:10:03.157-0400][6074221ms] GC(140) Pause Young (Normal) (G1 Evacuation Pause) 1090M->1031M(1215M) 8.099ms
[2023-06-19T21:10:03.158-0400][6074222ms] GC(140) User=0.02s Sys=0.00s Real=0.01s
[2023-06-19T21:14:14.143-0400][6325207ms] GC(141) Pause Young (Normal) (G1 Evacuation Pause)
[2023-06-19T21:14:14.144-0400][6325208ms] GC(141) Using 8 workers of 8 for evacuation
[2023-06-19T21:14:14.152-0400][6325216ms] GC(141)   Pre Evacuate Collection Set: 0.1ms
[2023-06-19T21:14:14.152-0400][6325216ms] GC(141)   Evacuate Collection Set: 1.3ms
[2023-06-19T21:14:14.152-0400][6325216ms] GC(141)   Post Evacuate Collection Set: 6.5ms
[2023-06-19T21:14:14.152-0400][6325216ms] GC(141)   Other: 0.6ms
[2023-06-19T21:14:14.152-0400][6325216ms] GC(141) Eden regions: 59->0(59)
[2023-06-19T21:14:14.152-0400][6325216ms] GC(141) Survivor regions: 1->1(8)
[2023-06-19T21:14:14.152-0400][6325216ms] GC(141) Old regions: 1028->1028
[2023-06-19T21:14:14.152-0400][6325216ms] GC(141) Humongous regions: 4->4
[2023-06-19T21:14:14.153-0400][6325217ms] GC(141) Metaspace: 197495K->197495K(1232896K)
[2023-06-19T21:14:14.153-0400][6325217ms] GC(141) Pause Young (Normal) (G1 Evacuation Pause) 1090M->1031M(1215M) 9.442ms
[2023-06-19T21:14:14.153-0400][6325217ms] GC(141) User=0.00s Sys=0.00s Real=0.01s
[2023-06-19T21:18:25.149-0400][6576213ms] GC(142) Pause Young (Normal) (G1 Evacuation Pause)
[2023-06-19T21:18:25.149-0400][6576213ms] GC(142) Using 8 workers of 8 for evacuation
[2023-06-19T21:18:25.156-0400][6576220ms] GC(142)   Pre Evacuate Collection Set: 0.1ms
[2023-06-19T21:18:25.156-0400][6576220ms] GC(142)   Evacuate Collection Set: 1.4ms
[2023-06-19T21:18:25.156-0400][6576220ms] GC(142)   Post Evacuate Collection Set: 4.6ms
[2023-06-19T21:18:25.156-0400][6576220ms] GC(142)   Other: 0.7ms
[2023-06-19T21:18:25.156-0400][6576220ms] GC(142) Eden regions: 59->0(59)
[2023-06-19T21:18:25.156-0400][6576220ms] GC(142) Survivor regions: 1->1(8)
[2023-06-19T21:18:25.156-0400][6576220ms] GC(142) Old regions: 1028->1028
[2023-06-19T21:18:25.156-0400][6576220ms] GC(142) Humongous regions: 4->4
[2023-06-19T21:18:25.156-0400][6576220ms] GC(142) Metaspace: 197498K->197498K(1232896K)
[2023-06-19T21:18:25.156-0400][6576220ms] GC(142) Pause Young (Normal) (G1 Evacuation Pause) 1090M->1031M(1215M) 7.295ms
[2023-06-19T21:18:25.156-0400][6576220ms] GC(142) User=0.02s Sys=0.00s Real=0.01s
[2023-06-19T21:22:34.143-0400][6825207ms] GC(143) Pause Young (Normal) (G1 Evacuation Pause)
[2023-06-19T21:22:34.144-0400][6825208ms] GC(143) Using 8 workers of 8 for evacuation
[2023-06-19T21:22:34.155-0400][6825219ms] GC(143)   Pre Evacuate Collection Set: 0.1ms
[2023-06-19T21:22:34.155-0400][6825219ms] GC(143)   Evacuate Collection Set: 2.0ms
[2023-06-19T21:22:34.155-0400][6825219ms] GC(143)   Post Evacuate Collection Set: 8.7ms
[2023-06-19T21:22:34.156-0400][6825220ms] GC(143)   Other: 1.3ms
[2023-06-19T21:22:34.156-0400][6825220ms] GC(143) Eden regions: 59->0(59)
[2023-06-19T21:22:34.156-0400][6825220ms] GC(143) Survivor regions: 1->1(8)
[2023-06-19T21:22:34.156-0400][6825220ms] GC(143) Old regions: 1028->1028
[2023-06-19T21:22:34.156-0400][6825220ms] GC(143) Humongous regions: 4->4
[2023-06-19T21:22:34.156-0400][6825220ms] GC(143) Metaspace: 197498K->197498K(1232896K)
[2023-06-19T21:22:34.157-0400][6825221ms] GC(143) Pause Young (Normal) (G1 Evacuation Pause) 1090M->1031M(1215M) 13.464ms
[2023-06-19T21:22:34.157-0400][6825221ms] GC(143) User=0.00s Sys=0.02s Real=0.01s
[2023-06-19T21:26:45.143-0400][7076207ms] GC(144) Pause Young (Normal) (G1 Evacuation Pause)
[2023-06-19T21:26:45.143-0400][7076207ms] GC(144) Using 8 workers of 8 for evacuation
[2023-06-19T21:26:45.147-0400][7076211ms] GC(144)   Pre Evacuate Collection Set: 0.1ms
[2023-06-19T21:26:45.147-0400][7076211ms] GC(144)   Evacuate Collection Set: 0.5ms
[2023-06-19T21:26:45.147-0400][7076211ms] GC(144)   Post Evacuate Collection Set: 2.9ms
[2023-06-19T21:26:45.147-0400][7076211ms] GC(144)   Other: 0.3ms
[2023-06-19T21:26:45.147-0400][7076211ms] GC(144) Eden regions: 59->0(59)
[2023-06-19T21:26:45.147-0400][7076211ms] GC(144) Survivor regions: 1->1(8)
[2023-06-19T21:26:45.147-0400][7076211ms] GC(144) Old regions: 1028->1028
[2023-06-19T21:26:45.147-0400][7076211ms] GC(144) Humongous regions: 4->4
[2023-06-19T21:26:45.147-0400][7076211ms] GC(144) Metaspace: 197510K->197510K(1232896K)
[2023-06-19T21:26:45.147-0400][7076211ms] GC(144) Pause Young (Normal) (G1 Evacuation Pause) 1090M->1031M(1215M) 4.059ms
[2023-06-19T21:26:45.147-0400][7076211ms] GC(144) User=0.00s Sys=0.00s Real=0.00s
[2023-06-19T21:30:57.150-0400][7328214ms] GC(145) Pause Young (Normal) (G1 Evacuation Pause)
[2023-06-19T21:30:57.150-0400][7328214ms] GC(145) Using 8 workers of 8 for evacuation
[2023-06-19T21:30:57.155-0400][7328219ms] GC(145)   Pre Evacuate Collection Set: 0.0ms
[2023-06-19T21:30:57.156-0400][7328220ms] GC(145)   Evacuate Collection Set: 0.8ms
[2023-06-19T21:30:57.156-0400][7328220ms] GC(145)   Post Evacuate Collection Set: 4.1ms
[2023-06-19T21:30:57.156-0400][7328220ms] GC(145)   Other: 0.4ms
[2023-06-19T21:30:57.156-0400][7328220ms] GC(145) Eden regions: 59->0(59)
[2023-06-19T21:30:57.156-0400][7328220ms] GC(145) Survivor regions: 1->1(8)
[2023-06-19T21:30:57.156-0400][7328220ms] GC(145) Old regions: 1028->1028
[2023-06-19T21:30:57.156-0400][7328220ms] GC(145) Humongous regions: 4->4
[2023-06-19T21:30:57.156-0400][7328220ms] GC(145) Metaspace: 197510K->197510K(1232896K)
[2023-06-19T21:30:57.156-0400][7328220ms] GC(145) Pause Young (Normal) (G1 Evacuation Pause) 1090M->1031M(1215M) 5.984ms
[2023-06-19T21:30:57.156-0400][7328220ms] GC(145) User=0.00s Sys=0.02s Real=0.01s
[2023-06-19T21:35:05.151-0400][7576215ms] GC(146) Pause Young (Normal) (G1 Evacuation Pause)
[2023-06-19T21:35:05.151-0400][7576215ms] GC(146) Using 8 workers of 8 for evacuation
[2023-06-19T21:35:05.163-0400][7576227ms] GC(146)   Pre Evacuate Collection Set: 0.1ms
[2023-06-19T21:35:05.163-0400][7576227ms] GC(146)   Evacuate Collection Set: 1.9ms
[2023-06-19T21:35:05.163-0400][7576227ms] GC(146)   Post Evacuate Collection Set: 9.3ms
[2023-06-19T21:35:05.164-0400][7576228ms] GC(146)   Other: 1.0ms
[2023-06-19T21:35:05.164-0400][7576228ms] GC(146) Eden regions: 59->0(59)
[2023-06-19T21:35:05.164-0400][7576228ms] GC(146) Survivor regions: 1->1(8)
[2023-06-19T21:35:05.164-0400][7576228ms] GC(146) Old regions: 1028->1028
[2023-06-19T21:35:05.164-0400][7576228ms] GC(146) Humongous regions: 4->4
[2023-06-19T21:35:05.164-0400][7576228ms] GC(146) Metaspace: 197510K->197510K(1232896K)
[2023-06-19T21:35:05.165-0400][7576229ms] GC(146) Pause Young (Normal) (G1 Evacuation Pause) 1090M->1031M(1215M) 13.681ms
[2023-06-19T21:35:05.165-0400][7576229ms] GC(146) User=0.02s Sys=0.00s Real=0.01s
[2023-06-19T21:39:16.146-0400][7827210ms] GC(147) Pause Young (Normal) (G1 Evacuation Pause)
[2023-06-19T21:39:16.146-0400][7827210ms] GC(147) Using 8 workers of 8 for evacuation
[2023-06-19T21:39:16.152-0400][7827216ms] GC(147)   Pre Evacuate Collection Set: 0.0ms
[2023-06-19T21:39:16.152-0400][7827216ms] GC(147)   Evacuate Collection Set: 0.8ms
[2023-06-19T21:39:16.152-0400][7827216ms] GC(147)   Post Evacuate Collection Set: 4.7ms
[2023-06-19T21:39:16.153-0400][7827217ms] GC(147)   Other: 0.5ms
[2023-06-19T21:39:16.153-0400][7827217ms] GC(147) Eden regions: 59->0(59)
[2023-06-19T21:39:16.153-0400][7827217ms] GC(147) Survivor regions: 1->1(8)
[2023-06-19T21:39:16.153-0400][7827217ms] GC(147) Old regions: 1028->1028
[2023-06-19T21:39:16.153-0400][7827217ms] GC(147) Humongous regions: 4->4
[2023-06-19T21:39:16.153-0400][7827217ms] GC(147) Metaspace: 197518K->197518K(1232896K)
[2023-06-19T21:39:16.153-0400][7827217ms] GC(147) Pause Young (Normal) (G1 Evacuation Pause) 1090M->1031M(1215M) 6.744ms
[2023-06-19T21:39:16.153-0400][7827217ms] GC(147) User=0.00s Sys=0.00s Real=0.01s
[2023-06-19T21:43:28.706-0400][8079770ms] GC(148) Pause Young (Normal) (G1 Evacuation Pause)
[2023-06-19T21:43:28.706-0400][8079770ms] GC(148) Using 8 workers of 8 for evacuation
[2023-06-19T21:43:28.712-0400][8079776ms] GC(148)   Pre Evacuate Collection Set: 0.1ms
[2023-06-19T21:43:28.712-0400][8079776ms] GC(148)   Evacuate Collection Set: 0.8ms
[2023-06-19T21:43:28.712-0400][8079776ms] GC(148)   Post Evacuate Collection Set: 4.6ms
[2023-06-19T21:43:28.712-0400][8079776ms] GC(148)   Other: 0.4ms
[2023-06-19T21:43:28.712-0400][8079776ms] GC(148) Eden regions: 59->0(59)
[2023-06-19T21:43:28.712-0400][8079776ms] GC(148) Survivor regions: 1->1(8)
[2023-06-19T21:43:28.712-0400][8079776ms] GC(148) Old regions: 1028->1028
[2023-06-19T21:43:28.712-0400][8079776ms] GC(148) Humongous regions: 4->4
[2023-06-19T21:43:28.712-0400][8079776ms] GC(148) Metaspace: 197520K->197520K(1232896K)
[2023-06-19T21:43:28.713-0400][8079777ms] GC(148) Pause Young (Normal) (G1 Evacuation Pause) 1090M->1031M(1215M) 6.519ms
[2023-06-19T21:43:28.713-0400][8079777ms] GC(148) User=0.00s Sys=0.00s Real=0.01s
[2023-06-19T21:46:56.302-0400][8287366ms] GC(149) Pause Young (Normal) (G1 Evacuation Pause)
[2023-06-19T21:46:56.302-0400][8287366ms] GC(149) Using 8 workers of 8 for evacuation
[2023-06-19T21:46:56.307-0400][8287371ms] GC(149)   Pre Evacuate Collection Set: 0.0ms
[2023-06-19T21:46:56.307-0400][8287371ms] GC(149)   Evacuate Collection Set: 0.9ms
[2023-06-19T21:46:56.307-0400][8287371ms] GC(149)   Post Evacuate Collection Set: 4.2ms
[2023-06-19T21:46:56.307-0400][8287371ms] GC(149)   Other: 0.4ms
[2023-06-19T21:46:56.307-0400][8287371ms] GC(149) Eden regions: 59->0(59)
[2023-06-19T21:46:56.308-0400][8287372ms] GC(149) Survivor regions: 1->1(8)
[2023-06-19T21:46:56.308-0400][8287372ms] GC(149) Old regions: 1028->1028
[2023-06-19T21:46:56.308-0400][8287372ms] GC(149) Humongous regions: 4->4
[2023-06-19T21:46:56.308-0400][8287372ms] GC(149) Metaspace: 197524K->197524K(1232896K)
[2023-06-19T21:46:56.308-0400][8287372ms] GC(149) Pause Young (Normal) (G1 Evacuation Pause) 1090M->1031M(1215M) 6.074ms
[2023-06-19T21:46:56.308-0400][8287372ms] GC(149) User=0.00s Sys=0.00s Real=0.01s
[2023-06-19T21:51:06.884-0400][8537948ms] GC(150) Pause Young (Normal) (G1 Evacuation Pause)
[2023-06-19T21:51:06.884-0400][8537948ms] GC(150) Using 8 workers of 8 for evacuation
[2023-06-19T21:51:06.887-0400][8537951ms] GC(150)   Pre Evacuate Collection Set: 0.0ms
[2023-06-19T21:51:06.887-0400][8537951ms] GC(150)   Evacuate Collection Set: 0.4ms
[2023-06-19T21:51:06.887-0400][8537951ms] GC(150)   Post Evacuate Collection Set: 2.5ms
[2023-06-19T21:51:06.887-0400][8537951ms] GC(150)   Other: 0.3ms
[2023-06-19T21:51:06.887-0400][8537951ms] GC(150) Eden regions: 59->0(59)
[2023-06-19T21:51:06.887-0400][8537951ms] GC(150) Survivor regions: 1->1(8)
[2023-06-19T21:51:06.887-0400][8537951ms] GC(150) Old regions: 1028->1028
[2023-06-19T21:51:06.887-0400][8537951ms] GC(150) Humongous regions: 4->4
[2023-06-19T21:51:06.887-0400][8537951ms] GC(150) Metaspace: 197524K->197524K(1232896K)
[2023-06-19T21:51:06.887-0400][8537951ms] GC(150) Pause Young (Normal) (G1 Evacuation Pause) 1090M->1031M(1215M) 3.526ms
[2023-06-19T21:51:06.887-0400][8537951ms] GC(150) User=0.00s Sys=0.00s Real=0.00s
[2023-06-19T21:55:17.425-0400][8788489ms] GC(151) Pause Young (Normal) (G1 Evacuation Pause)
[2023-06-19T21:55:17.426-0400][8788490ms] GC(151) Using 8 workers of 8 for evacuation
[2023-06-19T21:55:17.429-0400][8788493ms] GC(151)   Pre Evacuate Collection Set: 0.0ms
[2023-06-19T21:55:17.429-0400][8788493ms] GC(151)   Evacuate Collection Set: 0.4ms
[2023-06-19T21:55:17.429-0400][8788493ms] GC(151)   Post Evacuate Collection Set: 2.7ms
[2023-06-19T21:55:17.429-0400][8788493ms] GC(151)   Other: 0.2ms
[2023-06-19T21:55:17.429-0400][8788493ms] GC(151) Eden regions: 59->0(59)
[2023-06-19T21:55:17.429-0400][8788493ms] GC(151) Survivor regions: 1->1(8)
[2023-06-19T21:55:17.429-0400][8788493ms] GC(151) Old regions: 1028->1028
[2023-06-19T21:55:17.429-0400][8788493ms] GC(151) Humongous regions: 4->4
[2023-06-19T21:55:17.429-0400][8788493ms] GC(151) Metaspace: 197524K->197524K(1232896K)
[2023-06-19T21:55:17.429-0400][8788493ms] GC(151) Pause Young (Normal) (G1 Evacuation Pause) 1090M->1031M(1215M) 3.612ms
[2023-06-19T21:55:17.429-0400][8788493ms] GC(151) User=0.00s Sys=0.00s Real=0.00s
[2023-06-19T21:59:27.986-0400][9039050ms] GC(152) Pause Young (Normal) (G1 Evacuation Pause)
[2023-06-19T21:59:27.986-0400][9039050ms] GC(152) Using 8 workers of 8 for evacuation
[2023-06-19T21:59:27.992-0400][9039056ms] GC(152)   Pre Evacuate Collection Set: 0.1ms
[2023-06-19T21:59:27.992-0400][9039056ms] GC(152)   Evacuate Collection Set: 0.8ms
[2023-06-19T21:59:27.992-0400][9039056ms] GC(152)   Post Evacuate Collection Set: 4.5ms
[2023-06-19T21:59:27.992-0400][9039056ms] GC(152)   Other: 0.4ms
[2023-06-19T21:59:27.992-0400][9039056ms] GC(152) Eden regions: 59->0(59)
[2023-06-19T21:59:27.992-0400][9039056ms] GC(152) Survivor regions: 1->1(8)
[2023-06-19T21:59:27.992-0400][9039056ms] GC(152) Old regions: 1028->1028
[2023-06-19T21:59:27.992-0400][9039056ms] GC(152) Humongous regions: 4->4
[2023-06-19T21:59:27.992-0400][9039056ms] GC(152) Metaspace: 197524K->197524K(1232896K)
[2023-06-19T21:59:27.992-0400][9039056ms] GC(152) Pause Young (Normal) (G1 Evacuation Pause) 1090M->1031M(1215M) 6.411ms
[2023-06-19T21:59:27.992-0400][9039056ms] GC(152) User=0.00s Sys=0.00s Real=0.01s
[2023-06-19T22:03:38.566-0400][9289630ms] GC(153) Pause Young (Normal) (G1 Evacuation Pause)
[2023-06-19T22:03:38.566-0400][9289630ms] GC(153) Using 8 workers of 8 for evacuation
[2023-06-19T22:03:38.571-0400][9289635ms] GC(153)   Pre Evacuate Collection Set: 0.0ms
[2023-06-19T22:03:38.571-0400][9289635ms] GC(153)   Evacuate Collection Set: 0.7ms
[2023-06-19T22:03:38.571-0400][9289635ms] GC(153)   Post Evacuate Collection Set: 4.2ms
[2023-06-19T22:03:38.571-0400][9289635ms] GC(153)   Other: 0.4ms
[2023-06-19T22:03:38.571-0400][9289635ms] GC(153) Eden regions: 59->0(59)
[2023-06-19T22:03:38.572-0400][9289636ms] GC(153) Survivor regions: 1->1(8)
[2023-06-19T22:03:38.572-0400][9289636ms] GC(153) Old regions: 1028->1028
[2023-06-19T22:03:38.572-0400][9289636ms] GC(153) Humongous regions: 4->4
[2023-06-19T22:03:38.572-0400][9289636ms] GC(153) Metaspace: 197524K->197524K(1232896K)
[2023-06-19T22:03:38.572-0400][9289636ms] GC(153) Pause Young (Normal) (G1 Evacuation Pause) 1090M->1031M(1215M) 5.887ms
[2023-06-19T22:03:38.572-0400][9289636ms] GC(153) User=0.00s Sys=0.00s Real=0.01s
[2023-06-19T22:07:49.093-0400][9540158ms] GC(154) Pause Young (Normal) (G1 Evacuation Pause)
[2023-06-19T22:07:49.094-0400][9540158ms] GC(154) Using 8 workers of 8 for evacuation
[2023-06-19T22:07:49.098-0400][9540162ms] GC(154)   Pre Evacuate Collection Set: 0.0ms
[2023-06-19T22:07:49.098-0400][9540162ms] GC(154)   Evacuate Collection Set: 0.6ms
[2023-06-19T22:07:49.098-0400][9540162ms] GC(154)   Post Evacuate Collection Set: 3.1ms
[2023-06-19T22:07:49.098-0400][9540162ms] GC(154)   Other: 0.4ms
[2023-06-19T22:07:49.098-0400][9540162ms] GC(154) Eden regions: 59->0(59)
[2023-06-19T22:07:49.098-0400][9540162ms] GC(154) Survivor regions: 1->1(8)
[2023-06-19T22:07:49.098-0400][9540162ms] GC(154) Old regions: 1028->1028
[2023-06-19T22:07:49.098-0400][9540162ms] GC(154) Humongous regions: 4->4
[2023-06-19T22:07:49.098-0400][9540162ms] GC(154) Metaspace: 197526K->197526K(1232896K)
[2023-06-19T22:07:49.098-0400][9540162ms] GC(154) Pause Young (Normal) (G1 Evacuation Pause) 1090M->1031M(1215M) 4.429ms
[2023-06-19T22:07:49.098-0400][9540162ms] GC(154) User=0.00s Sys=0.00s Real=0.01s
[2023-06-19T22:11:59.625-0400][9790689ms] GC(155) Pause Young (Normal) (G1 Evacuation Pause)
[2023-06-19T22:11:59.625-0400][9790689ms] GC(155) Using 8 workers of 8 for evacuation
[2023-06-19T22:11:59.628-0400][9790692ms] GC(155)   Pre Evacuate Collection Set: 0.1ms
[2023-06-19T22:11:59.628-0400][9790692ms] GC(155)   Evacuate Collection Set: 0.4ms
[2023-06-19T22:11:59.628-0400][9790692ms] GC(155)   Post Evacuate Collection Set: 2.6ms
[2023-06-19T22:11:59.628-0400][9790692ms] GC(155)   Other: 0.2ms
[2023-06-19T22:11:59.628-0400][9790692ms] GC(155) Eden regions: 59->0(59)
[2023-06-19T22:11:59.628-0400][9790692ms] GC(155) Survivor regions: 1->1(8)
[2023-06-19T22:11:59.628-0400][9790692ms] GC(155) Old regions: 1028->1028
[2023-06-19T22:11:59.628-0400][9790692ms] GC(155) Humongous regions: 4->4
[2023-06-19T22:11:59.628-0400][9790692ms] GC(155) Metaspace: 197526K->197526K(1232896K)
[2023-06-19T22:11:59.628-0400][9790692ms] GC(155) Pause Young (Normal) (G1 Evacuation Pause) 1090M->1031M(1215M) 3.557ms
[2023-06-19T22:11:59.628-0400][9790692ms] GC(155) User=0.00s Sys=0.00s Real=0.00s
[2023-06-19T22:16:11.818-0400][10042882ms] GC(156) Pause Young (Normal) (G1 Evacuation Pause)
[2023-06-19T22:16:11.818-0400][10042882ms] GC(156) Using 8 workers of 8 for evacuation
[2023-06-19T22:16:11.826-0400][10042890ms] GC(156)   Pre Evacuate Collection Set: 0.1ms
[2023-06-19T22:16:11.826-0400][10042890ms] GC(156)   Evacuate Collection Set: 1.0ms
[2023-06-19T22:16:11.826-0400][10042890ms] GC(156)   Post Evacuate Collection Set: 6.1ms
[2023-06-19T22:16:11.826-0400][10042890ms] GC(156)   Other: 0.6ms
[2023-06-19T22:16:11.826-0400][10042890ms] GC(156) Eden regions: 59->0(59)
[2023-06-19T22:16:11.826-0400][10042890ms] GC(156) Survivor regions: 1->1(8)
[2023-06-19T22:16:11.827-0400][10042891ms] GC(156) Old regions: 1028->1028
[2023-06-19T22:16:11.827-0400][10042891ms] GC(156) Humongous regions: 4->4
[2023-06-19T22:16:11.827-0400][10042891ms] GC(156) Metaspace: 197526K->197526K(1232896K)
[2023-06-19T22:16:11.827-0400][10042891ms] GC(156) Pause Young (Normal) (G1 Evacuation Pause) 1090M->1031M(1215M) 8.671ms
[2023-06-19T22:16:11.827-0400][10042891ms] GC(156) User=0.00s Sys=0.02s Real=0.01s
[2023-06-19T22:20:22.145-0400][10293209ms] GC(157) Pause Young (Normal) (G1 Evacuation Pause)
[2023-06-19T22:20:22.145-0400][10293209ms] GC(157) Using 8 workers of 8 for evacuation
[2023-06-19T22:20:22.150-0400][10293214ms] GC(157)   Pre Evacuate Collection Set: 0.0ms
[2023-06-19T22:20:22.150-0400][10293214ms] GC(157)   Evacuate Collection Set: 0.7ms
[2023-06-19T22:20:22.150-0400][10293214ms] GC(157)   Post Evacuate Collection Set: 4.0ms
[2023-06-19T22:20:22.150-0400][10293214ms] GC(157)   Other: 0.5ms
[2023-06-19T22:20:22.150-0400][10293214ms] GC(157) Eden regions: 59->0(59)
[2023-06-19T22:20:22.151-0400][10293215ms] GC(157) Survivor regions: 1->1(8)
[2023-06-19T22:20:22.151-0400][10293215ms] GC(157) Old regions: 1028->1028
[2023-06-19T22:20:22.151-0400][10293215ms] GC(157) Humongous regions: 4->4
[2023-06-19T22:20:22.151-0400][10293215ms] GC(157) Metaspace: 197526K->197526K(1232896K)
[2023-06-19T22:20:22.151-0400][10293215ms] GC(157) Pause Young (Normal) (G1 Evacuation Pause) 1090M->1031M(1215M) 5.455ms
[2023-06-19T22:20:22.151-0400][10293215ms] GC(157) User=0.00s Sys=0.00s Real=0.01s
[2023-06-19T22:24:34.153-0400][10545217ms] GC(158) Pause Young (Normal) (G1 Evacuation Pause)
[2023-06-19T22:24:34.153-0400][10545217ms] GC(158) Using 8 workers of 8 for evacuation
[2023-06-19T22:24:34.163-0400][10545227ms] GC(158)   Pre Evacuate Collection Set: 0.1ms
[2023-06-19T22:24:34.164-0400][10545228ms] GC(158)   Evacuate Collection Set: 1.9ms
[2023-06-19T22:24:34.164-0400][10545228ms] GC(158)   Post Evacuate Collection Set: 8.2ms
[2023-06-19T22:24:34.164-0400][10545228ms] GC(158)   Other: 0.8ms
[2023-06-19T22:24:34.164-0400][10545228ms] GC(158) Eden regions: 59->0(59)
[2023-06-19T22:24:34.164-0400][10545228ms] GC(158) Survivor regions: 1->1(8)
[2023-06-19T22:24:34.164-0400][10545228ms] GC(158) Old regions: 1028->1028
[2023-06-19T22:24:34.164-0400][10545228ms] GC(158) Humongous regions: 4->4
[2023-06-19T22:24:34.165-0400][10545229ms] GC(158) Metaspace: 197526K->197526K(1232896K)
[2023-06-19T22:24:34.165-0400][10545229ms] GC(158) Pause Young (Normal) (G1 Evacuation Pause) 1090M->1031M(1215M) 12.250ms
[2023-06-19T22:24:34.165-0400][10545229ms] GC(158) User=0.02s Sys=0.00s Real=0.01s
[2023-06-19T22:28:45.144-0400][10796208ms] GC(159) Pause Young (Normal) (G1 Evacuation Pause)
[2023-06-19T22:28:45.144-0400][10796208ms] GC(159) Using 8 workers of 8 for evacuation
[2023-06-19T22:28:45.157-0400][10796221ms] GC(159)   Pre Evacuate Collection Set: 0.2ms
[2023-06-19T22:28:45.157-0400][10796221ms] GC(159)   Evacuate Collection Set: 2.0ms
[2023-06-19T22:28:45.157-0400][10796221ms] GC(159)   Post Evacuate Collection Set: 9.3ms
[2023-06-19T22:28:45.157-0400][10796221ms] GC(159)   Other: 1.5ms
[2023-06-19T22:28:45.157-0400][10796221ms] GC(159) Eden regions: 59->0(59)
[2023-06-19T22:28:45.157-0400][10796221ms] GC(159) Survivor regions: 1->1(8)
[2023-06-19T22:28:45.158-0400][10796222ms] GC(159) Old regions: 1028->1028
[2023-06-19T22:28:45.158-0400][10796222ms] GC(159) Humongous regions: 4->4
[2023-06-19T22:28:45.158-0400][10796222ms] GC(159) Metaspace: 197526K->197526K(1232896K)
[2023-06-19T22:28:45.158-0400][10796222ms] GC(159) Pause Young (Normal) (G1 Evacuation Pause) 1090M->1031M(1215M) 14.570ms
[2023-06-19T22:28:45.159-0400][10796223ms] GC(159) User=0.08s Sys=0.00s Real=0.01s
[2023-06-19T22:32:52.616-0400][11043680ms] GC(160) Pause Young (Normal) (G1 Evacuation Pause)
[2023-06-19T22:32:52.616-0400][11043680ms] GC(160) Using 8 workers of 8 for evacuation
[2023-06-19T22:32:52.623-0400][11043687ms] GC(160)   Pre Evacuate Collection Set: 0.1ms
[2023-06-19T22:32:52.624-0400][11043688ms] GC(160)   Evacuate Collection Set: 1.2ms
[2023-06-19T22:32:52.624-0400][11043688ms] GC(160)   Post Evacuate Collection Set: 6.0ms
[2023-06-19T22:32:52.624-0400][11043688ms] GC(160)   Other: 0.8ms
[2023-06-19T22:32:52.624-0400][11043688ms] GC(160) Eden regions: 59->0(59)
[2023-06-19T22:32:52.624-0400][11043688ms] GC(160) Survivor regions: 1->1(8)
[2023-06-19T22:32:52.624-0400][11043688ms] GC(160) Old regions: 1028->1028
[2023-06-19T22:32:52.624-0400][11043688ms] GC(160) Humongous regions: 4->4
[2023-06-19T22:32:52.624-0400][11043688ms] GC(160) Metaspace: 197526K->197526K(1232896K)
[2023-06-19T22:32:52.624-0400][11043688ms] GC(160) Pause Young (Normal) (G1 Evacuation Pause) 1090M->1031M(1215M) 8.802ms
[2023-06-19T22:32:52.624-0400][11043689ms] GC(160) User=0.00s Sys=0.02s Real=0.01s
[2023-06-19T22:37:06.148-0400][11297212ms] GC(161) Pause Young (Normal) (G1 Evacuation Pause)
[2023-06-19T22:37:06.148-0400][11297212ms] GC(161) Using 8 workers of 8 for evacuation
[2023-06-19T22:37:06.153-0400][11297217ms] GC(161)   Pre Evacuate Collection Set: 0.1ms
[2023-06-19T22:37:06.153-0400][11297217ms] GC(161)   Evacuate Collection Set: 0.8ms
[2023-06-19T22:37:06.153-0400][11297217ms] GC(161)   Post Evacuate Collection Set: 3.8ms
[2023-06-19T22:37:06.153-0400][11297217ms] GC(161)   Other: 0.5ms
[2023-06-19T22:37:06.153-0400][11297217ms] GC(161) Eden regions: 59->0(59)
[2023-06-19T22:37:06.154-0400][11297218ms] GC(161) Survivor regions: 1->1(8)
[2023-06-19T22:37:06.154-0400][11297218ms] GC(161) Old regions: 1028->1028
[2023-06-19T22:37:06.154-0400][11297218ms] GC(161) Humongous regions: 4->4
[2023-06-19T22:37:06.154-0400][11297218ms] GC(161) Metaspace: 197526K->197526K(1232896K)
[2023-06-19T22:37:06.154-0400][11297218ms] GC(161) Pause Young (Normal) (G1 Evacuation Pause) 1090M->1031M(1215M) 5.721ms
[2023-06-19T22:37:06.154-0400][11297218ms] GC(161) User=0.00s Sys=0.00s Real=0.01s
[2023-06-19T22:41:08.315-0400][11539379ms] GC(162) Pause Young (Normal) (G1 Evacuation Pause)
[2023-06-19T22:41:08.315-0400][11539379ms] GC(162) Using 8 workers of 8 for evacuation
[2023-06-19T22:41:08.322-0400][11539386ms] GC(162)   Pre Evacuate Collection Set: 0.1ms
[2023-06-19T22:41:08.322-0400][11539386ms] GC(162)   Evacuate Collection Set: 1.2ms
[2023-06-19T22:41:08.322-0400][11539386ms] GC(162)   Post Evacuate Collection Set: 5.0ms
[2023-06-19T22:41:08.322-0400][11539386ms] GC(162)   Other: 0.5ms
[2023-06-19T22:41:08.322-0400][11539386ms] GC(162) Eden regions: 59->0(59)
[2023-06-19T22:41:08.322-0400][11539386ms] GC(162) Survivor regions: 1->1(8)
[2023-06-19T22:41:08.322-0400][11539386ms] GC(162) Old regions: 1028->1028
[2023-06-19T22:41:08.322-0400][11539386ms] GC(162) Humongous regions: 4->4
[2023-06-19T22:41:08.322-0400][11539386ms] GC(162) Metaspace: 197526K->197526K(1232896K)
[2023-06-19T22:41:08.322-0400][11539386ms] GC(162) Pause Young (Normal) (G1 Evacuation Pause) 1090M->1031M(1215M) 7.035ms
[2023-06-19T22:41:08.322-0400][11539386ms] GC(162) User=0.00s Sys=0.00s Real=0.01s
[2023-06-19T22:45:18.867-0400][11789931ms] GC(163) Pause Young (Normal) (G1 Evacuation Pause)
[2023-06-19T22:45:18.867-0400][11789931ms] GC(163) Using 8 workers of 8 for evacuation
[2023-06-19T22:45:18.878-0400][11789942ms] GC(163)   Pre Evacuate Collection Set: 0.1ms
[2023-06-19T22:45:18.879-0400][11789943ms] GC(163)   Evacuate Collection Set: 2.0ms
[2023-06-19T22:45:18.879-0400][11789943ms] GC(163)   Post Evacuate Collection Set: 8.6ms
[2023-06-19T22:45:18.879-0400][11789943ms] GC(163)   Other: 0.8ms
[2023-06-19T22:45:18.879-0400][11789943ms] GC(163) Eden regions: 59->0(59)
[2023-06-19T22:45:18.879-0400][11789943ms] GC(163) Survivor regions: 1->1(8)
[2023-06-19T22:45:18.879-0400][11789943ms] GC(163) Old regions: 1028->1028
[2023-06-19T22:45:18.879-0400][11789943ms] GC(163) Humongous regions: 4->4
[2023-06-19T22:45:18.879-0400][11789943ms] GC(163) Metaspace: 197529K->197529K(1232896K)
[2023-06-19T22:45:18.880-0400][11789944ms] GC(163) Pause Young (Normal) (G1 Evacuation Pause) 1090M->1031M(1215M) 12.739ms
[2023-06-19T22:45:18.880-0400][11789944ms] GC(163) User=0.02s Sys=0.00s Real=0.01s
[2023-06-19T22:49:29.430-0400][12040494ms] GC(164) Pause Young (Normal) (G1 Evacuation Pause)
[2023-06-19T22:49:29.430-0400][12040494ms] GC(164) Using 8 workers of 8 for evacuation
[2023-06-19T22:49:29.433-0400][12040497ms] GC(164)   Pre Evacuate Collection Set: 0.0ms
[2023-06-19T22:49:29.433-0400][12040497ms] GC(164)   Evacuate Collection Set: 0.4ms
[2023-06-19T22:49:29.433-0400][12040497ms] GC(164)   Post Evacuate Collection Set: 2.6ms
[2023-06-19T22:49:29.433-0400][12040497ms] GC(164)   Other: 0.2ms
[2023-06-19T22:49:29.433-0400][12040497ms] GC(164) Eden regions: 59->0(59)
[2023-06-19T22:49:29.433-0400][12040497ms] GC(164) Survivor regions: 1->1(8)
[2023-06-19T22:49:29.433-0400][12040497ms] GC(164) Old regions: 1028->1028
[2023-06-19T22:49:29.433-0400][12040497ms] GC(164) Humongous regions: 4->4
[2023-06-19T22:49:29.433-0400][12040497ms] GC(164) Metaspace: 197529K->197529K(1232896K)
[2023-06-19T22:49:29.433-0400][12040497ms] GC(164) Pause Young (Normal) (G1 Evacuation Pause) 1090M->1031M(1215M) 3.507ms
[2023-06-19T22:49:29.433-0400][12040497ms] GC(164) User=0.00s Sys=0.00s Real=0.00s
[2023-06-19T22:53:39.908-0400][12290972ms] GC(165) Pause Young (Normal) (G1 Evacuation Pause)
[2023-06-19T22:53:39.908-0400][12290972ms] GC(165) Using 8 workers of 8 for evacuation
[2023-06-19T22:53:39.914-0400][12290978ms] GC(165)   Pre Evacuate Collection Set: 0.1ms
[2023-06-19T22:53:39.914-0400][12290978ms] GC(165)   Evacuate Collection Set: 0.9ms
[2023-06-19T22:53:39.914-0400][12290978ms] GC(165)   Post Evacuate Collection Set: 5.0ms
[2023-06-19T22:53:39.914-0400][12290978ms] GC(165)   Other: 0.6ms
[2023-06-19T22:53:39.914-0400][12290978ms] GC(165) Eden regions: 59->0(59)
[2023-06-19T22:53:39.914-0400][12290978ms] GC(165) Survivor regions: 1->1(8)
[2023-06-19T22:53:39.914-0400][12290978ms] GC(165) Old regions: 1028->1028
[2023-06-19T22:53:39.914-0400][12290978ms] GC(165) Humongous regions: 4->4
[2023-06-19T22:53:39.914-0400][12290978ms] GC(165) Metaspace: 197529K->197529K(1232896K)
[2023-06-19T22:53:39.914-0400][12290978ms] GC(165) Pause Young (Normal) (G1 Evacuation Pause) 1090M->1031M(1215M) 7.290ms
[2023-06-19T22:53:39.914-0400][12290979ms] GC(165) User=0.00s Sys=0.00s Real=0.01s
[2023-06-19T22:57:50.535-0400][12541599ms] GC(166) Pause Young (Normal) (G1 Evacuation Pause)
[2023-06-19T22:57:50.535-0400][12541599ms] GC(166) Using 8 workers of 8 for evacuation
[2023-06-19T22:57:50.538-0400][12541602ms] GC(166)   Pre Evacuate Collection Set: 0.0ms
[2023-06-19T22:57:50.538-0400][12541602ms] GC(166)   Evacuate Collection Set: 0.4ms
[2023-06-19T22:57:50.538-0400][12541602ms] GC(166)   Post Evacuate Collection Set: 2.7ms
[2023-06-19T22:57:50.538-0400][12541602ms] GC(166)   Other: 0.3ms
[2023-06-19T22:57:50.538-0400][12541602ms] GC(166) Eden regions: 59->0(59)
[2023-06-19T22:57:50.538-0400][12541602ms] GC(166) Survivor regions: 1->1(8)
[2023-06-19T22:57:50.538-0400][12541602ms] GC(166) Old regions: 1028->1028
[2023-06-19T22:57:50.538-0400][12541602ms] GC(166) Humongous regions: 4->4
[2023-06-19T22:57:50.538-0400][12541602ms] GC(166) Metaspace: 197529K->197529K(1232896K)
[2023-06-19T22:57:50.538-0400][12541602ms] GC(166) Pause Young (Normal) (G1 Evacuation Pause) 1090M->1031M(1215M) 3.729ms
[2023-06-19T22:57:50.538-0400][12541602ms] GC(166) User=0.00s Sys=0.00s Real=0.00s
[2023-06-19T23:02:01.106-0400][12792170ms] GC(167) Pause Young (Normal) (G1 Evacuation Pause)
[2023-06-19T23:02:01.106-0400][12792170ms] GC(167) Using 8 workers of 8 for evacuation
[2023-06-19T23:02:01.112-0400][12792176ms] GC(167)   Pre Evacuate Collection Set: 0.1ms
[2023-06-19T23:02:01.112-0400][12792176ms] GC(167)   Evacuate Collection Set: 0.9ms
[2023-06-19T23:02:01.112-0400][12792176ms] GC(167)   Post Evacuate Collection Set: 4.8ms
[2023-06-19T23:02:01.112-0400][12792176ms] GC(167)   Other: 0.4ms
[2023-06-19T23:02:01.112-0400][12792176ms] GC(167) Eden regions: 59->0(59)
[2023-06-19T23:02:01.112-0400][12792176ms] GC(167) Survivor regions: 1->1(8)
[2023-06-19T23:02:01.112-0400][12792177ms] GC(167) Old regions: 1028->1028
[2023-06-19T23:02:01.113-0400][12792177ms] GC(167) Humongous regions: 4->4
[2023-06-19T23:02:01.113-0400][12792177ms] GC(167) Metaspace: 197529K->197529K(1232896K)
[2023-06-19T23:02:01.113-0400][12792177ms] GC(167) Pause Young (Normal) (G1 Evacuation Pause) 1090M->1031M(1215M) 6.939ms
[2023-06-19T23:02:01.113-0400][12792177ms] GC(167) User=0.02s Sys=0.00s Real=0.01s
[2023-06-19T23:06:11.662-0400][13042726ms] GC(168) Pause Young (Normal) (G1 Evacuation Pause)
[2023-06-19T23:06:11.662-0400][13042726ms] GC(168) Using 8 workers of 8 for evacuation
[2023-06-19T23:06:11.667-0400][13042731ms] GC(168)   Pre Evacuate Collection Set: 0.0ms
[2023-06-19T23:06:11.667-0400][13042731ms] GC(168)   Evacuate Collection Set: 0.8ms
[2023-06-19T23:06:11.667-0400][13042731ms] GC(168)   Post Evacuate Collection Set: 4.2ms
[2023-06-19T23:06:11.667-0400][13042731ms] GC(168)   Other: 0.4ms
[2023-06-19T23:06:11.667-0400][13042731ms] GC(168) Eden regions: 59->0(59)
[2023-06-19T23:06:11.667-0400][13042731ms] GC(168) Survivor regions: 1->1(8)
[2023-06-19T23:06:11.668-0400][13042732ms] GC(168) Old regions: 1028->1028
[2023-06-19T23:06:11.668-0400][13042732ms] GC(168) Humongous regions: 4->4
[2023-06-19T23:06:11.668-0400][13042732ms] GC(168) Metaspace: 197529K->197529K(1232896K)
[2023-06-19T23:06:11.668-0400][13042732ms] GC(168) Pause Young (Normal) (G1 Evacuation Pause) 1090M->1031M(1215M) 5.958ms
[2023-06-19T23:06:11.668-0400][13042732ms] GC(168) User=0.00s Sys=0.00s Real=0.01s
[2023-06-19T23:10:22.182-0400][13293246ms] GC(169) Pause Young (Normal) (G1 Evacuation Pause)
[2023-06-19T23:10:22.183-0400][13293247ms] GC(169) Using 8 workers of 8 for evacuation
[2023-06-19T23:10:22.186-0400][13293250ms] GC(169)   Pre Evacuate Collection Set: 0.0ms
[2023-06-19T23:10:22.186-0400][13293250ms] GC(169)   Evacuate Collection Set: 0.5ms
[2023-06-19T23:10:22.186-0400][13293250ms] GC(169)   Post Evacuate Collection Set: 2.7ms
[2023-06-19T23:10:22.186-0400][13293250ms] GC(169)   Other: 0.3ms
[2023-06-19T23:10:22.186-0400][13293250ms] GC(169) Eden regions: 59->0(59)
[2023-06-19T23:10:22.186-0400][13293250ms] GC(169) Survivor regions: 1->1(8)
[2023-06-19T23:10:22.186-0400][13293250ms] GC(169) Old regions: 1028->1028
[2023-06-19T23:10:22.186-0400][13293250ms] GC(169) Humongous regions: 4->4
[2023-06-19T23:10:22.186-0400][13293250ms] GC(169) Metaspace: 197530K->197530K(1232896K)
[2023-06-19T23:10:22.186-0400][13293250ms] GC(169) Pause Young (Normal) (G1 Evacuation Pause) 1090M->1031M(1215M) 3.736ms
[2023-06-19T23:10:22.186-0400][13293250ms] GC(169) User=0.00s Sys=0.00s Real=0.00s
[2023-06-19T23:14:32.696-0400][13543760ms] GC(170) Pause Young (Normal) (G1 Evacuation Pause)
[2023-06-19T23:14:32.696-0400][13543760ms] GC(170) Using 8 workers of 8 for evacuation
[2023-06-19T23:14:32.699-0400][13543763ms] GC(170)   Pre Evacuate Collection Set: 0.0ms
[2023-06-19T23:14:32.699-0400][13543763ms] GC(170)   Evacuate Collection Set: 0.4ms
[2023-06-19T23:14:32.699-0400][13543763ms] GC(170)   Post Evacuate Collection Set: 2.5ms
[2023-06-19T23:14:32.699-0400][13543763ms] GC(170)   Other: 0.2ms
[2023-06-19T23:14:32.699-0400][13543763ms] GC(170) Eden regions: 59->0(59)
[2023-06-19T23:14:32.699-0400][13543763ms] GC(170) Survivor regions: 1->1(8)
[2023-06-19T23:14:32.699-0400][13543763ms] GC(170) Old regions: 1028->1028
[2023-06-19T23:14:32.699-0400][13543763ms] GC(170) Humongous regions: 4->4
[2023-06-19T23:14:32.699-0400][13543763ms] GC(170) Metaspace: 197538K->197538K(1232896K)
[2023-06-19T23:14:32.699-0400][13543763ms] GC(170) Pause Young (Normal) (G1 Evacuation Pause) 1090M->1031M(1215M) 3.420ms
[2023-06-19T23:14:32.699-0400][13543763ms] GC(170) User=0.00s Sys=0.00s Real=0.00s
[2023-06-19T23:18:43.202-0400][13794266ms] GC(171) Pause Young (Normal) (G1 Evacuation Pause)
[2023-06-19T23:18:43.202-0400][13794266ms] GC(171) Using 8 workers of 8 for evacuation
[2023-06-19T23:18:43.205-0400][13794269ms] GC(171)   Pre Evacuate Collection Set: 0.0ms
[2023-06-19T23:18:43.205-0400][13794269ms] GC(171)   Evacuate Collection Set: 0.4ms
[2023-06-19T23:18:43.205-0400][13794269ms] GC(171)   Post Evacuate Collection Set: 2.6ms
[2023-06-19T23:18:43.205-0400][13794269ms] GC(171)   Other: 0.2ms
[2023-06-19T23:18:43.205-0400][13794269ms] GC(171) Eden regions: 59->0(59)
[2023-06-19T23:18:43.205-0400][13794269ms] GC(171) Survivor regions: 1->1(8)
[2023-06-19T23:18:43.205-0400][13794269ms] GC(171) Old regions: 1028->1028
[2023-06-19T23:18:43.205-0400][13794269ms] GC(171) Humongous regions: 4->4
[2023-06-19T23:18:43.205-0400][13794269ms] GC(171) Metaspace: 197540K->197540K(1232896K)
[2023-06-19T23:18:43.205-0400][13794269ms] GC(171) Pause Young (Normal) (G1 Evacuation Pause) 1090M->1031M(1215M) 3.545ms
[2023-06-19T23:18:43.205-0400][13794269ms] GC(171) User=0.02s Sys=0.00s Real=0.00s
[2023-06-19T23:22:53.744-0400][14044808ms] GC(172) Pause Young (Normal) (G1 Evacuation Pause)
[2023-06-19T23:22:53.744-0400][14044808ms] GC(172) Using 8 workers of 8 for evacuation
[2023-06-19T23:22:53.747-0400][14044811ms] GC(172)   Pre Evacuate Collection Set: 0.0ms
[2023-06-19T23:22:53.747-0400][14044811ms] GC(172)   Evacuate Collection Set: 0.5ms
[2023-06-19T23:22:53.747-0400][14044811ms] GC(172)   Post Evacuate Collection Set: 2.6ms
[2023-06-19T23:22:53.748-0400][14044812ms] GC(172)   Other: 0.3ms
[2023-06-19T23:22:53.748-0400][14044812ms] GC(172) Eden regions: 59->0(59)
[2023-06-19T23:22:53.748-0400][14044812ms] GC(172) Survivor regions: 1->1(8)
[2023-06-19T23:22:53.748-0400][14044812ms] GC(172) Old regions: 1028->1028
[2023-06-19T23:22:53.748-0400][14044812ms] GC(172) Humongous regions: 4->4
[2023-06-19T23:22:53.748-0400][14044812ms] GC(172) Metaspace: 197540K->197540K(1232896K)
[2023-06-19T23:22:53.748-0400][14044812ms] GC(172) Pause Young (Normal) (G1 Evacuation Pause) 1090M->1031M(1215M) 3.759ms
[2023-06-19T23:22:53.748-0400][14044812ms] GC(172) User=0.00s Sys=0.00s Real=0.00s
[2023-06-19T23:27:06.155-0400][14297219ms] GC(173) Pause Young (Normal) (G1 Evacuation Pause)
[2023-06-19T23:27:06.156-0400][14297220ms] GC(173) Using 8 workers of 8 for evacuation
[2023-06-19T23:27:06.162-0400][14297226ms] GC(173)   Pre Evacuate Collection Set: 0.1ms
[2023-06-19T23:27:06.162-0400][14297226ms] GC(173)   Evacuate Collection Set: 1.0ms
[2023-06-19T23:27:06.162-0400][14297226ms] GC(173)   Post Evacuate Collection Set: 5.1ms
[2023-06-19T23:27:06.162-0400][14297226ms] GC(173)   Other: 0.5ms
[2023-06-19T23:27:06.162-0400][14297226ms] GC(173) Eden regions: 59->0(59)
[2023-06-19T23:27:06.162-0400][14297226ms] GC(173) Survivor regions: 1->1(8)
[2023-06-19T23:27:06.162-0400][14297226ms] GC(173) Old regions: 1028->1028
[2023-06-19T23:27:06.163-0400][14297227ms] GC(173) Humongous regions: 4->4
[2023-06-19T23:27:06.163-0400][14297227ms] GC(173) Metaspace: 197542K->197542K(1232896K)
[2023-06-19T23:27:06.163-0400][14297227ms] GC(173) Pause Young (Normal) (G1 Evacuation Pause) 1090M->1031M(1215M) 7.327ms
[2023-06-19T23:27:06.163-0400][14297227ms] GC(173) User=0.00s Sys=0.00s Real=0.01s
[2023-06-19T23:31:16.145-0400][14547209ms] GC(174) Pause Young (Normal) (G1 Evacuation Pause)
[2023-06-19T23:31:16.145-0400][14547209ms] GC(174) Using 8 workers of 8 for evacuation
[2023-06-19T23:31:16.157-0400][14547221ms] GC(174)   Pre Evacuate Collection Set: 0.1ms
[2023-06-19T23:31:16.157-0400][14547221ms] GC(174)   Evacuate Collection Set: 1.9ms
[2023-06-19T23:31:16.157-0400][14547221ms] GC(174)   Post Evacuate Collection Set: 9.1ms
[2023-06-19T23:31:16.157-0400][14547221ms] GC(174)   Other: 1.4ms
[2023-06-19T23:31:16.157-0400][14547221ms] GC(174) Eden regions: 59->0(59)
[2023-06-19T23:31:16.159-0400][14547223ms] GC(174) Survivor regions: 1->1(8)
[2023-06-19T23:31:16.159-0400][14547223ms] GC(174) Old regions: 1028->1028
[2023-06-19T23:31:16.159-0400][14547223ms] GC(174) Humongous regions: 4->4
[2023-06-19T23:31:16.159-0400][14547223ms] GC(174) Metaspace: 197542K->197542K(1232896K)
[2023-06-19T23:31:16.159-0400][14547223ms] GC(174) Pause Young (Normal) (G1 Evacuation Pause) 1090M->1031M(1215M) 13.802ms
[2023-06-19T23:31:16.159-0400][14547223ms] GC(174) User=0.02s Sys=0.00s Real=0.01s
[2023-06-19T23:35:25.599-0400][14796663ms] GC(175) Pause Young (Normal) (G1 Evacuation Pause)
[2023-06-19T23:35:25.600-0400][14796664ms] GC(175) Using 8 workers of 8 for evacuation
[2023-06-19T23:35:25.607-0400][14796671ms] GC(175)   Pre Evacuate Collection Set: 0.1ms
[2023-06-19T23:35:25.607-0400][14796671ms] GC(175)   Evacuate Collection Set: 1.2ms
[2023-06-19T23:35:25.607-0400][14796671ms] GC(175)   Post Evacuate Collection Set: 5.9ms
[2023-06-19T23:35:25.607-0400][14796671ms] GC(175)   Other: 0.7ms
[2023-06-19T23:35:25.608-0400][14796672ms] GC(175) Eden regions: 59->0(59)
[2023-06-19T23:35:25.608-0400][14796672ms] GC(175) Survivor regions: 1->1(8)
[2023-06-19T23:35:25.608-0400][14796672ms] GC(175) Old regions: 1028->1028
[2023-06-19T23:35:25.608-0400][14796672ms] GC(175) Humongous regions: 4->4
[2023-06-19T23:35:25.608-0400][14796672ms] GC(175) Metaspace: 197543K->197543K(1232896K)
[2023-06-19T23:35:25.608-0400][14796672ms] GC(175) Pause Young (Normal) (G1 Evacuation Pause) 1090M->1031M(1215M) 8.710ms
[2023-06-19T23:35:25.608-0400][14796672ms] GC(175) User=0.00s Sys=0.00s Real=0.01s
[2023-06-19T23:39:39.144-0400][15050208ms] GC(176) Pause Young (Normal) (G1 Evacuation Pause)
[2023-06-19T23:39:39.145-0400][15050209ms] GC(176) Using 8 workers of 8 for evacuation
[2023-06-19T23:39:39.152-0400][15050216ms] GC(176)   Pre Evacuate Collection Set: 0.1ms
[2023-06-19T23:39:39.152-0400][15050216ms] GC(176)   Evacuate Collection Set: 1.1ms
[2023-06-19T23:39:39.152-0400][15050216ms] GC(176)   Post Evacuate Collection Set: 5.5ms
[2023-06-19T23:39:39.152-0400][15050216ms] GC(176)   Other: 0.6ms
[2023-06-19T23:39:39.152-0400][15050216ms] GC(176) Eden regions: 59->0(59)
[2023-06-19T23:39:39.152-0400][15050216ms] GC(176) Survivor regions: 1->1(8)
[2023-06-19T23:39:39.152-0400][15050216ms] GC(176) Old regions: 1028->1028
[2023-06-19T23:39:39.152-0400][15050216ms] GC(176) Humongous regions: 4->4
[2023-06-19T23:39:39.152-0400][15050216ms] GC(176) Metaspace: 197546K->197546K(1232896K)
[2023-06-19T23:39:39.152-0400][15050216ms] GC(176) Pause Young (Normal) (G1 Evacuation Pause) 1090M->1031M(1215M) 8.050ms
[2023-06-19T23:39:39.153-0400][15050217ms] GC(176) User=0.00s Sys=0.00s Real=0.01s
[2023-06-19T23:43:50.152-0400][15301216ms] GC(177) Pause Young (Normal) (G1 Evacuation Pause)
[2023-06-19T23:43:50.152-0400][15301216ms] GC(177) Using 8 workers of 8 for evacuation
[2023-06-19T23:43:50.159-0400][15301223ms] GC(177)   Pre Evacuate Collection Set: 0.1ms
[2023-06-19T23:43:50.159-0400][15301223ms] GC(177)   Evacuate Collection Set: 1.0ms
[2023-06-19T23:43:50.159-0400][15301223ms] GC(177)   Post Evacuate Collection Set: 5.4ms
[2023-06-19T23:43:50.160-0400][15301224ms] GC(177)   Other: 0.5ms
[2023-06-19T23:43:50.160-0400][15301224ms] GC(177) Eden regions: 59->0(59)
[2023-06-19T23:43:50.160-0400][15301224ms] GC(177) Survivor regions: 1->1(8)
[2023-06-19T23:43:50.160-0400][15301224ms] GC(177) Old regions: 1028->1028
[2023-06-19T23:43:50.160-0400][15301224ms] GC(177) Humongous regions: 4->4
[2023-06-19T23:43:50.160-0400][15301224ms] GC(177) Metaspace: 197552K->197552K(1232896K)
[2023-06-19T23:43:50.160-0400][15301224ms] GC(177) Pause Young (Normal) (G1 Evacuation Pause) 1090M->1031M(1215M) 7.711ms
[2023-06-19T23:43:50.160-0400][15301224ms] GC(177) User=0.02s Sys=0.00s Real=0.01s
[2023-06-19T23:47:59.151-0400][15550215ms] GC(178) Pause Young (Normal) (G1 Evacuation Pause)
[2023-06-19T23:47:59.151-0400][15550215ms] GC(178) Using 8 workers of 8 for evacuation
[2023-06-19T23:47:59.157-0400][15550221ms] GC(178)   Pre Evacuate Collection Set: 0.1ms
[2023-06-19T23:47:59.157-0400][15550221ms] GC(178)   Evacuate Collection Set: 0.7ms
[2023-06-19T23:47:59.157-0400][15550221ms] GC(178)   Post Evacuate Collection Set: 4.3ms
[2023-06-19T23:47:59.157-0400][15550221ms] GC(178)   Other: 0.4ms
[2023-06-19T23:47:59.157-0400][15550221ms] GC(178) Eden regions: 59->0(59)
[2023-06-19T23:47:59.157-0400][15550221ms] GC(178) Survivor regions: 1->1(8)
[2023-06-19T23:47:59.157-0400][15550221ms] GC(178) Old regions: 1028->1028
[2023-06-19T23:47:59.157-0400][15550221ms] GC(178) Humongous regions: 4->4
[2023-06-19T23:47:59.157-0400][15550221ms] GC(178) Metaspace: 197559K->197559K(1232896K)
[2023-06-19T23:47:59.157-0400][15550221ms] GC(178) Pause Young (Normal) (G1 Evacuation Pause) 1090M->1031M(1215M) 6.197ms
[2023-06-19T23:47:59.157-0400][15550221ms] GC(178) User=0.02s Sys=0.00s Real=0.01s
[2023-06-19T23:52:09.150-0400][15800214ms] GC(179) Pause Young (Normal) (G1 Evacuation Pause)
[2023-06-19T23:52:09.150-0400][15800214ms] GC(179) Using 8 workers of 8 for evacuation
[2023-06-19T23:52:09.155-0400][15800219ms] GC(179)   Pre Evacuate Collection Set: 0.0ms
[2023-06-19T23:52:09.155-0400][15800219ms] GC(179)   Evacuate Collection Set: 0.7ms
[2023-06-19T23:52:09.155-0400][15800219ms] GC(179)   Post Evacuate Collection Set: 4.1ms
[2023-06-19T23:52:09.155-0400][15800219ms] GC(179)   Other: 0.7ms
[2023-06-19T23:52:09.155-0400][15800219ms] GC(179) Eden regions: 59->0(59)
[2023-06-19T23:52:09.155-0400][15800219ms] GC(179) Survivor regions: 1->1(8)
[2023-06-19T23:52:09.155-0400][15800219ms] GC(179) Old regions: 1028->1028
[2023-06-19T23:52:09.155-0400][15800219ms] GC(179) Humongous regions: 4->4
[2023-06-19T23:52:09.155-0400][15800219ms] GC(179) Metaspace: 197560K->197560K(1232896K)
[2023-06-19T23:52:09.155-0400][15800219ms] GC(179) Pause Young (Normal) (G1 Evacuation Pause) 1090M->1031M(1215M) 6.067ms
[2023-06-19T23:52:09.155-0400][15800219ms] GC(179) User=0.00s Sys=0.02s Real=0.00s
[2023-06-19T23:56:20.148-0400][16051212ms] GC(180) Pause Young (Normal) (G1 Evacuation Pause)
[2023-06-19T23:56:20.148-0400][16051212ms] GC(180) Using 8 workers of 8 for evacuation
[2023-06-19T23:56:20.156-0400][16051220ms] GC(180)   Pre Evacuate Collection Set: 0.1ms
[2023-06-19T23:56:20.156-0400][16051220ms] GC(180)   Evacuate Collection Set: 1.2ms
[2023-06-19T23:56:20.156-0400][16051220ms] GC(180)   Post Evacuate Collection Set: 6.7ms
[2023-06-19T23:56:20.157-0400][16051221ms] GC(180)   Other: 0.7ms
[2023-06-19T23:56:20.157-0400][16051221ms] GC(180) Eden regions: 59->0(59)
[2023-06-19T23:56:20.157-0400][16051221ms] GC(180) Survivor regions: 1->1(8)
[2023-06-19T23:56:20.157-0400][16051221ms] GC(180) Old regions: 1028->1028
[2023-06-19T23:56:20.157-0400][16051221ms] GC(180) Humongous regions: 4->4
[2023-06-19T23:56:20.157-0400][16051221ms] GC(180) Metaspace: 197560K->197560K(1232896K)
[2023-06-19T23:56:20.157-0400][16051221ms] GC(180) Pause Young (Normal) (G1 Evacuation Pause) 1090M->1031M(1215M) 9.524ms
[2023-06-19T23:56:20.157-0400][16051221ms] GC(180) User=0.02s Sys=0.00s Real=0.01s
[2023-06-20T00:00:30.147-0400][16301211ms] GC(181) Pause Young (Normal) (G1 Evacuation Pause)
[2023-06-20T00:00:30.147-0400][16301211ms] GC(181) Using 8 workers of 8 for evacuation
[2023-06-20T00:00:30.159-0400][16301223ms] GC(181)   Pre Evacuate Collection Set: 0.1ms
[2023-06-20T00:00:30.160-0400][16301224ms] GC(181)   Evacuate Collection Set: 1.7ms
[2023-06-20T00:00:30.160-0400][16301224ms] GC(181)   Post Evacuate Collection Set: 9.6ms
[2023-06-20T00:00:30.160-0400][16301224ms] GC(181)   Other: 1.0ms
[2023-06-20T00:00:30.160-0400][16301224ms] GC(181) Eden regions: 59->0(59)
[2023-06-20T00:00:30.160-0400][16301224ms] GC(181) Survivor regions: 1->1(8)
[2023-06-20T00:00:30.160-0400][16301224ms] GC(181) Old regions: 1028->1028
[2023-06-20T00:00:30.161-0400][16301225ms] GC(181) Humongous regions: 4->4
[2023-06-20T00:00:30.161-0400][16301225ms] GC(181) Metaspace: 197560K->197560K(1232896K)
[2023-06-20T00:00:30.161-0400][16301225ms] GC(181) Pause Young (Normal) (G1 Evacuation Pause) 1090M->1031M(1215M) 14.176ms
[2023-06-20T00:00:30.161-0400][16301225ms] GC(181) User=0.02s Sys=0.00s Real=0.01s
[2023-06-20T00:04:40.151-0400][16551215ms] GC(182) Pause Young (Normal) (G1 Evacuation Pause)
[2023-06-20T00:04:40.152-0400][16551216ms] GC(182) Using 8 workers of 8 for evacuation
[2023-06-20T00:04:40.163-0400][16551227ms] GC(182)   Pre Evacuate Collection Set: 0.1ms
[2023-06-20T00:04:40.164-0400][16551228ms] GC(182)   Evacuate Collection Set: 1.8ms
[2023-06-20T00:04:40.164-0400][16551228ms] GC(182)   Post Evacuate Collection Set: 9.2ms
[2023-06-20T00:04:40.164-0400][16551228ms] GC(182)   Other: 1.1ms
[2023-06-20T00:04:40.164-0400][16551228ms] GC(182) Eden regions: 59->0(59)
[2023-06-20T00:04:40.164-0400][16551228ms] GC(182) Survivor regions: 1->1(8)
[2023-06-20T00:04:40.164-0400][16551228ms] GC(182) Old regions: 1028->1028
[2023-06-20T00:04:40.164-0400][16551228ms] GC(182) Humongous regions: 4->4
[2023-06-20T00:04:40.164-0400][16551229ms] GC(182) Metaspace: 197563K->197563K(1232896K)
[2023-06-20T00:04:40.165-0400][16551229ms] GC(182) Pause Young (Normal) (G1 Evacuation Pause) 1090M->1031M(1215M) 13.645ms
[2023-06-20T00:04:40.165-0400][16551229ms] GC(182) User=0.02s Sys=0.00s Real=0.01s
[2023-06-20T00:08:50.155-0400][16801219ms] GC(183) Pause Young (Normal) (G1 Evacuation Pause)
[2023-06-20T00:08:50.155-0400][16801219ms] GC(183) Using 8 workers of 8 for evacuation
[2023-06-20T00:08:50.167-0400][16801231ms] GC(183)   Pre Evacuate Collection Set: 0.1ms
[2023-06-20T00:08:50.167-0400][16801231ms] GC(183)   Evacuate Collection Set: 1.8ms
[2023-06-20T00:08:50.167-0400][16801231ms] GC(183)   Post Evacuate Collection Set: 9.4ms
[2023-06-20T00:08:50.168-0400][16801232ms] GC(183)   Other: 0.9ms
[2023-06-20T00:08:50.168-0400][16801232ms] GC(183) Eden regions: 59->0(59)
[2023-06-20T00:08:50.168-0400][16801232ms] GC(183) Survivor regions: 1->1(8)
[2023-06-20T00:08:50.168-0400][16801232ms] GC(183) Old regions: 1028->1028
[2023-06-20T00:08:50.168-0400][16801232ms] GC(183) Humongous regions: 4->4
[2023-06-20T00:08:50.168-0400][16801232ms] GC(183) Metaspace: 197563K->197563K(1232896K)
[2023-06-20T00:08:50.169-0400][16801233ms] GC(183) Pause Young (Normal) (G1 Evacuation Pause) 1090M->1031M(1215M) 13.711ms
[2023-06-20T00:08:50.169-0400][16801233ms] GC(183) User=0.02s Sys=0.00s Real=0.01s
[2023-06-20T00:13:01.146-0400][17052210ms] GC(184) Pause Young (Normal) (G1 Evacuation Pause)
[2023-06-20T00:13:01.146-0400][17052210ms] GC(184) Using 8 workers of 8 for evacuation
[2023-06-20T00:13:01.153-0400][17052217ms] GC(184)   Pre Evacuate Collection Set: 0.1ms
[2023-06-20T00:13:01.153-0400][17052217ms] GC(184)   Evacuate Collection Set: 0.9ms
[2023-06-20T00:13:01.154-0400][17052218ms] GC(184)   Post Evacuate Collection Set: 5.5ms
[2023-06-20T00:13:01.154-0400][17052218ms] GC(184)   Other: 0.5ms
[2023-06-20T00:13:01.154-0400][17052218ms] GC(184) Eden regions: 59->0(59)
[2023-06-20T00:13:01.154-0400][17052218ms] GC(184) Survivor regions: 1->1(8)
[2023-06-20T00:13:01.154-0400][17052218ms] GC(184) Old regions: 1028->1028
[2023-06-20T00:13:01.154-0400][17052218ms] GC(184) Humongous regions: 4->4
[2023-06-20T00:13:01.154-0400][17052218ms] GC(184) Metaspace: 197563K->197563K(1232896K)
[2023-06-20T00:13:01.154-0400][17052218ms] GC(184) Pause Young (Normal) (G1 Evacuation Pause) 1090M->1031M(1215M) 7.720ms
[2023-06-20T00:13:01.154-0400][17052218ms] GC(184) User=0.00s Sys=0.00s Real=0.01s
[2023-06-20T00:17:10.935-0400][17301999ms] GC(185) Pause Young (Normal) (G1 Evacuation Pause)
[2023-06-20T00:17:10.935-0400][17301999ms] GC(185) Using 8 workers of 8 for evacuation
[2023-06-20T00:17:10.941-0400][17302005ms] GC(185)   Pre Evacuate Collection Set: 0.0ms
[2023-06-20T00:17:10.941-0400][17302005ms] GC(185)   Evacuate Collection Set: 0.9ms
[2023-06-20T00:17:10.941-0400][17302005ms] GC(185)   Post Evacuate Collection Set: 4.8ms
[2023-06-20T00:17:10.941-0400][17302005ms] GC(185)   Other: 0.5ms
[2023-06-20T00:17:10.941-0400][17302005ms] GC(185) Eden regions: 59->0(59)
[2023-06-20T00:17:10.941-0400][17302005ms] GC(185) Survivor regions: 1->1(8)
[2023-06-20T00:17:10.941-0400][17302005ms] GC(185) Old regions: 1028->1028
[2023-06-20T00:17:10.941-0400][17302005ms] GC(185) Humongous regions: 4->4
[2023-06-20T00:17:10.941-0400][17302005ms] GC(185) Metaspace: 197563K->197563K(1232896K)
[2023-06-20T00:17:10.941-0400][17302005ms] GC(185) Pause Young (Normal) (G1 Evacuation Pause) 1090M->1031M(1215M) 6.888ms
[2023-06-20T00:17:10.941-0400][17302005ms] GC(185) User=0.02s Sys=0.00s Real=0.01s
[2023-06-20T00:21:24.153-0400][17555217ms] GC(186) Pause Young (Normal) (G1 Evacuation Pause)
[2023-06-20T00:21:24.154-0400][17555218ms] GC(186) Using 8 workers of 8 for evacuation
[2023-06-20T00:21:24.160-0400][17555224ms] GC(186)   Pre Evacuate Collection Set: 0.1ms
[2023-06-20T00:21:24.160-0400][17555224ms] GC(186)   Evacuate Collection Set: 0.9ms
[2023-06-20T00:21:24.160-0400][17555224ms] GC(186)   Post Evacuate Collection Set: 5.2ms
[2023-06-20T00:21:24.160-0400][17555224ms] GC(186)   Other: 0.7ms
[2023-06-20T00:21:24.160-0400][17555224ms] GC(186) Eden regions: 59->0(59)
[2023-06-20T00:21:24.160-0400][17555224ms] GC(186) Survivor regions: 1->1(8)
[2023-06-20T00:21:24.160-0400][17555224ms] GC(186) Old regions: 1028->1028
[2023-06-20T00:21:24.161-0400][17555225ms] GC(186) Humongous regions: 4->4
[2023-06-20T00:21:24.161-0400][17555225ms] GC(186) Metaspace: 197564K->197564K(1232896K)
[2023-06-20T00:21:24.161-0400][17555225ms] GC(186) Pause Young (Normal) (G1 Evacuation Pause) 1090M->1031M(1215M) 7.552ms
[2023-06-20T00:21:24.161-0400][17555225ms] GC(186) User=0.02s Sys=0.00s Real=0.01s
[2023-06-20T00:25:33.145-0400][17804209ms] GC(187) Pause Young (Normal) (G1 Evacuation Pause)
[2023-06-20T00:25:33.146-0400][17804210ms] GC(187) Using 8 workers of 8 for evacuation
[2023-06-20T00:25:33.153-0400][17804217ms] GC(187)   Pre Evacuate Collection Set: 0.1ms
[2023-06-20T00:25:33.153-0400][17804217ms] GC(187)   Evacuate Collection Set: 1.0ms
[2023-06-20T00:25:33.153-0400][17804217ms] GC(187)   Post Evacuate Collection Set: 5.7ms
[2023-06-20T00:25:33.153-0400][17804217ms] GC(187)   Other: 0.7ms
[2023-06-20T00:25:33.153-0400][17804217ms] GC(187) Eden regions: 59->0(59)
[2023-06-20T00:25:33.153-0400][17804217ms] GC(187) Survivor regions: 1->1(8)
[2023-06-20T00:25:33.153-0400][17804217ms] GC(187) Old regions: 1028->1028
[2023-06-20T00:25:33.153-0400][17804217ms] GC(187) Humongous regions: 4->4
[2023-06-20T00:25:33.153-0400][17804217ms] GC(187) Metaspace: 197564K->197564K(1232896K)
[2023-06-20T00:25:33.154-0400][17804218ms] GC(187) Pause Young (Normal) (G1 Evacuation Pause) 1090M->1031M(1215M) 8.221ms
[2023-06-20T00:25:33.154-0400][17804218ms] GC(187) User=0.00s Sys=0.00s Real=0.01s
[2023-06-20T00:29:42.980-0400][18054044ms] GC(188) Pause Young (Normal) (G1 Evacuation Pause)
[2023-06-20T00:29:42.980-0400][18054044ms] GC(188) Using 8 workers of 8 for evacuation
[2023-06-20T00:29:42.985-0400][18054049ms] GC(188)   Pre Evacuate Collection Set: 0.1ms
[2023-06-20T00:29:42.985-0400][18054049ms] GC(188)   Evacuate Collection Set: 0.7ms
[2023-06-20T00:29:42.985-0400][18054050ms] GC(188)   Post Evacuate Collection Set: 4.1ms
[2023-06-20T00:29:42.986-0400][18054050ms] GC(188)   Other: 0.4ms
[2023-06-20T00:29:42.986-0400][18054050ms] GC(188) Eden regions: 59->0(59)
[2023-06-20T00:29:42.986-0400][18054050ms] GC(188) Survivor regions: 1->1(8)
[2023-06-20T00:29:42.986-0400][18054050ms] GC(188) Old regions: 1028->1028
[2023-06-20T00:29:42.986-0400][18054050ms] GC(188) Humongous regions: 4->4
[2023-06-20T00:29:42.986-0400][18054050ms] GC(188) Metaspace: 197564K->197564K(1232896K)
[2023-06-20T00:29:42.986-0400][18054050ms] GC(188) Pause Young (Normal) (G1 Evacuation Pause) 1090M->1031M(1215M) 5.783ms
[2023-06-20T00:29:42.986-0400][18054050ms] GC(188) User=0.02s Sys=0.00s Real=0.01s
[2023-06-20T00:33:54.151-0400][18305215ms] GC(189) Pause Young (Normal) (G1 Evacuation Pause)
[2023-06-20T00:33:54.151-0400][18305215ms] GC(189) Using 8 workers of 8 for evacuation
[2023-06-20T00:33:54.154-0400][18305218ms] GC(189)   Pre Evacuate Collection Set: 0.1ms
[2023-06-20T00:33:54.154-0400][18305218ms] GC(189)   Evacuate Collection Set: 0.4ms
[2023-06-20T00:33:54.154-0400][18305218ms] GC(189)   Post Evacuate Collection Set: 2.7ms
[2023-06-20T00:33:54.155-0400][18305219ms] GC(189)   Other: 0.2ms
[2023-06-20T00:33:54.155-0400][18305219ms] GC(189) Eden regions: 59->0(59)
[2023-06-20T00:33:54.155-0400][18305219ms] GC(189) Survivor regions: 1->1(8)
[2023-06-20T00:33:54.155-0400][18305219ms] GC(189) Old regions: 1028->1028
[2023-06-20T00:33:54.155-0400][18305219ms] GC(189) Humongous regions: 4->4
[2023-06-20T00:33:54.155-0400][18305219ms] GC(189) Metaspace: 197564K->197564K(1232896K)
[2023-06-20T00:33:54.155-0400][18305219ms] GC(189) Pause Young (Normal) (G1 Evacuation Pause) 1090M->1031M(1215M) 3.627ms
[2023-06-20T00:33:54.155-0400][18305219ms] GC(189) User=0.00s Sys=0.00s Real=0.00s
[2023-06-20T00:38:07.154-0400][18558218ms] GC(190) Pause Young (Normal) (G1 Evacuation Pause)
[2023-06-20T00:38:07.154-0400][18558218ms] GC(190) Using 8 workers of 8 for evacuation
[2023-06-20T00:38:07.166-0400][18558230ms] GC(190)   Pre Evacuate Collection Set: 0.1ms
[2023-06-20T00:38:07.167-0400][18558231ms] GC(190)   Evacuate Collection Set: 2.1ms
[2023-06-20T00:38:07.167-0400][18558231ms] GC(190)   Post Evacuate Collection Set: 9.3ms
[2023-06-20T00:38:07.167-0400][18558231ms] GC(190)   Other: 1.0ms
[2023-06-20T00:38:07.167-0400][18558231ms] GC(190) Eden regions: 59->0(59)
[2023-06-20T00:38:07.167-0400][18558231ms] GC(190) Survivor regions: 1->1(8)
[2023-06-20T00:38:07.167-0400][18558231ms] GC(190) Old regions: 1028->1028
[2023-06-20T00:38:07.168-0400][18558232ms] GC(190) Humongous regions: 4->4
[2023-06-20T00:38:07.168-0400][18558232ms] GC(190) Metaspace: 197564K->197564K(1232896K)
[2023-06-20T00:38:07.169-0400][18558233ms] GC(190) Pause Young (Normal) (G1 Evacuation Pause) 1090M->1031M(1215M) 14.461ms
[2023-06-20T00:38:07.169-0400][18558233ms] GC(190) User=0.09s Sys=0.00s Real=0.01s
[2023-06-20T00:42:14.155-0400][18805219ms] GC(191) Pause Young (Normal) (G1 Evacuation Pause)
[2023-06-20T00:42:14.156-0400][18805220ms] GC(191) Using 8 workers of 8 for evacuation
[2023-06-20T00:42:14.163-0400][18805227ms] GC(191)   Pre Evacuate Collection Set: 0.1ms
[2023-06-20T00:42:14.163-0400][18805227ms] GC(191)   Evacuate Collection Set: 1.0ms
[2023-06-20T00:42:14.163-0400][18805227ms] GC(191)   Post Evacuate Collection Set: 5.8ms
[2023-06-20T00:42:14.163-0400][18805227ms] GC(191)   Other: 0.6ms
[2023-06-20T00:42:14.163-0400][18805227ms] GC(191) Eden regions: 59->0(59)
[2023-06-20T00:42:14.163-0400][18805227ms] GC(191) Survivor regions: 1->1(8)
[2023-06-20T00:42:14.163-0400][18805227ms] GC(191) Old regions: 1028->1028
[2023-06-20T00:42:14.164-0400][18805228ms] GC(191) Humongous regions: 4->4
[2023-06-20T00:42:14.164-0400][18805228ms] GC(191) Metaspace: 197564K->197564K(1232896K)
[2023-06-20T00:42:14.164-0400][18805228ms] GC(191) Pause Young (Normal) (G1 Evacuation Pause) 1090M->1031M(1215M) 8.310ms
[2023-06-20T00:42:14.164-0400][18805228ms] GC(191) User=0.00s Sys=0.02s Real=0.01s
[2023-06-20T00:46:26.151-0400][19057215ms] GC(192) Pause Young (Normal) (G1 Evacuation Pause)
[2023-06-20T00:46:26.152-0400][19057216ms] GC(192) Using 8 workers of 8 for evacuation
[2023-06-20T00:46:26.158-0400][19057222ms] GC(192)   Pre Evacuate Collection Set: 0.1ms
[2023-06-20T00:46:26.158-0400][19057222ms] GC(192)   Evacuate Collection Set: 0.9ms
[2023-06-20T00:46:26.158-0400][19057222ms] GC(192)   Post Evacuate Collection Set: 5.2ms
[2023-06-20T00:46:26.158-0400][19057222ms] GC(192)   Other: 0.5ms
[2023-06-20T00:46:26.159-0400][19057223ms] GC(192) Eden regions: 59->0(59)
[2023-06-20T00:46:26.159-0400][19057223ms] GC(192) Survivor regions: 1->1(8)
[2023-06-20T00:46:26.159-0400][19057223ms] GC(192) Old regions: 1028->1028
[2023-06-20T00:46:26.159-0400][19057223ms] GC(192) Humongous regions: 4->4
[2023-06-20T00:46:26.159-0400][19057223ms] GC(192) Metaspace: 197564K->197564K(1232896K)
[2023-06-20T00:46:26.159-0400][19057223ms] GC(192) Pause Young (Normal) (G1 Evacuation Pause) 1090M->1031M(1215M) 7.561ms
[2023-06-20T00:46:26.159-0400][19057223ms] GC(192) User=0.02s Sys=0.00s Real=0.01s
[2023-06-20T00:50:35.157-0400][19306221ms] GC(193) Pause Young (Normal) (G1 Evacuation Pause)
[2023-06-20T00:50:35.157-0400][19306221ms] GC(193) Using 8 workers of 8 for evacuation
[2023-06-20T00:50:35.165-0400][19306229ms] GC(193)   Pre Evacuate Collection Set: 0.1ms
[2023-06-20T00:50:35.165-0400][19306229ms] GC(193)   Evacuate Collection Set: 1.3ms
[2023-06-20T00:50:35.165-0400][19306229ms] GC(193)   Post Evacuate Collection Set: 6.4ms
[2023-06-20T00:50:35.165-0400][19306229ms] GC(193)   Other: 0.8ms
[2023-06-20T00:50:35.165-0400][19306229ms] GC(193) Eden regions: 59->0(59)
[2023-06-20T00:50:35.166-0400][19306230ms] GC(193) Survivor regions: 1->1(8)
[2023-06-20T00:50:35.166-0400][19306230ms] GC(193) Old regions: 1028->1028
[2023-06-20T00:50:35.166-0400][19306230ms] GC(193) Humongous regions: 4->4
[2023-06-20T00:50:35.166-0400][19306230ms] GC(193) Metaspace: 197564K->197564K(1232896K)
[2023-06-20T00:50:35.166-0400][19306230ms] GC(193) Pause Young (Normal) (G1 Evacuation Pause) 1090M->1031M(1215M) 9.543ms
[2023-06-20T00:50:35.166-0400][19306230ms] GC(193) User=0.00s Sys=0.00s Real=0.01s
[2023-06-20T00:54:46.144-0400][19557208ms] GC(194) Pause Young (Normal) (G1 Evacuation Pause)
[2023-06-20T00:54:46.144-0400][19557208ms] GC(194) Using 8 workers of 8 for evacuation
[2023-06-20T00:54:46.151-0400][19557215ms] GC(194)   Pre Evacuate Collection Set: 0.1ms
[2023-06-20T00:54:46.151-0400][19557215ms] GC(194)   Evacuate Collection Set: 0.9ms
[2023-06-20T00:54:46.151-0400][19557215ms] GC(194)   Post Evacuate Collection Set: 4.8ms
[2023-06-20T00:54:46.151-0400][19557215ms] GC(194)   Other: 0.6ms
[2023-06-20T00:54:46.151-0400][19557215ms] GC(194) Eden regions: 59->0(59)
[2023-06-20T00:54:46.151-0400][19557215ms] GC(194) Survivor regions: 1->1(8)
[2023-06-20T00:54:46.151-0400][19557215ms] GC(194) Old regions: 1028->1028
[2023-06-20T00:54:46.151-0400][19557215ms] GC(194) Humongous regions: 4->4
[2023-06-20T00:54:46.151-0400][19557215ms] GC(194) Metaspace: 197564K->197564K(1232896K)
[2023-06-20T00:54:46.151-0400][19557215ms] GC(194) Pause Young (Normal) (G1 Evacuation Pause) 1090M->1031M(1215M) 6.651ms
[2023-06-20T00:54:46.151-0400][19557215ms] GC(194) User=0.00s Sys=0.00s Real=0.01s
[2023-06-20T00:58:58.149-0400][19809213ms] GC(195) Pause Young (Normal) (G1 Evacuation Pause)
[2023-06-20T00:58:58.150-0400][19809214ms] GC(195) Using 8 workers of 8 for evacuation
[2023-06-20T00:58:58.157-0400][19809221ms] GC(195)   Pre Evacuate Collection Set: 0.1ms
[2023-06-20T00:58:58.157-0400][19809221ms] GC(195)   Evacuate Collection Set: 1.3ms
[2023-06-20T00:58:58.157-0400][19809221ms] GC(195)   Post Evacuate Collection Set: 5.4ms
[2023-06-20T00:58:58.157-0400][19809221ms] GC(195)   Other: 0.9ms
[2023-06-20T00:58:58.157-0400][19809221ms] GC(195) Eden regions: 59->0(59)
[2023-06-20T00:58:58.157-0400][19809221ms] GC(195) Survivor regions: 1->1(8)
[2023-06-20T00:58:58.157-0400][19809221ms] GC(195) Old regions: 1028->1028
[2023-06-20T00:58:58.158-0400][19809222ms] GC(195) Humongous regions: 4->4
[2023-06-20T00:58:58.158-0400][19809222ms] GC(195) Metaspace: 197564K->197564K(1232896K)
[2023-06-20T00:58:58.158-0400][19809222ms] GC(195) Pause Young (Normal) (G1 Evacuation Pause) 1090M->1031M(1215M) 8.463ms
[2023-06-20T00:58:58.158-0400][19809222ms] GC(195) User=0.02s Sys=0.00s Real=0.01s
[2023-06-20T01:03:09.150-0400][20060214ms] GC(196) Pause Young (Normal) (G1 Evacuation Pause)
[2023-06-20T01:03:09.151-0400][20060215ms] GC(196) Using 8 workers of 8 for evacuation
[2023-06-20T01:03:09.156-0400][20060220ms] GC(196)   Pre Evacuate Collection Set: 0.0ms
[2023-06-20T01:03:09.156-0400][20060220ms] GC(196)   Evacuate Collection Set: 0.8ms
[2023-06-20T01:03:09.156-0400][20060220ms] GC(196)   Post Evacuate Collection Set: 4.1ms
[2023-06-20T01:03:09.156-0400][20060220ms] GC(196)   Other: 0.4ms
[2023-06-20T01:03:09.156-0400][20060220ms] GC(196) Eden regions: 59->0(59)
[2023-06-20T01:03:09.156-0400][20060220ms] GC(196) Survivor regions: 1->1(8)
[2023-06-20T01:03:09.156-0400][20060220ms] GC(196) Old regions: 1028->1028
[2023-06-20T01:03:09.156-0400][20060220ms] GC(196) Humongous regions: 4->4
[2023-06-20T01:03:09.156-0400][20060220ms] GC(196) Metaspace: 197564K->197564K(1232896K)
[2023-06-20T01:03:09.156-0400][20060220ms] GC(196) Pause Young (Normal) (G1 Evacuation Pause) 1090M->1031M(1215M) 5.982ms
[2023-06-20T01:03:09.156-0400][20060220ms] GC(196) User=0.02s Sys=0.00s Real=0.01s
[2023-06-20T01:07:17.155-0400][20308219ms] GC(197) Pause Young (Normal) (G1 Evacuation Pause)
[2023-06-20T01:07:17.155-0400][20308219ms] GC(197) Using 8 workers of 8 for evacuation
[2023-06-20T01:07:17.165-0400][20308229ms] GC(197)   Pre Evacuate Collection Set: 0.1ms
[2023-06-20T01:07:17.165-0400][20308229ms] GC(197)   Evacuate Collection Set: 1.6ms
[2023-06-20T01:07:17.166-0400][20308230ms] GC(197)   Post Evacuate Collection Set: 8.1ms
[2023-06-20T01:07:17.166-0400][20308230ms] GC(197)   Other: 0.8ms
[2023-06-20T01:07:17.166-0400][20308230ms] GC(197) Eden regions: 59->0(59)
[2023-06-20T01:07:17.166-0400][20308230ms] GC(197) Survivor regions: 1->1(8)
[2023-06-20T01:07:17.166-0400][20308230ms] GC(197) Old regions: 1028->1028
[2023-06-20T01:07:17.166-0400][20308230ms] GC(197) Humongous regions: 4->4
[2023-06-20T01:07:17.166-0400][20308230ms] GC(197) Metaspace: 197564K->197564K(1232896K)
[2023-06-20T01:07:17.166-0400][20308230ms] GC(197) Pause Young (Normal) (G1 Evacuation Pause) 1090M->1031M(1215M) 11.713ms
[2023-06-20T01:07:17.167-0400][20308231ms] GC(197) User=0.03s Sys=0.02s Real=0.01s
[2023-06-20T01:11:30.344-0400][20561408ms] GC(198) Pause Young (Normal) (G1 Evacuation Pause)
[2023-06-20T01:11:30.344-0400][20561408ms] GC(198) Using 8 workers of 8 for evacuation
[2023-06-20T01:11:30.356-0400][20561420ms] GC(198)   Pre Evacuate Collection Set: 0.1ms
[2023-06-20T01:11:30.357-0400][20561421ms] GC(198)   Evacuate Collection Set: 1.9ms
[2023-06-20T01:11:30.357-0400][20561421ms] GC(198)   Post Evacuate Collection Set: 9.6ms
[2023-06-20T01:11:30.357-0400][20561421ms] GC(198)   Other: 1.0ms
[2023-06-20T01:11:30.357-0400][20561421ms] GC(198) Eden regions: 59->0(59)
[2023-06-20T01:11:30.357-0400][20561421ms] GC(198) Survivor regions: 1->1(8)
[2023-06-20T01:11:30.358-0400][20561422ms] GC(198) Old regions: 1028->1028
[2023-06-20T01:11:30.358-0400][20561422ms] GC(198) Humongous regions: 4->4
[2023-06-20T01:11:30.358-0400][20561422ms] GC(198) Metaspace: 197564K->197564K(1232896K)
[2023-06-20T01:11:30.358-0400][20561422ms] GC(198) Pause Young (Normal) (G1 Evacuation Pause) 1090M->1031M(1215M) 14.349ms
[2023-06-20T01:11:30.359-0400][20561423ms] GC(198) User=0.00s Sys=0.00s Real=0.01s
[2023-06-20T01:15:40.386-0400][20811450ms] GC(199) Pause Young (Normal) (G1 Evacuation Pause)
[2023-06-20T01:15:40.386-0400][20811450ms] GC(199) Using 8 workers of 8 for evacuation
[2023-06-20T01:15:40.394-0400][20811458ms] GC(199)   Pre Evacuate Collection Set: 0.1ms
[2023-06-20T01:15:40.394-0400][20811458ms] GC(199)   Evacuate Collection Set: 1.1ms
[2023-06-20T01:15:40.394-0400][20811458ms] GC(199)   Post Evacuate Collection Set: 6.2ms
[2023-06-20T01:15:40.394-0400][20811458ms] GC(199)   Other: 0.6ms
[2023-06-20T01:15:40.394-0400][20811458ms] GC(199) Eden regions: 59->0(59)
[2023-06-20T01:15:40.394-0400][20811458ms] GC(199) Survivor regions: 1->1(8)
[2023-06-20T01:15:40.394-0400][20811458ms] GC(199) Old regions: 1028->1028
[2023-06-20T01:15:40.394-0400][20811458ms] GC(199) Humongous regions: 4->4
[2023-06-20T01:15:40.394-0400][20811458ms] GC(199) Metaspace: 197564K->197564K(1232896K)
[2023-06-20T01:15:40.394-0400][20811458ms] GC(199) Pause Young (Normal) (G1 Evacuation Pause) 1090M->1031M(1215M) 8.890ms
[2023-06-20T01:15:40.395-0400][20811459ms] GC(199) User=0.02s Sys=0.00s Real=0.01s
[2023-06-20T01:19:52.151-0400][21063215ms] GC(200) Pause Young (Normal) (G1 Evacuation Pause)
[2023-06-20T01:19:52.151-0400][21063215ms] GC(200) Using 8 workers of 8 for evacuation
[2023-06-20T01:19:52.158-0400][21063222ms] GC(200)   Pre Evacuate Collection Set: 0.1ms
[2023-06-20T01:19:52.158-0400][21063222ms] GC(200)   Evacuate Collection Set: 0.9ms
[2023-06-20T01:19:52.158-0400][21063222ms] GC(200)   Post Evacuate Collection Set: 5.2ms
[2023-06-20T01:19:52.158-0400][21063222ms] GC(200)   Other: 0.5ms
[2023-06-20T01:19:52.158-0400][21063222ms] GC(200) Eden regions: 59->0(59)
[2023-06-20T01:19:52.158-0400][21063222ms] GC(200) Survivor regions: 1->1(8)
[2023-06-20T01:19:52.158-0400][21063222ms] GC(200) Old regions: 1028->1028
[2023-06-20T01:19:52.158-0400][21063222ms] GC(200) Humongous regions: 4->4
[2023-06-20T01:19:52.158-0400][21063222ms] GC(200) Metaspace: 197564K->197564K(1232896K)
[2023-06-20T01:19:52.158-0400][21063222ms] GC(200) Pause Young (Normal) (G1 Evacuation Pause) 1090M->1031M(1215M) 7.215ms
[2023-06-20T01:19:52.158-0400][21063222ms] GC(200) User=0.02s Sys=0.00s Real=0.01s
[2023-06-20T01:23:59.123-0400][21310187ms] GC(201) Pause Young (Normal) (G1 Evacuation Pause)
[2023-06-20T01:23:59.123-0400][21310187ms] GC(201) Using 8 workers of 8 for evacuation
[2023-06-20T01:23:59.126-0400][21310190ms] GC(201)   Pre Evacuate Collection Set: 0.0ms
[2023-06-20T01:23:59.126-0400][21310190ms] GC(201)   Evacuate Collection Set: 0.4ms
[2023-06-20T01:23:59.126-0400][21310190ms] GC(201)   Post Evacuate Collection Set: 2.4ms
[2023-06-20T01:23:59.126-0400][21310190ms] GC(201)   Other: 0.4ms
[2023-06-20T01:23:59.127-0400][21310191ms] GC(201) Eden regions: 59->0(59)
[2023-06-20T01:23:59.127-0400][21310191ms] GC(201) Survivor regions: 1->1(8)
[2023-06-20T01:23:59.127-0400][21310191ms] GC(201) Old regions: 1028->1028
[2023-06-20T01:23:59.127-0400][21310191ms] GC(201) Humongous regions: 4->4
[2023-06-20T01:23:59.127-0400][21310191ms] GC(201) Metaspace: 197564K->197564K(1232896K)
[2023-06-20T01:23:59.127-0400][21310191ms] GC(201) Pause Young (Normal) (G1 Evacuation Pause) 1090M->1031M(1215M) 3.485ms
[2023-06-20T01:23:59.127-0400][21310191ms] GC(201) User=0.02s Sys=0.00s Real=0.00s
[2023-06-20T01:28:10.146-0400][21561210ms] GC(202) Pause Young (Normal) (G1 Evacuation Pause)
[2023-06-20T01:28:10.146-0400][21561210ms] GC(202) Using 8 workers of 8 for evacuation
[2023-06-20T01:28:10.157-0400][21561221ms] GC(202)   Pre Evacuate Collection Set: 0.1ms
[2023-06-20T01:28:10.157-0400][21561221ms] GC(202)   Evacuate Collection Set: 1.5ms
[2023-06-20T01:28:10.157-0400][21561221ms] GC(202)   Post Evacuate Collection Set: 8.7ms
[2023-06-20T01:28:10.157-0400][21561221ms] GC(202)   Other: 0.8ms
[2023-06-20T01:28:10.157-0400][21561221ms] GC(202) Eden regions: 59->0(59)
[2023-06-20T01:28:10.158-0400][21561222ms] GC(202) Survivor regions: 1->1(8)
[2023-06-20T01:28:10.158-0400][21561222ms] GC(202) Old regions: 1028->1028
[2023-06-20T01:28:10.158-0400][21561222ms] GC(202) Humongous regions: 4->4
[2023-06-20T01:28:10.158-0400][21561222ms] GC(202) Metaspace: 197564K->197564K(1232896K)
[2023-06-20T01:28:10.158-0400][21561222ms] GC(202) Pause Young (Normal) (G1 Evacuation Pause) 1090M->1031M(1215M) 12.315ms
[2023-06-20T01:28:10.158-0400][21561222ms] GC(202) User=0.02s Sys=0.00s Real=0.01s
[2023-06-20T01:32:20.151-0400][21811215ms] GC(203) Pause Young (Normal) (G1 Evacuation Pause)
[2023-06-20T01:32:20.151-0400][21811215ms] GC(203) Using 8 workers of 8 for evacuation
[2023-06-20T01:32:20.154-0400][21811218ms] GC(203)   Pre Evacuate Collection Set: 0.0ms
[2023-06-20T01:32:20.154-0400][21811218ms] GC(203)   Evacuate Collection Set: 0.4ms
[2023-06-20T01:32:20.154-0400][21811218ms] GC(203)   Post Evacuate Collection Set: 2.8ms
[2023-06-20T01:32:20.154-0400][21811218ms] GC(203)   Other: 0.3ms
[2023-06-20T01:32:20.154-0400][21811218ms] GC(203) Eden regions: 59->0(59)
[2023-06-20T01:32:20.154-0400][21811218ms] GC(203) Survivor regions: 1->1(8)
[2023-06-20T01:32:20.155-0400][21811219ms] GC(203) Old regions: 1028->1028
[2023-06-20T01:32:20.155-0400][21811219ms] GC(203) Humongous regions: 4->4
[2023-06-20T01:32:20.155-0400][21811219ms] GC(203) Metaspace: 197564K->197564K(1232896K)
[2023-06-20T01:32:20.155-0400][21811219ms] GC(203) Pause Young (Normal) (G1 Evacuation Pause) 1090M->1031M(1215M) 3.784ms
[2023-06-20T01:32:20.155-0400][21811219ms] GC(203) User=0.00s Sys=0.00s Real=0.00s
[2023-06-20T01:36:33.151-0400][22064215ms] GC(204) Pause Young (Normal) (G1 Evacuation Pause)
[2023-06-20T01:36:33.151-0400][22064215ms] GC(204) Using 8 workers of 8 for evacuation
[2023-06-20T01:36:33.158-0400][22064222ms] GC(204)   Pre Evacuate Collection Set: 0.1ms
[2023-06-20T01:36:33.158-0400][22064222ms] GC(204)   Evacuate Collection Set: 1.0ms
[2023-06-20T01:36:33.158-0400][22064222ms] GC(204)   Post Evacuate Collection Set: 5.1ms
[2023-06-20T01:36:33.158-0400][22064222ms] GC(204)   Other: 0.5ms
[2023-06-20T01:36:33.158-0400][22064222ms] GC(204) Eden regions: 59->0(59)
[2023-06-20T01:36:33.158-0400][22064222ms] GC(204) Survivor regions: 1->1(8)
[2023-06-20T01:36:33.158-0400][22064222ms] GC(204) Old regions: 1028->1028
[2023-06-20T01:36:33.158-0400][22064222ms] GC(204) Humongous regions: 4->4
[2023-06-20T01:36:33.159-0400][22064223ms] GC(204) Metaspace: 197564K->197564K(1232896K)
[2023-06-20T01:36:33.159-0400][22064223ms] GC(204) Pause Young (Normal) (G1 Evacuation Pause) 1090M->1031M(1215M) 7.366ms
[2023-06-20T01:36:33.159-0400][22064223ms] GC(204) User=0.02s Sys=0.00s Real=0.01s
[2023-06-20T01:40:43.147-0400][22314211ms] GC(205) Pause Young (Normal) (G1 Evacuation Pause)
[2023-06-20T01:40:43.147-0400][22314211ms] GC(205) Using 8 workers of 8 for evacuation
[2023-06-20T01:40:43.152-0400][22314216ms] GC(205)   Pre Evacuate Collection Set: 0.0ms
[2023-06-20T01:40:43.152-0400][22314216ms] GC(205)   Evacuate Collection Set: 0.7ms
[2023-06-20T01:40:43.152-0400][22314216ms] GC(205)   Post Evacuate Collection Set: 4.0ms
[2023-06-20T01:40:43.152-0400][22314216ms] GC(205)   Other: 0.4ms
[2023-06-20T01:40:43.152-0400][22314216ms] GC(205) Eden regions: 59->0(59)
[2023-06-20T01:40:43.152-0400][22314216ms] GC(205) Survivor regions: 1->1(8)
[2023-06-20T01:40:43.152-0400][22314216ms] GC(205) Old regions: 1028->1028
[2023-06-20T01:40:43.152-0400][22314216ms] GC(205) Humongous regions: 4->4
[2023-06-20T01:40:43.152-0400][22314216ms] GC(205) Metaspace: 197564K->197564K(1232896K)
[2023-06-20T01:40:43.152-0400][22314216ms] GC(205) Pause Young (Normal) (G1 Evacuation Pause) 1090M->1031M(1215M) 5.631ms
[2023-06-20T01:40:43.152-0400][22314216ms] GC(205) User=0.00s Sys=0.00s Real=0.00s
[2023-06-20T01:44:55.150-0400][22566214ms] GC(206) Pause Young (Normal) (G1 Evacuation Pause)
[2023-06-20T01:44:55.150-0400][22566214ms] GC(206) Using 8 workers of 8 for evacuation
[2023-06-20T01:44:55.160-0400][22566224ms] GC(206)   Pre Evacuate Collection Set: 0.1ms
[2023-06-20T01:44:55.161-0400][22566225ms] GC(206)   Evacuate Collection Set: 1.5ms
[2023-06-20T01:44:55.161-0400][22566225ms] GC(206)   Post Evacuate Collection Set: 8.2ms
[2023-06-20T01:44:55.161-0400][22566225ms] GC(206)   Other: 0.9ms
[2023-06-20T01:44:55.161-0400][22566225ms] GC(206) Eden regions: 59->0(59)
[2023-06-20T01:44:55.161-0400][22566225ms] GC(206) Survivor regions: 1->1(8)
[2023-06-20T01:44:55.161-0400][22566225ms] GC(206) Old regions: 1028->1028
[2023-06-20T01:44:55.161-0400][22566225ms] GC(206) Humongous regions: 4->4
[2023-06-20T01:44:55.162-0400][22566226ms] GC(206) Metaspace: 197564K->197564K(1232896K)
[2023-06-20T01:44:55.162-0400][22566226ms] GC(206) Pause Young (Normal) (G1 Evacuation Pause) 1090M->1031M(1215M) 11.869ms
[2023-06-20T01:44:55.162-0400][22566226ms] GC(206) User=0.02s Sys=0.00s Real=0.01s
[2023-06-20T01:49:04.150-0400][22815214ms] GC(207) Pause Young (Normal) (G1 Evacuation Pause)
[2023-06-20T01:49:04.150-0400][22815214ms] GC(207) Using 8 workers of 8 for evacuation
[2023-06-20T01:49:04.157-0400][22815221ms] GC(207)   Pre Evacuate Collection Set: 0.1ms
[2023-06-20T01:49:04.157-0400][22815221ms] GC(207)   Evacuate Collection Set: 0.8ms
[2023-06-20T01:49:04.157-0400][22815221ms] GC(207)   Post Evacuate Collection Set: 4.7ms
[2023-06-20T01:49:04.157-0400][22815221ms] GC(207)   Other: 0.5ms
[2023-06-20T01:49:04.157-0400][22815221ms] GC(207) Eden regions: 59->0(59)
[2023-06-20T01:49:04.157-0400][22815221ms] GC(207) Survivor regions: 1->1(8)
[2023-06-20T01:49:04.157-0400][22815221ms] GC(207) Old regions: 1028->1028
[2023-06-20T01:49:04.157-0400][22815221ms] GC(207) Humongous regions: 4->4
[2023-06-20T01:49:04.157-0400][22815221ms] GC(207) Metaspace: 197564K->197564K(1232896K)
[2023-06-20T01:49:04.157-0400][22815221ms] GC(207) Pause Young (Normal) (G1 Evacuation Pause) 1090M->1031M(1215M) 6.621ms
[2023-06-20T01:49:04.157-0400][22815221ms] GC(207) User=0.02s Sys=0.00s Real=0.01s
[2023-06-20T01:53:16.157-0400][23067221ms] GC(208) Pause Young (Normal) (G1 Evacuation Pause)
[2023-06-20T01:53:16.158-0400][23067222ms] GC(208) Using 8 workers of 8 for evacuation
[2023-06-20T01:53:16.165-0400][23067229ms] GC(208)   Pre Evacuate Collection Set: 0.1ms
[2023-06-20T01:53:16.165-0400][23067229ms] GC(208)   Evacuate Collection Set: 1.1ms
[2023-06-20T01:53:16.165-0400][23067229ms] GC(208)   Post Evacuate Collection Set: 6.0ms
[2023-06-20T01:53:16.166-0400][23067230ms] GC(208)   Other: 0.7ms
[2023-06-20T01:53:16.166-0400][23067230ms] GC(208) Eden regions: 59->0(59)
[2023-06-20T01:53:16.166-0400][23067230ms] GC(208) Survivor regions: 1->1(8)
[2023-06-20T01:53:16.166-0400][23067230ms] GC(208) Old regions: 1028->1028
[2023-06-20T01:53:16.166-0400][23067230ms] GC(208) Humongous regions: 4->4
[2023-06-20T01:53:16.166-0400][23067230ms] GC(208) Metaspace: 197571K->197571K(1232896K)
[2023-06-20T01:53:16.166-0400][23067230ms] GC(208) Pause Young (Normal) (G1 Evacuation Pause) 1090M->1031M(1215M) 8.765ms
[2023-06-20T01:53:16.166-0400][23067230ms] GC(208) User=0.00s Sys=0.00s Real=0.01s
[2023-06-20T01:57:25.150-0400][23316214ms] GC(209) Pause Young (Normal) (G1 Evacuation Pause)
[2023-06-20T01:57:25.150-0400][23316214ms] GC(209) Using 8 workers of 8 for evacuation
[2023-06-20T01:57:25.158-0400][23316222ms] GC(209)   Pre Evacuate Collection Set: 0.1ms
[2023-06-20T01:57:25.159-0400][23316223ms] GC(209)   Evacuate Collection Set: 1.2ms
[2023-06-20T01:57:25.159-0400][23316223ms] GC(209)   Post Evacuate Collection Set: 6.9ms
[2023-06-20T01:57:25.159-0400][23316223ms] GC(209)   Other: 0.7ms
[2023-06-20T01:57:25.159-0400][23316223ms] GC(209) Eden regions: 59->0(59)
[2023-06-20T01:57:25.159-0400][23316223ms] GC(209) Survivor regions: 1->1(8)
[2023-06-20T01:57:25.159-0400][23316223ms] GC(209) Old regions: 1028->1028
[2023-06-20T01:57:25.159-0400][23316223ms] GC(209) Humongous regions: 4->4
[2023-06-20T01:57:25.159-0400][23316223ms] GC(209) Metaspace: 197571K->197571K(1232896K)
[2023-06-20T01:57:25.159-0400][23316223ms] GC(209) Pause Young (Normal) (G1 Evacuation Pause) 1090M->1031M(1215M) 9.894ms
[2023-06-20T01:57:25.160-0400][23316224ms] GC(209) User=0.02s Sys=0.00s Real=0.01s
[2023-06-20T02:01:35.146-0400][23566210ms] GC(210) Pause Young (Normal) (G1 Evacuation Pause)
[2023-06-20T02:01:35.146-0400][23566210ms] GC(210) Using 8 workers of 8 for evacuation
[2023-06-20T02:01:35.150-0400][23566214ms] GC(210)   Pre Evacuate Collection Set: 0.0ms
[2023-06-20T02:01:35.150-0400][23566214ms] GC(210)   Evacuate Collection Set: 0.4ms
[2023-06-20T02:01:35.150-0400][23566214ms] GC(210)   Post Evacuate Collection Set: 2.5ms
[2023-06-20T02:01:35.150-0400][23566214ms] GC(210)   Other: 0.3ms
[2023-06-20T02:01:35.150-0400][23566214ms] GC(210) Eden regions: 59->0(59)
[2023-06-20T02:01:35.150-0400][23566214ms] GC(210) Survivor regions: 1->1(8)
[2023-06-20T02:01:35.150-0400][23566214ms] GC(210) Old regions: 1028->1028
[2023-06-20T02:01:35.150-0400][23566214ms] GC(210) Humongous regions: 4->4
[2023-06-20T02:01:35.150-0400][23566214ms] GC(210) Metaspace: 197571K->197571K(1232896K)
[2023-06-20T02:01:35.150-0400][23566214ms] GC(210) Pause Young (Normal) (G1 Evacuation Pause) 1090M->1031M(1215M) 3.489ms
[2023-06-20T02:01:35.150-0400][23566214ms] GC(210) User=0.00s Sys=0.00s Real=0.00s
[2023-06-20T02:05:45.156-0400][23816220ms] GC(211) Pause Young (Normal) (G1 Evacuation Pause)
[2023-06-20T02:05:45.156-0400][23816220ms] GC(211) Using 8 workers of 8 for evacuation
[2023-06-20T02:05:45.161-0400][23816225ms] GC(211)   Pre Evacuate Collection Set: 0.0ms
[2023-06-20T02:05:45.161-0400][23816225ms] GC(211)   Evacuate Collection Set: 0.7ms
[2023-06-20T02:05:45.161-0400][23816225ms] GC(211)   Post Evacuate Collection Set: 3.8ms
[2023-06-20T02:05:45.161-0400][23816225ms] GC(211)   Other: 0.4ms
[2023-06-20T02:05:45.161-0400][23816225ms] GC(211) Eden regions: 59->0(59)
[2023-06-20T02:05:45.161-0400][23816225ms] GC(211) Survivor regions: 1->1(8)
[2023-06-20T02:05:45.161-0400][23816225ms] GC(211) Old regions: 1028->1028
[2023-06-20T02:05:45.161-0400][23816225ms] GC(211) Humongous regions: 4->4
[2023-06-20T02:05:45.161-0400][23816225ms] GC(211) Metaspace: 197574K->197574K(1232896K)
[2023-06-20T02:05:45.161-0400][23816225ms] GC(211) Pause Young (Normal) (G1 Evacuation Pause) 1090M->1031M(1215M) 5.196ms
[2023-06-20T02:05:45.161-0400][23816225ms] GC(211) User=0.00s Sys=0.00s Real=0.01s
[2023-06-20T02:09:58.148-0400][24069212ms] GC(212) Pause Young (Normal) (G1 Evacuation Pause)
[2023-06-20T02:09:58.148-0400][24069212ms] GC(212) Using 8 workers of 8 for evacuation
[2023-06-20T02:09:58.155-0400][24069219ms] GC(212)   Pre Evacuate Collection Set: 0.1ms
[2023-06-20T02:09:58.155-0400][24069219ms] GC(212)   Evacuate Collection Set: 1.0ms
[2023-06-20T02:09:58.155-0400][24069219ms] GC(212)   Post Evacuate Collection Set: 5.6ms
[2023-06-20T02:09:58.155-0400][24069219ms] GC(212)   Other: 0.6ms
[2023-06-20T02:09:58.155-0400][24069219ms] GC(212) Eden regions: 59->0(59)
[2023-06-20T02:09:58.155-0400][24069219ms] GC(212) Survivor regions: 1->1(8)
[2023-06-20T02:09:58.155-0400][24069219ms] GC(212) Old regions: 1028->1028
[2023-06-20T02:09:58.155-0400][24069219ms] GC(212) Humongous regions: 4->4
[2023-06-20T02:09:58.155-0400][24069219ms] GC(212) Metaspace: 197574K->197574K(1232896K)
[2023-06-20T02:09:58.156-0400][24069220ms] GC(212) Pause Young (Normal) (G1 Evacuation Pause) 1090M->1031M(1215M) 7.996ms
[2023-06-20T02:09:58.156-0400][24069220ms] GC(212) User=0.02s Sys=0.00s Real=0.01s
[2023-06-20T02:14:08.156-0400][24319220ms] GC(213) Pause Young (Normal) (G1 Evacuation Pause)
[2023-06-20T02:14:08.157-0400][24319221ms] GC(213) Using 8 workers of 8 for evacuation
[2023-06-20T02:14:08.163-0400][24319227ms] GC(213)   Pre Evacuate Collection Set: 0.1ms
[2023-06-20T02:14:08.163-0400][24319227ms] GC(213)   Evacuate Collection Set: 0.9ms
[2023-06-20T02:14:08.164-0400][24319228ms] GC(213)   Post Evacuate Collection Set: 5.3ms
[2023-06-20T02:14:08.164-0400][24319228ms] GC(213)   Other: 0.7ms
[2023-06-20T02:14:08.164-0400][24319228ms] GC(213) Eden regions: 59->0(59)
[2023-06-20T02:14:08.164-0400][24319228ms] GC(213) Survivor regions: 1->1(8)
[2023-06-20T02:14:08.164-0400][24319228ms] GC(213) Old regions: 1028->1028
[2023-06-20T02:14:08.164-0400][24319228ms] GC(213) Humongous regions: 4->4
[2023-06-20T02:14:08.164-0400][24319228ms] GC(213) Metaspace: 197574K->197574K(1232896K)
[2023-06-20T02:14:08.164-0400][24319228ms] GC(213) Pause Young (Normal) (G1 Evacuation Pause) 1090M->1031M(1215M) 7.792ms
[2023-06-20T02:14:08.164-0400][24319228ms] GC(213) User=0.00s Sys=0.00s Real=0.01s
[2023-06-20T02:18:16.148-0400][24567212ms] GC(214) Pause Young (Normal) (G1 Evacuation Pause)
[2023-06-20T02:18:16.148-0400][24567212ms] GC(214) Using 8 workers of 8 for evacuation
[2023-06-20T02:18:16.151-0400][24567215ms] GC(214)   Pre Evacuate Collection Set: 0.0ms
[2023-06-20T02:18:16.151-0400][24567215ms] GC(214)   Evacuate Collection Set: 0.4ms
[2023-06-20T02:18:16.151-0400][24567215ms] GC(214)   Post Evacuate Collection Set: 2.4ms
[2023-06-20T02:18:16.151-0400][24567215ms] GC(214)   Other: 0.2ms
[2023-06-20T02:18:16.151-0400][24567215ms] GC(214) Eden regions: 59->0(59)
[2023-06-20T02:18:16.151-0400][24567215ms] GC(214) Survivor regions: 1->1(8)
[2023-06-20T02:18:16.151-0400][24567215ms] GC(214) Old regions: 1028->1028
[2023-06-20T02:18:16.151-0400][24567215ms] GC(214) Humongous regions: 4->4
[2023-06-20T02:18:16.151-0400][24567215ms] GC(214) Metaspace: 197574K->197574K(1232896K)
[2023-06-20T02:18:16.151-0400][24567215ms] GC(214) Pause Young (Normal) (G1 Evacuation Pause) 1090M->1031M(1215M) 3.279ms
[2023-06-20T02:18:16.151-0400][24567215ms] GC(214) User=0.00s Sys=0.00s Real=0.00s
[2023-06-20T02:22:28.152-0400][24819216ms] GC(215) Pause Young (Normal) (G1 Evacuation Pause)
[2023-06-20T02:22:28.152-0400][24819216ms] GC(215) Using 8 workers of 8 for evacuation
[2023-06-20T02:22:28.162-0400][24819226ms] GC(215)   Pre Evacuate Collection Set: 0.1ms
[2023-06-20T02:22:28.163-0400][24819227ms] GC(215)   Evacuate Collection Set: 1.6ms
[2023-06-20T02:22:28.163-0400][24819227ms] GC(215)   Post Evacuate Collection Set: 8.1ms
[2023-06-20T02:22:28.163-0400][24819227ms] GC(215)   Other: 1.0ms
[2023-06-20T02:22:28.163-0400][24819227ms] GC(215) Eden regions: 59->0(59)
[2023-06-20T02:22:28.163-0400][24819227ms] GC(215) Survivor regions: 1->1(8)
[2023-06-20T02:22:28.163-0400][24819227ms] GC(215) Old regions: 1028->1028
[2023-06-20T02:22:28.163-0400][24819227ms] GC(215) Humongous regions: 4->4
[2023-06-20T02:22:28.163-0400][24819227ms] GC(215) Metaspace: 197574K->197574K(1232896K)
[2023-06-20T02:22:28.164-0400][24819228ms] GC(215) Pause Young (Normal) (G1 Evacuation Pause) 1090M->1031M(1215M) 12.053ms
[2023-06-20T02:22:28.164-0400][24819228ms] GC(215) User=0.02s Sys=0.00s Real=0.01s
[2023-06-20T02:25:52.058-0400][25023122ms] GC(216) Pause Young (Normal) (G1 Evacuation Pause)
[2023-06-20T02:25:52.058-0400][25023122ms] GC(216) Using 8 workers of 8 for evacuation
[2023-06-20T02:25:52.063-0400][25023127ms] GC(216)   Pre Evacuate Collection Set: 0.0ms
[2023-06-20T02:25:52.063-0400][25023127ms] GC(216)   Evacuate Collection Set: 0.8ms
[2023-06-20T02:25:52.063-0400][25023127ms] GC(216)   Post Evacuate Collection Set: 3.8ms
[2023-06-20T02:25:52.064-0400][25023128ms] GC(216)   Other: 0.4ms
[2023-06-20T02:25:52.064-0400][25023128ms] GC(216) Eden regions: 59->0(59)
[2023-06-20T02:25:52.064-0400][25023128ms] GC(216) Survivor regions: 1->1(8)
[2023-06-20T02:25:52.064-0400][25023128ms] GC(216) Old regions: 1028->1028
[2023-06-20T02:25:52.064-0400][25023128ms] GC(216) Humongous regions: 4->4
[2023-06-20T02:25:52.064-0400][25023128ms] GC(216) Metaspace: 197574K->197574K(1232896K)
[2023-06-20T02:25:52.064-0400][25023128ms] GC(216) Pause Young (Normal) (G1 Evacuation Pause) 1090M->1031M(1215M) 5.525ms
[2023-06-20T02:25:52.064-0400][25023128ms] GC(216) User=0.02s Sys=0.00s Real=0.01s
[2023-06-20T02:30:02.639-0400][25273703ms] GC(217) Pause Young (Normal) (G1 Evacuation Pause)
[2023-06-20T02:30:02.639-0400][25273703ms] GC(217) Using 8 workers of 8 for evacuation
[2023-06-20T02:30:02.643-0400][25273707ms] GC(217)   Pre Evacuate Collection Set: 0.0ms
[2023-06-20T02:30:02.643-0400][25273707ms] GC(217)   Evacuate Collection Set: 0.4ms
[2023-06-20T02:30:02.643-0400][25273707ms] GC(217)   Post Evacuate Collection Set: 2.8ms
[2023-06-20T02:30:02.643-0400][25273707ms] GC(217)   Other: 0.2ms
[2023-06-20T02:30:02.643-0400][25273707ms] GC(217) Eden regions: 59->0(59)
[2023-06-20T02:30:02.643-0400][25273707ms] GC(217) Survivor regions: 1->1(8)
[2023-06-20T02:30:02.643-0400][25273707ms] GC(217) Old regions: 1028->1028
[2023-06-20T02:30:02.643-0400][25273707ms] GC(217) Humongous regions: 4->4
[2023-06-20T02:30:02.643-0400][25273707ms] GC(217) Metaspace: 197574K->197574K(1232896K)
[2023-06-20T02:30:02.643-0400][25273707ms] GC(217) Pause Young (Normal) (G1 Evacuation Pause) 1090M->1031M(1215M) 3.809ms
[2023-06-20T02:30:02.643-0400][25273707ms] GC(217) User=0.00s Sys=0.02s Real=0.00s
[2023-06-20T02:34:13.184-0400][25524248ms] GC(218) Pause Young (Normal) (G1 Evacuation Pause)
[2023-06-20T02:34:13.184-0400][25524248ms] GC(218) Using 8 workers of 8 for evacuation
[2023-06-20T02:34:13.191-0400][25524255ms] GC(218)   Pre Evacuate Collection Set: 0.1ms
[2023-06-20T02:34:13.191-0400][25524255ms] GC(218)   Evacuate Collection Set: 1.0ms
[2023-06-20T02:34:13.191-0400][25524255ms] GC(218)   Post Evacuate Collection Set: 4.9ms
[2023-06-20T02:34:13.191-0400][25524255ms] GC(218)   Other: 0.4ms
[2023-06-20T02:34:13.191-0400][25524255ms] GC(218) Eden regions: 59->0(59)
[2023-06-20T02:34:13.191-0400][25524255ms] GC(218) Survivor regions: 1->1(8)
[2023-06-20T02:34:13.191-0400][25524255ms] GC(218) Old regions: 1028->1028
[2023-06-20T02:34:13.191-0400][25524255ms] GC(218) Humongous regions: 4->4
[2023-06-20T02:34:13.191-0400][25524255ms] GC(218) Metaspace: 197574K->197574K(1232896K)
[2023-06-20T02:34:13.191-0400][25524255ms] GC(218) Pause Young (Normal) (G1 Evacuation Pause) 1090M->1031M(1215M) 7.165ms
[2023-06-20T02:34:13.192-0400][25524256ms] GC(218) User=0.02s Sys=0.00s Real=0.01s
[2023-06-20T02:38:23.768-0400][25774832ms] GC(219) Pause Young (Normal) (G1 Evacuation Pause)
[2023-06-20T02:38:23.768-0400][25774832ms] GC(219) Using 8 workers of 8 for evacuation
[2023-06-20T02:38:23.773-0400][25774837ms] GC(219)   Pre Evacuate Collection Set: 0.1ms
[2023-06-20T02:38:23.773-0400][25774837ms] GC(219)   Evacuate Collection Set: 0.9ms
[2023-06-20T02:38:23.773-0400][25774837ms] GC(219)   Post Evacuate Collection Set: 3.3ms
[2023-06-20T02:38:23.773-0400][25774837ms] GC(219)   Other: 0.6ms
[2023-06-20T02:38:23.773-0400][25774837ms] GC(219) Eden regions: 59->0(59)
[2023-06-20T02:38:23.773-0400][25774837ms] GC(219) Survivor regions: 1->1(8)
[2023-06-20T02:38:23.773-0400][25774837ms] GC(219) Old regions: 1028->1028
[2023-06-20T02:38:23.773-0400][25774837ms] GC(219) Humongous regions: 4->4
[2023-06-20T02:38:23.773-0400][25774837ms] GC(219) Metaspace: 197574K->197574K(1232896K)
[2023-06-20T02:38:23.773-0400][25774837ms] GC(219) Pause Young (Normal) (G1 Evacuation Pause) 1090M->1031M(1215M) 5.120ms
[2023-06-20T02:38:23.773-0400][25774837ms] GC(219) User=0.00s Sys=0.00s Real=0.01s
[2023-06-20T02:42:34.332-0400][26025396ms] GC(220) Pause Young (Normal) (G1 Evacuation Pause)
[2023-06-20T02:42:34.332-0400][26025396ms] GC(220) Using 8 workers of 8 for evacuation
[2023-06-20T02:42:34.335-0400][26025399ms] GC(220)   Pre Evacuate Collection Set: 0.0ms
[2023-06-20T02:42:34.335-0400][26025399ms] GC(220)   Evacuate Collection Set: 0.4ms
[2023-06-20T02:42:34.335-0400][26025399ms] GC(220)   Post Evacuate Collection Set: 2.9ms
[2023-06-20T02:42:34.335-0400][26025399ms] GC(220)   Other: 0.3ms
[2023-06-20T02:42:34.335-0400][26025399ms] GC(220) Eden regions: 59->0(59)
[2023-06-20T02:42:34.335-0400][26025399ms] GC(220) Survivor regions: 1->1(8)
[2023-06-20T02:42:34.335-0400][26025399ms] GC(220) Old regions: 1028->1028
[2023-06-20T02:42:34.336-0400][26025400ms] GC(220) Humongous regions: 4->4
[2023-06-20T02:42:34.336-0400][26025400ms] GC(220) Metaspace: 197574K->197574K(1232896K)
[2023-06-20T02:42:34.336-0400][26025400ms] GC(220) Pause Young (Normal) (G1 Evacuation Pause) 1090M->1031M(1215M) 3.840ms
[2023-06-20T02:42:34.336-0400][26025400ms] GC(220) User=0.00s Sys=0.00s Real=0.00s
[2023-06-20T02:46:44.825-0400][26275889ms] GC(221) Pause Young (Normal) (G1 Evacuation Pause)
[2023-06-20T02:46:44.825-0400][26275889ms] GC(221) Using 8 workers of 8 for evacuation
[2023-06-20T02:46:44.828-0400][26275892ms] GC(221)   Pre Evacuate Collection Set: 0.0ms
[2023-06-20T02:46:44.828-0400][26275892ms] GC(221)   Evacuate Collection Set: 0.5ms
[2023-06-20T02:46:44.828-0400][26275892ms] GC(221)   Post Evacuate Collection Set: 2.8ms
[2023-06-20T02:46:44.828-0400][26275892ms] GC(221)   Other: 0.2ms
[2023-06-20T02:46:44.828-0400][26275892ms] GC(221) Eden regions: 59->0(59)
[2023-06-20T02:46:44.828-0400][26275892ms] GC(221) Survivor regions: 1->1(8)
[2023-06-20T02:46:44.828-0400][26275892ms] GC(221) Old regions: 1028->1028
[2023-06-20T02:46:44.828-0400][26275892ms] GC(221) Humongous regions: 4->4
[2023-06-20T02:46:44.828-0400][26275892ms] GC(221) Metaspace: 197574K->197574K(1232896K)
[2023-06-20T02:46:44.828-0400][26275892ms] GC(221) Pause Young (Normal) (G1 Evacuation Pause) 1090M->1031M(1215M) 3.819ms
[2023-06-20T02:46:44.828-0400][26275892ms] GC(221) User=0.02s Sys=0.00s Real=0.00s
[2023-06-20T02:50:59.152-0400][26530216ms] GC(222) Pause Young (Normal) (G1 Evacuation Pause)
[2023-06-20T02:50:59.152-0400][26530216ms] GC(222) Using 8 workers of 8 for evacuation
[2023-06-20T02:50:59.158-0400][26530222ms] GC(222)   Pre Evacuate Collection Set: 0.1ms
[2023-06-20T02:50:59.159-0400][26530223ms] GC(222)   Evacuate Collection Set: 1.0ms
[2023-06-20T02:50:59.159-0400][26530223ms] GC(222)   Post Evacuate Collection Set: 5.2ms
[2023-06-20T02:50:59.159-0400][26530223ms] GC(222)   Other: 0.6ms
[2023-06-20T02:50:59.159-0400][26530223ms] GC(222) Eden regions: 59->0(59)
[2023-06-20T02:50:59.159-0400][26530223ms] GC(222) Survivor regions: 1->1(8)
[2023-06-20T02:50:59.159-0400][26530223ms] GC(222) Old regions: 1028->1028
[2023-06-20T02:50:59.159-0400][26530223ms] GC(222) Humongous regions: 4->4
[2023-06-20T02:50:59.159-0400][26530223ms] GC(222) Metaspace: 197574K->197574K(1232896K)
[2023-06-20T02:50:59.159-0400][26530223ms] GC(222) Pause Young (Normal) (G1 Evacuation Pause) 1090M->1031M(1215M) 7.594ms
[2023-06-20T02:50:59.159-0400][26530223ms] GC(222) User=0.02s Sys=0.00s Real=0.01s
[2023-06-20T02:55:06.152-0400][26777216ms] GC(223) Pause Young (Normal) (G1 Evacuation Pause)
[2023-06-20T02:55:06.152-0400][26777216ms] GC(223) Using 8 workers of 8 for evacuation
[2023-06-20T02:55:06.157-0400][26777221ms] GC(223)   Pre Evacuate Collection Set: 0.1ms
[2023-06-20T02:55:06.157-0400][26777221ms] GC(223)   Evacuate Collection Set: 0.8ms
[2023-06-20T02:55:06.157-0400][26777221ms] GC(223)   Post Evacuate Collection Set: 4.6ms
[2023-06-20T02:55:06.157-0400][26777221ms] GC(223)   Other: 0.5ms
[2023-06-20T02:55:06.157-0400][26777221ms] GC(223) Eden regions: 59->0(59)
[2023-06-20T02:55:06.157-0400][26777221ms] GC(223) Survivor regions: 1->1(8)
[2023-06-20T02:55:06.158-0400][26777222ms] GC(223) Old regions: 1028->1028
[2023-06-20T02:55:06.158-0400][26777222ms] GC(223) Humongous regions: 4->4
[2023-06-20T02:55:06.158-0400][26777222ms] GC(223) Metaspace: 197579K->197579K(1232896K)
[2023-06-20T02:55:06.158-0400][26777222ms] GC(223) Pause Young (Normal) (G1 Evacuation Pause) 1090M->1031M(1215M) 6.600ms
[2023-06-20T02:55:06.158-0400][26777222ms] GC(223) User=0.02s Sys=0.00s Real=0.01s
[2023-06-20T02:59:17.149-0400][27028213ms] GC(224) Pause Young (Normal) (G1 Evacuation Pause)
[2023-06-20T02:59:17.149-0400][27028213ms] GC(224) Using 8 workers of 8 for evacuation
[2023-06-20T02:59:17.155-0400][27028219ms] GC(224)   Pre Evacuate Collection Set: 0.1ms
[2023-06-20T02:59:17.155-0400][27028219ms] GC(224)   Evacuate Collection Set: 0.7ms
[2023-06-20T02:59:17.155-0400][27028219ms] GC(224)   Post Evacuate Collection Set: 4.3ms
[2023-06-20T02:59:17.155-0400][27028219ms] GC(224)   Other: 0.4ms
[2023-06-20T02:59:17.155-0400][27028219ms] GC(224) Eden regions: 59->0(59)
[2023-06-20T02:59:17.155-0400][27028219ms] GC(224) Survivor regions: 1->1(8)
[2023-06-20T02:59:17.155-0400][27028219ms] GC(224) Old regions: 1028->1028
[2023-06-20T02:59:17.155-0400][27028219ms] GC(224) Humongous regions: 4->4
[2023-06-20T02:59:17.155-0400][27028219ms] GC(224) Metaspace: 197579K->197579K(1232896K)
[2023-06-20T02:59:17.155-0400][27028219ms] GC(224) Pause Young (Normal) (G1 Evacuation Pause) 1090M->1031M(1215M) 6.132ms
[2023-06-20T02:59:17.155-0400][27028219ms] GC(224) User=0.00s Sys=0.00s Real=0.01s
[2023-06-20T03:03:27.157-0400][27278221ms] GC(225) Pause Young (Normal) (G1 Evacuation Pause)
[2023-06-20T03:03:27.157-0400][27278221ms] GC(225) Using 8 workers of 8 for evacuation
[2023-06-20T03:03:27.163-0400][27278227ms] GC(225)   Pre Evacuate Collection Set: 0.0ms
[2023-06-20T03:03:27.163-0400][27278227ms] GC(225)   Evacuate Collection Set: 0.8ms
[2023-06-20T03:03:27.163-0400][27278227ms] GC(225)   Post Evacuate Collection Set: 4.3ms
[2023-06-20T03:03:27.163-0400][27278227ms] GC(225)   Other: 0.4ms
[2023-06-20T03:03:27.163-0400][27278227ms] GC(225) Eden regions: 59->0(59)
[2023-06-20T03:03:27.163-0400][27278227ms] GC(225) Survivor regions: 1->1(8)
[2023-06-20T03:03:27.163-0400][27278227ms] GC(225) Old regions: 1028->1028
[2023-06-20T03:03:27.163-0400][27278227ms] GC(225) Humongous regions: 4->4
[2023-06-20T03:03:27.163-0400][27278227ms] GC(225) Metaspace: 197579K->197579K(1232896K)
[2023-06-20T03:03:27.163-0400][27278227ms] GC(225) Pause Young (Normal) (G1 Evacuation Pause) 1090M->1031M(1215M) 6.139ms
[2023-06-20T03:03:27.163-0400][27278227ms] GC(225) User=0.00s Sys=0.00s Real=0.01s
[2023-06-20T03:07:32.496-0400][27523560ms] GC(226) Pause Young (Normal) (G1 Evacuation Pause)
[2023-06-20T03:07:32.496-0400][27523560ms] GC(226) Using 8 workers of 8 for evacuation
[2023-06-20T03:07:32.499-0400][27523563ms] GC(226)   Pre Evacuate Collection Set: 0.0ms
[2023-06-20T03:07:32.499-0400][27523563ms] GC(226)   Evacuate Collection Set: 0.4ms
[2023-06-20T03:07:32.499-0400][27523563ms] GC(226)   Post Evacuate Collection Set: 2.7ms
[2023-06-20T03:07:32.500-0400][27523564ms] GC(226)   Other: 0.2ms
[2023-06-20T03:07:32.500-0400][27523564ms] GC(226) Eden regions: 59->0(59)
[2023-06-20T03:07:32.500-0400][27523564ms] GC(226) Survivor regions: 1->1(8)
[2023-06-20T03:07:32.500-0400][27523564ms] GC(226) Old regions: 1028->1028
[2023-06-20T03:07:32.500-0400][27523564ms] GC(226) Humongous regions: 4->4
[2023-06-20T03:07:32.500-0400][27523564ms] GC(226) Metaspace: 197579K->197579K(1232896K)
[2023-06-20T03:07:32.500-0400][27523564ms] GC(226) Pause Young (Normal) (G1 Evacuation Pause) 1090M->1031M(1215M) 3.591ms
[2023-06-20T03:07:32.500-0400][27523564ms] GC(226) User=0.02s Sys=0.00s Real=0.00s
[2023-06-20T03:11:43.010-0400][27774074ms] GC(227) Pause Young (Normal) (G1 Evacuation Pause)
[2023-06-20T03:11:43.010-0400][27774074ms] GC(227) Using 8 workers of 8 for evacuation
[2023-06-20T03:11:43.015-0400][27774079ms] GC(227)   Pre Evacuate Collection Set: 0.0ms
[2023-06-20T03:11:43.015-0400][27774079ms] GC(227)   Evacuate Collection Set: 0.6ms
[2023-06-20T03:11:43.015-0400][27774079ms] GC(227)   Post Evacuate Collection Set: 3.7ms
[2023-06-20T03:11:43.015-0400][27774079ms] GC(227)   Other: 0.3ms
[2023-06-20T03:11:43.015-0400][27774079ms] GC(227) Eden regions: 59->0(59)
[2023-06-20T03:11:43.015-0400][27774079ms] GC(227) Survivor regions: 1->1(8)
[2023-06-20T03:11:43.015-0400][27774079ms] GC(227) Old regions: 1028->1028
[2023-06-20T03:11:43.015-0400][27774079ms] GC(227) Humongous regions: 4->4
[2023-06-20T03:11:43.015-0400][27774079ms] GC(227) Metaspace: 197579K->197579K(1232896K)
[2023-06-20T03:11:43.015-0400][27774079ms] GC(227) Pause Young (Normal) (G1 Evacuation Pause) 1090M->1031M(1215M) 5.052ms
[2023-06-20T03:11:43.015-0400][27774079ms] GC(227) User=0.02s Sys=0.00s Real=0.01s
[2023-06-20T03:15:53.504-0400][28024568ms] GC(228) Pause Young (Normal) (G1 Evacuation Pause)
[2023-06-20T03:15:53.504-0400][28024568ms] GC(228) Using 8 workers of 8 for evacuation
[2023-06-20T03:15:53.507-0400][28024571ms] GC(228)   Pre Evacuate Collection Set: 0.1ms
[2023-06-20T03:15:53.507-0400][28024571ms] GC(228)   Evacuate Collection Set: 0.4ms
[2023-06-20T03:15:53.507-0400][28024571ms] GC(228)   Post Evacuate Collection Set: 2.9ms
[2023-06-20T03:15:53.507-0400][28024571ms] GC(228)   Other: 0.2ms
[2023-06-20T03:15:53.508-0400][28024572ms] GC(228) Eden regions: 59->0(59)
[2023-06-20T03:15:53.508-0400][28024572ms] GC(228) Survivor regions: 1->1(8)
[2023-06-20T03:15:53.508-0400][28024572ms] GC(228) Old regions: 1028->1028
[2023-06-20T03:15:53.508-0400][28024572ms] GC(228) Humongous regions: 4->4
[2023-06-20T03:15:53.508-0400][28024572ms] GC(228) Metaspace: 197579K->197579K(1232896K)
[2023-06-20T03:15:53.508-0400][28024572ms] GC(228) Pause Young (Normal) (G1 Evacuation Pause) 1090M->1031M(1215M) 3.990ms
[2023-06-20T03:15:53.508-0400][28024572ms] GC(228) User=0.00s Sys=0.00s Real=0.00s
[2023-06-20T03:20:04.050-0400][28275114ms] GC(229) Pause Young (Normal) (G1 Evacuation Pause)
[2023-06-20T03:20:04.050-0400][28275114ms] GC(229) Using 8 workers of 8 for evacuation
[2023-06-20T03:20:04.062-0400][28275126ms] GC(229)   Pre Evacuate Collection Set: 0.1ms
[2023-06-20T03:20:04.062-0400][28275126ms] GC(229)   Evacuate Collection Set: 1.6ms
[2023-06-20T03:20:04.062-0400][28275126ms] GC(229)   Post Evacuate Collection Set: 9.7ms
[2023-06-20T03:20:04.063-0400][28275127ms] GC(229)   Other: 0.9ms
[2023-06-20T03:20:04.063-0400][28275127ms] GC(229) Eden regions: 59->0(59)
[2023-06-20T03:20:04.063-0400][28275127ms] GC(229) Survivor regions: 1->1(8)
[2023-06-20T03:20:04.063-0400][28275127ms] GC(229) Old regions: 1028->1028
[2023-06-20T03:20:04.063-0400][28275127ms] GC(229) Humongous regions: 4->4
[2023-06-20T03:20:04.063-0400][28275127ms] GC(229) Metaspace: 197579K->197579K(1232896K)
[2023-06-20T03:20:04.063-0400][28275127ms] GC(229) Pause Young (Normal) (G1 Evacuation Pause) 1090M->1031M(1215M) 13.430ms
[2023-06-20T03:20:04.063-0400][28275127ms] GC(229) User=0.02s Sys=0.00s Real=0.01s
[2023-06-20T03:24:14.643-0400][28525707ms] GC(230) Pause Young (Normal) (G1 Evacuation Pause)
[2023-06-20T03:24:14.643-0400][28525707ms] GC(230) Using 8 workers of 8 for evacuation
[2023-06-20T03:24:14.653-0400][28525717ms] GC(230)   Pre Evacuate Collection Set: 0.2ms
[2023-06-20T03:24:14.653-0400][28525717ms] GC(230)   Evacuate Collection Set: 1.7ms
[2023-06-20T03:24:14.653-0400][28525717ms] GC(230)   Post Evacuate Collection Set: 7.3ms
[2023-06-20T03:24:14.653-0400][28525717ms] GC(230)   Other: 1.2ms
[2023-06-20T03:24:14.653-0400][28525717ms] GC(230) Eden regions: 59->0(59)
[2023-06-20T03:24:14.653-0400][28525717ms] GC(230) Survivor regions: 1->1(8)
[2023-06-20T03:24:14.653-0400][28525717ms] GC(230) Old regions: 1028->1028
[2023-06-20T03:24:14.653-0400][28525717ms] GC(230) Humongous regions: 4->4
[2023-06-20T03:24:14.653-0400][28525717ms] GC(230) Metaspace: 197579K->197579K(1232896K)
[2023-06-20T03:24:14.653-0400][28525717ms] GC(230) Pause Young (Normal) (G1 Evacuation Pause) 1090M->1031M(1215M) 10.836ms
[2023-06-20T03:24:14.654-0400][28525718ms] GC(230) User=0.00s Sys=0.00s Real=0.01s
[2023-06-20T03:28:25.207-0400][28776271ms] GC(231) Pause Young (Normal) (G1 Evacuation Pause)
[2023-06-20T03:28:25.207-0400][28776271ms] GC(231) Using 8 workers of 8 for evacuation
[2023-06-20T03:28:25.210-0400][28776274ms] GC(231)   Pre Evacuate Collection Set: 0.0ms
[2023-06-20T03:28:25.210-0400][28776274ms] GC(231)   Evacuate Collection Set: 0.4ms
[2023-06-20T03:28:25.211-0400][28776275ms] GC(231)   Post Evacuate Collection Set: 2.7ms
[2023-06-20T03:28:25.211-0400][28776275ms] GC(231)   Other: 0.2ms
[2023-06-20T03:28:25.211-0400][28776275ms] GC(231) Eden regions: 59->0(59)
[2023-06-20T03:28:25.211-0400][28776275ms] GC(231) Survivor regions: 1->1(8)
[2023-06-20T03:28:25.211-0400][28776275ms] GC(231) Old regions: 1028->1028
[2023-06-20T03:28:25.211-0400][28776275ms] GC(231) Humongous regions: 4->4
[2023-06-20T03:28:25.211-0400][28776275ms] GC(231) Metaspace: 197579K->197579K(1232896K)
[2023-06-20T03:28:25.211-0400][28776275ms] GC(231) Pause Young (Normal) (G1 Evacuation Pause) 1090M->1031M(1215M) 3.661ms
[2023-06-20T03:28:25.211-0400][28776275ms] GC(231) User=0.00s Sys=0.00s Real=0.00s
[2023-06-20T03:32:36.149-0400][29027213ms] GC(232) Pause Young (Normal) (G1 Evacuation Pause)
[2023-06-20T03:32:36.149-0400][29027213ms] GC(232) Using 8 workers of 8 for evacuation
[2023-06-20T03:32:36.159-0400][29027223ms] GC(232)   Pre Evacuate Collection Set: 0.1ms
[2023-06-20T03:32:36.160-0400][29027224ms] GC(232)   Evacuate Collection Set: 1.7ms
[2023-06-20T03:32:36.160-0400][29027224ms] GC(232)   Post Evacuate Collection Set: 8.2ms
[2023-06-20T03:32:36.160-0400][29027224ms] GC(232)   Other: 0.9ms
[2023-06-20T03:32:36.160-0400][29027224ms] GC(232) Eden regions: 59->0(59)
[2023-06-20T03:32:36.160-0400][29027224ms] GC(232) Survivor regions: 1->1(8)
[2023-06-20T03:32:36.160-0400][29027224ms] GC(232) Old regions: 1028->1028
[2023-06-20T03:32:36.160-0400][29027224ms] GC(232) Humongous regions: 4->4
[2023-06-20T03:32:36.160-0400][29027225ms] GC(232) Metaspace: 197579K->197579K(1232896K)
[2023-06-20T03:32:36.161-0400][29027225ms] GC(232) Pause Young (Normal) (G1 Evacuation Pause) 1090M->1031M(1215M) 12.130ms
[2023-06-20T03:32:36.161-0400][29027225ms] GC(232) User=0.02s Sys=0.00s Real=0.01s
[2023-06-20T03:36:46.325-0400][29277389ms] GC(233) Pause Young (Normal) (G1 Evacuation Pause)
[2023-06-20T03:36:46.325-0400][29277389ms] GC(233) Using 8 workers of 8 for evacuation
[2023-06-20T03:36:46.328-0400][29277392ms] GC(233)   Pre Evacuate Collection Set: 0.0ms
[2023-06-20T03:36:46.328-0400][29277392ms] GC(233)   Evacuate Collection Set: 0.4ms
[2023-06-20T03:36:46.328-0400][29277392ms] GC(233)   Post Evacuate Collection Set: 2.4ms
[2023-06-20T03:36:46.328-0400][29277392ms] GC(233)   Other: 0.2ms
[2023-06-20T03:36:46.328-0400][29277392ms] GC(233) Eden regions: 59->0(59)
[2023-06-20T03:36:46.328-0400][29277392ms] GC(233) Survivor regions: 1->1(8)
[2023-06-20T03:36:46.328-0400][29277392ms] GC(233) Old regions: 1028->1028
[2023-06-20T03:36:46.328-0400][29277392ms] GC(233) Humongous regions: 4->4
[2023-06-20T03:36:46.328-0400][29277392ms] GC(233) Metaspace: 197579K->197579K(1232896K)
[2023-06-20T03:36:46.328-0400][29277392ms] GC(233) Pause Young (Normal) (G1 Evacuation Pause) 1090M->1031M(1215M) 3.277ms
[2023-06-20T03:36:46.328-0400][29277392ms] GC(233) User=0.02s Sys=0.00s Real=0.00s
[2023-06-20T03:40:56.838-0400][29527902ms] GC(234) Pause Young (Normal) (G1 Evacuation Pause)
[2023-06-20T03:40:56.838-0400][29527902ms] GC(234) Using 8 workers of 8 for evacuation
[2023-06-20T03:40:56.841-0400][29527905ms] GC(234)   Pre Evacuate Collection Set: 0.0ms
[2023-06-20T03:40:56.841-0400][29527905ms] GC(234)   Evacuate Collection Set: 0.4ms
[2023-06-20T03:40:56.841-0400][29527905ms] GC(234)   Post Evacuate Collection Set: 2.4ms
[2023-06-20T03:40:56.841-0400][29527905ms] GC(234)   Other: 0.2ms
[2023-06-20T03:40:56.841-0400][29527905ms] GC(234) Eden regions: 59->0(59)
[2023-06-20T03:40:56.841-0400][29527905ms] GC(234) Survivor regions: 1->1(8)
[2023-06-20T03:40:56.841-0400][29527905ms] GC(234) Old regions: 1028->1028
[2023-06-20T03:40:56.841-0400][29527905ms] GC(234) Humongous regions: 4->4
[2023-06-20T03:40:56.841-0400][29527905ms] GC(234) Metaspace: 197579K->197579K(1232896K)
[2023-06-20T03:40:56.841-0400][29527905ms] GC(234) Pause Young (Normal) (G1 Evacuation Pause) 1090M->1031M(1215M) 3.268ms
[2023-06-20T03:40:56.841-0400][29527905ms] GC(234) User=0.00s Sys=0.00s Real=0.00s
[2023-06-20T03:45:07.346-0400][29778410ms] GC(235) Pause Young (Normal) (G1 Evacuation Pause)
[2023-06-20T03:45:07.346-0400][29778410ms] GC(235) Using 8 workers of 8 for evacuation
[2023-06-20T03:45:07.346-0400][29778410ms] GC(235)   Pre Evacuate Collection Set: 0.1ms
[2023-06-20T03:45:07.346-0400][29778410ms] GC(235)   Evacuate Collection Set: 0.5ms
[2023-06-20T03:45:07.346-0400][29778410ms] GC(235)   Post Evacuate Collection Set: 4.2ms
[2023-06-20T03:45:07.346-0400][29778410ms] GC(235)   Other: 0.4ms
[2023-06-20T03:45:07.346-0400][29778410ms] GC(235) Eden regions: 59->0(59)
[2023-06-20T03:45:07.346-0400][29778410ms] GC(235) Survivor regions: 1->1(8)
[2023-06-20T03:45:07.346-0400][29778410ms] GC(235) Old regions: 1028->1028
[2023-06-20T03:45:07.346-0400][29778410ms] GC(235) Humongous regions: 4->4
[2023-06-20T03:45:07.346-0400][29778410ms] GC(235) Metaspace: 197579K->197579K(1232896K)
[2023-06-20T03:45:07.346-0400][29778410ms] GC(235) Pause Young (Normal) (G1 Evacuation Pause) 1090M->1031M(1215M) 5.670ms
[2023-06-20T03:45:07.346-0400][29778410ms] GC(235) User=0.00s Sys=0.00s Real=0.00s
[2023-06-20T03:49:17.900-0400][30028964ms] GC(236) Pause Young (Normal) (G1 Evacuation Pause)
[2023-06-20T03:49:17.900-0400][30028964ms] GC(236) Using 8 workers of 8 for evacuation
[2023-06-20T03:49:17.907-0400][30028971ms] GC(236)   Pre Evacuate Collection Set: 0.1ms
[2023-06-20T03:49:17.907-0400][30028971ms] GC(236)   Evacuate Collection Set: 1.4ms
[2023-06-20T03:49:17.907-0400][30028971ms] GC(236)   Post Evacuate Collection Set: 5.0ms
[2023-06-20T03:49:17.907-0400][30028971ms] GC(236)   Other: 0.8ms
[2023-06-20T03:49:17.907-0400][30028971ms] GC(236) Eden regions: 59->0(59)
[2023-06-20T03:49:17.907-0400][30028971ms] GC(236) Survivor regions: 1->1(8)
[2023-06-20T03:49:17.907-0400][30028971ms] GC(236) Old regions: 1028->1028
[2023-06-20T03:49:17.907-0400][30028971ms] GC(236) Humongous regions: 4->4
[2023-06-20T03:49:17.907-0400][30028971ms] GC(236) Metaspace: 197579K->197579K(1232896K)
[2023-06-20T03:49:17.907-0400][30028971ms] GC(236) Pause Young (Normal) (G1 Evacuation Pause) 1090M->1031M(1215M) 7.880ms
[2023-06-20T03:49:17.908-0400][30028972ms] GC(236) User=0.02s Sys=0.00s Real=0.01s
[2023-06-20T03:53:28.457-0400][30279521ms] GC(237) Pause Young (Normal) (G1 Evacuation Pause)
[2023-06-20T03:53:28.457-0400][30279521ms] GC(237) Using 8 workers of 8 for evacuation
[2023-06-20T03:53:28.460-0400][30279524ms] GC(237)   Pre Evacuate Collection Set: 0.0ms
[2023-06-20T03:53:28.460-0400][30279524ms] GC(237)   Evacuate Collection Set: 0.4ms
[2023-06-20T03:53:28.460-0400][30279524ms] GC(237)   Post Evacuate Collection Set: 2.6ms
[2023-06-20T03:53:28.460-0400][30279524ms] GC(237)   Other: 0.3ms
[2023-06-20T03:53:28.460-0400][30279524ms] GC(237) Eden regions: 59->0(59)
[2023-06-20T03:53:28.460-0400][30279524ms] GC(237) Survivor regions: 1->1(8)
[2023-06-20T03:53:28.460-0400][30279524ms] GC(237) Old regions: 1028->1028
[2023-06-20T03:53:28.460-0400][30279524ms] GC(237) Humongous regions: 4->4
[2023-06-20T03:53:28.460-0400][30279524ms] GC(237) Metaspace: 197581K->197581K(1232896K)
[2023-06-20T03:53:28.460-0400][30279524ms] GC(237) Pause Young (Normal) (G1 Evacuation Pause) 1090M->1031M(1215M) 3.544ms
[2023-06-20T03:53:28.460-0400][30279524ms] GC(237) User=0.00s Sys=0.00s Real=0.00s
[2023-06-20T03:57:39.034-0400][30530098ms] GC(238) Pause Young (Normal) (G1 Evacuation Pause)
[2023-06-20T03:57:39.034-0400][30530098ms] GC(238) Using 8 workers of 8 for evacuation
[2023-06-20T03:57:39.037-0400][30530101ms] GC(238)   Pre Evacuate Collection Set: 0.1ms
[2023-06-20T03:57:39.038-0400][30530102ms] GC(238)   Evacuate Collection Set: 0.5ms
[2023-06-20T03:57:39.038-0400][30530102ms] GC(238)   Post Evacuate Collection Set: 3.0ms
[2023-06-20T03:57:39.038-0400][30530102ms] GC(238)   Other: 0.3ms
[2023-06-20T03:57:39.038-0400][30530102ms] GC(238) Eden regions: 59->0(59)
[2023-06-20T03:57:39.038-0400][30530102ms] GC(238) Survivor regions: 1->1(8)
[2023-06-20T03:57:39.038-0400][30530102ms] GC(238) Old regions: 1028->1028
[2023-06-20T03:57:39.038-0400][30530102ms] GC(238) Humongous regions: 4->4
[2023-06-20T03:57:39.038-0400][30530102ms] GC(238) Metaspace: 197581K->197581K(1232896K)
[2023-06-20T03:57:39.038-0400][30530102ms] GC(238) Pause Young (Normal) (G1 Evacuation Pause) 1090M->1031M(1215M) 4.349ms
[2023-06-20T03:57:39.038-0400][30530102ms] GC(238) User=0.00s Sys=0.00s Real=0.00s
[2023-06-20T04:01:49.585-0400][30780649ms] GC(239) Pause Young (Normal) (G1 Evacuation Pause)
[2023-06-20T04:01:49.585-0400][30780649ms] GC(239) Using 8 workers of 8 for evacuation
[2023-06-20T04:01:49.585-0400][30780649ms] GC(239)   Pre Evacuate Collection Set: 0.1ms
[2023-06-20T04:01:49.585-0400][30780649ms] GC(239)   Evacuate Collection Set: 0.6ms
[2023-06-20T04:01:49.585-0400][30780649ms] GC(239)   Post Evacuate Collection Set: 4.1ms
[2023-06-20T04:01:49.585-0400][30780649ms] GC(239)   Other: 0.4ms
[2023-06-20T04:01:49.585-0400][30780649ms] GC(239) Eden regions: 59->0(59)
[2023-06-20T04:01:49.585-0400][30780649ms] GC(239) Survivor regions: 1->1(8)
[2023-06-20T04:01:49.585-0400][30780649ms] GC(239) Old regions: 1028->1028
[2023-06-20T04:01:49.585-0400][30780649ms] GC(239) Humongous regions: 4->4
[2023-06-20T04:01:49.585-0400][30780649ms] GC(239) Metaspace: 197594K->197594K(1232896K)
[2023-06-20T04:01:49.585-0400][30780649ms] GC(239) Pause Young (Normal) (G1 Evacuation Pause) 1090M->1031M(1215M) 5.654ms
[2023-06-20T04:01:49.585-0400][30780649ms] GC(239) User=0.00s Sys=0.00s Real=0.00s
[2023-06-20T04:06:00.121-0400][31031185ms] GC(240) Pause Young (Normal) (G1 Evacuation Pause)
[2023-06-20T04:06:00.121-0400][31031185ms] GC(240) Using 8 workers of 8 for evacuation
[2023-06-20T04:06:00.128-0400][31031192ms] GC(240)   Pre Evacuate Collection Set: 0.1ms
[2023-06-20T04:06:00.128-0400][31031192ms] GC(240)   Evacuate Collection Set: 1.5ms
[2023-06-20T04:06:00.128-0400][31031192ms] GC(240)   Post Evacuate Collection Set: 5.3ms
[2023-06-20T04:06:00.129-0400][31031193ms] GC(240)   Other: 0.7ms
[2023-06-20T04:06:00.129-0400][31031193ms] GC(240) Eden regions: 59->0(59)
[2023-06-20T04:06:00.129-0400][31031193ms] GC(240) Survivor regions: 1->1(8)
[2023-06-20T04:06:00.129-0400][31031193ms] GC(240) Old regions: 1028->1028
[2023-06-20T04:06:00.129-0400][31031193ms] GC(240) Humongous regions: 4->4
[2023-06-20T04:06:00.129-0400][31031193ms] GC(240) Metaspace: 197594K->197594K(1232896K)
[2023-06-20T04:06:00.129-0400][31031193ms] GC(240) Pause Young (Normal) (G1 Evacuation Pause) 1090M->1031M(1215M) 8.331ms
[2023-06-20T04:06:00.129-0400][31031193ms] GC(240) User=0.02s Sys=0.00s Real=0.01s
[2023-06-20T04:10:10.772-0400][31281836ms] GC(241) Pause Young (Normal) (G1 Evacuation Pause)
[2023-06-20T04:10:10.772-0400][31281836ms] GC(241) Using 8 workers of 8 for evacuation
[2023-06-20T04:10:10.777-0400][31281841ms] GC(241)   Pre Evacuate Collection Set: 0.0ms
[2023-06-20T04:10:10.778-0400][31281842ms] GC(241)   Evacuate Collection Set: 0.9ms
[2023-06-20T04:10:10.778-0400][31281842ms] GC(241)   Post Evacuate Collection Set: 4.1ms
[2023-06-20T04:10:10.778-0400][31281842ms] GC(241)   Other: 0.4ms
[2023-06-20T04:10:10.778-0400][31281842ms] GC(241) Eden regions: 59->0(59)
[2023-06-20T04:10:10.778-0400][31281842ms] GC(241) Survivor regions: 1->1(8)
[2023-06-20T04:10:10.778-0400][31281842ms] GC(241) Old regions: 1028->1028
[2023-06-20T04:10:10.778-0400][31281842ms] GC(241) Humongous regions: 4->4
[2023-06-20T04:10:10.778-0400][31281842ms] GC(241) Metaspace: 197594K->197594K(1232896K)
[2023-06-20T04:10:10.778-0400][31281842ms] GC(241) Pause Young (Normal) (G1 Evacuation Pause) 1090M->1031M(1215M) 5.619ms
[2023-06-20T04:10:10.778-0400][31281842ms] GC(241) User=0.00s Sys=0.00s Real=0.01s
[2023-06-20T04:14:21.343-0400][31532407ms] GC(242) Pause Young (Normal) (G1 Evacuation Pause)
[2023-06-20T04:14:21.343-0400][31532407ms] GC(242) Using 8 workers of 8 for evacuation
[2023-06-20T04:14:21.346-0400][31532410ms] GC(242)   Pre Evacuate Collection Set: 0.1ms
[2023-06-20T04:14:21.347-0400][31532411ms] GC(242)   Evacuate Collection Set: 0.5ms
[2023-06-20T04:14:21.347-0400][31532411ms] GC(242)   Post Evacuate Collection Set: 2.8ms
[2023-06-20T04:14:21.347-0400][31532411ms] GC(242)   Other: 0.3ms
[2023-06-20T04:14:21.347-0400][31532411ms] GC(242) Eden regions: 59->0(59)
[2023-06-20T04:14:21.347-0400][31532411ms] GC(242) Survivor regions: 1->1(8)
[2023-06-20T04:14:21.347-0400][31532411ms] GC(242) Old regions: 1028->1028
[2023-06-20T04:14:21.347-0400][31532411ms] GC(242) Humongous regions: 4->4
[2023-06-20T04:14:21.347-0400][31532411ms] GC(242) Metaspace: 197594K->197594K(1232896K)
[2023-06-20T04:14:21.347-0400][31532411ms] GC(242) Pause Young (Normal) (G1 Evacuation Pause) 1090M->1031M(1215M) 3.890ms
[2023-06-20T04:14:21.347-0400][31532411ms] GC(242) User=0.06s Sys=0.03s Real=0.00s
[2023-06-20T04:18:31.915-0400][31782979ms] GC(243) Pause Young (Normal) (G1 Evacuation Pause)
[2023-06-20T04:18:31.915-0400][31782979ms] GC(243) Using 8 workers of 8 for evacuation
[2023-06-20T04:18:31.918-0400][31782982ms] GC(243)   Pre Evacuate Collection Set: 0.0ms
[2023-06-20T04:18:31.918-0400][31782982ms] GC(243)   Evacuate Collection Set: 0.4ms
[2023-06-20T04:18:31.918-0400][31782982ms] GC(243)   Post Evacuate Collection Set: 2.5ms
[2023-06-20T04:18:31.918-0400][31782982ms] GC(243)   Other: 0.2ms
[2023-06-20T04:18:31.918-0400][31782982ms] GC(243) Eden regions: 59->0(59)
[2023-06-20T04:18:31.918-0400][31782982ms] GC(243) Survivor regions: 1->1(8)
[2023-06-20T04:18:31.918-0400][31782982ms] GC(243) Old regions: 1028->1028
[2023-06-20T04:18:31.918-0400][31782982ms] GC(243) Humongous regions: 4->4
[2023-06-20T04:18:31.918-0400][31782982ms] GC(243) Metaspace: 197594K->197594K(1232896K)
[2023-06-20T04:18:31.918-0400][31782982ms] GC(243) Pause Young (Normal) (G1 Evacuation Pause) 1090M->1031M(1215M) 3.394ms
[2023-06-20T04:18:31.918-0400][31782982ms] GC(243) User=0.00s Sys=0.00s Real=0.00s
[2023-06-20T04:22:47.149-0400][32038213ms] GC(244) Pause Young (Normal) (G1 Evacuation Pause)
[2023-06-20T04:22:47.149-0400][32038213ms] GC(244) Using 8 workers of 8 for evacuation
[2023-06-20T04:22:47.160-0400][32038224ms] GC(244)   Pre Evacuate Collection Set: 0.1ms
[2023-06-20T04:22:47.160-0400][32038224ms] GC(244)   Evacuate Collection Set: 1.5ms
[2023-06-20T04:22:47.160-0400][32038224ms] GC(244)   Post Evacuate Collection Set: 8.4ms
[2023-06-20T04:22:47.160-0400][32038224ms] GC(244)   Other: 1.1ms
[2023-06-20T04:22:47.160-0400][32038224ms] GC(244) Eden regions: 59->0(59)
[2023-06-20T04:22:47.161-0400][32038225ms] GC(244) Survivor regions: 1->1(8)
[2023-06-20T04:22:47.161-0400][32038225ms] GC(244) Old regions: 1028->1028
[2023-06-20T04:22:47.161-0400][32038225ms] GC(244) Humongous regions: 4->4
[2023-06-20T04:22:47.161-0400][32038225ms] GC(244) Metaspace: 197594K->197594K(1232896K)
[2023-06-20T04:22:47.161-0400][32038225ms] GC(244) Pause Young (Normal) (G1 Evacuation Pause) 1090M->1031M(1215M) 12.294ms
[2023-06-20T04:22:47.161-0400][32038225ms] GC(244) User=0.02s Sys=0.00s Real=0.01s
[2023-06-20T04:26:56.155-0400][32287219ms] GC(245) Pause Young (Normal) (G1 Evacuation Pause)
[2023-06-20T04:26:56.155-0400][32287219ms] GC(245) Using 8 workers of 8 for evacuation
[2023-06-20T04:26:56.168-0400][32287232ms] GC(245)   Pre Evacuate Collection Set: 0.1ms
[2023-06-20T04:26:56.168-0400][32287232ms] GC(245)   Evacuate Collection Set: 2.0ms
[2023-06-20T04:26:56.168-0400][32287232ms] GC(245)   Post Evacuate Collection Set: 9.7ms
[2023-06-20T04:26:56.169-0400][32287233ms] GC(245)   Other: 1.0ms
[2023-06-20T04:26:56.169-0400][32287233ms] GC(245) Eden regions: 59->0(59)
[2023-06-20T04:26:56.169-0400][32287233ms] GC(245) Survivor regions: 1->1(8)
[2023-06-20T04:26:56.169-0400][32287233ms] GC(245) Old regions: 1028->1028
[2023-06-20T04:26:56.169-0400][32287233ms] GC(245) Humongous regions: 4->4
[2023-06-20T04:26:56.169-0400][32287233ms] GC(245) Metaspace: 197594K->197594K(1232896K)
[2023-06-20T04:26:56.169-0400][32287233ms] GC(245) Pause Young (Normal) (G1 Evacuation Pause) 1090M->1031M(1215M) 14.227ms
[2023-06-20T04:26:56.170-0400][32287234ms] GC(245) User=0.02s Sys=0.00s Real=0.02s
[2023-06-20T04:31:07.144-0400][32538208ms] GC(246) Pause Young (Normal) (G1 Evacuation Pause)
[2023-06-20T04:31:07.144-0400][32538208ms] GC(246) Using 8 workers of 8 for evacuation
[2023-06-20T04:31:07.150-0400][32538214ms] GC(246)   Pre Evacuate Collection Set: 0.1ms
[2023-06-20T04:31:07.150-0400][32538214ms] GC(246)   Evacuate Collection Set: 0.7ms
[2023-06-20T04:31:07.150-0400][32538214ms] GC(246)   Post Evacuate Collection Set: 4.1ms
[2023-06-20T04:31:07.150-0400][32538214ms] GC(246)   Other: 0.4ms
[2023-06-20T04:31:07.150-0400][32538214ms] GC(246) Eden regions: 59->0(59)
[2023-06-20T04:31:07.150-0400][32538214ms] GC(246) Survivor regions: 1->1(8)
[2023-06-20T04:31:07.150-0400][32538214ms] GC(246) Old regions: 1028->1028
[2023-06-20T04:31:07.150-0400][32538214ms] GC(246) Humongous regions: 4->4
[2023-06-20T04:31:07.150-0400][32538214ms] GC(246) Metaspace: 197596K->197596K(1232896K)
[2023-06-20T04:31:07.150-0400][32538214ms] GC(246) Pause Young (Normal) (G1 Evacuation Pause) 1090M->1031M(1215M) 5.905ms
[2023-06-20T04:31:07.150-0400][32538214ms] GC(246) User=0.00s Sys=0.00s Real=0.01s
[2023-06-20T04:35:16.155-0400][32787219ms] GC(247) Pause Young (Normal) (G1 Evacuation Pause)
[2023-06-20T04:35:16.156-0400][32787220ms] GC(247) Using 8 workers of 8 for evacuation
[2023-06-20T04:35:16.166-0400][32787230ms] GC(247)   Pre Evacuate Collection Set: 0.2ms
[2023-06-20T04:35:16.167-0400][32787231ms] GC(247)   Evacuate Collection Set: 1.8ms
[2023-06-20T04:35:16.167-0400][32787231ms] GC(247)   Post Evacuate Collection Set: 8.2ms
[2023-06-20T04:35:16.167-0400][32787231ms] GC(247)   Other: 1.1ms
[2023-06-20T04:35:16.167-0400][32787231ms] GC(247) Eden regions: 59->0(59)
[2023-06-20T04:35:16.167-0400][32787231ms] GC(247) Survivor regions: 1->1(8)
[2023-06-20T04:35:16.167-0400][32787231ms] GC(247) Old regions: 1028->1028
[2023-06-20T04:35:16.167-0400][32787232ms] GC(247) Humongous regions: 4->4
[2023-06-20T04:35:16.168-0400][32787232ms] GC(247) Metaspace: 197596K->197596K(1232896K)
[2023-06-20T04:35:16.168-0400][32787232ms] GC(247) Pause Young (Normal) (G1 Evacuation Pause) 1090M->1031M(1215M) 12.468ms
[2023-06-20T04:35:16.168-0400][32787232ms] GC(247) User=0.00s Sys=0.02s Real=0.01s
[2023-06-20T04:39:26.154-0400][33037218ms] GC(248) Pause Young (Normal) (G1 Evacuation Pause)
[2023-06-20T04:39:26.154-0400][33037218ms] GC(248) Using 8 workers of 8 for evacuation
[2023-06-20T04:39:26.166-0400][33037230ms] GC(248)   Pre Evacuate Collection Set: 0.1ms
[2023-06-20T04:39:26.166-0400][33037230ms] GC(248)   Evacuate Collection Set: 1.9ms
[2023-06-20T04:39:26.166-0400][33037230ms] GC(248)   Post Evacuate Collection Set: 9.4ms
[2023-06-20T04:39:26.167-0400][33037231ms] GC(248)   Other: 1.0ms
[2023-06-20T04:39:26.167-0400][33037231ms] GC(248) Eden regions: 59->0(59)
[2023-06-20T04:39:26.167-0400][33037231ms] GC(248) Survivor regions: 1->1(8)
[2023-06-20T04:39:26.167-0400][33037231ms] GC(248) Old regions: 1028->1028
[2023-06-20T04:39:26.167-0400][33037231ms] GC(248) Humongous regions: 4->4
[2023-06-20T04:39:26.167-0400][33037231ms] GC(248) Metaspace: 197597K->197597K(1232896K)
[2023-06-20T04:39:26.167-0400][33037231ms] GC(248) Pause Young (Normal) (G1 Evacuation Pause) 1090M->1031M(1215M) 13.704ms
[2023-06-20T04:39:26.168-0400][33037232ms] GC(248) User=0.13s Sys=0.00s Real=0.01s
[2023-06-20T04:43:38.157-0400][33289221ms] GC(249) Pause Young (Normal) (G1 Evacuation Pause)
[2023-06-20T04:43:38.157-0400][33289221ms] GC(249) Using 8 workers of 8 for evacuation
[2023-06-20T04:43:38.168-0400][33289232ms] GC(249)   Pre Evacuate Collection Set: 0.1ms
[2023-06-20T04:43:38.168-0400][33289232ms] GC(249)   Evacuate Collection Set: 1.5ms
[2023-06-20T04:43:38.168-0400][33289232ms] GC(249)   Post Evacuate Collection Set: 8.8ms
[2023-06-20T04:43:38.168-0400][33289232ms] GC(249)   Other: 0.8ms
[2023-06-20T04:43:38.168-0400][33289232ms] GC(249) Eden regions: 59->0(59)
[2023-06-20T04:43:38.169-0400][33289233ms] GC(249) Survivor regions: 1->1(8)
[2023-06-20T04:43:38.169-0400][33289233ms] GC(249) Old regions: 1028->1028
[2023-06-20T04:43:38.169-0400][33289233ms] GC(249) Humongous regions: 4->4
[2023-06-20T04:43:38.169-0400][33289233ms] GC(249) Metaspace: 197629K->197629K(1232896K)
[2023-06-20T04:43:38.169-0400][33289233ms] GC(249) Pause Young (Normal) (G1 Evacuation Pause) 1090M->1031M(1215M) 12.597ms
[2023-06-20T04:43:38.169-0400][33289233ms] GC(249) User=0.00s Sys=0.00s Real=0.01s
[2023-06-20T04:47:46.145-0400][33537209ms] GC(250) Pause Young (Normal) (G1 Evacuation Pause)
[2023-06-20T04:47:46.145-0400][33537209ms] GC(250) Using 8 workers of 8 for evacuation
[2023-06-20T04:47:46.150-0400][33537214ms] GC(250)   Pre Evacuate Collection Set: 0.0ms
[2023-06-20T04:47:46.150-0400][33537214ms] GC(250)   Evacuate Collection Set: 0.7ms
[2023-06-20T04:47:46.150-0400][33537214ms] GC(250)   Post Evacuate Collection Set: 4.2ms
[2023-06-20T04:47:46.150-0400][33537214ms] GC(250)   Other: 0.4ms
[2023-06-20T04:47:46.150-0400][33537214ms] GC(250) Eden regions: 59->0(59)
[2023-06-20T04:47:46.150-0400][33537214ms] GC(250) Survivor regions: 1->1(8)
[2023-06-20T04:47:46.150-0400][33537214ms] GC(250) Old regions: 1028->1028
[2023-06-20T04:47:46.150-0400][33537214ms] GC(250) Humongous regions: 4->4
[2023-06-20T04:47:46.150-0400][33537214ms] GC(250) Metaspace: 197632K->197632K(1232896K)
[2023-06-20T04:47:46.150-0400][33537214ms] GC(250) Pause Young (Normal) (G1 Evacuation Pause) 1090M->1031M(1215M) 5.873ms
[2023-06-20T04:47:46.150-0400][33537214ms] GC(250) User=0.00s Sys=0.00s Real=0.01s
[2023-06-20T04:51:57.155-0400][33788219ms] GC(251) Pause Young (Normal) (G1 Evacuation Pause)
[2023-06-20T04:51:57.156-0400][33788220ms] GC(251) Using 8 workers of 8 for evacuation
[2023-06-20T04:51:57.164-0400][33788228ms] GC(251)   Pre Evacuate Collection Set: 0.1ms
[2023-06-20T04:51:57.164-0400][33788228ms] GC(251)   Evacuate Collection Set: 1.3ms
[2023-06-20T04:51:57.164-0400][33788228ms] GC(251)   Post Evacuate Collection Set: 6.6ms
[2023-06-20T04:51:57.164-0400][33788228ms] GC(251)   Other: 0.8ms
[2023-06-20T04:51:57.164-0400][33788228ms] GC(251) Eden regions: 59->0(59)
[2023-06-20T04:51:57.165-0400][33788229ms] GC(251) Survivor regions: 1->1(8)
[2023-06-20T04:51:57.165-0400][33788229ms] GC(251) Old regions: 1028->1028
[2023-06-20T04:51:57.165-0400][33788229ms] GC(251) Humongous regions: 4->4
[2023-06-20T04:51:57.165-0400][33788229ms] GC(251) Metaspace: 197632K->197632K(1232896K)
[2023-06-20T04:51:57.165-0400][33788229ms] GC(251) Pause Young (Normal) (G1 Evacuation Pause) 1090M->1031M(1215M) 9.614ms
[2023-06-20T04:51:57.165-0400][33788229ms] GC(251) User=0.00s Sys=0.00s Real=0.01s
[2023-06-20T04:56:10.144-0400][34041208ms] GC(252) Pause Young (Normal) (G1 Evacuation Pause)
[2023-06-20T04:56:10.145-0400][34041209ms] GC(252) Using 8 workers of 8 for evacuation
[2023-06-20T04:56:10.153-0400][34041217ms] GC(252)   Pre Evacuate Collection Set: 0.1ms
[2023-06-20T04:56:10.153-0400][34041217ms] GC(252)   Evacuate Collection Set: 1.3ms
[2023-06-20T04:56:10.153-0400][34041217ms] GC(252)   Post Evacuate Collection Set: 6.5ms
[2023-06-20T04:56:10.153-0400][34041217ms] GC(252)   Other: 0.7ms
[2023-06-20T04:56:10.153-0400][34041217ms] GC(252) Eden regions: 59->0(59)
[2023-06-20T04:56:10.153-0400][34041218ms] GC(252) Survivor regions: 1->1(8)
[2023-06-20T04:56:10.154-0400][34041218ms] GC(252) Old regions: 1028->1028
[2023-06-20T04:56:10.154-0400][34041218ms] GC(252) Humongous regions: 4->4
[2023-06-20T04:56:10.154-0400][34041218ms] GC(252) Metaspace: 197632K->197632K(1232896K)
[2023-06-20T04:56:10.154-0400][34041218ms] GC(252) Pause Young (Normal) (G1 Evacuation Pause) 1090M->1031M(1215M) 9.527ms
[2023-06-20T04:56:10.154-0400][34041218ms] GC(252) User=0.00s Sys=0.00s Real=0.01s
[2023-06-20T05:00:21.143-0400][34292207ms] GC(253) Pause Young (Normal) (G1 Evacuation Pause)
[2023-06-20T05:00:21.144-0400][34292208ms] GC(253) Using 8 workers of 8 for evacuation
[2023-06-20T05:00:21.151-0400][34292215ms] GC(253)   Pre Evacuate Collection Set: 0.1ms
[2023-06-20T05:00:21.151-0400][34292215ms] GC(253)   Evacuate Collection Set: 1.0ms
[2023-06-20T05:00:21.151-0400][34292215ms] GC(253)   Post Evacuate Collection Set: 5.4ms
[2023-06-20T05:00:21.151-0400][34292215ms] GC(253)   Other: 0.8ms
[2023-06-20T05:00:21.151-0400][34292215ms] GC(253) Eden regions: 59->0(59)
[2023-06-20T05:00:21.151-0400][34292215ms] GC(253) Survivor regions: 1->1(8)
[2023-06-20T05:00:21.151-0400][34292215ms] GC(253) Old regions: 1028->1028
[2023-06-20T05:00:21.151-0400][34292215ms] GC(253) Humongous regions: 4->4
[2023-06-20T05:00:21.151-0400][34292215ms] GC(253) Metaspace: 197632K->197632K(1232896K)
[2023-06-20T05:00:21.151-0400][34292215ms] GC(253) Pause Young (Normal) (G1 Evacuation Pause) 1090M->1031M(1215M) 7.967ms
[2023-06-20T05:00:21.151-0400][34292215ms] GC(253) User=0.00s Sys=0.00s Real=0.01s
[2023-06-20T05:04:29.157-0400][34540221ms] GC(254) Pause Young (Normal) (G1 Evacuation Pause)
[2023-06-20T05:04:29.157-0400][34540221ms] GC(254) Using 8 workers of 8 for evacuation
[2023-06-20T05:04:29.167-0400][34540231ms] GC(254)   Pre Evacuate Collection Set: 0.1ms
[2023-06-20T05:04:29.167-0400][34540231ms] GC(254)   Evacuate Collection Set: 1.7ms
[2023-06-20T05:04:29.167-0400][34540231ms] GC(254)   Post Evacuate Collection Set: 8.3ms
[2023-06-20T05:04:29.167-0400][34540232ms] GC(254)   Other: 1.0ms
[2023-06-20T05:04:29.168-0400][34540232ms] GC(254) Eden regions: 59->0(59)
[2023-06-20T05:04:29.168-0400][34540232ms] GC(254) Survivor regions: 1->1(8)
[2023-06-20T05:04:29.168-0400][34540232ms] GC(254) Old regions: 1028->1028
[2023-06-20T05:04:29.168-0400][34540232ms] GC(254) Humongous regions: 4->4
[2023-06-20T05:04:29.168-0400][34540232ms] GC(254) Metaspace: 197632K->197632K(1232896K)
[2023-06-20T05:04:29.168-0400][34540232ms] GC(254) Pause Young (Normal) (G1 Evacuation Pause) 1090M->1031M(1215M) 12.452ms
[2023-06-20T05:04:29.169-0400][34540233ms] GC(254) User=0.00s Sys=0.00s Real=0.01s
[2023-06-20T05:08:40.146-0400][34791210ms] GC(255) Pause Young (Normal) (G1 Evacuation Pause)
[2023-06-20T05:08:40.146-0400][34791210ms] GC(255) Using 8 workers of 8 for evacuation
[2023-06-20T05:08:40.159-0400][34791223ms] GC(255)   Pre Evacuate Collection Set: 0.1ms
[2023-06-20T05:08:40.159-0400][34791223ms] GC(255)   Evacuate Collection Set: 2.1ms
[2023-06-20T05:08:40.159-0400][34791223ms] GC(255)   Post Evacuate Collection Set: 9.7ms
[2023-06-20T05:08:40.160-0400][34791224ms] GC(255)   Other: 1.0ms
[2023-06-20T05:08:40.160-0400][34791224ms] GC(255) Eden regions: 59->0(59)
[2023-06-20T05:08:40.160-0400][34791224ms] GC(255) Survivor regions: 1->1(8)
[2023-06-20T05:08:40.160-0400][34791224ms] GC(255) Old regions: 1028->1028
[2023-06-20T05:08:40.160-0400][34791224ms] GC(255) Humongous regions: 4->4
[2023-06-20T05:08:40.160-0400][34791225ms] GC(255) Metaspace: 197632K->197632K(1232896K)
[2023-06-20T05:08:40.161-0400][34791225ms] GC(255) Pause Young (Normal) (G1 Evacuation Pause) 1090M->1031M(1215M) 14.685ms
[2023-06-20T05:08:40.161-0400][34791225ms] GC(255) User=0.02s Sys=0.00s Real=0.02s
[2023-06-20T05:12:52.154-0400][35043218ms] GC(256) Pause Young (Normal) (G1 Evacuation Pause)
[2023-06-20T05:12:52.154-0400][35043218ms] GC(256) Using 8 workers of 8 for evacuation
[2023-06-20T05:12:52.167-0400][35043231ms] GC(256)   Pre Evacuate Collection Set: 0.1ms
[2023-06-20T05:12:52.167-0400][35043231ms] GC(256)   Evacuate Collection Set: 1.8ms
[2023-06-20T05:12:52.167-0400][35043231ms] GC(256)   Post Evacuate Collection Set: 9.8ms
[2023-06-20T05:12:52.167-0400][35043231ms] GC(256)   Other: 0.9ms
[2023-06-20T05:12:52.168-0400][35043232ms] GC(256) Eden regions: 59->0(59)
[2023-06-20T05:12:52.168-0400][35043232ms] GC(256) Survivor regions: 1->1(8)
[2023-06-20T05:12:52.168-0400][35043232ms] GC(256) Old regions: 1028->1028
[2023-06-20T05:12:52.168-0400][35043232ms] GC(256) Humongous regions: 4->4
[2023-06-20T05:12:52.168-0400][35043232ms] GC(256) Metaspace: 197632K->197632K(1232896K)
[2023-06-20T05:12:52.168-0400][35043232ms] GC(256) Pause Young (Normal) (G1 Evacuation Pause) 1090M->1031M(1215M) 14.141ms
[2023-06-20T05:12:52.169-0400][35043233ms] GC(256) User=0.00s Sys=0.02s Real=0.01s
[2023-06-20T05:17:02.144-0400][35293208ms] GC(257) Pause Young (Normal) (G1 Evacuation Pause)
[2023-06-20T05:17:02.145-0400][35293209ms] GC(257) Using 8 workers of 8 for evacuation
[2023-06-20T05:17:02.156-0400][35293220ms] GC(257)   Pre Evacuate Collection Set: 0.1ms
[2023-06-20T05:17:02.157-0400][35293221ms] GC(257)   Evacuate Collection Set: 1.8ms
[2023-06-20T05:17:02.157-0400][35293221ms] GC(257)   Post Evacuate Collection Set: 9.4ms
[2023-06-20T05:17:02.157-0400][35293221ms] GC(257)   Other: 1.1ms
[2023-06-20T05:17:02.157-0400][35293221ms] GC(257) Eden regions: 59->0(59)
[2023-06-20T05:17:02.157-0400][35293221ms] GC(257) Survivor regions: 1->1(8)
[2023-06-20T05:17:02.157-0400][35293221ms] GC(257) Old regions: 1028->1028
[2023-06-20T05:17:02.158-0400][35293222ms] GC(257) Humongous regions: 4->4
[2023-06-20T05:17:02.158-0400][35293222ms] GC(257) Metaspace: 197632K->197632K(1232896K)
[2023-06-20T05:17:02.158-0400][35293222ms] GC(257) Pause Young (Normal) (G1 Evacuation Pause) 1090M->1031M(1215M) 14.128ms
[2023-06-20T05:17:02.159-0400][35293223ms] GC(257) User=0.03s Sys=0.00s Real=0.01s
[2023-06-20T05:21:12.144-0400][35543208ms] GC(258) Pause Young (Normal) (G1 Evacuation Pause)
[2023-06-20T05:21:12.145-0400][35543209ms] GC(258) Using 8 workers of 8 for evacuation
[2023-06-20T05:21:12.161-0400][35543225ms] GC(258)   Pre Evacuate Collection Set: 0.3ms
[2023-06-20T05:21:12.161-0400][35543225ms] GC(258)   Evacuate Collection Set: 2.5ms
[2023-06-20T05:21:12.161-0400][35543225ms] GC(258)   Post Evacuate Collection Set: 12.6ms
[2023-06-20T05:21:12.161-0400][35543225ms] GC(258)   Other: 1.2ms
[2023-06-20T05:21:12.161-0400][35543225ms] GC(258) Eden regions: 59->0(59)
[2023-06-20T05:21:12.161-0400][35543225ms] GC(258) Survivor regions: 1->1(8)
[2023-06-20T05:21:12.161-0400][35543225ms] GC(258) Old regions: 1028->1028
[2023-06-20T05:21:12.161-0400][35543225ms] GC(258) Humongous regions: 4->4
[2023-06-20T05:21:12.161-0400][35543225ms] GC(258) Metaspace: 197632K->197632K(1232896K)
[2023-06-20T05:21:12.162-0400][35543226ms] GC(258) Pause Young (Normal) (G1 Evacuation Pause) 1090M->1031M(1215M) 17.280ms
[2023-06-20T05:21:12.162-0400][35543226ms] GC(258) User=0.02s Sys=0.00s Real=0.02s
[2023-06-20T05:25:25.145-0400][35796209ms] GC(259) Pause Young (Normal) (G1 Evacuation Pause)
[2023-06-20T05:25:25.145-0400][35796209ms] GC(259) Using 8 workers of 8 for evacuation
[2023-06-20T05:25:25.153-0400][35796217ms] GC(259)   Pre Evacuate Collection Set: 0.1ms
[2023-06-20T05:25:25.153-0400][35796217ms] GC(259)   Evacuate Collection Set: 1.1ms
[2023-06-20T05:25:25.153-0400][35796217ms] GC(259)   Post Evacuate Collection Set: 5.7ms
[2023-06-20T05:25:25.153-0400][35796217ms] GC(259)   Other: 0.6ms
[2023-06-20T05:25:25.153-0400][35796217ms] GC(259) Eden regions: 59->0(59)
[2023-06-20T05:25:25.153-0400][35796217ms] GC(259) Survivor regions: 1->1(8)
[2023-06-20T05:25:25.153-0400][35796217ms] GC(259) Old regions: 1028->1028
[2023-06-20T05:25:25.153-0400][35796217ms] GC(259) Humongous regions: 4->4
[2023-06-20T05:25:25.153-0400][35796217ms] GC(259) Metaspace: 197632K->197632K(1232896K)
[2023-06-20T05:25:25.154-0400][35796218ms] GC(259) Pause Young (Normal) (G1 Evacuation Pause) 1090M->1031M(1215M) 8.201ms
[2023-06-20T05:25:25.154-0400][35796218ms] GC(259) User=0.00s Sys=0.00s Real=0.01s
[2023-06-20T05:29:32.146-0400][36043210ms] GC(260) Pause Young (Normal) (G1 Evacuation Pause)
[2023-06-20T05:29:32.146-0400][36043210ms] GC(260) Using 8 workers of 8 for evacuation
[2023-06-20T05:29:32.153-0400][36043217ms] GC(260)   Pre Evacuate Collection Set: 0.1ms
[2023-06-20T05:29:32.153-0400][36043217ms] GC(260)   Evacuate Collection Set: 1.0ms
[2023-06-20T05:29:32.153-0400][36043217ms] GC(260)   Post Evacuate Collection Set: 5.4ms
[2023-06-20T05:29:32.153-0400][36043217ms] GC(260)   Other: 0.5ms
[2023-06-20T05:29:32.153-0400][36043217ms] GC(260) Eden regions: 59->0(59)
[2023-06-20T05:29:32.153-0400][36043217ms] GC(260) Survivor regions: 1->1(8)
[2023-06-20T05:29:32.153-0400][36043217ms] GC(260) Old regions: 1028->1028
[2023-06-20T05:29:32.153-0400][36043217ms] GC(260) Humongous regions: 4->4
[2023-06-20T05:29:32.154-0400][36043218ms] GC(260) Metaspace: 197632K->197632K(1232896K)
[2023-06-20T05:29:32.154-0400][36043218ms] GC(260) Pause Young (Normal) (G1 Evacuation Pause) 1090M->1031M(1215M) 7.710ms
[2023-06-20T05:29:32.154-0400][36043218ms] GC(260) User=0.00s Sys=0.00s Real=0.01s
[2023-06-20T05:33:42.470-0400][36293534ms] GC(261) Pause Young (Normal) (G1 Evacuation Pause)
[2023-06-20T05:33:42.470-0400][36293534ms] GC(261) Using 8 workers of 8 for evacuation
[2023-06-20T05:33:42.483-0400][36293547ms] GC(261)   Pre Evacuate Collection Set: 0.1ms
[2023-06-20T05:33:42.483-0400][36293547ms] GC(261)   Evacuate Collection Set: 2.0ms
[2023-06-20T05:33:42.483-0400][36293547ms] GC(261)   Post Evacuate Collection Set: 9.5ms
[2023-06-20T05:33:42.483-0400][36293547ms] GC(261)   Other: 1.0ms
[2023-06-20T05:33:42.484-0400][36293548ms] GC(261) Eden regions: 59->0(59)
[2023-06-20T05:33:42.484-0400][36293548ms] GC(261) Survivor regions: 1->1(8)
[2023-06-20T05:33:42.484-0400][36293548ms] GC(261) Old regions: 1028->1028
[2023-06-20T05:33:42.484-0400][36293548ms] GC(261) Humongous regions: 4->4
[2023-06-20T05:33:42.484-0400][36293548ms] GC(261) Metaspace: 197632K->197632K(1232896K)
[2023-06-20T05:33:42.484-0400][36293548ms] GC(261) Pause Young (Normal) (G1 Evacuation Pause) 1090M->1031M(1215M) 13.943ms
[2023-06-20T05:33:42.485-0400][36293549ms] GC(261) User=0.00s Sys=0.02s Real=0.01s
[2023-06-20T05:37:52.377-0400][36543441ms] GC(262) Pause Young (Normal) (G1 Evacuation Pause)
[2023-06-20T05:37:52.377-0400][36543441ms] GC(262) Using 8 workers of 8 for evacuation
[2023-06-20T05:37:52.380-0400][36543444ms] GC(262)   Pre Evacuate Collection Set: 0.0ms
[2023-06-20T05:37:52.380-0400][36543444ms] GC(262)   Evacuate Collection Set: 0.4ms
[2023-06-20T05:37:52.380-0400][36543444ms] GC(262)   Post Evacuate Collection Set: 2.5ms
[2023-06-20T05:37:52.380-0400][36543444ms] GC(262)   Other: 0.2ms
[2023-06-20T05:37:52.380-0400][36543444ms] GC(262) Eden regions: 59->0(59)
[2023-06-20T05:37:52.380-0400][36543444ms] GC(262) Survivor regions: 1->1(8)
[2023-06-20T05:37:52.380-0400][36543444ms] GC(262) Old regions: 1028->1028
[2023-06-20T05:37:52.380-0400][36543444ms] GC(262) Humongous regions: 4->4
[2023-06-20T05:37:52.380-0400][36543444ms] GC(262) Metaspace: 197632K->197632K(1232896K)
[2023-06-20T05:37:52.380-0400][36543444ms] GC(262) Pause Young (Normal) (G1 Evacuation Pause) 1090M->1031M(1215M) 3.484ms
[2023-06-20T05:37:52.380-0400][36543444ms] GC(262) User=0.00s Sys=0.00s Real=0.00s
[2023-06-20T05:42:06.151-0400][36797215ms] GC(263) Pause Young (Normal) (G1 Evacuation Pause)
[2023-06-20T05:42:06.151-0400][36797215ms] GC(263) Using 8 workers of 8 for evacuation
[2023-06-20T05:42:06.163-0400][36797227ms] GC(263)   Pre Evacuate Collection Set: 0.2ms
[2023-06-20T05:42:06.164-0400][36797228ms] GC(263)   Evacuate Collection Set: 2.0ms
[2023-06-20T05:42:06.164-0400][36797228ms] GC(263)   Post Evacuate Collection Set: 9.2ms
[2023-06-20T05:42:06.164-0400][36797228ms] GC(263)   Other: 1.1ms
[2023-06-20T05:42:06.164-0400][36797228ms] GC(263) Eden regions: 59->0(59)
[2023-06-20T05:42:06.164-0400][36797228ms] GC(263) Survivor regions: 1->1(8)
[2023-06-20T05:42:06.164-0400][36797228ms] GC(263) Old regions: 1028->1028
[2023-06-20T05:42:06.165-0400][36797229ms] GC(263) Humongous regions: 4->4
[2023-06-20T05:42:06.165-0400][36797229ms] GC(263) Metaspace: 197632K->197632K(1232896K)
[2023-06-20T05:42:06.165-0400][36797229ms] GC(263) Pause Young (Normal) (G1 Evacuation Pause) 1090M->1031M(1215M) 14.168ms
[2023-06-20T05:42:06.165-0400][36797229ms] GC(263) User=0.02s Sys=0.00s Real=0.01s
[2023-06-20T05:46:13.634-0400][37044698ms] GC(264) Pause Young (Normal) (G1 Evacuation Pause)
[2023-06-20T05:46:13.634-0400][37044698ms] GC(264) Using 8 workers of 8 for evacuation
[2023-06-20T05:46:13.641-0400][37044705ms] GC(264)   Pre Evacuate Collection Set: 0.1ms
[2023-06-20T05:46:13.641-0400][37044705ms] GC(264)   Evacuate Collection Set: 1.1ms
[2023-06-20T05:46:13.641-0400][37044705ms] GC(264)   Post Evacuate Collection Set: 5.8ms
[2023-06-20T05:46:13.642-0400][37044706ms] GC(264)   Other: 0.6ms
[2023-06-20T05:46:13.642-0400][37044706ms] GC(264) Eden regions: 59->0(59)
[2023-06-20T05:46:13.642-0400][37044706ms] GC(264) Survivor regions: 1->1(8)
[2023-06-20T05:46:13.642-0400][37044706ms] GC(264) Old regions: 1028->1028
[2023-06-20T05:46:13.642-0400][37044706ms] GC(264) Humongous regions: 4->4
[2023-06-20T05:46:13.642-0400][37044706ms] GC(264) Metaspace: 197633K->197633K(1232896K)
[2023-06-20T05:46:13.642-0400][37044706ms] GC(264) Pause Young (Normal) (G1 Evacuation Pause) 1090M->1031M(1215M) 8.429ms
[2023-06-20T05:46:13.642-0400][37044706ms] GC(264) User=0.02s Sys=0.00s Real=0.01s
[2023-06-20T05:50:24.150-0400][37295214ms] GC(265) Pause Young (Normal) (G1 Evacuation Pause)
[2023-06-20T05:50:24.151-0400][37295215ms] GC(265) Using 8 workers of 8 for evacuation
[2023-06-20T05:50:24.157-0400][37295221ms] GC(265)   Pre Evacuate Collection Set: 0.1ms
[2023-06-20T05:50:24.157-0400][37295221ms] GC(265)   Evacuate Collection Set: 0.9ms
[2023-06-20T05:50:24.157-0400][37295221ms] GC(265)   Post Evacuate Collection Set: 5.1ms
[2023-06-20T05:50:24.157-0400][37295221ms] GC(265)   Other: 0.7ms
[2023-06-20T05:50:24.157-0400][37295221ms] GC(265) Eden regions: 59->0(59)
[2023-06-20T05:50:24.157-0400][37295221ms] GC(265) Survivor regions: 1->1(8)
[2023-06-20T05:50:24.157-0400][37295221ms] GC(265) Old regions: 1028->1028
[2023-06-20T05:50:24.157-0400][37295221ms] GC(265) Humongous regions: 4->4
[2023-06-20T05:50:24.157-0400][37295221ms] GC(265) Metaspace: 197633K->197633K(1232896K)
[2023-06-20T05:50:24.157-0400][37295221ms] GC(265) Pause Young (Normal) (G1 Evacuation Pause) 1090M->1031M(1215M) 7.452ms
[2023-06-20T05:50:24.158-0400][37295222ms] GC(265) User=0.02s Sys=0.00s Real=0.01s
[2023-06-20T05:54:36.157-0400][37547221ms] GC(266) Pause Young (Normal) (G1 Evacuation Pause)
[2023-06-20T05:54:36.157-0400][37547221ms] GC(266) Using 8 workers of 8 for evacuation
[2023-06-20T05:54:36.162-0400][37547226ms] GC(266)   Pre Evacuate Collection Set: 0.0ms
[2023-06-20T05:54:36.162-0400][37547226ms] GC(266)   Evacuate Collection Set: 0.7ms
[2023-06-20T05:54:36.162-0400][37547226ms] GC(266)   Post Evacuate Collection Set: 4.0ms
[2023-06-20T05:54:36.162-0400][37547226ms] GC(266)   Other: 0.4ms
[2023-06-20T05:54:36.162-0400][37547226ms] GC(266) Eden regions: 59->0(59)
[2023-06-20T05:54:36.162-0400][37547226ms] GC(266) Survivor regions: 1->1(8)
[2023-06-20T05:54:36.162-0400][37547226ms] GC(266) Old regions: 1028->1028
[2023-06-20T05:54:36.162-0400][37547227ms] GC(266) Humongous regions: 4->4
[2023-06-20T05:54:36.163-0400][37547227ms] GC(266) Metaspace: 197633K->197633K(1232896K)
[2023-06-20T05:54:36.163-0400][37547227ms] GC(266) Pause Young (Normal) (G1 Evacuation Pause) 1090M->1031M(1215M) 5.633ms
[2023-06-20T05:54:36.163-0400][37547227ms] GC(266) User=0.00s Sys=0.00s Real=0.01s
[2023-06-20T05:58:45.147-0400][37796211ms] GC(267) Pause Young (Normal) (G1 Evacuation Pause)
[2023-06-20T05:58:45.147-0400][37796211ms] GC(267) Using 8 workers of 8 for evacuation
[2023-06-20T05:58:45.152-0400][37796216ms] GC(267)   Pre Evacuate Collection Set: 0.1ms
[2023-06-20T05:58:45.153-0400][37796217ms] GC(267)   Evacuate Collection Set: 0.7ms
[2023-06-20T05:58:45.153-0400][37796217ms] GC(267)   Post Evacuate Collection Set: 4.1ms
[2023-06-20T05:58:45.153-0400][37796217ms] GC(267)   Other: 0.4ms
[2023-06-20T05:58:45.153-0400][37796217ms] GC(267) Eden regions: 59->0(59)
[2023-06-20T05:58:45.153-0400][37796217ms] GC(267) Survivor regions: 1->1(8)
[2023-06-20T05:58:45.153-0400][37796217ms] GC(267) Old regions: 1028->1028
[2023-06-20T05:58:45.153-0400][37796217ms] GC(267) Humongous regions: 4->4
[2023-06-20T05:58:45.153-0400][37796217ms] GC(267) Metaspace: 197633K->197633K(1232896K)
[2023-06-20T05:58:45.153-0400][37796217ms] GC(267) Pause Young (Normal) (G1 Evacuation Pause) 1090M->1031M(1215M) 5.824ms
[2023-06-20T05:58:45.153-0400][37796217ms] GC(267) User=0.00s Sys=0.00s Real=0.01s
[2023-06-20T06:02:59.147-0400][38050211ms] GC(268) Pause Young (Normal) (G1 Evacuation Pause)
[2023-06-20T06:02:59.147-0400][38050211ms] GC(268) Using 8 workers of 8 for evacuation
[2023-06-20T06:02:59.159-0400][38050223ms] GC(268)   Pre Evacuate Collection Set: 0.1ms
[2023-06-20T06:02:59.159-0400][38050223ms] GC(268)   Evacuate Collection Set: 1.7ms
[2023-06-20T06:02:59.159-0400][38050223ms] GC(268)   Post Evacuate Collection Set: 9.6ms
[2023-06-20T06:02:59.160-0400][38050224ms] GC(268)   Other: 1.0ms
[2023-06-20T06:02:59.160-0400][38050224ms] GC(268) Eden regions: 59->0(59)
[2023-06-20T06:02:59.160-0400][38050224ms] GC(268) Survivor regions: 1->1(8)
[2023-06-20T06:02:59.160-0400][38050224ms] GC(268) Old regions: 1028->1028
[2023-06-20T06:02:59.160-0400][38050224ms] GC(268) Humongous regions: 4->4
[2023-06-20T06:02:59.160-0400][38050224ms] GC(268) Metaspace: 197633K->197633K(1232896K)
[2023-06-20T06:02:59.161-0400][38050225ms] GC(268) Pause Young (Normal) (G1 Evacuation Pause) 1090M->1031M(1215M) 13.829ms
[2023-06-20T06:02:59.161-0400][38050225ms] GC(268) User=0.02s Sys=0.00s Real=0.01s
[2023-06-20T06:07:08.144-0400][38299208ms] GC(269) Pause Young (Normal) (G1 Evacuation Pause)
[2023-06-20T06:07:08.145-0400][38299209ms] GC(269) Using 8 workers of 8 for evacuation
[2023-06-20T06:07:08.156-0400][38299220ms] GC(269)   Pre Evacuate Collection Set: 0.1ms
[2023-06-20T06:07:08.156-0400][38299220ms] GC(269)   Evacuate Collection Set: 1.7ms
[2023-06-20T06:07:08.156-0400][38299220ms] GC(269)   Post Evacuate Collection Set: 9.4ms
[2023-06-20T06:07:08.156-0400][38299220ms] GC(269)   Other: 1.0ms
[2023-06-20T06:07:08.157-0400][38299221ms] GC(269) Eden regions: 59->0(59)
[2023-06-20T06:07:08.157-0400][38299221ms] GC(269) Survivor regions: 1->1(8)
[2023-06-20T06:07:08.157-0400][38299221ms] GC(269) Old regions: 1028->1028
[2023-06-20T06:07:08.157-0400][38299221ms] GC(269) Humongous regions: 4->4
[2023-06-20T06:07:08.157-0400][38299221ms] GC(269) Metaspace: 197634K->197634K(1232896K)
[2023-06-20T06:07:08.157-0400][38299221ms] GC(269) Pause Young (Normal) (G1 Evacuation Pause) 1090M->1031M(1215M) 13.744ms
[2023-06-20T06:07:08.158-0400][38299222ms] GC(269) User=0.00s Sys=0.02s Real=0.01s
[2023-06-20T06:11:19.146-0400][38550210ms] GC(270) Pause Young (Normal) (G1 Evacuation Pause)
[2023-06-20T06:11:19.146-0400][38550210ms] GC(270) Using 8 workers of 8 for evacuation
[2023-06-20T06:11:19.158-0400][38550222ms] GC(270)   Pre Evacuate Collection Set: 0.1ms
[2023-06-20T06:11:19.158-0400][38550222ms] GC(270)   Evacuate Collection Set: 1.7ms
[2023-06-20T06:11:19.158-0400][38550222ms] GC(270)   Post Evacuate Collection Set: 9.5ms
[2023-06-20T06:11:19.158-0400][38550222ms] GC(270)   Other: 0.9ms
[2023-06-20T06:11:19.159-0400][38550223ms] GC(270) Eden regions: 59->0(59)
[2023-06-20T06:11:19.159-0400][38550223ms] GC(270) Survivor regions: 1->1(8)
[2023-06-20T06:11:19.159-0400][38550223ms] GC(270) Old regions: 1028->1028
[2023-06-20T06:11:19.159-0400][38550223ms] GC(270) Humongous regions: 4->4
[2023-06-20T06:11:19.159-0400][38550223ms] GC(270) Metaspace: 197635K->197635K(1232896K)
[2023-06-20T06:11:19.159-0400][38550223ms] GC(270) Pause Young (Normal) (G1 Evacuation Pause) 1090M->1031M(1215M) 13.608ms
[2023-06-20T06:11:19.160-0400][38550224ms] GC(270) User=0.02s Sys=0.00s Real=0.01s
[2023-06-20T06:15:31.152-0400][38802216ms] GC(271) Pause Young (Normal) (G1 Evacuation Pause)
[2023-06-20T06:15:31.152-0400][38802216ms] GC(271) Using 8 workers of 8 for evacuation
[2023-06-20T06:15:31.160-0400][38802224ms] GC(271)   Pre Evacuate Collection Set: 0.1ms
[2023-06-20T06:15:31.160-0400][38802224ms] GC(271)   Evacuate Collection Set: 1.0ms
[2023-06-20T06:15:31.160-0400][38802224ms] GC(271)   Post Evacuate Collection Set: 5.4ms
[2023-06-20T06:15:31.160-0400][38802224ms] GC(271)   Other: 0.6ms
[2023-06-20T06:15:31.160-0400][38802224ms] GC(271) Eden regions: 59->0(59)
[2023-06-20T06:15:31.160-0400][38802224ms] GC(271) Survivor regions: 1->1(8)
[2023-06-20T06:15:31.161-0400][38802225ms] GC(271) Old regions: 1028->1028
[2023-06-20T06:15:31.161-0400][38802225ms] GC(271) Humongous regions: 4->4
[2023-06-20T06:15:31.161-0400][38802225ms] GC(271) Metaspace: 197635K->197635K(1232896K)
[2023-06-20T06:15:31.161-0400][38802225ms] GC(271) Pause Young (Normal) (G1 Evacuation Pause) 1090M->1031M(1215M) 7.768ms
[2023-06-20T06:15:31.161-0400][38802225ms] GC(271) User=0.02s Sys=0.00s Real=0.01s
[2023-06-20T06:19:12.743-0400][39023807ms] GC(272) Pause Young (Normal) (G1 Evacuation Pause)
[2023-06-20T06:19:12.743-0400][39023807ms] GC(272) Using 8 workers of 8 for evacuation
[2023-06-20T06:19:12.746-0400][39023810ms] GC(272)   Pre Evacuate Collection Set: 0.0ms
[2023-06-20T06:19:12.746-0400][39023810ms] GC(272)   Evacuate Collection Set: 0.4ms
[2023-06-20T06:19:12.746-0400][39023810ms] GC(272)   Post Evacuate Collection Set: 2.5ms
[2023-06-20T06:19:12.746-0400][39023810ms] GC(272)   Other: 0.3ms
[2023-06-20T06:19:12.746-0400][39023810ms] GC(272) Eden regions: 59->0(59)
[2023-06-20T06:19:12.746-0400][39023810ms] GC(272) Survivor regions: 1->1(8)
[2023-06-20T06:19:12.746-0400][39023810ms] GC(272) Old regions: 1028->1028
[2023-06-20T06:19:12.746-0400][39023810ms] GC(272) Humongous regions: 4->4
[2023-06-20T06:19:12.746-0400][39023810ms] GC(272) Metaspace: 197635K->197635K(1232896K)
[2023-06-20T06:19:12.746-0400][39023810ms] GC(272) Pause Young (Normal) (G1 Evacuation Pause) 1090M->1031M(1215M) 3.397ms
[2023-06-20T06:19:12.746-0400][39023810ms] GC(272) User=0.00s Sys=0.00s Real=0.00s
[2023-06-20T06:23:23.268-0400][39274332ms] GC(273) Pause Young (Normal) (G1 Evacuation Pause)
[2023-06-20T06:23:23.268-0400][39274332ms] GC(273) Using 8 workers of 8 for evacuation
[2023-06-20T06:23:23.271-0400][39274335ms] GC(273)   Pre Evacuate Collection Set: 0.0ms
[2023-06-20T06:23:23.271-0400][39274335ms] GC(273)   Evacuate Collection Set: 0.4ms
[2023-06-20T06:23:23.271-0400][39274335ms] GC(273)   Post Evacuate Collection Set: 2.4ms
[2023-06-20T06:23:23.271-0400][39274335ms] GC(273)   Other: 0.3ms
[2023-06-20T06:23:23.271-0400][39274335ms] GC(273) Eden regions: 59->0(59)
[2023-06-20T06:23:23.271-0400][39274335ms] GC(273) Survivor regions: 1->1(8)
[2023-06-20T06:23:23.271-0400][39274335ms] GC(273) Old regions: 1028->1028
[2023-06-20T06:23:23.271-0400][39274335ms] GC(273) Humongous regions: 4->4
[2023-06-20T06:23:23.271-0400][39274335ms] GC(273) Metaspace: 197635K->197635K(1232896K)
[2023-06-20T06:23:23.271-0400][39274335ms] GC(273) Pause Young (Normal) (G1 Evacuation Pause) 1090M->1031M(1215M) 3.403ms
[2023-06-20T06:23:23.271-0400][39274335ms] GC(273) User=0.00s Sys=0.00s Real=0.00s
[2023-06-20T06:27:33.824-0400][39524888ms] GC(274) Pause Young (Normal) (G1 Evacuation Pause)
[2023-06-20T06:27:33.824-0400][39524888ms] GC(274) Using 8 workers of 8 for evacuation
[2023-06-20T06:27:33.828-0400][39524892ms] GC(274)   Pre Evacuate Collection Set: 0.1ms
[2023-06-20T06:27:33.828-0400][39524892ms] GC(274)   Evacuate Collection Set: 0.5ms
[2023-06-20T06:27:33.828-0400][39524892ms] GC(274)   Post Evacuate Collection Set: 3.3ms
[2023-06-20T06:27:33.828-0400][39524892ms] GC(274)   Other: 0.2ms
[2023-06-20T06:27:33.828-0400][39524892ms] GC(274) Eden regions: 59->0(59)
[2023-06-20T06:27:33.828-0400][39524892ms] GC(274) Survivor regions: 1->1(8)
[2023-06-20T06:27:33.828-0400][39524892ms] GC(274) Old regions: 1028->1028
[2023-06-20T06:27:33.828-0400][39524892ms] GC(274) Humongous regions: 4->4
[2023-06-20T06:27:33.828-0400][39524892ms] GC(274) Metaspace: 197635K->197635K(1232896K)
[2023-06-20T06:27:33.828-0400][39524892ms] GC(274) Pause Young (Normal) (G1 Evacuation Pause) 1090M->1031M(1215M) 4.395ms
[2023-06-20T06:27:33.828-0400][39524892ms] GC(274) User=0.02s Sys=0.00s Real=0.00s
[2023-06-20T06:31:44.393-0400][39775457ms] GC(275) Pause Young (Normal) (G1 Evacuation Pause)
[2023-06-20T06:31:44.393-0400][39775457ms] GC(275) Using 8 workers of 8 for evacuation
[2023-06-20T06:31:44.396-0400][39775460ms] GC(275)   Pre Evacuate Collection Set: 0.0ms
[2023-06-20T06:31:44.396-0400][39775460ms] GC(275)   Evacuate Collection Set: 0.4ms
[2023-06-20T06:31:44.396-0400][39775460ms] GC(275)   Post Evacuate Collection Set: 2.7ms
[2023-06-20T06:31:44.396-0400][39775460ms] GC(275)   Other: 0.2ms
[2023-06-20T06:31:44.396-0400][39775460ms] GC(275) Eden regions: 59->0(59)
[2023-06-20T06:31:44.396-0400][39775460ms] GC(275) Survivor regions: 1->1(8)
[2023-06-20T06:31:44.396-0400][39775460ms] GC(275) Old regions: 1028->1028
[2023-06-20T06:31:44.396-0400][39775460ms] GC(275) Humongous regions: 4->4
[2023-06-20T06:31:44.396-0400][39775460ms] GC(275) Metaspace: 197635K->197635K(1232896K)
[2023-06-20T06:31:44.396-0400][39775460ms] GC(275) Pause Young (Normal) (G1 Evacuation Pause) 1090M->1031M(1215M) 3.614ms
[2023-06-20T06:31:44.396-0400][39775460ms] GC(275) User=0.00s Sys=0.00s Real=0.00s
[2023-06-20T06:35:54.936-0400][40026000ms] GC(276) Pause Young (Normal) (G1 Evacuation Pause)
[2023-06-20T06:35:54.936-0400][40026000ms] GC(276) Using 8 workers of 8 for evacuation
[2023-06-20T06:35:54.939-0400][40026003ms] GC(276)   Pre Evacuate Collection Set: 0.0ms
[2023-06-20T06:35:54.939-0400][40026003ms] GC(276)   Evacuate Collection Set: 0.4ms
[2023-06-20T06:35:54.940-0400][40026004ms] GC(276)   Post Evacuate Collection Set: 2.7ms
[2023-06-20T06:35:54.940-0400][40026004ms] GC(276)   Other: 0.2ms
[2023-06-20T06:35:54.940-0400][40026004ms] GC(276) Eden regions: 59->0(59)
[2023-06-20T06:35:54.940-0400][40026004ms] GC(276) Survivor regions: 1->1(8)
[2023-06-20T06:35:54.940-0400][40026004ms] GC(276) Old regions: 1028->1028
[2023-06-20T06:35:54.940-0400][40026004ms] GC(276) Humongous regions: 4->4
[2023-06-20T06:35:54.940-0400][40026004ms] GC(276) Metaspace: 197635K->197635K(1232896K)
[2023-06-20T06:35:54.940-0400][40026004ms] GC(276) Pause Young (Normal) (G1 Evacuation Pause) 1090M->1031M(1215M) 3.619ms
[2023-06-20T06:35:54.940-0400][40026004ms] GC(276) User=0.13s Sys=0.00s Real=0.00s
[2023-06-20T06:40:05.436-0400][40276500ms] GC(277) Pause Young (Normal) (G1 Evacuation Pause)
[2023-06-20T06:40:05.436-0400][40276500ms] GC(277) Using 8 workers of 8 for evacuation
[2023-06-20T06:40:05.441-0400][40276505ms] GC(277)   Pre Evacuate Collection Set: 0.0ms
[2023-06-20T06:40:05.442-0400][40276506ms] GC(277)   Evacuate Collection Set: 0.8ms
[2023-06-20T06:40:05.442-0400][40276506ms] GC(277)   Post Evacuate Collection Set: 4.1ms
[2023-06-20T06:40:05.442-0400][40276506ms] GC(277)   Other: 0.4ms
[2023-06-20T06:40:05.442-0400][40276506ms] GC(277) Eden regions: 59->0(59)
[2023-06-20T06:40:05.442-0400][40276506ms] GC(277) Survivor regions: 1->1(8)
[2023-06-20T06:40:05.442-0400][40276506ms] GC(277) Old regions: 1028->1028
[2023-06-20T06:40:05.442-0400][40276506ms] GC(277) Humongous regions: 4->4
[2023-06-20T06:40:05.442-0400][40276506ms] GC(277) Metaspace: 197635K->197635K(1232896K)
[2023-06-20T06:40:05.442-0400][40276506ms] GC(277) Pause Young (Normal) (G1 Evacuation Pause) 1090M->1031M(1215M) 5.949ms
[2023-06-20T06:40:05.442-0400][40276506ms] GC(277) User=0.02s Sys=0.00s Real=0.01s
[2023-06-20T06:44:18.147-0400][40529211ms] GC(278) Pause Young (Normal) (G1 Evacuation Pause)
[2023-06-20T06:44:18.147-0400][40529211ms] GC(278) Using 8 workers of 8 for evacuation
[2023-06-20T06:44:18.158-0400][40529222ms] GC(278)   Pre Evacuate Collection Set: 0.1ms
[2023-06-20T06:44:18.158-0400][40529222ms] GC(278)   Evacuate Collection Set: 1.5ms
[2023-06-20T06:44:18.158-0400][40529222ms] GC(278)   Post Evacuate Collection Set: 8.7ms
[2023-06-20T06:44:18.158-0400][40529222ms] GC(278)   Other: 1.1ms
[2023-06-20T06:44:18.158-0400][40529223ms] GC(278) Eden regions: 59->0(59)
[2023-06-20T06:44:18.159-0400][40529223ms] GC(278) Survivor regions: 1->1(8)
[2023-06-20T06:44:18.159-0400][40529223ms] GC(278) Old regions: 1028->1028
[2023-06-20T06:44:18.159-0400][40529223ms] GC(278) Humongous regions: 4->4
[2023-06-20T06:44:18.159-0400][40529223ms] GC(278) Metaspace: 197635K->197635K(1232896K)
[2023-06-20T06:44:18.159-0400][40529223ms] GC(278) Pause Young (Normal) (G1 Evacuation Pause) 1090M->1031M(1215M) 12.719ms
[2023-06-20T06:44:18.159-0400][40529223ms] GC(278) User=0.02s Sys=0.00s Real=0.01s
[2023-06-20T06:48:29.156-0400][40780220ms] GC(279) Pause Young (Normal) (G1 Evacuation Pause)
[2023-06-20T06:48:29.156-0400][40780220ms] GC(279) Using 8 workers of 8 for evacuation
[2023-06-20T06:48:29.163-0400][40780227ms] GC(279)   Pre Evacuate Collection Set: 0.1ms
[2023-06-20T06:48:29.163-0400][40780227ms] GC(279)   Evacuate Collection Set: 0.9ms
[2023-06-20T06:48:29.163-0400][40780227ms] GC(279)   Post Evacuate Collection Set: 4.9ms
[2023-06-20T06:48:29.163-0400][40780227ms] GC(279)   Other: 0.5ms
[2023-06-20T06:48:29.163-0400][40780227ms] GC(279) Eden regions: 59->0(59)
[2023-06-20T06:48:29.163-0400][40780227ms] GC(279) Survivor regions: 1->1(8)
[2023-06-20T06:48:29.163-0400][40780227ms] GC(279) Old regions: 1028->1028
[2023-06-20T06:48:29.163-0400][40780227ms] GC(279) Humongous regions: 4->4
[2023-06-20T06:48:29.163-0400][40780227ms] GC(279) Metaspace: 197635K->197635K(1232896K)
[2023-06-20T06:48:29.163-0400][40780227ms] GC(279) Pause Young (Normal) (G1 Evacuation Pause) 1090M->1031M(1215M) 7.015ms
[2023-06-20T06:48:29.163-0400][40780227ms] GC(279) User=0.00s Sys=0.00s Real=0.01s
[2023-06-20T06:52:38.154-0400][41029218ms] GC(280) Pause Young (Normal) (G1 Evacuation Pause)
[2023-06-20T06:52:38.155-0400][41029219ms] GC(280) Using 8 workers of 8 for evacuation
[2023-06-20T06:52:38.162-0400][41029226ms] GC(280)   Pre Evacuate Collection Set: 0.1ms
[2023-06-20T06:52:38.163-0400][41029227ms] GC(280)   Evacuate Collection Set: 1.1ms
[2023-06-20T06:52:38.163-0400][41029227ms] GC(280)   Post Evacuate Collection Set: 6.0ms
[2023-06-20T06:52:38.163-0400][41029227ms] GC(280)   Other: 0.8ms
[2023-06-20T06:52:38.163-0400][41029227ms] GC(280) Eden regions: 59->0(59)
[2023-06-20T06:52:38.163-0400][41029227ms] GC(280) Survivor regions: 1->1(8)
[2023-06-20T06:52:38.163-0400][41029227ms] GC(280) Old regions: 1028->1028
[2023-06-20T06:52:38.163-0400][41029227ms] GC(280) Humongous regions: 4->4
[2023-06-20T06:52:38.163-0400][41029227ms] GC(280) Metaspace: 197635K->197635K(1232896K)
[2023-06-20T06:52:38.163-0400][41029227ms] GC(280) Pause Young (Normal) (G1 Evacuation Pause) 1090M->1031M(1215M) 8.861ms
[2023-06-20T06:52:38.163-0400][41029228ms] GC(280) User=0.00s Sys=0.02s Real=0.01s
[2023-06-20T06:56:48.148-0400][41279212ms] GC(281) Pause Young (Normal) (G1 Evacuation Pause)
[2023-06-20T06:56:48.148-0400][41279212ms] GC(281) Using 8 workers of 8 for evacuation
[2023-06-20T06:56:48.158-0400][41279222ms] GC(281)   Pre Evacuate Collection Set: 0.1ms
[2023-06-20T06:56:48.158-0400][41279222ms] GC(281)   Evacuate Collection Set: 1.5ms
[2023-06-20T06:56:48.158-0400][41279222ms] GC(281)   Post Evacuate Collection Set: 8.1ms
[2023-06-20T06:56:48.159-0400][41279223ms] GC(281)   Other: 0.8ms
[2023-06-20T06:56:48.159-0400][41279223ms] GC(281) Eden regions: 59->0(59)
[2023-06-20T06:56:48.159-0400][41279223ms] GC(281) Survivor regions: 1->1(8)
[2023-06-20T06:56:48.159-0400][41279223ms] GC(281) Old regions: 1028->1028
[2023-06-20T06:56:48.159-0400][41279223ms] GC(281) Humongous regions: 4->4
[2023-06-20T06:56:48.159-0400][41279223ms] GC(281) Metaspace: 197635K->197635K(1232896K)
[2023-06-20T06:56:48.159-0400][41279223ms] GC(281) Pause Young (Normal) (G1 Evacuation Pause) 1090M->1031M(1215M) 11.640ms
[2023-06-20T06:56:48.160-0400][41279224ms] GC(281) User=0.02s Sys=0.00s Real=0.01s
[2023-06-20T07:00:59.143-0400][41530207ms] GC(282) Pause Young (Normal) (G1 Evacuation Pause)
[2023-06-20T07:00:59.143-0400][41530207ms] GC(282) Using 8 workers of 8 for evacuation
[2023-06-20T07:00:59.148-0400][41530212ms] GC(282)   Pre Evacuate Collection Set: 0.1ms
[2023-06-20T07:00:59.148-0400][41530212ms] GC(282)   Evacuate Collection Set: 1.0ms
[2023-06-20T07:00:59.148-0400][41530212ms] GC(282)   Post Evacuate Collection Set: 3.9ms
[2023-06-20T07:00:59.148-0400][41530212ms] GC(282)   Other: 0.5ms
[2023-06-20T07:00:59.148-0400][41530212ms] GC(282) Eden regions: 59->0(59)
[2023-06-20T07:00:59.148-0400][41530212ms] GC(282) Survivor regions: 1->1(8)
[2023-06-20T07:00:59.148-0400][41530212ms] GC(282) Old regions: 1028->1028
[2023-06-20T07:00:59.148-0400][41530212ms] GC(282) Humongous regions: 4->4
[2023-06-20T07:00:59.148-0400][41530212ms] GC(282) Metaspace: 197635K->197635K(1232896K)
[2023-06-20T07:00:59.148-0400][41530212ms] GC(282) Pause Young (Normal) (G1 Evacuation Pause) 1090M->1031M(1215M) 5.679ms
[2023-06-20T07:00:59.149-0400][41530213ms] GC(282) User=0.00s Sys=0.00s Real=0.01s
[2023-06-20T07:05:09.156-0400][41780220ms] GC(283) Pause Young (Normal) (G1 Evacuation Pause)
[2023-06-20T07:05:09.156-0400][41780220ms] GC(283) Using 8 workers of 8 for evacuation
[2023-06-20T07:05:09.164-0400][41780228ms] GC(283)   Pre Evacuate Collection Set: 0.1ms
[2023-06-20T07:05:09.164-0400][41780228ms] GC(283)   Evacuate Collection Set: 1.1ms
[2023-06-20T07:05:09.164-0400][41780228ms] GC(283)   Post Evacuate Collection Set: 6.0ms
[2023-06-20T07:05:09.164-0400][41780228ms] GC(283)   Other: 0.7ms
[2023-06-20T07:05:09.164-0400][41780228ms] GC(283) Eden regions: 59->0(59)
[2023-06-20T07:05:09.164-0400][41780228ms] GC(283) Survivor regions: 1->1(8)
[2023-06-20T07:05:09.164-0400][41780228ms] GC(283) Old regions: 1028->1028
[2023-06-20T07:05:09.164-0400][41780228ms] GC(283) Humongous regions: 4->4
[2023-06-20T07:05:09.164-0400][41780228ms] GC(283) Metaspace: 197635K->197635K(1232896K)
[2023-06-20T07:05:09.165-0400][41780229ms] GC(283) Pause Young (Normal) (G1 Evacuation Pause) 1090M->1031M(1215M) 8.610ms
[2023-06-20T07:05:09.165-0400][41780229ms] GC(283) User=0.00s Sys=0.00s Real=0.01s
[2023-06-20T07:09:21.151-0400][42032215ms] GC(284) Pause Young (Normal) (G1 Evacuation Pause)
[2023-06-20T07:09:21.151-0400][42032215ms] GC(284) Using 8 workers of 8 for evacuation
[2023-06-20T07:09:21.164-0400][42032228ms] GC(284)   Pre Evacuate Collection Set: 0.1ms
[2023-06-20T07:09:21.164-0400][42032228ms] GC(284)   Evacuate Collection Set: 1.7ms
[2023-06-20T07:09:21.164-0400][42032228ms] GC(284)   Post Evacuate Collection Set: 9.7ms
[2023-06-20T07:09:21.165-0400][42032229ms] GC(284)   Other: 1.0ms
[2023-06-20T07:09:21.165-0400][42032229ms] GC(284) Eden regions: 59->0(59)
[2023-06-20T07:09:21.165-0400][42032229ms] GC(284) Survivor regions: 1->1(8)
[2023-06-20T07:09:21.165-0400][42032229ms] GC(284) Old regions: 1028->1028
[2023-06-20T07:09:21.165-0400][42032229ms] GC(284) Humongous regions: 4->4
[2023-06-20T07:09:21.165-0400][42032229ms] GC(284) Metaspace: 197635K->197635K(1232896K)
[2023-06-20T07:09:21.166-0400][42032230ms] GC(284) Pause Young (Normal) (G1 Evacuation Pause) 1090M->1031M(1215M) 14.065ms
[2023-06-20T07:09:21.166-0400][42032230ms] GC(284) User=0.02s Sys=0.00s Real=0.01s
[2023-06-20T07:13:31.150-0400][42282214ms] GC(285) Pause Young (Normal) (G1 Evacuation Pause)
[2023-06-20T07:13:31.150-0400][42282214ms] GC(285) Using 8 workers of 8 for evacuation
[2023-06-20T07:13:31.153-0400][42282217ms] GC(285)   Pre Evacuate Collection Set: 0.0ms
[2023-06-20T07:13:31.153-0400][42282217ms] GC(285)   Evacuate Collection Set: 0.4ms
[2023-06-20T07:13:31.153-0400][42282217ms] GC(285)   Post Evacuate Collection Set: 2.8ms
[2023-06-20T07:13:31.153-0400][42282217ms] GC(285)   Other: 0.3ms
[2023-06-20T07:13:31.153-0400][42282217ms] GC(285) Eden regions: 59->0(59)
[2023-06-20T07:13:31.154-0400][42282218ms] GC(285) Survivor regions: 1->1(8)
[2023-06-20T07:13:31.154-0400][42282218ms] GC(285) Old regions: 1028->1028
[2023-06-20T07:13:31.154-0400][42282218ms] GC(285) Humongous regions: 4->4
[2023-06-20T07:13:31.154-0400][42282218ms] GC(285) Metaspace: 197635K->197635K(1232896K)
[2023-06-20T07:13:31.154-0400][42282218ms] GC(285) Pause Young (Normal) (G1 Evacuation Pause) 1090M->1031M(1215M) 3.709ms
[2023-06-20T07:13:31.154-0400][42282218ms] GC(285) User=0.00s Sys=0.00s Real=0.00s
[2023-06-20T07:17:43.146-0400][42534211ms] GC(286) Pause Young (Normal) (G1 Evacuation Pause)
[2023-06-20T07:17:43.147-0400][42534211ms] GC(286) Using 8 workers of 8 for evacuation
[2023-06-20T07:17:43.156-0400][42534220ms] GC(286)   Pre Evacuate Collection Set: 0.1ms
[2023-06-20T07:17:43.156-0400][42534220ms] GC(286)   Evacuate Collection Set: 1.4ms
[2023-06-20T07:17:43.156-0400][42534220ms] GC(286)   Post Evacuate Collection Set: 7.3ms
[2023-06-20T07:17:43.156-0400][42534220ms] GC(286)   Other: 0.7ms
[2023-06-20T07:17:43.156-0400][42534220ms] GC(286) Eden regions: 59->0(59)
[2023-06-20T07:17:43.156-0400][42534220ms] GC(286) Survivor regions: 1->1(8)
[2023-06-20T07:17:43.157-0400][42534221ms] GC(286) Old regions: 1028->1028
[2023-06-20T07:17:43.157-0400][42534221ms] GC(286) Humongous regions: 4->4
[2023-06-20T07:17:43.157-0400][42534221ms] GC(286) Metaspace: 197635K->197635K(1232896K)
[2023-06-20T07:17:43.157-0400][42534221ms] GC(286) Pause Young (Normal) (G1 Evacuation Pause) 1090M->1031M(1215M) 10.895ms
[2023-06-20T07:17:43.157-0400][42534221ms] GC(286) User=0.02s Sys=0.00s Real=0.01s
[2023-06-20T07:21:53.453-0400][42784517ms] GC(287) Pause Young (Normal) (G1 Evacuation Pause)
[2023-06-20T07:21:53.453-0400][42784517ms] GC(287) Using 8 workers of 8 for evacuation
[2023-06-20T07:21:53.462-0400][42784526ms] GC(287)   Pre Evacuate Collection Set: 0.1ms
[2023-06-20T07:21:53.462-0400][42784526ms] GC(287)   Evacuate Collection Set: 1.2ms
[2023-06-20T07:21:53.462-0400][42784526ms] GC(287)   Post Evacuate Collection Set: 6.6ms
[2023-06-20T07:21:53.462-0400][42784526ms] GC(287)   Other: 0.8ms
[2023-06-20T07:21:53.463-0400][42784527ms] GC(287) Eden regions: 59->0(59)
[2023-06-20T07:21:53.463-0400][42784527ms] GC(287) Survivor regions: 1->1(8)
[2023-06-20T07:21:53.463-0400][42784527ms] GC(287) Old regions: 1028->1028
[2023-06-20T07:21:53.463-0400][42784527ms] GC(287) Humongous regions: 4->4
[2023-06-20T07:21:53.463-0400][42784527ms] GC(287) Metaspace: 197635K->197635K(1232896K)
[2023-06-20T07:21:53.463-0400][42784527ms] GC(287) Pause Young (Normal) (G1 Evacuation Pause) 1090M->1031M(1215M) 9.652ms
[2023-06-20T07:21:53.463-0400][42784527ms] GC(287) User=0.00s Sys=0.00s Real=0.01s
[2023-06-20T07:26:03.154-0400][43034218ms] GC(288) Pause Young (Normal) (G1 Evacuation Pause)
[2023-06-20T07:26:03.155-0400][43034219ms] GC(288) Using 8 workers of 8 for evacuation
[2023-06-20T07:26:03.165-0400][43034229ms] GC(288)   Pre Evacuate Collection Set: 0.1ms
[2023-06-20T07:26:03.165-0400][43034229ms] GC(288)   Evacuate Collection Set: 1.6ms
[2023-06-20T07:26:03.165-0400][43034229ms] GC(288)   Post Evacuate Collection Set: 8.2ms
[2023-06-20T07:26:03.166-0400][43034230ms] GC(288)   Other: 0.8ms
[2023-06-20T07:26:03.166-0400][43034230ms] GC(288) Eden regions: 59->0(59)
[2023-06-20T07:26:03.166-0400][43034230ms] GC(288) Survivor regions: 1->1(8)
[2023-06-20T07:26:03.166-0400][43034230ms] GC(288) Old regions: 1028->1028
[2023-06-20T07:26:03.166-0400][43034230ms] GC(288) Humongous regions: 4->4
[2023-06-20T07:26:03.166-0400][43034230ms] GC(288) Metaspace: 197635K->197635K(1232896K)
[2023-06-20T07:26:03.166-0400][43034230ms] GC(288) Pause Young (Normal) (G1 Evacuation Pause) 1090M->1031M(1215M) 11.924ms
[2023-06-20T07:26:03.167-0400][43034231ms] GC(288) User=0.09s Sys=0.02s Real=0.01s
[2023-06-20T07:30:14.510-0400][43285574ms] GC(289) Pause Young (Normal) (G1 Evacuation Pause)
[2023-06-20T07:30:14.510-0400][43285574ms] GC(289) Using 8 workers of 8 for evacuation
[2023-06-20T07:30:14.517-0400][43285581ms] GC(289)   Pre Evacuate Collection Set: 0.1ms
[2023-06-20T07:30:14.517-0400][43285581ms] GC(289)   Evacuate Collection Set: 1.1ms
[2023-06-20T07:30:14.517-0400][43285581ms] GC(289)   Post Evacuate Collection Set: 5.8ms
[2023-06-20T07:30:14.517-0400][43285581ms] GC(289)   Other: 0.6ms
[2023-06-20T07:30:14.517-0400][43285581ms] GC(289) Eden regions: 59->0(59)
[2023-06-20T07:30:14.517-0400][43285581ms] GC(289) Survivor regions: 1->1(8)
[2023-06-20T07:30:14.517-0400][43285581ms] GC(289) Old regions: 1028->1028
[2023-06-20T07:30:14.517-0400][43285581ms] GC(289) Humongous regions: 4->4
[2023-06-20T07:30:14.517-0400][43285581ms] GC(289) Metaspace: 197635K->197635K(1232896K)
[2023-06-20T07:30:14.518-0400][43285582ms] GC(289) Pause Young (Normal) (G1 Evacuation Pause) 1090M->1031M(1215M) 8.304ms
[2023-06-20T07:30:14.518-0400][43285582ms] GC(289) User=0.02s Sys=0.00s Real=0.01s
[2023-06-20T07:34:24.151-0400][43535215ms] GC(290) Pause Young (Normal) (G1 Evacuation Pause)
[2023-06-20T07:34:24.151-0400][43535215ms] GC(290) Using 8 workers of 8 for evacuation
[2023-06-20T07:34:24.163-0400][43535227ms] GC(290)   Pre Evacuate Collection Set: 0.1ms
[2023-06-20T07:34:24.163-0400][43535227ms] GC(290)   Evacuate Collection Set: 1.7ms
[2023-06-20T07:34:24.163-0400][43535227ms] GC(290)   Post Evacuate Collection Set: 9.5ms
[2023-06-20T07:34:24.164-0400][43535228ms] GC(290)   Other: 1.1ms
[2023-06-20T07:34:24.164-0400][43535228ms] GC(290) Eden regions: 59->0(59)
[2023-06-20T07:34:24.164-0400][43535228ms] GC(290) Survivor regions: 1->1(8)
[2023-06-20T07:34:24.164-0400][43535228ms] GC(290) Old regions: 1028->1028
[2023-06-20T07:34:24.164-0400][43535228ms] GC(290) Humongous regions: 4->4
[2023-06-20T07:34:24.164-0400][43535228ms] GC(290) Metaspace: 197635K->197635K(1232896K)
[2023-06-20T07:34:24.165-0400][43535229ms] GC(290) Pause Young (Normal) (G1 Evacuation Pause) 1090M->1031M(1215M) 13.813ms
[2023-06-20T07:34:24.165-0400][43535229ms] GC(290) User=0.02s Sys=0.00s Real=0.01s
[2023-06-20T07:38:37.148-0400][43788212ms] GC(291) Pause Young (Normal) (G1 Evacuation Pause)
[2023-06-20T07:38:37.148-0400][43788212ms] GC(291) Using 8 workers of 8 for evacuation
[2023-06-20T07:38:37.161-0400][43788225ms] GC(291)   Pre Evacuate Collection Set: 0.1ms
[2023-06-20T07:38:37.161-0400][43788225ms] GC(291)   Evacuate Collection Set: 1.9ms
[2023-06-20T07:38:37.161-0400][43788225ms] GC(291)   Post Evacuate Collection Set: 9.5ms
[2023-06-20T07:38:37.161-0400][43788225ms] GC(291)   Other: 0.9ms
[2023-06-20T07:38:37.162-0400][43788226ms] GC(291) Eden regions: 59->0(59)
[2023-06-20T07:38:37.162-0400][43788226ms] GC(291) Survivor regions: 1->1(8)
[2023-06-20T07:38:37.162-0400][43788226ms] GC(291) Old regions: 1028->1028
[2023-06-20T07:38:37.162-0400][43788226ms] GC(291) Humongous regions: 4->4
[2023-06-20T07:38:37.162-0400][43788226ms] GC(291) Metaspace: 197638K->197638K(1232896K)
[2023-06-20T07:38:37.162-0400][43788226ms] GC(291) Pause Young (Normal) (G1 Evacuation Pause) 1090M->1031M(1215M) 13.825ms
[2023-06-20T07:38:37.163-0400][43788227ms] GC(291) User=0.02s Sys=0.00s Real=0.02s
[2023-06-20T07:42:44.144-0400][44035208ms] GC(292) Pause Young (Normal) (G1 Evacuation Pause)
[2023-06-20T07:42:44.144-0400][44035208ms] GC(292) Using 8 workers of 8 for evacuation
[2023-06-20T07:42:44.153-0400][44035217ms] GC(292)   Pre Evacuate Collection Set: 0.1ms
[2023-06-20T07:42:44.153-0400][44035217ms] GC(292)   Evacuate Collection Set: 1.3ms
[2023-06-20T07:42:44.153-0400][44035217ms] GC(292)   Post Evacuate Collection Set: 7.2ms
[2023-06-20T07:42:44.153-0400][44035217ms] GC(292)   Other: 0.7ms
[2023-06-20T07:42:44.153-0400][44035217ms] GC(292) Eden regions: 59->0(59)
[2023-06-20T07:42:44.153-0400][44035218ms] GC(292) Survivor regions: 1->1(8)
[2023-06-20T07:42:44.154-0400][44035218ms] GC(292) Old regions: 1028->1028
[2023-06-20T07:42:44.154-0400][44035218ms] GC(292) Humongous regions: 4->4
[2023-06-20T07:42:44.154-0400][44035218ms] GC(292) Metaspace: 197638K->197638K(1232896K)
[2023-06-20T07:42:44.154-0400][44035218ms] GC(292) Pause Young (Normal) (G1 Evacuation Pause) 1090M->1031M(1215M) 10.348ms
[2023-06-20T07:42:44.154-0400][44035218ms] GC(292) User=0.00s Sys=0.00s Real=0.01s
[2023-06-20T07:46:57.155-0400][44288219ms] GC(293) Pause Young (Normal) (G1 Evacuation Pause)
[2023-06-20T07:46:57.156-0400][44288220ms] GC(293) Using 8 workers of 8 for evacuation
[2023-06-20T07:46:57.171-0400][44288235ms] GC(293)   Pre Evacuate Collection Set: 0.3ms
[2023-06-20T07:46:57.172-0400][44288236ms] GC(293)   Evacuate Collection Set: 2.0ms
[2023-06-20T07:46:57.172-0400][44288236ms] GC(293)   Post Evacuate Collection Set: 12.7ms
[2023-06-20T07:46:57.172-0400][44288236ms] GC(293)   Other: 1.1ms
[2023-06-20T07:46:57.172-0400][44288236ms] GC(293) Eden regions: 59->0(59)
[2023-06-20T07:46:57.172-0400][44288236ms] GC(293) Survivor regions: 1->1(8)
[2023-06-20T07:46:57.172-0400][44288236ms] GC(293) Old regions: 1028->1028
[2023-06-20T07:46:57.173-0400][44288237ms] GC(293) Humongous regions: 4->4
[2023-06-20T07:46:57.173-0400][44288237ms] GC(293) Metaspace: 197638K->197638K(1232896K)
[2023-06-20T07:46:57.173-0400][44288237ms] GC(293) Pause Young (Normal) (G1 Evacuation Pause) 1090M->1031M(1215M) 17.728ms
[2023-06-20T07:46:57.173-0400][44288237ms] GC(293) User=0.02s Sys=0.02s Real=0.02s
[2023-06-20T07:51:05.144-0400][44536208ms] GC(294) Pause Young (Normal) (G1 Evacuation Pause)
[2023-06-20T07:51:05.144-0400][44536208ms] GC(294) Using 8 workers of 8 for evacuation
[2023-06-20T07:51:05.156-0400][44536220ms] GC(294)   Pre Evacuate Collection Set: 0.1ms
[2023-06-20T07:51:05.156-0400][44536220ms] GC(294)   Evacuate Collection Set: 1.8ms
[2023-06-20T07:51:05.158-0400][44536222ms] GC(294)   Post Evacuate Collection Set: 9.3ms
[2023-06-20T07:51:05.158-0400][44536222ms] GC(294)   Other: 1.2ms
[2023-06-20T07:51:05.158-0400][44536222ms] GC(294) Eden regions: 59->0(59)
[2023-06-20T07:51:05.158-0400][44536222ms] GC(294) Survivor regions: 1->1(8)
[2023-06-20T07:51:05.158-0400][44536222ms] GC(294) Old regions: 1028->1028
[2023-06-20T07:51:05.158-0400][44536222ms] GC(294) Humongous regions: 4->4
[2023-06-20T07:51:05.158-0400][44536222ms] GC(294) Metaspace: 197638K->197638K(1232896K)
[2023-06-20T07:51:05.159-0400][44536223ms] GC(294) Pause Young (Normal) (G1 Evacuation Pause) 1090M->1031M(1215M) 13.928ms
[2023-06-20T07:51:05.159-0400][44536223ms] GC(294) User=0.02s Sys=0.00s Real=0.01s
[2023-06-20T07:55:16.147-0400][44787211ms] GC(295) Pause Young (Normal) (G1 Evacuation Pause)
[2023-06-20T07:55:16.147-0400][44787211ms] GC(295) Using 8 workers of 8 for evacuation
[2023-06-20T07:55:16.159-0400][44787223ms] GC(295)   Pre Evacuate Collection Set: 0.1ms
[2023-06-20T07:55:16.159-0400][44787223ms] GC(295)   Evacuate Collection Set: 1.7ms
[2023-06-20T07:55:16.159-0400][44787223ms] GC(295)   Post Evacuate Collection Set: 9.5ms
[2023-06-20T07:55:16.159-0400][44787223ms] GC(295)   Other: 0.9ms
[2023-06-20T07:55:16.160-0400][44787224ms] GC(295) Eden regions: 59->0(59)
[2023-06-20T07:55:16.160-0400][44787224ms] GC(295) Survivor regions: 1->1(8)
[2023-06-20T07:55:16.160-0400][44787224ms] GC(295) Old regions: 1028->1028
[2023-06-20T07:55:16.160-0400][44787224ms] GC(295) Humongous regions: 4->4
[2023-06-20T07:55:16.160-0400][44787224ms] GC(295) Metaspace: 197638K->197638K(1232896K)
[2023-06-20T07:55:16.160-0400][44787224ms] GC(295) Pause Young (Normal) (G1 Evacuation Pause) 1090M->1031M(1215M) 13.634ms
[2023-06-20T07:55:16.161-0400][44787225ms] GC(295) User=0.02s Sys=0.00s Real=0.01s
[2023-06-20T07:59:26.149-0400][45037213ms] GC(296) Pause Young (Normal) (G1 Evacuation Pause)
[2023-06-20T07:59:26.149-0400][45037213ms] GC(296) Using 8 workers of 8 for evacuation
[2023-06-20T07:59:26.161-0400][45037225ms] GC(296)   Pre Evacuate Collection Set: 0.2ms
[2023-06-20T07:59:26.162-0400][45037226ms] GC(296)   Evacuate Collection Set: 1.9ms
[2023-06-20T07:59:26.162-0400][45037226ms] GC(296)   Post Evacuate Collection Set: 9.6ms
[2023-06-20T07:59:26.162-0400][45037226ms] GC(296)   Other: 1.1ms
[2023-06-20T07:59:26.162-0400][45037226ms] GC(296) Eden regions: 59->0(59)
[2023-06-20T07:59:26.162-0400][45037226ms] GC(296) Survivor regions: 1->1(8)
[2023-06-20T07:59:26.162-0400][45037226ms] GC(296) Old regions: 1028->1028
[2023-06-20T07:59:26.162-0400][45037226ms] GC(296) Humongous regions: 4->4
[2023-06-20T07:59:26.163-0400][45037227ms] GC(296) Metaspace: 197638K->197638K(1232896K)
[2023-06-20T07:59:26.163-0400][45037227ms] GC(296) Pause Young (Normal) (G1 Evacuation Pause) 1090M->1031M(1215M) 14.290ms
[2023-06-20T07:59:26.163-0400][45037227ms] GC(296) User=0.02s Sys=0.00s Real=0.01s
[2023-06-20T08:03:38.156-0400][45289220ms] GC(297) Pause Young (Normal) (G1 Evacuation Pause)
[2023-06-20T08:03:38.156-0400][45289220ms] GC(297) Using 8 workers of 8 for evacuation
[2023-06-20T08:03:38.168-0400][45289232ms] GC(297)   Pre Evacuate Collection Set: 0.1ms
[2023-06-20T08:03:38.168-0400][45289232ms] GC(297)   Evacuate Collection Set: 1.8ms
[2023-06-20T08:03:38.168-0400][45289232ms] GC(297)   Post Evacuate Collection Set: 9.0ms
[2023-06-20T08:03:38.168-0400][45289232ms] GC(297)   Other: 0.9ms
[2023-06-20T08:03:38.169-0400][45289233ms] GC(297) Eden regions: 59->0(59)
[2023-06-20T08:03:38.169-0400][45289233ms] GC(297) Survivor regions: 1->1(8)
[2023-06-20T08:03:38.169-0400][45289233ms] GC(297) Old regions: 1028->1028
[2023-06-20T08:03:38.169-0400][45289233ms] GC(297) Humongous regions: 4->4
[2023-06-20T08:03:38.169-0400][45289233ms] GC(297) Metaspace: 197638K->197638K(1232896K)
[2023-06-20T08:03:38.169-0400][45289233ms] GC(297) Pause Young (Normal) (G1 Evacuation Pause) 1090M->1031M(1215M) 13.285ms
[2023-06-20T08:03:38.170-0400][45289234ms] GC(297) User=0.00s Sys=0.00s Real=0.01s
[2023-06-20T08:07:49.151-0400][45540215ms] GC(298) Pause Young (Normal) (G1 Evacuation Pause)
[2023-06-20T08:07:49.152-0400][45540216ms] GC(298) Using 8 workers of 8 for evacuation
[2023-06-20T08:07:49.159-0400][45540223ms] GC(298)   Pre Evacuate Collection Set: 0.1ms
[2023-06-20T08:07:49.159-0400][45540223ms] GC(298)   Evacuate Collection Set: 1.0ms
[2023-06-20T08:07:49.159-0400][45540223ms] GC(298)   Post Evacuate Collection Set: 6.0ms
[2023-06-20T08:07:49.159-0400][45540223ms] GC(298)   Other: 0.6ms
[2023-06-20T08:07:49.160-0400][45540224ms] GC(298) Eden regions: 59->0(59)
[2023-06-20T08:07:49.160-0400][45540224ms] GC(298) Survivor regions: 1->1(8)
[2023-06-20T08:07:49.160-0400][45540224ms] GC(298) Old regions: 1028->1028
[2023-06-20T08:07:49.160-0400][45540224ms] GC(298) Humongous regions: 4->4
[2023-06-20T08:07:49.160-0400][45540224ms] GC(298) Metaspace: 197638K->197638K(1232896K)
[2023-06-20T08:07:49.160-0400][45540224ms] GC(298) Pause Young (Normal) (G1 Evacuation Pause) 1090M->1031M(1215M) 9.102ms
[2023-06-20T08:07:49.160-0400][45540224ms] GC(298) User=0.02s Sys=0.00s Real=0.01s
[2023-06-20T08:12:01.146-0400][45792210ms] GC(299) Pause Young (Normal) (G1 Evacuation Pause)
[2023-06-20T08:12:01.146-0400][45792210ms] GC(299) Using 8 workers of 8 for evacuation
[2023-06-20T08:12:01.151-0400][45792215ms] GC(299)   Pre Evacuate Collection Set: 0.0ms
[2023-06-20T08:12:01.151-0400][45792215ms] GC(299)   Evacuate Collection Set: 0.8ms
[2023-06-20T08:12:01.151-0400][45792215ms] GC(299)   Post Evacuate Collection Set: 3.9ms
[2023-06-20T08:12:01.151-0400][45792215ms] GC(299)   Other: 0.3ms
[2023-06-20T08:12:01.151-0400][45792215ms] GC(299) Eden regions: 59->0(59)
[2023-06-20T08:12:01.151-0400][45792215ms] GC(299) Survivor regions: 1->1(8)
[2023-06-20T08:12:01.151-0400][45792215ms] GC(299) Old regions: 1028->1028
[2023-06-20T08:12:01.151-0400][45792215ms] GC(299) Humongous regions: 4->4
[2023-06-20T08:12:01.151-0400][45792215ms] GC(299) Metaspace: 197638K->197638K(1232896K)
[2023-06-20T08:12:01.151-0400][45792215ms] GC(299) Pause Young (Normal) (G1 Evacuation Pause) 1090M->1031M(1215M) 5.293ms
[2023-06-20T08:12:01.151-0400][45792215ms] GC(299) User=0.00s Sys=0.00s Real=0.01s
[2023-06-20T08:16:08.144-0400][46039208ms] GC(300) Pause Young (Normal) (G1 Evacuation Pause)
[2023-06-20T08:16:08.144-0400][46039208ms] GC(300) Using 8 workers of 8 for evacuation
[2023-06-20T08:16:08.150-0400][46039214ms] GC(300)   Pre Evacuate Collection Set: 0.1ms
[2023-06-20T08:16:08.150-0400][46039214ms] GC(300)   Evacuate Collection Set: 0.7ms
[2023-06-20T08:16:08.150-0400][46039214ms] GC(300)   Post Evacuate Collection Set: 4.1ms
[2023-06-20T08:16:08.150-0400][46039214ms] GC(300)   Other: 0.4ms
[2023-06-20T08:16:08.150-0400][46039214ms] GC(300) Eden regions: 59->0(59)
[2023-06-20T08:16:08.150-0400][46039214ms] GC(300) Survivor regions: 1->1(8)
[2023-06-20T08:16:08.150-0400][46039214ms] GC(300) Old regions: 1028->1028
[2023-06-20T08:16:08.150-0400][46039214ms] GC(300) Humongous regions: 4->4
[2023-06-20T08:16:08.150-0400][46039214ms] GC(300) Metaspace: 197638K->197638K(1232896K)
[2023-06-20T08:16:08.150-0400][46039214ms] GC(300) Pause Young (Normal) (G1 Evacuation Pause) 1090M->1031M(1215M) 5.872ms
[2023-06-20T08:16:08.150-0400][46039214ms] GC(300) User=0.00s Sys=0.00s Real=0.01s
[2023-06-20T08:20:22.153-0400][46293217ms] GC(301) Pause Young (Normal) (G1 Evacuation Pause)
[2023-06-20T08:20:22.153-0400][46293217ms] GC(301) Using 8 workers of 8 for evacuation
[2023-06-20T08:20:22.165-0400][46293229ms] GC(301)   Pre Evacuate Collection Set: 0.1ms
[2023-06-20T08:20:22.165-0400][46293229ms] GC(301)   Evacuate Collection Set: 1.7ms
[2023-06-20T08:20:22.165-0400][46293229ms] GC(301)   Post Evacuate Collection Set: 9.2ms
[2023-06-20T08:20:22.165-0400][46293229ms] GC(301)   Other: 1.1ms
[2023-06-20T08:20:22.165-0400][46293229ms] GC(301) Eden regions: 59->0(59)
[2023-06-20T08:20:22.166-0400][46293230ms] GC(301) Survivor regions: 1->1(8)
[2023-06-20T08:20:22.166-0400][46293230ms] GC(301) Old regions: 1028->1028
[2023-06-20T08:20:22.166-0400][46293230ms] GC(301) Humongous regions: 4->4
[2023-06-20T08:20:22.166-0400][46293230ms] GC(301) Metaspace: 197638K->197638K(1232896K)
[2023-06-20T08:20:22.166-0400][46293230ms] GC(301) Pause Young (Normal) (G1 Evacuation Pause) 1090M->1031M(1215M) 13.427ms
[2023-06-20T08:20:22.166-0400][46293230ms] GC(301) User=0.00s Sys=0.00s Real=0.01s
[2023-06-20T08:24:31.153-0400][46542217ms] GC(302) Pause Young (Normal) (G1 Evacuation Pause)
[2023-06-20T08:24:31.153-0400][46542217ms] GC(302) Using 8 workers of 8 for evacuation
[2023-06-20T08:24:31.163-0400][46542227ms] GC(302)   Pre Evacuate Collection Set: 0.2ms
[2023-06-20T08:24:31.163-0400][46542227ms] GC(302)   Evacuate Collection Set: 1.4ms
[2023-06-20T08:24:31.163-0400][46542227ms] GC(302)   Post Evacuate Collection Set: 8.3ms
[2023-06-20T08:24:31.163-0400][46542227ms] GC(302)   Other: 1.0ms
[2023-06-20T08:24:31.164-0400][46542228ms] GC(302) Eden regions: 59->0(59)
[2023-06-20T08:24:31.164-0400][46542228ms] GC(302) Survivor regions: 1->1(8)
[2023-06-20T08:24:31.164-0400][46542228ms] GC(302) Old regions: 1028->1028
[2023-06-20T08:24:31.164-0400][46542228ms] GC(302) Humongous regions: 4->4
[2023-06-20T08:24:31.164-0400][46542228ms] GC(302) Metaspace: 197638K->197638K(1232896K)
[2023-06-20T08:24:31.164-0400][46542228ms] GC(302) Pause Young (Normal) (G1 Evacuation Pause) 1090M->1031M(1215M) 12.120ms
[2023-06-20T08:24:31.164-0400][46542228ms] GC(302) User=0.02s Sys=0.00s Real=0.01s
[2023-06-20T08:28:42.150-0400][46793214ms] GC(303) Pause Young (Normal) (G1 Evacuation Pause)
[2023-06-20T08:28:42.150-0400][46793214ms] GC(303) Using 8 workers of 8 for evacuation
[2023-06-20T08:28:42.156-0400][46793220ms] GC(303)   Pre Evacuate Collection Set: 0.1ms
[2023-06-20T08:28:42.156-0400][46793220ms] GC(303)   Evacuate Collection Set: 1.0ms
[2023-06-20T08:28:42.156-0400][46793220ms] GC(303)   Post Evacuate Collection Set: 4.8ms
[2023-06-20T08:28:42.156-0400][46793220ms] GC(303)   Other: 0.5ms
[2023-06-20T08:28:42.156-0400][46793220ms] GC(303) Eden regions: 59->0(59)
[2023-06-20T08:28:42.156-0400][46793220ms] GC(303) Survivor regions: 1->1(8)
[2023-06-20T08:28:42.156-0400][46793220ms] GC(303) Old regions: 1028->1028
[2023-06-20T08:28:42.156-0400][46793220ms] GC(303) Humongous regions: 4->4
[2023-06-20T08:28:42.156-0400][46793220ms] GC(303) Metaspace: 197638K->197638K(1232896K)
[2023-06-20T08:28:42.156-0400][46793220ms] GC(303) Pause Young (Normal) (G1 Evacuation Pause) 1090M->1031M(1215M) 6.665ms
[2023-06-20T08:28:42.156-0400][46793220ms] GC(303) User=0.02s Sys=0.00s Real=0.01s
[2023-06-20T08:32:54.149-0400][47045213ms] GC(304) Pause Young (Normal) (G1 Evacuation Pause)
[2023-06-20T08:32:54.149-0400][47045213ms] GC(304) Using 8 workers of 8 for evacuation
[2023-06-20T08:32:54.155-0400][47045219ms] GC(304)   Pre Evacuate Collection Set: 0.1ms
[2023-06-20T08:32:54.155-0400][47045219ms] GC(304)   Evacuate Collection Set: 0.5ms
[2023-06-20T08:32:54.155-0400][47045219ms] GC(304)   Post Evacuate Collection Set: 4.9ms
[2023-06-20T08:32:54.155-0400][47045219ms] GC(304)   Other: 0.3ms
[2023-06-20T08:32:54.155-0400][47045219ms] GC(304) Eden regions: 59->0(59)
[2023-06-20T08:32:54.155-0400][47045219ms] GC(304) Survivor regions: 1->1(8)
[2023-06-20T08:32:54.155-0400][47045219ms] GC(304) Old regions: 1028->1028
[2023-06-20T08:32:54.155-0400][47045219ms] GC(304) Humongous regions: 4->4
[2023-06-20T08:32:54.155-0400][47045219ms] GC(304) Metaspace: 197638K->197638K(1232896K)
[2023-06-20T08:32:54.155-0400][47045219ms] GC(304) Pause Young (Normal) (G1 Evacuation Pause) 1090M->1031M(1215M) 6.201ms
[2023-06-20T08:32:54.155-0400][47045219ms] GC(304) User=0.00s Sys=0.00s Real=0.01s
[2023-06-20T08:37:04.146-0400][47295210ms] GC(305) Pause Young (Normal) (G1 Evacuation Pause)
[2023-06-20T08:37:04.146-0400][47295210ms] GC(305) Using 8 workers of 8 for evacuation
[2023-06-20T08:37:04.158-0400][47295222ms] GC(305)   Pre Evacuate Collection Set: 0.2ms
[2023-06-20T08:37:04.158-0400][47295222ms] GC(305)   Evacuate Collection Set: 1.8ms
[2023-06-20T08:37:04.158-0400][47295222ms] GC(305)   Post Evacuate Collection Set: 8.6ms
[2023-06-20T08:37:04.158-0400][47295222ms] GC(305)   Other: 1.3ms
[2023-06-20T08:37:04.158-0400][47295222ms] GC(305) Eden regions: 59->0(59)
[2023-06-20T08:37:04.158-0400][47295222ms] GC(305) Survivor regions: 1->1(8)
[2023-06-20T08:37:04.159-0400][47295223ms] GC(305) Old regions: 1028->1028
[2023-06-20T08:37:04.159-0400][47295223ms] GC(305) Humongous regions: 4->4
[2023-06-20T08:37:04.159-0400][47295223ms] GC(305) Metaspace: 197638K->197638K(1232896K)
[2023-06-20T08:37:04.159-0400][47295223ms] GC(305) Pause Young (Normal) (G1 Evacuation Pause) 1090M->1031M(1215M) 13.589ms
[2023-06-20T08:37:04.160-0400][47295224ms] GC(305) User=0.02s Sys=0.00s Real=0.01s
[2023-06-20T08:41:12.154-0400][47543218ms] GC(306) Pause Young (Normal) (G1 Evacuation Pause)
[2023-06-20T08:41:12.154-0400][47543218ms] GC(306) Using 8 workers of 8 for evacuation
[2023-06-20T08:41:12.165-0400][47543229ms] GC(306)   Pre Evacuate Collection Set: 0.1ms
[2023-06-20T08:41:12.165-0400][47543229ms] GC(306)   Evacuate Collection Set: 1.7ms
[2023-06-20T08:41:12.165-0400][47543229ms] GC(306)   Post Evacuate Collection Set: 8.2ms
[2023-06-20T08:41:12.165-0400][47543229ms] GC(306)   Other: 1.0ms
[2023-06-20T08:41:12.166-0400][47543230ms] GC(306) Eden regions: 59->0(59)
[2023-06-20T08:41:12.166-0400][47543230ms] GC(306) Survivor regions: 1->1(8)
[2023-06-20T08:41:12.166-0400][47543230ms] GC(306) Old regions: 1028->1028
[2023-06-20T08:41:12.166-0400][47543230ms] GC(306) Humongous regions: 4->4
[2023-06-20T08:41:12.166-0400][47543230ms] GC(306) Metaspace: 197638K->197638K(1232896K)
[2023-06-20T08:41:12.166-0400][47543230ms] GC(306) Pause Young (Normal) (G1 Evacuation Pause) 1090M->1031M(1215M) 12.490ms
[2023-06-20T08:41:12.167-0400][47543231ms] GC(306) User=0.13s Sys=0.00s Real=0.01s
[2023-06-20T08:45:23.150-0400][47794214ms] GC(307) Pause Young (Normal) (G1 Evacuation Pause)
[2023-06-20T08:45:23.150-0400][47794214ms] GC(307) Using 8 workers of 8 for evacuation
[2023-06-20T08:45:23.162-0400][47794226ms] GC(307)   Pre Evacuate Collection Set: 0.2ms
[2023-06-20T08:45:23.162-0400][47794226ms] GC(307)   Evacuate Collection Set: 1.8ms
[2023-06-20T08:45:23.163-0400][47794227ms] GC(307)   Post Evacuate Collection Set: 9.5ms
[2023-06-20T08:45:23.163-0400][47794227ms] GC(307)   Other: 1.0ms
[2023-06-20T08:45:23.163-0400][47794227ms] GC(307) Eden regions: 59->0(59)
[2023-06-20T08:45:23.163-0400][47794227ms] GC(307) Survivor regions: 1->1(8)
[2023-06-20T08:45:23.163-0400][47794227ms] GC(307) Old regions: 1028->1028
[2023-06-20T08:45:23.163-0400][47794227ms] GC(307) Humongous regions: 4->4
[2023-06-20T08:45:23.163-0400][47794227ms] GC(307) Metaspace: 197638K->197638K(1232896K)
[2023-06-20T08:45:23.164-0400][47794228ms] GC(307) Pause Young (Normal) (G1 Evacuation Pause) 1090M->1031M(1215M) 13.815ms
[2023-06-20T08:45:23.164-0400][47794228ms] GC(307) User=0.02s Sys=0.00s Real=0.01s
[2023-06-20T08:49:33.152-0400][48044216ms] GC(308) Pause Young (Normal) (G1 Evacuation Pause)
[2023-06-20T08:49:33.152-0400][48044216ms] GC(308) Using 8 workers of 8 for evacuation
[2023-06-20T08:49:33.159-0400][48044223ms] GC(308)   Pre Evacuate Collection Set: 0.1ms
[2023-06-20T08:49:33.159-0400][48044223ms] GC(308)   Evacuate Collection Set: 1.0ms
[2023-06-20T08:49:33.159-0400][48044223ms] GC(308)   Post Evacuate Collection Set: 5.2ms
[2023-06-20T08:49:33.159-0400][48044223ms] GC(308)   Other: 0.5ms
[2023-06-20T08:49:33.159-0400][48044223ms] GC(308) Eden regions: 59->0(59)
[2023-06-20T08:49:33.159-0400][48044223ms] GC(308) Survivor regions: 1->1(8)
[2023-06-20T08:49:33.159-0400][48044223ms] GC(308) Old regions: 1028->1028
[2023-06-20T08:49:33.159-0400][48044223ms] GC(308) Humongous regions: 4->4
[2023-06-20T08:49:33.159-0400][48044223ms] GC(308) Metaspace: 197638K->197638K(1232896K)
[2023-06-20T08:49:33.159-0400][48044223ms] GC(308) Pause Young (Normal) (G1 Evacuation Pause) 1090M->1031M(1215M) 7.510ms
[2023-06-20T08:49:33.160-0400][48044224ms] GC(308) User=0.02s Sys=0.00s Real=0.01s
[2023-06-20T08:53:46.150-0400][48297214ms] GC(309) Pause Young (Normal) (G1 Evacuation Pause)
[2023-06-20T08:53:46.150-0400][48297214ms] GC(309) Using 8 workers of 8 for evacuation
[2023-06-20T08:53:46.155-0400][48297219ms] GC(309)   Pre Evacuate Collection Set: 0.0ms
[2023-06-20T08:53:46.155-0400][48297219ms] GC(309)   Evacuate Collection Set: 0.7ms
[2023-06-20T08:53:46.155-0400][48297219ms] GC(309)   Post Evacuate Collection Set: 4.0ms
[2023-06-20T08:53:46.156-0400][48297220ms] GC(309)   Other: 0.6ms
[2023-06-20T08:53:46.156-0400][48297220ms] GC(309) Eden regions: 59->0(59)
[2023-06-20T08:53:46.156-0400][48297220ms] GC(309) Survivor regions: 1->1(8)
[2023-06-20T08:53:46.156-0400][48297220ms] GC(309) Old regions: 1028->1028
[2023-06-20T08:53:46.156-0400][48297220ms] GC(309) Humongous regions: 4->4
[2023-06-20T08:53:46.156-0400][48297220ms] GC(309) Metaspace: 197638K->197638K(1232896K)
[2023-06-20T08:53:46.156-0400][48297220ms] GC(309) Pause Young (Normal) (G1 Evacuation Pause) 1090M->1031M(1215M) 5.464ms
[2023-06-20T08:53:46.156-0400][48297220ms] GC(309) User=0.02s Sys=0.00s Real=0.01s
[2023-06-20T08:57:56.143-0400][48547207ms] GC(310) Pause Young (Normal) (G1 Evacuation Pause)
[2023-06-20T08:57:56.143-0400][48547207ms] GC(310) Using 8 workers of 8 for evacuation
[2023-06-20T08:57:56.152-0400][48547216ms] GC(310)   Pre Evacuate Collection Set: 0.1ms
[2023-06-20T08:57:56.152-0400][48547216ms] GC(310)   Evacuate Collection Set: 1.5ms
[2023-06-20T08:57:56.152-0400][48547216ms] GC(310)   Post Evacuate Collection Set: 6.6ms
[2023-06-20T08:57:56.152-0400][48547216ms] GC(310)   Other: 0.9ms
[2023-06-20T08:57:56.152-0400][48547216ms] GC(310) Eden regions: 59->0(59)
[2023-06-20T08:57:56.152-0400][48547216ms] GC(310) Survivor regions: 1->1(8)
[2023-06-20T08:57:56.152-0400][48547216ms] GC(310) Old regions: 1028->1028
[2023-06-20T08:57:56.152-0400][48547216ms] GC(310) Humongous regions: 4->4
[2023-06-20T08:57:56.152-0400][48547216ms] GC(310) Metaspace: 197638K->197638K(1232896K)
[2023-06-20T08:57:56.152-0400][48547216ms] GC(310) Pause Young (Normal) (G1 Evacuation Pause) 1090M->1031M(1215M) 9.697ms
[2023-06-20T08:57:56.153-0400][48547217ms] GC(310) User=0.00s Sys=0.00s Real=0.01s
[2023-06-20T09:02:04.154-0400][48795218ms] GC(311) Pause Young (Normal) (G1 Evacuation Pause)
[2023-06-20T09:02:04.154-0400][48795218ms] GC(311) Using 8 workers of 8 for evacuation
[2023-06-20T09:02:04.160-0400][48795224ms] GC(311)   Pre Evacuate Collection Set: 0.1ms
[2023-06-20T09:02:04.160-0400][48795224ms] GC(311)   Evacuate Collection Set: 0.9ms
[2023-06-20T09:02:04.160-0400][48795224ms] GC(311)   Post Evacuate Collection Set: 4.3ms
[2023-06-20T09:02:04.160-0400][48795224ms] GC(311)   Other: 0.5ms
[2023-06-20T09:02:04.160-0400][48795224ms] GC(311) Eden regions: 59->0(59)
[2023-06-20T09:02:04.160-0400][48795224ms] GC(311) Survivor regions: 1->1(8)
[2023-06-20T09:02:04.160-0400][48795224ms] GC(311) Old regions: 1028->1028
[2023-06-20T09:02:04.160-0400][48795224ms] GC(311) Humongous regions: 4->4
[2023-06-20T09:02:04.160-0400][48795224ms] GC(311) Metaspace: 197638K->197638K(1232896K)
[2023-06-20T09:02:04.160-0400][48795224ms] GC(311) Pause Young (Normal) (G1 Evacuation Pause) 1090M->1031M(1215M) 5.965ms
[2023-06-20T09:02:04.160-0400][48795224ms] GC(311) User=0.13s Sys=0.00s Real=0.01s
[2023-06-20T09:06:15.259-0400][49046323ms] GC(312) Pause Young (Normal) (G1 Evacuation Pause)
[2023-06-20T09:06:15.259-0400][49046323ms] GC(312) Using 8 workers of 8 for evacuation
[2023-06-20T09:06:15.262-0400][49046326ms] GC(312)   Pre Evacuate Collection Set: 0.1ms
[2023-06-20T09:06:15.262-0400][49046326ms] GC(312)   Evacuate Collection Set: 0.4ms
[2023-06-20T09:06:15.262-0400][49046326ms] GC(312)   Post Evacuate Collection Set: 2.4ms
[2023-06-20T09:06:15.262-0400][49046326ms] GC(312)   Other: 0.3ms
[2023-06-20T09:06:15.262-0400][49046326ms] GC(312) Eden regions: 59->0(59)
[2023-06-20T09:06:15.262-0400][49046326ms] GC(312) Survivor regions: 1->1(8)
[2023-06-20T09:06:15.262-0400][49046326ms] GC(312) Old regions: 1028->1028
[2023-06-20T09:06:15.262-0400][49046326ms] GC(312) Humongous regions: 4->4
[2023-06-20T09:06:15.262-0400][49046326ms] GC(312) Metaspace: 197638K->197638K(1232896K)
[2023-06-20T09:06:15.262-0400][49046326ms] GC(312) Pause Young (Normal) (G1 Evacuation Pause) 1090M->1031M(1215M) 3.408ms
[2023-06-20T09:06:15.262-0400][49046326ms] GC(312) User=0.00s Sys=0.00s Real=0.00s
[2023-06-20T09:10:25.143-0400][49296207ms] GC(313) Pause Young (Normal) (G1 Evacuation Pause)
[2023-06-20T09:10:25.143-0400][49296207ms] GC(313) Using 8 workers of 8 for evacuation
[2023-06-20T09:10:25.155-0400][49296219ms] GC(313)   Pre Evacuate Collection Set: 0.1ms
[2023-06-20T09:10:25.155-0400][49296219ms] GC(313)   Evacuate Collection Set: 1.7ms
[2023-06-20T09:10:25.155-0400][49296219ms] GC(313)   Post Evacuate Collection Set: 9.1ms
[2023-06-20T09:10:25.155-0400][49296219ms] GC(313)   Other: 1.0ms
[2023-06-20T09:10:25.156-0400][49296220ms] GC(313) Eden regions: 59->0(59)
[2023-06-20T09:10:25.156-0400][49296220ms] GC(313) Survivor regions: 1->1(8)
[2023-06-20T09:10:25.156-0400][49296220ms] GC(313) Old regions: 1028->1028
[2023-06-20T09:10:25.156-0400][49296220ms] GC(313) Humongous regions: 4->4
[2023-06-20T09:10:25.156-0400][49296220ms] GC(313) Metaspace: 197638K->197638K(1232896K)
[2023-06-20T09:10:25.156-0400][49296220ms] GC(313) Pause Young (Normal) (G1 Evacuation Pause) 1090M->1031M(1215M) 13.339ms
[2023-06-20T09:10:25.157-0400][49296221ms] GC(313) User=0.00s Sys=0.02s Real=0.01s
[2023-06-20T09:14:40.147-0400][49551211ms] GC(314) Pause Young (Normal) (G1 Evacuation Pause)
[2023-06-20T09:14:40.147-0400][49551211ms] GC(314) Using 8 workers of 8 for evacuation
[2023-06-20T09:14:40.159-0400][49551223ms] GC(314)   Pre Evacuate Collection Set: 0.2ms
[2023-06-20T09:14:40.159-0400][49551223ms] GC(314)   Evacuate Collection Set: 2.0ms
[2023-06-20T09:14:40.160-0400][49551224ms] GC(314)   Post Evacuate Collection Set: 9.3ms
[2023-06-20T09:14:40.160-0400][49551224ms] GC(314)   Other: 1.0ms
[2023-06-20T09:14:40.160-0400][49551224ms] GC(314) Eden regions: 59->0(59)
[2023-06-20T09:14:40.160-0400][49551224ms] GC(314) Survivor regions: 1->1(8)
[2023-06-20T09:14:40.160-0400][49551224ms] GC(314) Old regions: 1028->1028
[2023-06-20T09:14:40.160-0400][49551224ms] GC(314) Humongous regions: 4->4
[2023-06-20T09:14:40.160-0400][49551224ms] GC(314) Metaspace: 197638K->197638K(1232896K)
[2023-06-20T09:14:40.161-0400][49551225ms] GC(314) Pause Young (Normal) (G1 Evacuation Pause) 1090M->1031M(1215M) 13.859ms
[2023-06-20T09:14:40.161-0400][49551225ms] GC(314) User=0.02s Sys=0.00s Real=0.01s
[2023-06-20T09:18:49.143-0400][49800207ms] GC(315) Pause Young (Normal) (G1 Evacuation Pause)
[2023-06-20T09:18:49.143-0400][49800207ms] GC(315) Using 8 workers of 8 for evacuation
[2023-06-20T09:18:49.146-0400][49800210ms] GC(315)   Pre Evacuate Collection Set: 0.1ms
[2023-06-20T09:18:49.146-0400][49800210ms] GC(315)   Evacuate Collection Set: 0.5ms
[2023-06-20T09:18:49.146-0400][49800210ms] GC(315)   Post Evacuate Collection Set: 3.1ms
[2023-06-20T09:18:49.146-0400][49800210ms] GC(315)   Other: 0.4ms
[2023-06-20T09:18:49.146-0400][49800210ms] GC(315) Eden regions: 59->0(59)
[2023-06-20T09:18:49.146-0400][49800210ms] GC(315) Survivor regions: 1->1(8)
[2023-06-20T09:18:49.146-0400][49800210ms] GC(315) Old regions: 1028->1028
[2023-06-20T09:18:49.146-0400][49800210ms] GC(315) Humongous regions: 4->4
[2023-06-20T09:18:49.147-0400][49800211ms] GC(315) Metaspace: 197638K->197638K(1232896K)
[2023-06-20T09:18:49.147-0400][49800211ms] GC(315) Pause Young (Normal) (G1 Evacuation Pause) 1090M->1031M(1215M) 4.335ms
[2023-06-20T09:18:49.147-0400][49800211ms] GC(315) User=0.00s Sys=0.00s Real=0.00s
[2023-06-20T09:22:57.149-0400][50048213ms] GC(316) Pause Young (Normal) (G1 Evacuation Pause)
[2023-06-20T09:22:57.149-0400][50048213ms] GC(316) Using 8 workers of 8 for evacuation
[2023-06-20T09:22:57.153-0400][50048217ms] GC(316)   Pre Evacuate Collection Set: 0.0ms
[2023-06-20T09:22:57.153-0400][50048217ms] GC(316)   Evacuate Collection Set: 0.5ms
[2023-06-20T09:22:57.153-0400][50048217ms] GC(316)   Post Evacuate Collection Set: 2.9ms
[2023-06-20T09:22:57.153-0400][50048217ms] GC(316)   Other: 0.3ms
[2023-06-20T09:22:57.153-0400][50048217ms] GC(316) Eden regions: 59->0(59)
[2023-06-20T09:22:57.153-0400][50048217ms] GC(316) Survivor regions: 1->1(8)
[2023-06-20T09:22:57.153-0400][50048217ms] GC(316) Old regions: 1028->1028
[2023-06-20T09:22:57.153-0400][50048217ms] GC(316) Humongous regions: 4->4
[2023-06-20T09:22:57.153-0400][50048217ms] GC(316) Metaspace: 197677K->197677K(1232896K)
[2023-06-20T09:22:57.153-0400][50048217ms] GC(316) Pause Young (Normal) (G1 Evacuation Pause) 1090M->1031M(1215M) 4.036ms
[2023-06-20T09:22:57.153-0400][50048217ms] GC(316) User=0.00s Sys=0.00s Real=0.00s
[2023-06-20T09:27:10.149-0400][50301213ms] GC(317) Pause Young (Normal) (G1 Evacuation Pause)
[2023-06-20T09:27:10.149-0400][50301213ms] GC(317) Using 8 workers of 8 for evacuation
[2023-06-20T09:27:10.157-0400][50301221ms] GC(317)   Pre Evacuate Collection Set: 0.1ms
[2023-06-20T09:27:10.157-0400][50301221ms] GC(317)   Evacuate Collection Set: 1.1ms
[2023-06-20T09:27:10.157-0400][50301221ms] GC(317)   Post Evacuate Collection Set: 5.5ms
[2023-06-20T09:27:10.157-0400][50301221ms] GC(317)   Other: 0.6ms
[2023-06-20T09:27:10.157-0400][50301221ms] GC(317) Eden regions: 59->0(59)
[2023-06-20T09:27:10.157-0400][50301221ms] GC(317) Survivor regions: 1->1(8)
[2023-06-20T09:27:10.157-0400][50301221ms] GC(317) Old regions: 1028->1028
[2023-06-20T09:27:10.157-0400][50301221ms] GC(317) Humongous regions: 4->4
[2023-06-20T09:27:10.157-0400][50301221ms] GC(317) Metaspace: 197677K->197677K(1232896K)
[2023-06-20T09:27:10.158-0400][50301222ms] GC(317) Pause Young (Normal) (G1 Evacuation Pause) 1090M->1031M(1215M) 8.067ms
[2023-06-20T09:27:10.158-0400][50301222ms] GC(317) User=0.02s Sys=0.00s Real=0.01s
[2023-06-20T09:31:22.143-0400][50553207ms] GC(318) Pause Young (Normal) (G1 Evacuation Pause)
[2023-06-20T09:31:22.143-0400][50553207ms] GC(318) Using 8 workers of 8 for evacuation
[2023-06-20T09:31:22.147-0400][50553211ms] GC(318)   Pre Evacuate Collection Set: 0.1ms
[2023-06-20T09:31:22.148-0400][50553212ms] GC(318)   Evacuate Collection Set: 0.6ms
[2023-06-20T09:31:22.148-0400][50553212ms] GC(318)   Post Evacuate Collection Set: 3.4ms
[2023-06-20T09:31:22.148-0400][50553212ms] GC(318)   Other: 0.3ms
[2023-06-20T09:31:22.148-0400][50553212ms] GC(318) Eden regions: 59->0(59)
[2023-06-20T09:31:22.148-0400][50553212ms] GC(318) Survivor regions: 1->1(8)
[2023-06-20T09:31:22.148-0400][50553212ms] GC(318) Old regions: 1028->1028
[2023-06-20T09:31:22.148-0400][50553212ms] GC(318) Humongous regions: 4->4
[2023-06-20T09:31:22.148-0400][50553212ms] GC(318) Metaspace: 197677K->197677K(1232896K)
[2023-06-20T09:31:22.148-0400][50553212ms] GC(318) Pause Young (Normal) (G1 Evacuation Pause) 1090M->1031M(1215M) 4.638ms
[2023-06-20T09:31:22.148-0400][50553212ms] GC(318) User=0.00s Sys=0.00s Real=0.01s
[2023-06-20T09:35:29.151-0400][50800215ms] GC(319) Pause Young (Normal) (G1 Evacuation Pause)
[2023-06-20T09:35:29.151-0400][50800215ms] GC(319) Using 8 workers of 8 for evacuation
[2023-06-20T09:35:29.155-0400][50800219ms] GC(319)   Pre Evacuate Collection Set: 0.0ms
[2023-06-20T09:35:29.155-0400][50800219ms] GC(319)   Evacuate Collection Set: 0.5ms
[2023-06-20T09:35:29.155-0400][50800219ms] GC(319)   Post Evacuate Collection Set: 3.5ms
[2023-06-20T09:35:29.155-0400][50800219ms] GC(319)   Other: 0.2ms
[2023-06-20T09:35:29.155-0400][50800219ms] GC(319) Eden regions: 59->0(59)
[2023-06-20T09:35:29.155-0400][50800219ms] GC(319) Survivor regions: 1->1(8)
[2023-06-20T09:35:29.155-0400][50800219ms] GC(319) Old regions: 1028->1028
[2023-06-20T09:35:29.155-0400][50800219ms] GC(319) Humongous regions: 4->4
[2023-06-20T09:35:29.155-0400][50800219ms] GC(319) Metaspace: 197677K->197677K(1232896K)
[2023-06-20T09:35:29.155-0400][50800219ms] GC(319) Pause Young (Normal) (G1 Evacuation Pause) 1090M->1031M(1215M) 4.586ms
[2023-06-20T09:35:29.155-0400][50800219ms] GC(319) User=0.02s Sys=0.00s Real=0.00s
[2023-06-20T09:39:38.310-0400][51049374ms] GC(320) Pause Young (Normal) (G1 Evacuation Pause)
[2023-06-20T09:39:38.310-0400][51049374ms] GC(320) Using 8 workers of 8 for evacuation
[2023-06-20T09:39:38.314-0400][51049378ms] GC(320)   Pre Evacuate Collection Set: 0.1ms
[2023-06-20T09:39:38.314-0400][51049378ms] GC(320)   Evacuate Collection Set: 0.5ms
[2023-06-20T09:39:38.314-0400][51049378ms] GC(320)   Post Evacuate Collection Set: 3.2ms
[2023-06-20T09:39:38.314-0400][51049378ms] GC(320)   Other: 0.2ms
[2023-06-20T09:39:38.314-0400][51049378ms] GC(320) Eden regions: 59->0(59)
[2023-06-20T09:39:38.314-0400][51049378ms] GC(320) Survivor regions: 1->1(8)
[2023-06-20T09:39:38.314-0400][51049378ms] GC(320) Old regions: 1028->1028
[2023-06-20T09:39:38.314-0400][51049378ms] GC(320) Humongous regions: 4->4
[2023-06-20T09:39:38.314-0400][51049378ms] GC(320) Metaspace: 197677K->197677K(1232896K)
[2023-06-20T09:39:38.314-0400][51049378ms] GC(320) Pause Young (Normal) (G1 Evacuation Pause) 1090M->1031M(1215M) 4.325ms
[2023-06-20T09:39:38.314-0400][51049378ms] GC(320) User=0.02s Sys=0.00s Real=0.00s
[2023-06-20T09:43:43.835-0400][51294899ms] GC(321) Pause Young (Normal) (G1 Evacuation Pause)
[2023-06-20T09:43:43.835-0400][51294899ms] GC(321) Using 8 workers of 8 for evacuation
[2023-06-20T09:43:43.838-0400][51294902ms] GC(321)   Pre Evacuate Collection Set: 0.0ms
[2023-06-20T09:43:43.838-0400][51294902ms] GC(321)   Evacuate Collection Set: 0.5ms
[2023-06-20T09:43:43.838-0400][51294902ms] GC(321)   Post Evacuate Collection Set: 2.4ms
[2023-06-20T09:43:43.838-0400][51294902ms] GC(321)   Other: 0.2ms
[2023-06-20T09:43:43.838-0400][51294902ms] GC(321) Eden regions: 59->0(59)
[2023-06-20T09:43:43.838-0400][51294902ms] GC(321) Survivor regions: 1->1(8)
[2023-06-20T09:43:43.838-0400][51294902ms] GC(321) Old regions: 1028->1028
[2023-06-20T09:43:43.838-0400][51294902ms] GC(321) Humongous regions: 4->4
[2023-06-20T09:43:43.838-0400][51294902ms] GC(321) Metaspace: 197677K->197677K(1232896K)
[2023-06-20T09:43:43.838-0400][51294902ms] GC(321) Pause Young (Normal) (G1 Evacuation Pause) 1090M->1031M(1215M) 3.353ms
[2023-06-20T09:43:43.838-0400][51294902ms] GC(321) User=0.00s Sys=0.00s Real=0.00s
[2023-06-20T09:47:20.144-0400][51511208ms] GC(322) Pause Young (Normal) (G1 Evacuation Pause)
[2023-06-20T09:47:20.144-0400][51511208ms] GC(322) Using 8 workers of 8 for evacuation
[2023-06-20T09:47:20.152-0400][51511216ms] GC(322)   Pre Evacuate Collection Set: 0.0ms
[2023-06-20T09:47:20.152-0400][51511216ms] GC(322)   Evacuate Collection Set: 2.9ms
[2023-06-20T09:47:20.152-0400][51511216ms] GC(322)   Post Evacuate Collection Set: 3.8ms
[2023-06-20T09:47:20.152-0400][51511216ms] GC(322)   Other: 0.4ms
[2023-06-20T09:47:20.152-0400][51511216ms] GC(322) Eden regions: 59->0(59)
[2023-06-20T09:47:20.152-0400][51511216ms] GC(322) Survivor regions: 1->1(8)
[2023-06-20T09:47:20.152-0400][51511216ms] GC(322) Old regions: 1028->1028
[2023-06-20T09:47:20.152-0400][51511216ms] GC(322) Humongous regions: 4->4
[2023-06-20T09:47:20.152-0400][51511216ms] GC(322) Metaspace: 197762K->197762K(1232896K)
[2023-06-20T09:47:20.152-0400][51511216ms] GC(322) Pause Young (Normal) (G1 Evacuation Pause) 1090M->1032M(1215M) 7.393ms
[2023-06-20T09:47:20.152-0400][51511216ms] GC(322) User=0.00s Sys=0.00s Real=0.01s
[2023-06-20T09:51:30.157-0400][51761221ms] GC(323) Pause Young (Normal) (G1 Evacuation Pause)
[2023-06-20T09:51:30.157-0400][51761221ms] GC(323) Using 8 workers of 8 for evacuation
[2023-06-20T09:51:30.165-0400][51761229ms] GC(323)   Pre Evacuate Collection Set: 0.1ms
[2023-06-20T09:51:30.165-0400][51761229ms] GC(323)   Evacuate Collection Set: 1.5ms
[2023-06-20T09:51:30.165-0400][51761229ms] GC(323)   Post Evacuate Collection Set: 6.3ms
[2023-06-20T09:51:30.165-0400][51761229ms] GC(323)   Other: 0.8ms
[2023-06-20T09:51:30.165-0400][51761229ms] GC(323) Eden regions: 59->0(59)
[2023-06-20T09:51:30.165-0400][51761229ms] GC(323) Survivor regions: 1->1(8)
[2023-06-20T09:51:30.166-0400][51761230ms] GC(323) Old regions: 1028->1028
[2023-06-20T09:51:30.166-0400][51761230ms] GC(323) Humongous regions: 4->4
[2023-06-20T09:51:30.166-0400][51761230ms] GC(323) Metaspace: 197762K->197762K(1232896K)
[2023-06-20T09:51:30.166-0400][51761230ms] GC(323) Pause Young (Normal) (G1 Evacuation Pause) 1091M->1031M(1215M) 9.348ms
[2023-06-20T09:51:30.166-0400][51761230ms] GC(323) User=0.00s Sys=0.00s Real=0.01s
[2023-06-20T09:55:44.145-0400][52015209ms] GC(324) Pause Young (Normal) (G1 Evacuation Pause)
[2023-06-20T09:55:44.145-0400][52015209ms] GC(324) Using 8 workers of 8 for evacuation
[2023-06-20T09:55:44.159-0400][52015223ms] GC(324)   Pre Evacuate Collection Set: 0.2ms
[2023-06-20T09:55:44.160-0400][52015224ms] GC(324)   Evacuate Collection Set: 2.9ms
[2023-06-20T09:55:44.160-0400][52015224ms] GC(324)   Post Evacuate Collection Set: 10.7ms
[2023-06-20T09:55:44.160-0400][52015224ms] GC(324)   Other: 1.4ms
[2023-06-20T09:55:44.160-0400][52015224ms] GC(324) Eden regions: 59->0(59)
[2023-06-20T09:55:44.160-0400][52015224ms] GC(324) Survivor regions: 1->1(8)
[2023-06-20T09:55:44.160-0400][52015224ms] GC(324) Old regions: 1028->1028
[2023-06-20T09:55:44.161-0400][52015225ms] GC(324) Humongous regions: 4->4
[2023-06-20T09:55:44.161-0400][52015225ms] GC(324) Metaspace: 197762K->197762K(1232896K)
[2023-06-20T09:55:44.161-0400][52015225ms] GC(324) Pause Young (Normal) (G1 Evacuation Pause) 1090M->1031M(1215M) 16.495ms
[2023-06-20T09:55:44.161-0400][52015225ms] GC(324) User=0.02s Sys=0.00s Real=0.02s
[2023-06-20T09:59:52.154-0400][52263218ms] GC(325) Pause Young (Normal) (G1 Evacuation Pause)
[2023-06-20T09:59:52.154-0400][52263218ms] GC(325) Using 8 workers of 8 for evacuation
[2023-06-20T09:59:52.161-0400][52263225ms] GC(325)   Pre Evacuate Collection Set: 0.1ms
[2023-06-20T09:59:52.161-0400][52263225ms] GC(325)   Evacuate Collection Set: 1.1ms
[2023-06-20T09:59:52.161-0400][52263225ms] GC(325)   Post Evacuate Collection Set: 5.2ms
[2023-06-20T09:59:52.161-0400][52263225ms] GC(325)   Other: 0.5ms
[2023-06-20T09:59:52.161-0400][52263225ms] GC(325) Eden regions: 59->0(59)
[2023-06-20T09:59:52.161-0400][52263225ms] GC(325) Survivor regions: 1->1(8)
[2023-06-20T09:59:52.161-0400][52263225ms] GC(325) Old regions: 1028->1028
[2023-06-20T09:59:52.161-0400][52263226ms] GC(325) Humongous regions: 4->4
[2023-06-20T09:59:52.162-0400][52263226ms] GC(325) Metaspace: 197762K->197762K(1232896K)
[2023-06-20T09:59:52.162-0400][52263226ms] GC(325) Pause Young (Normal) (G1 Evacuation Pause) 1090M->1031M(1215M) 7.555ms
[2023-06-20T09:59:52.162-0400][52263226ms] GC(325) User=0.09s Sys=0.03s Real=0.01s
[2023-06-20T10:04:04.153-0400][52515217ms] GC(326) Pause Young (Normal) (G1 Evacuation Pause)
[2023-06-20T10:04:04.153-0400][52515217ms] GC(326) Using 8 workers of 8 for evacuation
[2023-06-20T10:04:04.160-0400][52515224ms] GC(326)   Pre Evacuate Collection Set: 0.1ms
[2023-06-20T10:04:04.160-0400][52515224ms] GC(326)   Evacuate Collection Set: 1.2ms
[2023-06-20T10:04:04.160-0400][52515224ms] GC(326)   Post Evacuate Collection Set: 5.1ms
[2023-06-20T10:04:04.160-0400][52515224ms] GC(326)   Other: 0.4ms
[2023-06-20T10:04:04.160-0400][52515224ms] GC(326) Eden regions: 59->0(59)
[2023-06-20T10:04:04.160-0400][52515224ms] GC(326) Survivor regions: 1->1(8)
[2023-06-20T10:04:04.160-0400][52515224ms] GC(326) Old regions: 1028->1028
[2023-06-20T10:04:04.160-0400][52515224ms] GC(326) Humongous regions: 4->4
[2023-06-20T10:04:04.160-0400][52515224ms] GC(326) Metaspace: 197762K->197762K(1232896K)
[2023-06-20T10:04:04.160-0400][52515224ms] GC(326) Pause Young (Normal) (G1 Evacuation Pause) 1090M->1031M(1215M) 7.074ms
[2023-06-20T10:04:04.160-0400][52515224ms] GC(326) User=0.13s Sys=0.00s Real=0.01s
[2023-06-20T10:08:15.717-0400][52766781ms] GC(327) Pause Young (Normal) (G1 Evacuation Pause)
[2023-06-20T10:08:15.718-0400][52766782ms] GC(327) Using 8 workers of 8 for evacuation
[2023-06-20T10:08:15.731-0400][52766795ms] GC(327)   Pre Evacuate Collection Set: 0.2ms
[2023-06-20T10:08:15.732-0400][52766796ms] GC(327)   Evacuate Collection Set: 2.4ms
[2023-06-20T10:08:15.732-0400][52766796ms] GC(327)   Post Evacuate Collection Set: 10.2ms
[2023-06-20T10:08:15.732-0400][52766796ms] GC(327)   Other: 1.1ms
[2023-06-20T10:08:15.732-0400][52766796ms] GC(327) Eden regions: 59->0(59)
[2023-06-20T10:08:15.732-0400][52766796ms] GC(327) Survivor regions: 1->1(8)
[2023-06-20T10:08:15.732-0400][52766796ms] GC(327) Old regions: 1028->1028
[2023-06-20T10:08:15.732-0400][52766796ms] GC(327) Humongous regions: 4->4
[2023-06-20T10:08:15.733-0400][52766797ms] GC(327) Metaspace: 197763K->197763K(1232896K)
[2023-06-20T10:08:15.733-0400][52766797ms] GC(327) Pause Young (Normal) (G1 Evacuation Pause) 1090M->1031M(1215M) 15.449ms
[2023-06-20T10:08:15.733-0400][52766797ms] GC(327) User=0.03s Sys=0.00s Real=0.02s
[2023-06-20T10:12:25.148-0400][53016212ms] GC(328) Pause Young (Normal) (G1 Evacuation Pause)
[2023-06-20T10:12:25.148-0400][53016212ms] GC(328) Using 8 workers of 8 for evacuation
[2023-06-20T10:12:25.156-0400][53016220ms] GC(328)   Pre Evacuate Collection Set: 0.1ms
[2023-06-20T10:12:25.156-0400][53016220ms] GC(328)   Evacuate Collection Set: 1.2ms
[2023-06-20T10:12:25.156-0400][53016220ms] GC(328)   Post Evacuate Collection Set: 6.0ms
[2023-06-20T10:12:25.156-0400][53016220ms] GC(328)   Other: 0.5ms
[2023-06-20T10:12:25.156-0400][53016221ms] GC(328) Eden regions: 59->0(59)
[2023-06-20T10:12:25.157-0400][53016221ms] GC(328) Survivor regions: 1->1(8)
[2023-06-20T10:12:25.157-0400][53016221ms] GC(328) Old regions: 1028->1028
[2023-06-20T10:12:25.157-0400][53016221ms] GC(328) Humongous regions: 4->4
[2023-06-20T10:12:25.157-0400][53016221ms] GC(328) Metaspace: 197763K->197763K(1232896K)
[2023-06-20T10:12:25.157-0400][53016221ms] GC(328) Pause Young (Normal) (G1 Evacuation Pause) 1090M->1031M(1215M) 8.618ms
[2023-06-20T10:12:25.157-0400][53016221ms] GC(328) User=0.02s Sys=0.00s Real=0.01s
[2023-06-20T10:16:36.144-0400][53267208ms] GC(329) Pause Young (Normal) (G1 Evacuation Pause)
[2023-06-20T10:16:36.145-0400][53267209ms] GC(329) Using 8 workers of 8 for evacuation
[2023-06-20T10:16:36.152-0400][53267216ms] GC(329)   Pre Evacuate Collection Set: 0.1ms
[2023-06-20T10:16:36.152-0400][53267216ms] GC(329)   Evacuate Collection Set: 1.3ms
[2023-06-20T10:16:36.152-0400][53267216ms] GC(329)   Post Evacuate Collection Set: 5.5ms
[2023-06-20T10:16:36.152-0400][53267216ms] GC(329)   Other: 0.6ms
[2023-06-20T10:16:36.152-0400][53267216ms] GC(329) Eden regions: 59->0(59)
[2023-06-20T10:16:36.152-0400][53267216ms] GC(329) Survivor regions: 1->1(8)
[2023-06-20T10:16:36.152-0400][53267216ms] GC(329) Old regions: 1028->1028
[2023-06-20T10:16:36.152-0400][53267216ms] GC(329) Humongous regions: 4->4
[2023-06-20T10:16:36.153-0400][53267217ms] GC(329) Metaspace: 197763K->197763K(1232896K)
[2023-06-20T10:16:36.153-0400][53267217ms] GC(329) Pause Young (Normal) (G1 Evacuation Pause) 1090M->1031M(1215M) 8.256ms
[2023-06-20T10:16:36.153-0400][53267217ms] GC(329) User=0.00s Sys=0.00s Real=0.01s
[2023-06-20T10:20:46.145-0400][53517209ms] GC(330) Pause Young (Normal) (G1 Evacuation Pause)
[2023-06-20T10:20:46.146-0400][53517210ms] GC(330) Using 8 workers of 8 for evacuation
[2023-06-20T10:20:46.154-0400][53517218ms] GC(330)   Pre Evacuate Collection Set: 0.1ms
[2023-06-20T10:20:46.154-0400][53517218ms] GC(330)   Evacuate Collection Set: 1.4ms
[2023-06-20T10:20:46.154-0400][53517218ms] GC(330)   Post Evacuate Collection Set: 6.4ms
[2023-06-20T10:20:46.154-0400][53517218ms] GC(330)   Other: 0.7ms
[2023-06-20T10:20:46.154-0400][53517218ms] GC(330) Eden regions: 59->0(59)
[2023-06-20T10:20:46.154-0400][53517218ms] GC(330) Survivor regions: 1->1(8)
[2023-06-20T10:20:46.154-0400][53517218ms] GC(330) Old regions: 1028->1028
[2023-06-20T10:20:46.155-0400][53517219ms] GC(330) Humongous regions: 4->4
[2023-06-20T10:20:46.155-0400][53517219ms] GC(330) Metaspace: 197763K->197763K(1232896K)
[2023-06-20T10:20:46.155-0400][53517219ms] GC(330) Pause Young (Normal) (G1 Evacuation Pause) 1090M->1031M(1215M) 9.485ms
[2023-06-20T10:20:46.155-0400][53517219ms] GC(330) User=0.00s Sys=0.00s Real=0.01s
[2023-06-20T10:24:54.149-0400][53765213ms] GC(331) Pause Young (Normal) (G1 Evacuation Pause)
[2023-06-20T10:24:54.149-0400][53765213ms] GC(331) Using 8 workers of 8 for evacuation
[2023-06-20T10:24:54.154-0400][53765218ms] GC(331)   Pre Evacuate Collection Set: 0.1ms
[2023-06-20T10:24:54.154-0400][53765218ms] GC(331)   Evacuate Collection Set: 0.9ms
[2023-06-20T10:24:54.154-0400][53765218ms] GC(331)   Post Evacuate Collection Set: 3.7ms
[2023-06-20T10:24:54.154-0400][53765218ms] GC(331)   Other: 0.5ms
[2023-06-20T10:24:54.155-0400][53765219ms] GC(331) Eden regions: 59->0(59)
[2023-06-20T10:24:54.155-0400][53765219ms] GC(331) Survivor regions: 1->1(8)
[2023-06-20T10:24:54.155-0400][53765219ms] GC(331) Old regions: 1028->1028
[2023-06-20T10:24:54.155-0400][53765219ms] GC(331) Humongous regions: 4->4
[2023-06-20T10:24:54.155-0400][53765219ms] GC(331) Metaspace: 197763K->197763K(1232896K)
[2023-06-20T10:24:54.155-0400][53765219ms] GC(331) Pause Young (Normal) (G1 Evacuation Pause) 1090M->1031M(1215M) 5.425ms
[2023-06-20T10:24:54.155-0400][53765219ms] GC(331) User=0.00s Sys=0.00s Real=0.01s
[2023-06-20T10:29:07.148-0400][54018212ms] GC(332) Pause Young (Normal) (G1 Evacuation Pause)
[2023-06-20T10:29:07.148-0400][54018212ms] GC(332) Using 8 workers of 8 for evacuation
[2023-06-20T10:29:07.154-0400][54018218ms] GC(332)   Pre Evacuate Collection Set: 0.1ms
[2023-06-20T10:29:07.154-0400][54018218ms] GC(332)   Evacuate Collection Set: 0.9ms
[2023-06-20T10:29:07.154-0400][54018218ms] GC(332)   Post Evacuate Collection Set: 4.3ms
[2023-06-20T10:29:07.154-0400][54018218ms] GC(332)   Other: 0.4ms
[2023-06-20T10:29:07.154-0400][54018218ms] GC(332) Eden regions: 59->0(59)
[2023-06-20T10:29:07.154-0400][54018218ms] GC(332) Survivor regions: 1->1(8)
[2023-06-20T10:29:07.154-0400][54018218ms] GC(332) Old regions: 1028->1028
[2023-06-20T10:29:07.154-0400][54018218ms] GC(332) Humongous regions: 4->4
[2023-06-20T10:29:07.154-0400][54018218ms] GC(332) Metaspace: 197763K->197763K(1232896K)
[2023-06-20T10:29:07.154-0400][54018218ms] GC(332) Pause Young (Normal) (G1 Evacuation Pause) 1090M->1031M(1215M) 5.925ms
[2023-06-20T10:29:07.154-0400][54018218ms] GC(332) User=0.00s Sys=0.00s Real=0.01s
[2023-06-20T10:33:15.888-0400][54266952ms] GC(333) Pause Young (Normal) (G1 Evacuation Pause)
[2023-06-20T10:33:15.888-0400][54266952ms] GC(333) Using 8 workers of 8 for evacuation
[2023-06-20T10:33:15.893-0400][54266957ms] GC(333)   Pre Evacuate Collection Set: 0.0ms
[2023-06-20T10:33:15.893-0400][54266957ms] GC(333)   Evacuate Collection Set: 0.9ms
[2023-06-20T10:33:15.893-0400][54266957ms] GC(333)   Post Evacuate Collection Set: 3.9ms
[2023-06-20T10:33:15.893-0400][54266957ms] GC(333)   Other: 0.4ms
[2023-06-20T10:33:15.893-0400][54266957ms] GC(333) Eden regions: 59->0(59)
[2023-06-20T10:33:15.893-0400][54266957ms] GC(333) Survivor regions: 1->1(8)
[2023-06-20T10:33:15.893-0400][54266957ms] GC(333) Old regions: 1028->1028
[2023-06-20T10:33:15.893-0400][54266957ms] GC(333) Humongous regions: 4->4
[2023-06-20T10:33:15.893-0400][54266957ms] GC(333) Metaspace: 197763K->197763K(1232896K)
[2023-06-20T10:33:15.893-0400][54266957ms] GC(333) Pause Young (Normal) (G1 Evacuation Pause) 1090M->1031M(1215M) 5.447ms
[2023-06-20T10:33:15.893-0400][54266957ms] GC(333) User=0.02s Sys=0.00s Real=0.00s
[2023-06-20T10:37:28.156-0400][54519220ms] GC(334) Pause Young (Normal) (G1 Evacuation Pause)
[2023-06-20T10:37:28.156-0400][54519220ms] GC(334) Using 8 workers of 8 for evacuation
[2023-06-20T10:37:28.161-0400][54519225ms] GC(334)   Pre Evacuate Collection Set: 0.0ms
[2023-06-20T10:37:28.161-0400][54519225ms] GC(334)   Evacuate Collection Set: 0.9ms
[2023-06-20T10:37:28.161-0400][54519225ms] GC(334)   Post Evacuate Collection Set: 4.1ms
[2023-06-20T10:37:28.161-0400][54519225ms] GC(334)   Other: 0.5ms
[2023-06-20T10:37:28.162-0400][54519226ms] GC(334) Eden regions: 59->0(59)
[2023-06-20T10:37:28.162-0400][54519226ms] GC(334) Survivor regions: 1->1(8)
[2023-06-20T10:37:28.162-0400][54519226ms] GC(334) Old regions: 1028->1028
[2023-06-20T10:37:28.162-0400][54519226ms] GC(334) Humongous regions: 4->4
[2023-06-20T10:37:28.162-0400][54519226ms] GC(334) Metaspace: 197763K->197763K(1232896K)
[2023-06-20T10:37:28.162-0400][54519226ms] GC(334) Pause Young (Normal) (G1 Evacuation Pause) 1090M->1031M(1215M) 5.712ms
[2023-06-20T10:37:28.162-0400][54519226ms] GC(334) User=0.00s Sys=0.00s Real=0.01s
[2023-06-20T10:41:36.157-0400][54767221ms] GC(335) Pause Young (Normal) (G1 Evacuation Pause)
[2023-06-20T10:41:36.157-0400][54767221ms] GC(335) Using 8 workers of 8 for evacuation
[2023-06-20T10:41:36.163-0400][54767227ms] GC(335)   Pre Evacuate Collection Set: 0.1ms
[2023-06-20T10:41:36.163-0400][54767227ms] GC(335)   Evacuate Collection Set: 0.8ms
[2023-06-20T10:41:36.163-0400][54767227ms] GC(335)   Post Evacuate Collection Set: 4.1ms
[2023-06-20T10:41:36.163-0400][54767227ms] GC(335)   Other: 0.4ms
[2023-06-20T10:41:36.163-0400][54767227ms] GC(335) Eden regions: 59->0(59)
[2023-06-20T10:41:36.163-0400][54767227ms] GC(335) Survivor regions: 1->1(8)
[2023-06-20T10:41:36.163-0400][54767227ms] GC(335) Old regions: 1028->1028
[2023-06-20T10:41:36.163-0400][54767227ms] GC(335) Humongous regions: 4->4
[2023-06-20T10:41:36.163-0400][54767227ms] GC(335) Metaspace: 197763K->197763K(1232896K)
[2023-06-20T10:41:36.163-0400][54767227ms] GC(335) Pause Young (Normal) (G1 Evacuation Pause) 1090M->1031M(1215M) 5.900ms
[2023-06-20T10:41:36.163-0400][54767227ms] GC(335) User=0.00s Sys=0.00s Real=0.01s
[2023-06-20T10:45:50.143-0400][55021207ms] GC(336) Pause Young (Normal) (G1 Evacuation Pause)
[2023-06-20T10:45:50.143-0400][55021207ms] GC(336) Using 8 workers of 8 for evacuation
[2023-06-20T10:45:50.147-0400][55021211ms] GC(336)   Pre Evacuate Collection Set: 0.1ms
[2023-06-20T10:45:50.147-0400][55021211ms] GC(336)   Evacuate Collection Set: 0.7ms
[2023-06-20T10:45:50.147-0400][55021211ms] GC(336)   Post Evacuate Collection Set: 3.4ms
[2023-06-20T10:45:50.148-0400][55021212ms] GC(336)   Other: 0.2ms
[2023-06-20T10:45:50.148-0400][55021212ms] GC(336) Eden regions: 59->0(59)
[2023-06-20T10:45:50.148-0400][55021212ms] GC(336) Survivor regions: 1->1(8)
[2023-06-20T10:45:50.148-0400][55021212ms] GC(336) Old regions: 1028->1028
[2023-06-20T10:45:50.148-0400][55021212ms] GC(336) Humongous regions: 4->4
[2023-06-20T10:45:50.148-0400][55021212ms] GC(336) Metaspace: 197763K->197763K(1232896K)
[2023-06-20T10:45:50.148-0400][55021212ms] GC(336) Pause Young (Normal) (G1 Evacuation Pause) 1090M->1031M(1215M) 4.965ms
[2023-06-20T10:45:50.148-0400][55021212ms] GC(336) User=0.00s Sys=0.00s Real=0.01s
[2023-06-20T10:49:06.695-0400][55217759ms] GC(337) Pause Young (Normal) (G1 Evacuation Pause)
[2023-06-20T10:49:06.695-0400][55217759ms] GC(337) Using 8 workers of 8 for evacuation
[2023-06-20T10:49:06.699-0400][55217763ms] GC(337)   Pre Evacuate Collection Set: 0.1ms
[2023-06-20T10:49:06.699-0400][55217763ms] GC(337)   Evacuate Collection Set: 0.8ms
[2023-06-20T10:49:06.699-0400][55217763ms] GC(337)   Post Evacuate Collection Set: 2.7ms
[2023-06-20T10:49:06.699-0400][55217763ms] GC(337)   Other: 0.3ms
[2023-06-20T10:49:06.699-0400][55217763ms] GC(337) Eden regions: 59->0(59)
[2023-06-20T10:49:06.699-0400][55217763ms] GC(337) Survivor regions: 1->1(8)
[2023-06-20T10:49:06.699-0400][55217763ms] GC(337) Old regions: 1028->1028
[2023-06-20T10:49:06.699-0400][55217763ms] GC(337) Humongous regions: 4->4
[2023-06-20T10:49:06.699-0400][55217763ms] GC(337) Metaspace: 197763K->197763K(1232896K)
[2023-06-20T10:49:06.699-0400][55217763ms] GC(337) Pause Young (Normal) (G1 Evacuation Pause) 1090M->1031M(1215M) 4.051ms
[2023-06-20T10:49:06.699-0400][55217763ms] GC(337) User=0.00s Sys=0.00s Real=0.00s
[2023-06-20T10:53:17.207-0400][55468271ms] GC(338) Pause Young (Normal) (G1 Evacuation Pause)
[2023-06-20T10:53:17.207-0400][55468271ms] GC(338) Using 8 workers of 8 for evacuation
[2023-06-20T10:53:17.211-0400][55468275ms] GC(338)   Pre Evacuate Collection Set: 0.1ms
[2023-06-20T10:53:17.211-0400][55468275ms] GC(338)   Evacuate Collection Set: 0.6ms
[2023-06-20T10:53:17.211-0400][55468275ms] GC(338)   Post Evacuate Collection Set: 3.2ms
[2023-06-20T10:53:17.211-0400][55468275ms] GC(338)   Other: 0.3ms
[2023-06-20T10:53:17.211-0400][55468275ms] GC(338) Eden regions: 59->0(59)
[2023-06-20T10:53:17.211-0400][55468275ms] GC(338) Survivor regions: 1->1(8)
[2023-06-20T10:53:17.211-0400][55468275ms] GC(338) Old regions: 1028->1028
[2023-06-20T10:53:17.211-0400][55468275ms] GC(338) Humongous regions: 4->4
[2023-06-20T10:53:17.211-0400][55468275ms] GC(338) Metaspace: 197763K->197763K(1232896K)
[2023-06-20T10:53:17.212-0400][55468276ms] GC(338) Pause Young (Normal) (G1 Evacuation Pause) 1090M->1031M(1215M) 4.302ms
[2023-06-20T10:53:17.212-0400][55468276ms] GC(338) User=0.00s Sys=0.00s Real=0.00s
[2023-06-20T10:57:27.713-0400][55718777ms] GC(339) Pause Young (Normal) (G1 Evacuation Pause)
[2023-06-20T10:57:27.713-0400][55718777ms] GC(339) Using 8 workers of 8 for evacuation
[2023-06-20T10:57:27.717-0400][55718781ms] GC(339)   Pre Evacuate Collection Set: 0.0ms
[2023-06-20T10:57:27.717-0400][55718781ms] GC(339)   Evacuate Collection Set: 0.5ms
[2023-06-20T10:57:27.717-0400][55718781ms] GC(339)   Post Evacuate Collection Set: 2.9ms
[2023-06-20T10:57:27.717-0400][55718781ms] GC(339)   Other: 0.2ms
[2023-06-20T10:57:27.717-0400][55718781ms] GC(339) Eden regions: 59->0(59)
[2023-06-20T10:57:27.717-0400][55718781ms] GC(339) Survivor regions: 1->1(8)
[2023-06-20T10:57:27.717-0400][55718781ms] GC(339) Old regions: 1028->1028
[2023-06-20T10:57:27.717-0400][55718781ms] GC(339) Humongous regions: 4->4
[2023-06-20T10:57:27.717-0400][55718781ms] GC(339) Metaspace: 197763K->197763K(1232896K)
[2023-06-20T10:57:27.717-0400][55718781ms] GC(339) Pause Young (Normal) (G1 Evacuation Pause) 1090M->1031M(1215M) 3.937ms
[2023-06-20T10:57:27.717-0400][55718781ms] GC(339) User=0.00s Sys=0.00s Real=0.00s
[2023-06-20T11:01:38.214-0400][55969278ms] GC(340) Pause Young (Normal) (G1 Evacuation Pause)
[2023-06-20T11:01:38.214-0400][55969278ms] GC(340) Using 8 workers of 8 for evacuation
[2023-06-20T11:01:38.219-0400][55969283ms] GC(340)   Pre Evacuate Collection Set: 0.1ms
[2023-06-20T11:01:38.219-0400][55969283ms] GC(340)   Evacuate Collection Set: 0.7ms
[2023-06-20T11:01:38.219-0400][55969283ms] GC(340)   Post Evacuate Collection Set: 3.8ms
[2023-06-20T11:01:38.219-0400][55969283ms] GC(340)   Other: 0.3ms
[2023-06-20T11:01:38.219-0400][55969283ms] GC(340) Eden regions: 59->0(59)
[2023-06-20T11:01:38.219-0400][55969283ms] GC(340) Survivor regions: 1->1(8)
[2023-06-20T11:01:38.219-0400][55969283ms] GC(340) Old regions: 1028->1028
[2023-06-20T11:01:38.219-0400][55969283ms] GC(340) Humongous regions: 4->4
[2023-06-20T11:01:38.219-0400][55969283ms] GC(340) Metaspace: 197766K->197766K(1232896K)
[2023-06-20T11:01:38.219-0400][55969283ms] GC(340) Pause Young (Normal) (G1 Evacuation Pause) 1090M->1031M(1215M) 5.347ms
[2023-06-20T11:01:38.219-0400][55969283ms] GC(340) User=0.02s Sys=0.00s Real=0.01s
[2023-06-20T11:05:48.685-0400][56219749ms] GC(341) Pause Young (Normal) (G1 Evacuation Pause)
[2023-06-20T11:05:48.685-0400][56219749ms] GC(341) Using 8 workers of 8 for evacuation
[2023-06-20T11:05:48.689-0400][56219753ms] GC(341)   Pre Evacuate Collection Set: 0.0ms
[2023-06-20T11:05:48.689-0400][56219753ms] GC(341)   Evacuate Collection Set: 0.5ms
[2023-06-20T11:05:48.689-0400][56219753ms] GC(341)   Post Evacuate Collection Set: 2.5ms
[2023-06-20T11:05:48.689-0400][56219753ms] GC(341)   Other: 0.2ms
[2023-06-20T11:05:48.689-0400][56219753ms] GC(341) Eden regions: 59->0(59)
[2023-06-20T11:05:48.689-0400][56219753ms] GC(341) Survivor regions: 1->1(8)
[2023-06-20T11:05:48.689-0400][56219753ms] GC(341) Old regions: 1028->1028
[2023-06-20T11:05:48.689-0400][56219753ms] GC(341) Humongous regions: 4->4
[2023-06-20T11:05:48.689-0400][56219753ms] GC(341) Metaspace: 197766K->197766K(1232896K)
[2023-06-20T11:05:48.689-0400][56219753ms] GC(341) Pause Young (Normal) (G1 Evacuation Pause) 1090M->1031M(1215M) 3.646ms
[2023-06-20T11:05:48.689-0400][56219753ms] GC(341) User=0.02s Sys=0.00s Real=0.00s
[2023-06-20T11:10:02.150-0400][56473214ms] GC(342) Pause Young (Normal) (G1 Evacuation Pause)
[2023-06-20T11:10:02.151-0400][56473215ms] GC(342) Using 8 workers of 8 for evacuation
[2023-06-20T11:10:02.163-0400][56473227ms] GC(342)   Pre Evacuate Collection Set: 0.2ms
[2023-06-20T11:10:02.163-0400][56473227ms] GC(342)   Evacuate Collection Set: 1.8ms
[2023-06-20T11:10:02.163-0400][56473227ms] GC(342)   Post Evacuate Collection Set: 9.7ms
[2023-06-20T11:10:02.164-0400][56473228ms] GC(342)   Other: 1.2ms
[2023-06-20T11:10:02.164-0400][56473228ms] GC(342) Eden regions: 59->0(59)
[2023-06-20T11:10:02.164-0400][56473228ms] GC(342) Survivor regions: 1->1(8)
[2023-06-20T11:10:02.164-0400][56473228ms] GC(342) Old regions: 1028->1028
[2023-06-20T11:10:02.164-0400][56473228ms] GC(342) Humongous regions: 4->4
[2023-06-20T11:10:02.164-0400][56473228ms] GC(342) Metaspace: 197766K->197766K(1232896K)
[2023-06-20T11:10:02.165-0400][56473229ms] GC(342) Pause Young (Normal) (G1 Evacuation Pause) 1090M->1031M(1215M) 14.230ms
[2023-06-20T11:10:02.165-0400][56473229ms] GC(342) User=0.02s Sys=0.00s Real=0.01s
[2023-06-20T11:14:10.149-0400][56721213ms] GC(343) Pause Young (Normal) (G1 Evacuation Pause)
[2023-06-20T11:14:10.149-0400][56721213ms] GC(343) Using 8 workers of 8 for evacuation
[2023-06-20T11:14:10.154-0400][56721218ms] GC(343)   Pre Evacuate Collection Set: 0.1ms
[2023-06-20T11:14:10.154-0400][56721218ms] GC(343)   Evacuate Collection Set: 0.9ms
[2023-06-20T11:14:10.154-0400][56721218ms] GC(343)   Post Evacuate Collection Set: 3.8ms
[2023-06-20T11:14:10.154-0400][56721218ms] GC(343)   Other: 0.4ms
[2023-06-20T11:14:10.154-0400][56721218ms] GC(343) Eden regions: 59->0(59)
[2023-06-20T11:14:10.154-0400][56721218ms] GC(343) Survivor regions: 1->1(8)
[2023-06-20T11:14:10.154-0400][56721218ms] GC(343) Old regions: 1028->1028
[2023-06-20T11:14:10.154-0400][56721218ms] GC(343) Humongous regions: 4->4
[2023-06-20T11:14:10.154-0400][56721218ms] GC(343) Metaspace: 197766K->197766K(1232896K)
[2023-06-20T11:14:10.154-0400][56721218ms] GC(343) Pause Young (Normal) (G1 Evacuation Pause) 1090M->1031M(1215M) 5.344ms
[2023-06-20T11:14:10.154-0400][56721218ms] GC(343) User=0.00s Sys=0.00s Real=0.01s
[2023-06-20T11:18:23.154-0400][56974219ms] GC(344) Pause Young (Normal) (G1 Evacuation Pause)
[2023-06-20T11:18:23.155-0400][56974219ms] GC(344) Using 8 workers of 8 for evacuation
[2023-06-20T11:18:23.161-0400][56974225ms] GC(344)   Pre Evacuate Collection Set: 0.1ms
[2023-06-20T11:18:23.161-0400][56974225ms] GC(344)   Evacuate Collection Set: 0.9ms
[2023-06-20T11:18:23.161-0400][56974225ms] GC(344)   Post Evacuate Collection Set: 5.2ms
[2023-06-20T11:18:23.161-0400][56974225ms] GC(344)   Other: 0.5ms
[2023-06-20T11:18:23.161-0400][56974225ms] GC(344) Eden regions: 59->0(59)
[2023-06-20T11:18:23.161-0400][56974225ms] GC(344) Survivor regions: 1->1(8)
[2023-06-20T11:18:23.161-0400][56974225ms] GC(344) Old regions: 1028->1028
[2023-06-20T11:18:23.161-0400][56974225ms] GC(344) Humongous regions: 4->4
[2023-06-20T11:18:23.161-0400][56974225ms] GC(344) Metaspace: 197766K->197766K(1232896K)
[2023-06-20T11:18:23.161-0400][56974225ms] GC(344) Pause Young (Normal) (G1 Evacuation Pause) 1090M->1031M(1215M) 6.932ms
[2023-06-20T11:18:23.161-0400][56974225ms] GC(344) User=0.13s Sys=0.00s Real=0.01s
[2023-06-20T11:22:30.780-0400][57221844ms] GC(345) Pause Young (Normal) (G1 Evacuation Pause)
[2023-06-20T11:22:30.780-0400][57221844ms] GC(345) Using 8 workers of 8 for evacuation
[2023-06-20T11:22:30.787-0400][57221851ms] GC(345)   Pre Evacuate Collection Set: 0.1ms
[2023-06-20T11:22:30.787-0400][57221851ms] GC(345)   Evacuate Collection Set: 0.9ms
[2023-06-20T11:22:30.787-0400][57221851ms] GC(345)   Post Evacuate Collection Set: 5.5ms
[2023-06-20T11:22:30.788-0400][57221852ms] GC(345)   Other: 0.6ms
[2023-06-20T11:22:30.788-0400][57221852ms] GC(345) Eden regions: 59->0(59)
[2023-06-20T11:22:30.788-0400][57221852ms] GC(345) Survivor regions: 1->1(8)
[2023-06-20T11:22:30.788-0400][57221852ms] GC(345) Old regions: 1028->1028
[2023-06-20T11:22:30.788-0400][57221852ms] GC(345) Humongous regions: 4->4
[2023-06-20T11:22:30.788-0400][57221852ms] GC(345) Metaspace: 197766K->197766K(1232896K)
[2023-06-20T11:22:30.788-0400][57221852ms] GC(345) Pause Young (Normal) (G1 Evacuation Pause) 1090M->1031M(1215M) 8.130ms
[2023-06-20T11:22:30.788-0400][57221852ms] GC(345) User=0.00s Sys=0.00s Real=0.01s
[2023-06-20T11:26:41.420-0400][57472484ms] GC(346) Pause Young (Normal) (G1 Evacuation Pause)
[2023-06-20T11:26:41.420-0400][57472484ms] GC(346) Using 8 workers of 8 for evacuation
[2023-06-20T11:26:41.428-0400][57472492ms] GC(346)   Pre Evacuate Collection Set: 0.1ms
[2023-06-20T11:26:41.428-0400][57472492ms] GC(346)   Evacuate Collection Set: 1.1ms
[2023-06-20T11:26:41.428-0400][57472492ms] GC(346)   Post Evacuate Collection Set: 6.1ms
[2023-06-20T11:26:41.428-0400][57472492ms] GC(346)   Other: 0.5ms
[2023-06-20T11:26:41.428-0400][57472492ms] GC(346) Eden regions: 59->0(59)
[2023-06-20T11:26:41.428-0400][57472492ms] GC(346) Survivor regions: 1->1(8)
[2023-06-20T11:26:41.428-0400][57472492ms] GC(346) Old regions: 1028->1028
[2023-06-20T11:26:41.428-0400][57472492ms] GC(346) Humongous regions: 4->4
[2023-06-20T11:26:41.428-0400][57472492ms] GC(346) Metaspace: 197766K->197766K(1232896K)
[2023-06-20T11:26:41.428-0400][57472492ms] GC(346) Pause Young (Normal) (G1 Evacuation Pause) 1090M->1031M(1215M) 8.431ms
[2023-06-20T11:26:41.428-0400][57472492ms] GC(346) User=0.06s Sys=0.02s Real=0.01s
[2023-06-20T11:28:52.550-0400][57603614ms] GC(347) Pause Young (Normal) (G1 Evacuation Pause)
[2023-06-20T11:28:52.550-0400][57603614ms] GC(347) Using 8 workers of 8 for evacuation
[2023-06-20T11:28:52.569-0400][57603633ms] GC(347)   Pre Evacuate Collection Set: 0.1ms
[2023-06-20T11:28:52.569-0400][57603633ms] GC(347)   Evacuate Collection Set: 15.7ms
[2023-06-20T11:28:52.569-0400][57603633ms] GC(347)   Post Evacuate Collection Set: 2.8ms
[2023-06-20T11:28:52.569-0400][57603633ms] GC(347)   Other: 0.3ms
[2023-06-20T11:28:52.569-0400][57603633ms] GC(347) Eden regions: 59->0(58)
[2023-06-20T11:28:52.569-0400][57603633ms] GC(347) Survivor regions: 1->2(8)
[2023-06-20T11:28:52.569-0400][57603633ms] GC(347) Old regions: 1028->1028
[2023-06-20T11:28:52.569-0400][57603633ms] GC(347) Humongous regions: 4->4
[2023-06-20T11:28:52.569-0400][57603633ms] GC(347) Metaspace: 204653K->204653K(1239040K)
[2023-06-20T11:28:52.569-0400][57603633ms] GC(347) Pause Young (Normal) (G1 Evacuation Pause) 1090M->1033M(1215M) 19.101ms
[2023-06-20T11:28:52.569-0400][57603633ms] GC(347) User=0.08s Sys=0.02s Real=0.02s
[2023-06-20T11:31:33.151-0400][57764215ms] GC(348) Pause Young (Normal) (G1 Evacuation Pause)
[2023-06-20T11:31:33.151-0400][57764215ms] GC(348) Using 8 workers of 8 for evacuation
[2023-06-20T11:31:33.167-0400][57764231ms] GC(348)   Pre Evacuate Collection Set: 0.1ms
[2023-06-20T11:31:33.167-0400][57764231ms] GC(348)   Evacuate Collection Set: 11.8ms
[2023-06-20T11:31:33.167-0400][57764231ms] GC(348)   Post Evacuate Collection Set: 3.6ms
[2023-06-20T11:31:33.167-0400][57764231ms] GC(348)   Other: 0.3ms
[2023-06-20T11:31:33.167-0400][57764231ms] GC(348) Eden regions: 58->0(57)
[2023-06-20T11:31:33.167-0400][57764231ms] GC(348) Survivor regions: 2->3(8)
[2023-06-20T11:31:33.168-0400][57764232ms] GC(348) Old regions: 1028->1028
[2023-06-20T11:31:33.168-0400][57764232ms] GC(348) Humongous regions: 4->4
[2023-06-20T11:31:33.168-0400][57764232ms] GC(348) Metaspace: 207261K->207261K(1241088K)
[2023-06-20T11:31:33.168-0400][57764232ms] GC(348) Pause Young (Normal) (G1 Evacuation Pause) 1091M->1034M(1215M) 16.097ms
[2023-06-20T11:31:33.168-0400][57764232ms] GC(348) User=0.06s Sys=0.03s Real=0.02s
[2023-06-20T11:31:46.684-0400][57777748ms] GC(349) Pause Young (Normal) (G1 Evacuation Pause)
[2023-06-20T11:31:46.684-0400][57777748ms] GC(349) Using 8 workers of 8 for evacuation
[2023-06-20T11:31:46.704-0400][57777768ms] GC(349)   Pre Evacuate Collection Set: 0.0ms
[2023-06-20T11:31:46.704-0400][57777768ms] GC(349)   Evacuate Collection Set: 16.2ms
[2023-06-20T11:31:46.704-0400][57777768ms] GC(349)   Post Evacuate Collection Set: 3.8ms
[2023-06-20T11:31:46.704-0400][57777768ms] GC(349)   Other: 0.4ms
[2023-06-20T11:31:46.704-0400][57777768ms] GC(349) Eden regions: 57->0(55)
[2023-06-20T11:31:46.704-0400][57777768ms] GC(349) Survivor regions: 3->5(8)
[2023-06-20T11:31:46.704-0400][57777768ms] GC(349) Old regions: 1028->1028
[2023-06-20T11:31:46.704-0400][57777768ms] GC(349) Humongous regions: 4->4
[2023-06-20T11:31:46.704-0400][57777768ms] GC(349) Metaspace: 210642K->210642K(1243136K)
[2023-06-20T11:31:46.704-0400][57777768ms] GC(349) Pause Young (Normal) (G1 Evacuation Pause) 1091M->1036M(1215M) 20.820ms
[2023-06-20T11:31:46.704-0400][57777768ms] GC(349) User=0.14s Sys=0.00s Real=0.02s
[2023-06-20T11:31:47.680-0400][57778744ms] GC(350) Pause Young (Normal) (G1 Evacuation Pause)
[2023-06-20T11:31:47.680-0400][57778744ms] GC(350) Using 8 workers of 8 for evacuation
[2023-06-20T11:31:47.697-0400][57778761ms] GC(350)   Pre Evacuate Collection Set: 0.0ms
[2023-06-20T11:31:47.697-0400][57778761ms] GC(350)   Evacuate Collection Set: 12.7ms
[2023-06-20T11:31:47.697-0400][57778761ms] GC(350)   Post Evacuate Collection Set: 3.8ms
[2023-06-20T11:31:47.697-0400][57778761ms] GC(350)   Other: 0.3ms
[2023-06-20T11:31:47.697-0400][57778761ms] GC(350) Eden regions: 55->0(54)
[2023-06-20T11:31:47.697-0400][57778761ms] GC(350) Survivor regions: 5->6(8)
[2023-06-20T11:31:47.697-0400][57778761ms] GC(350) Old regions: 1028->1030
[2023-06-20T11:31:47.697-0400][57778761ms] GC(350) Humongous regions: 4->4
[2023-06-20T11:31:47.697-0400][57778761ms] GC(350) Metaspace: 211538K->211538K(1245184K)
[2023-06-20T11:31:47.697-0400][57778761ms] GC(350) Pause Young (Normal) (G1 Evacuation Pause) 1091M->1039M(1215M) 17.162ms
[2023-06-20T11:31:47.697-0400][57778761ms] GC(350) User=0.06s Sys=0.03s Real=0.02s
[2023-06-20T11:31:48.415-0400][57779479ms] GC(351) Pause Young (Normal) (G1 Evacuation Pause)
[2023-06-20T11:31:48.415-0400][57779479ms] GC(351) Using 8 workers of 8 for evacuation
[2023-06-20T11:31:48.432-0400][57779496ms] GC(351)   Pre Evacuate Collection Set: 0.0ms
[2023-06-20T11:31:48.433-0400][57779497ms] GC(351)   Evacuate Collection Set: 11.3ms
[2023-06-20T11:31:48.433-0400][57779497ms] GC(351)   Post Evacuate Collection Set: 5.4ms
[2023-06-20T11:31:48.433-0400][57779497ms] GC(351)   Other: 0.3ms
[2023-06-20T11:31:48.433-0400][57779497ms] GC(351) Eden regions: 54->0(56)
[2023-06-20T11:31:48.433-0400][57779497ms] GC(351) Survivor regions: 6->4(8)
[2023-06-20T11:31:48.433-0400][57779497ms] GC(351) Old regions: 1030->1033
[2023-06-20T11:31:48.433-0400][57779497ms] GC(351) Humongous regions: 4->4
[2023-06-20T11:31:48.433-0400][57779497ms] GC(351) Metaspace: 212250K->212250K(1245184K)
[2023-06-20T11:31:48.433-0400][57779497ms] GC(351) Pause Young (Normal) (G1 Evacuation Pause) 1093M->1040M(1215M) 17.620ms
[2023-06-20T11:31:48.433-0400][57779497ms] GC(351) User=0.09s Sys=0.03s Real=0.02s
[2023-06-20T11:31:49.027-0400][57780091ms] GC(352) Pause Young (Normal) (G1 Evacuation Pause)
[2023-06-20T11:31:49.027-0400][57780091ms] GC(352) Using 8 workers of 8 for evacuation
[2023-06-20T11:31:49.035-0400][57780099ms] GC(352)   Pre Evacuate Collection Set: 0.2ms
[2023-06-20T11:31:49.036-0400][57780100ms] GC(352)   Evacuate Collection Set: 3.0ms
[2023-06-20T11:31:49.036-0400][57780100ms] GC(352)   Post Evacuate Collection Set: 5.2ms
[2023-06-20T11:31:49.036-0400][57780100ms] GC(352)   Other: 0.5ms
[2023-06-20T11:31:49.036-0400][57780100ms] GC(352) Eden regions: 56->0(57)
[2023-06-20T11:31:49.036-0400][57780100ms] GC(352) Survivor regions: 4->3(8)
[2023-06-20T11:31:49.036-0400][57780100ms] GC(352) Old regions: 1033->1033
[2023-06-20T11:31:49.036-0400][57780100ms] GC(352) Humongous regions: 8->4
[2023-06-20T11:31:49.036-0400][57780100ms] GC(352) Metaspace: 212714K->212714K(1247232K)
[2023-06-20T11:31:49.036-0400][57780100ms] GC(352) Pause Young (Normal) (G1 Evacuation Pause) 1100M->1038M(1215M) 9.182ms
[2023-06-20T11:31:49.036-0400][57780100ms] GC(352) User=0.11s Sys=0.02s Real=0.01s
[2023-06-20T11:31:49.585-0400][57780649ms] GC(353) Pause Young (Normal) (G1 Evacuation Pause)
[2023-06-20T11:31:49.585-0400][57780649ms] GC(353) Using 8 workers of 8 for evacuation
[2023-06-20T11:31:49.594-0400][57780658ms] GC(353)   Pre Evacuate Collection Set: 0.0ms
[2023-06-20T11:31:49.594-0400][57780658ms] GC(353)   Evacuate Collection Set: 4.2ms
[2023-06-20T11:31:49.594-0400][57780658ms] GC(353)   Post Evacuate Collection Set: 4.7ms
[2023-06-20T11:31:49.595-0400][57780659ms] GC(353)   Other: 0.3ms
[2023-06-20T11:31:49.595-0400][57780659ms] GC(353) Eden regions: 57->0(56)
[2023-06-20T11:31:49.595-0400][57780659ms] GC(353) Survivor regions: 3->4(8)
[2023-06-20T11:31:49.595-0400][57780659ms] GC(353) Old regions: 1033->1033
[2023-06-20T11:31:49.595-0400][57780659ms] GC(353) Humongous regions: 4->4
[2023-06-20T11:31:49.595-0400][57780659ms] GC(353) Metaspace: 213084K->213084K(1247232K)
[2023-06-20T11:31:49.595-0400][57780659ms] GC(353) Pause Young (Normal) (G1 Evacuation Pause) 1095M->1040M(1215M) 9.583ms
[2023-06-20T11:31:49.595-0400][57780659ms] GC(353) User=0.06s Sys=0.00s Real=0.01s
[2023-06-20T11:31:50.127-0400][57781191ms] GC(354) Pause Young (Normal) (G1 Evacuation Pause)
[2023-06-20T11:31:50.127-0400][57781191ms] GC(354) Using 8 workers of 8 for evacuation
[2023-06-20T11:31:50.134-0400][57781198ms] GC(354)   Pre Evacuate Collection Set: 0.0ms
[2023-06-20T11:31:50.135-0400][57781199ms] GC(354)   Evacuate Collection Set: 4.0ms
[2023-06-20T11:31:50.135-0400][57781199ms] GC(354)   Post Evacuate Collection Set: 3.0ms
[2023-06-20T11:31:50.135-0400][57781199ms] GC(354)   Other: 0.3ms
[2023-06-20T11:31:50.135-0400][57781199ms] GC(354) Eden regions: 56->0(55)
[2023-06-20T11:31:50.135-0400][57781199ms] GC(354) Survivor regions: 4->5(8)
[2023-06-20T11:31:50.135-0400][57781199ms] GC(354) Old regions: 1033->1033
[2023-06-20T11:31:50.135-0400][57781199ms] GC(354) Humongous regions: 4->4
[2023-06-20T11:31:50.135-0400][57781199ms] GC(354) Metaspace: 213362K->213362K(1247232K)
[2023-06-20T11:31:50.135-0400][57781199ms] GC(354) Pause Young (Normal) (G1 Evacuation Pause) 1096M->1040M(1215M) 7.802ms
[2023-06-20T11:31:50.135-0400][57781199ms] GC(354) User=0.00s Sys=0.00s Real=0.01s
[2023-06-20T11:31:50.610-0400][57781674ms] GC(355) Pause Young (Normal) (G1 Evacuation Pause)
[2023-06-20T11:31:50.610-0400][57781674ms] GC(355) Using 8 workers of 8 for evacuation
[2023-06-20T11:31:50.616-0400][57781681ms] GC(355)   Pre Evacuate Collection Set: 0.0ms
[2023-06-20T11:31:50.617-0400][57781681ms] GC(355)   Evacuate Collection Set: 3.0ms
[2023-06-20T11:31:50.617-0400][57781681ms] GC(355)   Post Evacuate Collection Set: 3.4ms
[2023-06-20T11:31:50.617-0400][57781681ms] GC(355)   Other: 0.3ms
[2023-06-20T11:31:50.617-0400][57781681ms] GC(355) Eden regions: 55->0(57)
[2023-06-20T11:31:50.617-0400][57781681ms] GC(355) Survivor regions: 5->3(8)
[2023-06-20T11:31:50.617-0400][57781681ms] GC(355) Old regions: 1033->1033
[2023-06-20T11:31:50.617-0400][57781681ms] GC(355) Humongous regions: 4->4
[2023-06-20T11:31:50.617-0400][57781681ms] GC(355) Metaspace: 213555K->213555K(1247232K)
[2023-06-20T11:31:50.617-0400][57781681ms] GC(355) Pause Young (Normal) (G1 Evacuation Pause) 1095M->1039M(1215M) 7.070ms
[2023-06-20T11:31:50.617-0400][57781681ms] GC(355) User=0.00s Sys=0.00s Real=0.01s
[2023-06-20T11:31:51.071-0400][57782135ms] GC(356) Pause Young (Normal) (G1 Evacuation Pause)
[2023-06-20T11:31:51.071-0400][57782135ms] GC(356) Using 8 workers of 8 for evacuation
[2023-06-20T11:31:51.084-0400][57782148ms] GC(356)   Pre Evacuate Collection Set: 0.0ms
[2023-06-20T11:31:51.084-0400][57782148ms] GC(356)   Evacuate Collection Set: 5.5ms
[2023-06-20T11:31:51.084-0400][57782148ms] GC(356)   Post Evacuate Collection Set: 7.1ms
[2023-06-20T11:31:51.084-0400][57782148ms] GC(356)   Other: 0.3ms
[2023-06-20T11:31:51.084-0400][57782148ms] GC(356) Eden regions: 57->0(56)
[2023-06-20T11:31:51.084-0400][57782148ms] GC(356) Survivor regions: 3->4(8)
[2023-06-20T11:31:51.084-0400][57782148ms] GC(356) Old regions: 1033->1033
[2023-06-20T11:31:51.084-0400][57782148ms] GC(356) Humongous regions: 4->4
[2023-06-20T11:31:51.084-0400][57782148ms] GC(356) Metaspace: 213954K->213954K(1247232K)
[2023-06-20T11:31:51.084-0400][57782148ms] GC(356) Pause Young (Normal) (G1 Evacuation Pause) 1096M->1040M(1215M) 13.299ms
[2023-06-20T11:31:51.084-0400][57782148ms] GC(356) User=0.05s Sys=0.00s Real=0.01s
[2023-06-20T11:31:51.493-0400][57782557ms] GC(357) Pause Young (Normal) (G1 Evacuation Pause)
[2023-06-20T11:31:51.493-0400][57782557ms] GC(357) Using 8 workers of 8 for evacuation
[2023-06-20T11:31:51.501-0400][57782565ms] GC(357)   Pre Evacuate Collection Set: 0.0ms
[2023-06-20T11:31:51.501-0400][57782565ms] GC(357)   Evacuate Collection Set: 3.0ms
[2023-06-20T11:31:51.501-0400][57782565ms] GC(357)   Post Evacuate Collection Set: 5.1ms
[2023-06-20T11:31:51.501-0400][57782565ms] GC(357)   Other: 0.4ms
[2023-06-20T11:31:51.501-0400][57782565ms] GC(357) Eden regions: 56->0(56)
[2023-06-20T11:31:51.501-0400][57782565ms] GC(357) Survivor regions: 4->4(8)
[2023-06-20T11:31:51.501-0400][57782566ms] GC(357) Old regions: 1033->1033
[2023-06-20T11:31:51.502-0400][57782566ms] GC(357) Humongous regions: 4->4
[2023-06-20T11:31:51.502-0400][57782566ms] GC(357) Metaspace: 214288K->214288K(1249280K)
[2023-06-20T11:31:51.502-0400][57782566ms] GC(357) Pause Young (Normal) (G1 Evacuation Pause) 1096M->1040M(1215M) 9.200ms
[2023-06-20T11:31:51.502-0400][57782566ms] GC(357) User=0.06s Sys=0.00s Real=0.01s
[2023-06-20T11:32:07.205-0400][57798269ms] GC(358) Pause Young (Normal) (G1 Evacuation Pause)
[2023-06-20T11:32:07.205-0400][57798269ms] GC(358) Using 8 workers of 8 for evacuation
[2023-06-20T11:32:07.217-0400][57798281ms] GC(358)   Pre Evacuate Collection Set: 0.0ms
[2023-06-20T11:32:07.217-0400][57798281ms] GC(358)   Evacuate Collection Set: 8.5ms
[2023-06-20T11:32:07.217-0400][57798281ms] GC(358)   Post Evacuate Collection Set: 3.0ms
[2023-06-20T11:32:07.217-0400][57798281ms] GC(358)   Other: 0.2ms
[2023-06-20T11:32:07.217-0400][57798281ms] GC(358) Eden regions: 56->0(56)
[2023-06-20T11:32:07.217-0400][57798281ms] GC(358) Survivor regions: 4->4(8)
[2023-06-20T11:32:07.217-0400][57798281ms] GC(358) Old regions: 1033->1033
[2023-06-20T11:32:07.217-0400][57798281ms] GC(358) Humongous regions: 4->4
[2023-06-20T11:32:07.217-0400][57798281ms] GC(358) Metaspace: 214958K->214958K(1249280K)
[2023-06-20T11:32:07.217-0400][57798281ms] GC(358) Pause Young (Normal) (G1 Evacuation Pause) 1096M->1040M(1215M) 12.164ms
[2023-06-20T11:32:07.217-0400][57798281ms] GC(358) User=0.00s Sys=0.00s Real=0.01s
[2023-06-20T11:32:16.922-0400][57807986ms] GC(359) Pause Young (Normal) (G1 Evacuation Pause)
[2023-06-20T11:32:16.922-0400][57807986ms] GC(359) Using 8 workers of 8 for evacuation
[2023-06-20T11:32:16.931-0400][57807995ms] GC(359)   Pre Evacuate Collection Set: 0.0ms
[2023-06-20T11:32:16.931-0400][57807995ms] GC(359)   Evacuate Collection Set: 4.2ms
[2023-06-20T11:32:16.931-0400][57807995ms] GC(359)   Post Evacuate Collection Set: 4.7ms
[2023-06-20T11:32:16.931-0400][57807995ms] GC(359)   Other: 0.3ms
[2023-06-20T11:32:16.931-0400][57807995ms] GC(359) Eden regions: 56->0(56)
[2023-06-20T11:32:16.931-0400][57807995ms] GC(359) Survivor regions: 4->4(8)
[2023-06-20T11:32:16.931-0400][57807995ms] GC(359) Old regions: 1033->1033
[2023-06-20T11:32:16.931-0400][57807995ms] GC(359) Humongous regions: 4->4
[2023-06-20T11:32:16.931-0400][57807995ms] GC(359) Metaspace: 215518K->215518K(1249280K)
[2023-06-20T11:32:16.931-0400][57807995ms] GC(359) Pause Young (Normal) (G1 Evacuation Pause) 1096M->1040M(1215M) 9.528ms
[2023-06-20T11:32:16.931-0400][57807995ms] GC(359) User=0.00s Sys=0.00s Real=0.01s
[2023-06-20T11:32:17.556-0400][57808620ms] GC(360) Pause Young (Normal) (G1 Evacuation Pause)
[2023-06-20T11:32:17.556-0400][57808620ms] GC(360) Using 8 workers of 8 for evacuation
[2023-06-20T11:32:17.564-0400][57808628ms] GC(360)   Pre Evacuate Collection Set: 0.1ms
[2023-06-20T11:32:17.564-0400][57808628ms] GC(360)   Evacuate Collection Set: 4.1ms
[2023-06-20T11:32:17.564-0400][57808628ms] GC(360)   Post Evacuate Collection Set: 3.3ms
[2023-06-20T11:32:17.564-0400][57808628ms] GC(360)   Other: 0.4ms
[2023-06-20T11:32:17.564-0400][57808628ms] GC(360) Eden regions: 56->0(55)
[2023-06-20T11:32:17.564-0400][57808628ms] GC(360) Survivor regions: 4->5(8)
[2023-06-20T11:32:17.564-0400][57808628ms] GC(360) Old regions: 1033->1033
[2023-06-20T11:32:17.564-0400][57808628ms] GC(360) Humongous regions: 4->4
[2023-06-20T11:32:17.564-0400][57808628ms] GC(360) Metaspace: 215801K->215801K(1249280K)
[2023-06-20T11:32:17.564-0400][57808628ms] GC(360) Pause Young (Normal) (G1 Evacuation Pause) 1096M->1040M(1215M) 8.146ms
[2023-06-20T11:32:17.564-0400][57808628ms] GC(360) User=0.05s Sys=0.00s Real=0.01s
[2023-06-20T11:32:22.185-0400][57813249ms] GC(361) Pause Young (Normal) (G1 Evacuation Pause)
[2023-06-20T11:32:22.185-0400][57813249ms] GC(361) Using 8 workers of 8 for evacuation
[2023-06-20T11:32:22.193-0400][57813257ms] GC(361)   Pre Evacuate Collection Set: 0.2ms
[2023-06-20T11:32:22.194-0400][57813258ms] GC(361)   Evacuate Collection Set: 4.8ms
[2023-06-20T11:32:22.194-0400][57813258ms] GC(361)   Post Evacuate Collection Set: 3.4ms
[2023-06-20T11:32:22.194-0400][57813258ms] GC(361)   Other: 0.3ms
[2023-06-20T11:32:22.194-0400][57813258ms] GC(361) Eden regions: 55->0(55)
[2023-06-20T11:32:22.194-0400][57813258ms] GC(361) Survivor regions: 5->5(8)
[2023-06-20T11:32:22.194-0400][57813258ms] GC(361) Old regions: 1033->1033
[2023-06-20T11:32:22.194-0400][57813258ms] GC(361) Humongous regions: 4->4
[2023-06-20T11:32:22.194-0400][57813258ms] GC(361) Metaspace: 216094K->216094K(1251328K)
[2023-06-20T11:32:22.194-0400][57813258ms] GC(361) Pause Young (Normal) (G1 Evacuation Pause) 1095M->1040M(1215M) 9.067ms
[2023-06-20T11:32:22.194-0400][57813258ms] GC(361) User=0.11s Sys=0.00s Real=0.01s
[2023-06-20T11:32:31.794-0400][57822858ms] GC(362) Pause Young (Normal) (G1 Evacuation Pause)
[2023-06-20T11:32:31.794-0400][57822858ms] GC(362) Using 8 workers of 8 for evacuation
[2023-06-20T11:32:31.808-0400][57822872ms] GC(362)   Pre Evacuate Collection Set: 0.0ms
[2023-06-20T11:32:31.808-0400][57822872ms] GC(362)   Evacuate Collection Set: 8.6ms
[2023-06-20T11:32:31.808-0400][57822872ms] GC(362)   Post Evacuate Collection Set: 5.1ms
[2023-06-20T11:32:31.808-0400][57822872ms] GC(362)   Other: 0.3ms
[2023-06-20T11:32:31.808-0400][57822872ms] GC(362) Eden regions: 55->0(53)
[2023-06-20T11:32:31.808-0400][57822872ms] GC(362) Survivor regions: 5->7(8)
[2023-06-20T11:32:31.808-0400][57822872ms] GC(362) Old regions: 1033->1033
[2023-06-20T11:32:31.808-0400][57822872ms] GC(362) Humongous regions: 4->4
[2023-06-20T11:32:31.808-0400][57822872ms] GC(362) Metaspace: 217157K->217157K(1251328K)
[2023-06-20T11:32:31.808-0400][57822872ms] GC(362) Pause Young (Normal) (G1 Evacuation Pause) 1095M->1043M(1215M) 14.542ms
[2023-06-20T11:32:31.808-0400][57822872ms] GC(362) User=0.09s Sys=0.00s Real=0.01s
[2023-06-20T11:32:58.155-0400][57849219ms] GC(363) Pause Young (Normal) (G1 Evacuation Pause)
[2023-06-20T11:32:58.155-0400][57849219ms] GC(363) Using 8 workers of 8 for evacuation
[2023-06-20T11:32:58.167-0400][57849231ms] GC(363)   Pre Evacuate Collection Set: 0.0ms
[2023-06-20T11:32:58.167-0400][57849231ms] GC(363)   Evacuate Collection Set: 8.9ms
[2023-06-20T11:32:58.167-0400][57849231ms] GC(363)   Post Evacuate Collection Set: 3.1ms
[2023-06-20T11:32:58.167-0400][57849231ms] GC(363)   Other: 0.3ms
[2023-06-20T11:32:58.167-0400][57849231ms] GC(363) Eden regions: 53->0(56)
[2023-06-20T11:32:58.167-0400][57849231ms] GC(363) Survivor regions: 7->4(8)
[2023-06-20T11:32:58.167-0400][57849231ms] GC(363) Old regions: 1033->1035
[2023-06-20T11:32:58.167-0400][57849231ms] GC(363) Humongous regions: 4->4
[2023-06-20T11:32:58.167-0400][57849231ms] GC(363) Metaspace: 217645K->217645K(1253376K)
[2023-06-20T11:32:58.167-0400][57849231ms] GC(363) Pause Young (Normal) (G1 Evacuation Pause) 1096M->1042M(1215M) 12.582ms
[2023-06-20T11:32:58.167-0400][57849231ms] GC(363) User=0.06s Sys=0.02s Real=0.01s
[2023-06-20T11:33:37.415-0400][57888479ms] GC(364) Pause Young (Normal) (G1 Evacuation Pause)
[2023-06-20T11:33:37.415-0400][57888479ms] GC(364) Using 8 workers of 8 for evacuation
[2023-06-20T11:33:37.424-0400][57888488ms] GC(364)   Pre Evacuate Collection Set: 0.0ms
[2023-06-20T11:33:37.424-0400][57888488ms] GC(364)   Evacuate Collection Set: 4.7ms
[2023-06-20T11:33:37.424-0400][57888488ms] GC(364)   Post Evacuate Collection Set: 3.8ms
[2023-06-20T11:33:37.424-0400][57888488ms] GC(364)   Other: 0.3ms
[2023-06-20T11:33:37.424-0400][57888488ms] GC(364) Eden regions: 56->0(56)
[2023-06-20T11:33:37.424-0400][57888488ms] GC(364) Survivor regions: 4->4(8)
[2023-06-20T11:33:37.424-0400][57888488ms] GC(364) Old regions: 1035->1035
[2023-06-20T11:33:37.424-0400][57888488ms] GC(364) Humongous regions: 4->4
[2023-06-20T11:33:37.424-0400][57888488ms] GC(364) Metaspace: 218197K->218197K(1253376K)
[2023-06-20T11:33:37.425-0400][57888489ms] GC(364) Pause Young (Normal) (G1 Evacuation Pause) 1098M->1042M(1215M) 9.091ms
[2023-06-20T11:33:37.425-0400][57888489ms] GC(364) User=0.02s Sys=0.00s Real=0.01s
[2023-06-20T11:36:07.715-0400][58038779ms] GC(365) Pause Young (Normal) (G1 Evacuation Pause)
[2023-06-20T11:36:07.715-0400][58038779ms] GC(365) Using 8 workers of 8 for evacuation
[2023-06-20T11:36:07.721-0400][58038785ms] GC(365)   Pre Evacuate Collection Set: 0.0ms
[2023-06-20T11:36:07.721-0400][58038785ms] GC(365)   Evacuate Collection Set: 3.4ms
[2023-06-20T11:36:07.722-0400][58038786ms] GC(365)   Post Evacuate Collection Set: 3.0ms
[2023-06-20T11:36:07.722-0400][58038786ms] GC(365)   Other: 0.2ms
[2023-06-20T11:36:07.722-0400][58038786ms] GC(365) Eden regions: 56->0(56)
[2023-06-20T11:36:07.722-0400][58038786ms] GC(365) Survivor regions: 4->4(8)
[2023-06-20T11:36:07.722-0400][58038786ms] GC(365) Old regions: 1035->1035
[2023-06-20T11:36:07.722-0400][58038786ms] GC(365) Humongous regions: 4->4
[2023-06-20T11:36:07.722-0400][58038786ms] GC(365) Metaspace: 218294K->218294K(1253376K)
[2023-06-20T11:36:07.722-0400][58038786ms] GC(365) Pause Young (Normal) (G1 Evacuation Pause) 1098M->1042M(1215M) 7.013ms
[2023-06-20T11:36:07.722-0400][58038786ms] GC(365) User=0.13s Sys=0.00s Real=0.01s
[2023-06-20T11:40:03.217-0400][58274281ms] GC(366) Pause Young (Normal) (G1 Evacuation Pause)
[2023-06-20T11:40:03.217-0400][58274281ms] GC(366) Using 8 workers of 8 for evacuation
[2023-06-20T11:40:03.225-0400][58274289ms] GC(366)   Pre Evacuate Collection Set: 0.1ms
[2023-06-20T11:40:03.225-0400][58274289ms] GC(366)   Evacuate Collection Set: 3.7ms
[2023-06-20T11:40:03.225-0400][58274289ms] GC(366)   Post Evacuate Collection Set: 4.4ms
[2023-06-20T11:40:03.225-0400][58274289ms] GC(366)   Other: 0.2ms
[2023-06-20T11:40:03.225-0400][58274289ms] GC(366) Eden regions: 56->0(56)
[2023-06-20T11:40:03.225-0400][58274289ms] GC(366) Survivor regions: 4->4(8)
[2023-06-20T11:40:03.225-0400][58274289ms] GC(366) Old regions: 1035->1035
[2023-06-20T11:40:03.225-0400][58274289ms] GC(366) Humongous regions: 4->4
[2023-06-20T11:40:03.225-0400][58274289ms] GC(366) Metaspace: 218316K->218316K(1253376K)
[2023-06-20T11:40:03.225-0400][58274289ms] GC(366) Pause Young (Normal) (G1 Evacuation Pause) 1098M->1042M(1215M) 8.686ms
[2023-06-20T11:40:03.225-0400][58274289ms] GC(366) User=0.11s Sys=0.00s Real=0.01s
[2023-06-20T11:43:58.694-0400][58509758ms] GC(367) Pause Young (Normal) (G1 Evacuation Pause)
[2023-06-20T11:43:58.694-0400][58509758ms] GC(367) Using 8 workers of 8 for evacuation
[2023-06-20T11:43:58.701-0400][58509765ms] GC(367)   Pre Evacuate Collection Set: 0.0ms
[2023-06-20T11:43:58.701-0400][58509765ms] GC(367)   Evacuate Collection Set: 3.7ms
[2023-06-20T11:43:58.701-0400][58509765ms] GC(367)   Post Evacuate Collection Set: 3.3ms
[2023-06-20T11:43:58.701-0400][58509766ms] GC(367)   Other: 0.3ms
[2023-06-20T11:43:58.702-0400][58509766ms] GC(367) Eden regions: 56->0(56)
[2023-06-20T11:43:58.702-0400][58509766ms] GC(367) Survivor regions: 4->4(8)
[2023-06-20T11:43:58.702-0400][58509766ms] GC(367) Old regions: 1035->1035
[2023-06-20T11:43:58.702-0400][58509766ms] GC(367) Humongous regions: 4->4
[2023-06-20T11:43:58.702-0400][58509766ms] GC(367) Metaspace: 218324K->218324K(1253376K)
[2023-06-20T11:43:58.702-0400][58509766ms] GC(367) Pause Young (Normal) (G1 Evacuation Pause) 1098M->1042M(1215M) 7.844ms
[2023-06-20T11:43:58.702-0400][58509766ms] GC(367) User=0.00s Sys=0.00s Real=0.01s
